
; 64tass Turbo Assembler Macro V1.60.3243 listing file
; 64tass -a -B -D "BOOT_PACKED_FILE=\"../../target/native-desktop/d81/kestrel-packed.bin\"" -D BOOT_LENGTH=9663 -D BOOT_END=24224 -D BOOT_EXPECTED_CRC=46129 -o target/native-desktop/d81/kestrel-boot.prg -l target/native-desktop/d81/kestrel-boot.sym -L target/native-desktop/d81/kestrel-boot.lst src/native/boot-unpack.asm
; Thu Oct  8 12:58:15 2026

;Offset	;PC	;Hex		;Monitor	;Source

;******  Command line definitions

=						BOOT_PACKED_FILE="../../target/native-desktop/d81/kestrel-packed.bin"
=9663						BOOT_LENGTH=9663
=24224						BOOT_END=24224
=46129						BOOT_EXPECTED_CRC=46129

;******  Processing input file: src/native/boot-unpack.asm

=39424						BOOT_INPUT = ($c000-BOOT_LENGTH) & $ff00
>1c01		0c 1c				        .word basic_end
>1c03		0a 00				        .word 10
>1c05		9e				        .byte $9e
>1c06		20 37 31 38 34			        .text " 7184"
>1c0b		00				        .byte 0
.1c0c						basic_end:
>1c0c		00 00				        .word 0
.1c10						boot_entry:
.1c10		2c 05 d5	bit $d505	        bit $d505
.1c13		50 01		bvc $1c16	        bvc +
.1c15		60		rts		        rts
.1c16		08		php		+       php
.1c17		78		sei		        sei
.1c18		d8		cld		        cld
.1c19		ad 00 ff	lda $ff00	        lda $ff00
.1c1c		48		pha		        pha
.1c1d		a9 0e		lda #$0e	        lda #$0e
.1c1f		8d 00 ff	sta $ff00	        sta $ff00
.1c22		a9 6c		lda #$6c	        lda #<decoder_image
.1c24		8d 56 1c	sta $1c56	        sta boot_copy_read+1
.1c27		a9 1c		lda #$1c	        lda #>decoder_image
.1c29		8d 57 1c	sta $1c57	        sta boot_copy_read+2
.1c2c		a9 13		lda #$13	        lda #$13
.1c2e		8d 5a 1c	sta $1c5a	        sta boot_copy_write+2
.1c31		a9 16		lda #$16	        lda #>(decoder_end+255)
.1c33		8d 68 1c	sta $1c68	        sta boot_copy_end+1
.1c36		20 53 1c	jsr $1c53	        jsr boot_copy
.1c39		a9 6c		lda #$6c	        lda #<boot_payload
.1c3b		8d 56 1c	sta $1c56	        sta boot_copy_read+1
.1c3e		a9 1f		lda #$1f	        lda #>boot_payload
.1c40		8d 57 1c	sta $1c57	        sta boot_copy_read+2
.1c43		a9 9a		lda #$9a	        lda #>BOOT_INPUT
.1c45		8d 5a 1c	sta $1c5a	        sta boot_copy_write+2
.1c48		a9 c0		lda #$c0	        lda #>(BOOT_INPUT+BOOT_LENGTH+255)
.1c4a		8d 68 1c	sta $1c68	        sta boot_copy_end+1
.1c4d		20 53 1c	jsr $1c53	        jsr boot_copy
.1c50		4c 00 13	jmp $1300	        jmp decoder
.1c53						boot_copy:
.1c53		a0 00		ldy #$00	        ldy #0
.1c55						boot_copy_read:
.1c55		b9 ff ff	lda $ffff,y	        lda $ffff,y
.1c58						boot_copy_write:
.1c58		99 00 13	sta $1300,y	        sta $1300,y
.1c5b		c8		iny		        iny
.1c5c		d0 f7		bne $1c55	        bne boot_copy_read
.1c5e		ee 57 1c	inc $1c57	        inc boot_copy_read+2
.1c61		ee 5a 1c	inc $1c5a	        inc boot_copy_write+2
.1c64		ad 5a 1c	lda $1c5a	        lda boot_copy_write+2
.1c67						boot_copy_end:
.1c67		c9 ff		cmp #$ff	        cmp #$ff
.1c69		d0 ea		bne $1c55	        bne boot_copy_read
.1c6b		60		rts		        rts
.1c6c						decoder_image:
.1c6c	1300					decoder:
.1c6c	1300	ba		tsx		        tsx
.1c6d	1301	8e 4b 15	stx $154b	        stx boot_stack
.1c70	1304	20 0a 13	jsr $130a	        jsr DECOMPRESS_LZSA2
.1c73	1307	4c f1 14	jmp $14f1	        jmp boot_finished

;******  Processing file: src/native/lzsa2-decode.inc

.1c76	130a					DECOMPRESS_LZSA2:
.1c76	130a	a9 00		lda #$00	        lda #0
.1c78	130c	8d 55 14	sta $1455	        sta lz_nibble_ready
.1c7b	130f	8d 53 14	sta $1453	        sta lz_offset
.1c7e	1312	8d 54 14	sta $1454	        sta lz_offset+1
.1c81	1315					lz_command:
.1c81	1315	20 58 14	jsr $1458	        jsr boot_get
.1c84	1318	8d 50 14	sta $1450	        sta lz_token
.1c87	131b	29 18		and #$18	        and #$18                ; literal count field
.1c89	131d	f0 27		beq $1346	        beq lz_read_offset
.1c8b	131f	c9 18		cmp #$18	        cmp #$18
.1c8d	1321	f0 08		beq $132b	        beq lz_long_literals
.1c8f	1323	4a		lsr a		        lsr
.1c90	1324	4a		lsr a		        lsr
.1c91	1325	4a		lsr a		        lsr
.1c92	1326	20 cf 13	jsr $13cf	        jsr lz_short_count
.1c95	1329	d0 0a		bne $1335	        bne lz_copy_literals    ; always (count is 1 or 2)
.1c97	132b					lz_long_literals:
.1c97	132b	a9 12		lda #$12	        lda #18
.1c99	132d	20 d9 13	jsr $13d9	        jsr lz_long_count
.1c9c	1330	d0 03		bne $1335	        beq lz_bad              ; the literal form of the end marker is reserved
.1c9e	1332	4c cc 13	jmp $13cc
.1ca1	1335					lz_copy_literals:
.1ca1	1335	20 1a 14	jsr $141a	        jsr lz_count_pages
.1ca4	1338	20 58 14	jsr $1458	-       jsr boot_get
.1ca7	133b	20 79 14	jsr $1479	        jsr boot_put
.1caa	133e	88		dey		        dey
.1cab	133f	d0 f7		bne $1338	        bne -
.1cad	1341	ce 52 14	dec $1452	        dec lz_count+1
.1cb0	1344	d0 f2		bne $1338	        bne -
.1cb2	1346					lz_read_offset:
.1cb2	1346	ad 50 14	lda $1450	        lda lz_token
.1cb5	1349	0a		asl a		        asl
.1cb6	134a	b0 16		bcs $1362	        bcs lz_offset_1xx
.1cb8	134c	0a		asl a		        asl
.1cb9	134d	b0 07		bcs $1356	        bcs lz_offset_9
.1cbb	134f	20 23 14	jsr $1423	        jsr lz_nibble_offset    ; A = $e0 | nibble<<1 | !Z
.1cbe	1352	a2 ff		ldx #$ff	        ldx #$ff
.1cc0	1354	d0 26		bne $137c	        bne lz_store_offset     ; always
.1cc2	1356					lz_offset_9:
.1cc2	1356	0a		asl a		        asl                     ; carry = Z
.1cc3	1357	a2 ff		ldx #$ff	        ldx #$ff
.1cc5	1359	90 01		bcc $135c	        bcc +
.1cc7	135b	ca		dex		        dex                     ; high byte is $fe when Z is set
.1cc8	135c	20 58 14	jsr $1458	+       jsr boot_get
.1ccb	135f	4c 7c 13	jmp $137c	        jmp lz_store_offset
.1cce	1362					lz_offset_1xx:
.1cce	1362	0a		asl a		        asl
.1ccf	1363	b0 0d		bcs $1372	        bcs lz_offset_11x
.1cd1	1365	20 23 14	jsr $1423	        jsr lz_nibble_offset    ; high byte before the 512 bias
.1cd4	1368	38		sec		        sec
.1cd5	1369	e9 02		sbc #$02	        sbc #2
.1cd7	136b	aa		tax		        tax
.1cd8	136c	20 58 14	jsr $1458	        jsr boot_get
.1cdb	136f	4c 7c 13	jmp $137c	        jmp lz_store_offset
.1cde	1372					lz_offset_11x:
.1cde	1372	0a		asl a		        asl                     ; carry = Z: set means repeat offset
.1cdf	1373	b0 0d		bcs $1382	        bcs lz_have_offset
.1ce1	1375	20 58 14	jsr $1458	        jsr boot_get
.1ce4	1378	aa		tax		        tax
.1ce5	1379	20 58 14	jsr $1458	        jsr boot_get
.1ce8	137c					lz_store_offset:
.1ce8	137c	8d 53 14	sta $1453	        sta lz_offset
.1ceb	137f	8e 54 14	stx $1454	        stx lz_offset+1
.1cee	1382					lz_have_offset:
.1cee	1382	18		clc		        clc
.1cef	1383	ad 9c 14	lda $149c	        lda boot_write+1
.1cf2	1386	6d 53 14	adc $1453	        adc lz_offset
.1cf5	1389	8d b4 13	sta $13b4	        sta COPY_MATCH_LOOP+1
.1cf8	138c	ad 9d 14	lda $149d	        lda boot_write+2
.1cfb	138f	6d 54 14	adc $1454	        adc lz_offset+1
.1cfe	1392	8d b5 13	sta $13b5	        sta COPY_MATCH_LOOP+2
.1d01	1395	ad 50 14	lda $1450	        lda lz_token
.1d04	1398	29 07		and #$07	        and #7                  ; match length field, minus the minimum of 2
.1d06	139a	c9 07		cmp #$07	        cmp #7
.1d08	139c	f0 07		beq $13a5	        beq lz_long_match
.1d0a	139e	69 02		adc #$02	        adc #2                  ; carry is clear after cmp
.1d0c	13a0	20 cf 13	jsr $13cf	        jsr lz_short_count
.1d0f	13a3	d0 08		bne $13ad	        bne lz_copy_match       ; always (count is 2..8)
.1d11	13a5					lz_long_match:
.1d11	13a5	a9 18		lda #$18	        lda #24
.1d13	13a7	20 d9 13	jsr $13d9	        jsr lz_long_count
.1d16	13aa	d0 01		bne $13ad	        bne lz_copy_match
.1d18	13ac	60		rts		        rts                     ; end marker
.1d19	13ad					lz_copy_match:
.1d19	13ad	20 ca 14	jsr $14ca	        jsr boot_match
.1d1c	13b0	20 1a 14	jsr $141a	        jsr lz_count_pages
.1d1f	13b3					COPY_MATCH_LOOP:
.1d1f	13b3	ad ff ff	lda $ffff	        lda $ffff
.1d22	13b6	20 79 14	jsr $1479	        jsr boot_put
.1d25	13b9	ee b4 13	inc $13b4	        inc COPY_MATCH_LOOP+1
.1d28	13bc	d0 03		bne $13c1	        bne +
.1d2a	13be	ee b5 13	inc $13b5	        inc COPY_MATCH_LOOP+2
.1d2d	13c1	88		dey		+       dey
.1d2e	13c2	d0 ef		bne $13b3	        bne COPY_MATCH_LOOP
.1d30	13c4	ce 52 14	dec $1452	        dec lz_count+1
.1d33	13c7	d0 ea		bne $13b3	        bne COPY_MATCH_LOOP
.1d35	13c9	4c 15 13	jmp $1315	        jmp lz_command
.1d38	13cc					lz_bad:
.1d38	13cc	4c 23 15	jmp $1523	        jmp boot_bad
.1d3b	13cf					lz_short_count:
.1d3b	13cf	8d 51 14	sta $1451	        sta lz_count
.1d3e	13d2	a2 00		ldx #$00	        ldx #0
.1d40	13d4	8e 52 14	stx $1452	        stx lz_count+1
.1d43	13d7	aa		tax		        tax
.1d44	13d8	60		rts		        rts
.1d45	13d9					lz_long_count:
.1d45	13d9	8d 51 14	sta $1451	        sta lz_count
.1d48	13dc	a9 00		lda #$00	        lda #0
.1d4a	13de	8d 52 14	sta $1452	        sta lz_count+1
.1d4d	13e1	20 37 14	jsr $1437	        jsr lz_nibble
.1d50	13e4	c9 0f		cmp #$0f	        cmp #15
.1d52	13e6	f0 09		beq $13f1	        beq lz_count_byte
.1d54	13e8	6d 51 14	adc $1451	        adc lz_count            ; carry is clear: nibble < 15
.1d57	13eb	e9 0e		sbc #$0e	        sbc #14                 ; carry still clear: subtracts 15
.1d59	13ed	8d 51 14	sta $1451	        sta lz_count
.1d5c	13f0	60		rts		        rts                     ; Z clear: count is at least 3
.1d5d	13f1					lz_count_byte:
.1d5d	13f1	20 58 14	jsr $1458	        jsr boot_get
.1d60	13f4	18		clc		        clc
.1d61	13f5	6d 51 14	adc $1451	        adc lz_count
.1d64	13f8	8d 51 14	sta $1451	        sta lz_count
.1d67	13fb	90 16		bcc $1413	        bcc lz_count_done       ; 18..255 or 24..255
.1d69	13fd	f0 14		beq $1413	        beq lz_count_done       ; exactly 256: end marker, count 0
.1d6b	13ff	4a		lsr a		        lsr
.1d6c	1400	d0 ca		bne $13cc	        bne lz_bad              ; only 257 selects a 16-bit count
.1d6e	1402	20 58 14	jsr $1458	        jsr boot_get
.1d71	1405	8d 51 14	sta $1451	        sta lz_count
.1d74	1408	20 58 14	jsr $1458	        jsr boot_get
.1d77	140b	8d 52 14	sta $1452	        sta lz_count+1
.1d7a	140e	0d 51 14	ora $1451	        ora lz_count
.1d7d	1411	f0 b9		beq $13cc	        beq lz_bad              ; a zero 16-bit count is invalid
.1d7f	1413					lz_count_done:
.1d7f	1413	ad 51 14	lda $1451	        lda lz_count
.1d82	1416	0d 52 14	ora $1452	        ora lz_count+1
.1d85	1419	60		rts		        rts
.1d86	141a					lz_count_pages:
.1d86	141a	ac 51 14	ldy $1451	        ldy lz_count
.1d89	141d	f0 03		beq $1422	        beq +
.1d8b	141f	ee 52 14	inc $1452	        inc lz_count+1
.1d8e	1422	60		rts		+       rts
.1d8f	1423					lz_nibble_offset:
.1d8f	1423	20 37 14	jsr $1437	        jsr lz_nibble
.1d92	1426	8d 57 14	sta $1457	        sta lz_scratch
.1d95	1429	ad 50 14	lda $1450	        lda lz_token
.1d98	142c	29 20		and #$20	        and #$20
.1d9a	142e	c9 20		cmp #$20	        cmp #$20                ; carry = Z
.1d9c	1430	ad 57 14	lda $1457	        lda lz_scratch
.1d9f	1433	2a		rol a		        rol
.1da0	1434	49 e1		eor #$e1	        eor #$e1
.1da2	1436	60		rts		        rts
.1da3	1437					lz_nibble:
.1da3	1437	4e 55 14	lsr $1455	        lsr lz_nibble_ready
.1da6	143a	b0 0e		bcs $144a	        bcs +
.1da8	143c	ee 55 14	inc $1455	        inc lz_nibble_ready
.1dab	143f	20 58 14	jsr $1458	        jsr boot_get
.1dae	1442	8d 56 14	sta $1456	        sta lz_nibble_byte
.1db1	1445	4a		lsr a		        lsr
.1db2	1446	4a		lsr a		        lsr
.1db3	1447	4a		lsr a		        lsr
.1db4	1448	4a		lsr a		        lsr
.1db5	1449	60		rts		        rts
.1db6	144a	ad 56 14	lda $1456	+       lda lz_nibble_byte
.1db9	144d	29 0f		and #$0f	        and #$0f
.1dbb	144f	60		rts		        rts
>1dbc	1450	00				lz_token:        .byte 0
>1dbd	1451	00 00				lz_count:        .word 0
>1dbf	1453	00 00				lz_offset:       .word 0
>1dc1	1455	00				lz_nibble_ready: .byte 0
>1dc2	1456	00				lz_nibble_byte:  .byte 0
>1dc3	1457	00				lz_scratch:      .byte 0

;******  Return to file: src/native/boot-unpack.asm

.1dc4	1458					boot_get:
.1dc4	1458	08		php		        php
.1dc5	1459	ad 6e 14	lda $146e	        lda boot_read+2
.1dc8	145c	c9 bf		cmp #$bf	        cmp #>(BOOT_INPUT+BOOT_LENGTH)
.1dca	145e	90 0c		bcc $146c	        bcc boot_read
.1dcc	1460	f0 03		beq $1465	        bne boot_bad
.1dce	1462	4c 23 15	jmp $1523
.1dd1	1465	ad 6d 14	lda $146d	        lda boot_read+1
.1dd4	1468	c9 bf		cmp #$bf	        cmp #<(BOOT_INPUT+BOOT_LENGTH)
.1dd6	146a	b0 f6		bcs $1462	        bcs boot_bad
.1dd8	146c					boot_read:
.1dd8	146c	ad 00 9a	lda $9a00	        lda BOOT_INPUT
.1ddb	146f	ee 6d 14	inc $146d	        inc boot_read+1
.1dde	1472	d0 03		bne $1477	        bne +
.1de0	1474	ee 6e 14	inc $146e	        inc boot_read+2
.1de3	1477	28		plp		+       plp
.1de4	1478	60		rts		        rts
.1de5	1479					boot_put:
.1de5	1479	8d 4c 15	sta $154c	        sta boot_value
.1de8	147c	08		php		        php
.1de9	147d	98		tya		        tya
.1dea	147e	48		pha		        pha
.1deb	147f	ad 4c 15	lda $154c	        lda boot_value
.1dee	1482	20 89 14	jsr $1489	        jsr boot_put_body
.1df1	1485	68		pla		        pla
.1df2	1486	a8		tay		        tay
.1df3	1487	28		plp		        plp
.1df4	1488	60		rts		        rts
.1df5	1489					boot_put_body:
.1df5	1489	48		pha		        pha
.1df6	148a	ad 9d 14	lda $149d	        lda boot_write+2
.1df9	148d	c9 5e		cmp #$5e	        cmp #>BOOT_END
.1dfb	148f	90 09		bcc $149a	        bcc +
.1dfd	1491	d0 cf		bne $1462	        bne boot_bad
.1dff	1493	ad 9c 14	lda $149c	        lda boot_write+1
.1e02	1496	c9 a0		cmp #$a0	        cmp #<BOOT_END
.1e04	1498	b0 c8		bcs $1462	        bcs boot_bad
.1e06	149a	68		pla		+       pla
.1e07	149b					boot_write:
.1e07	149b	8d 01 1c	sta $1c01	        sta $1c01
.1e0a	149e	4d 4e 15	eor $154e	        eor boot_crc+1
.1e0d	14a1	8d 4e 15	sta $154e	        sta boot_crc+1
.1e10	14a4	a0 08		ldy #$08	        ldy #8
.1e12	14a6	0e 4d 15	asl $154d	-       asl boot_crc
.1e15	14a9	2e 4e 15	rol $154e	        rol boot_crc+1
.1e18	14ac	90 10		bcc $14be	        bcc +
.1e1a	14ae	ad 4d 15	lda $154d	        lda boot_crc
.1e1d	14b1	49 21		eor #$21	        eor #$21
.1e1f	14b3	8d 4d 15	sta $154d	        sta boot_crc
.1e22	14b6	ad 4e 15	lda $154e	        lda boot_crc+1
.1e25	14b9	49 10		eor #$10	        eor #$10
.1e27	14bb	8d 4e 15	sta $154e	        sta boot_crc+1
.1e2a	14be	88		dey		+       dey
.1e2b	14bf	d0 e5		bne $14a6	        bne -
.1e2d	14c1	ee 9c 14	inc $149c	        inc boot_write+1
.1e30	14c4	d0 03		bne $14c9	        bne +
.1e32	14c6	ee 9d 14	inc $149d	        inc boot_write+2
.1e35	14c9	60		rts		+       rts
.1e36	14ca					boot_match:
.1e36	14ca	08		php		        php
.1e37	14cb	48		pha		        pha
.1e38	14cc	ad b5 13	lda $13b5	        lda COPY_MATCH_LOOP+2
.1e3b	14cf	c9 1c		cmp #$1c	        cmp #>$1c01
.1e3d	14d1	90 50		bcc $1523	        bcc boot_bad
.1e3f	14d3	d0 07		bne $14dc	        bne +
.1e41	14d5	ad b4 13	lda $13b4	        lda COPY_MATCH_LOOP+1
.1e44	14d8	c9 01		cmp #$01	        cmp #<$1c01
.1e46	14da	90 47		bcc $1523	        bcc boot_bad
.1e48	14dc	ad b5 13	lda $13b5	+       lda COPY_MATCH_LOOP+2
.1e4b	14df	cd 9d 14	cmp $149d	        cmp boot_write+2
.1e4e	14e2	90 0a		bcc $14ee	        bcc +
.1e50	14e4	d0 3d		bne $1523	        bne boot_bad
.1e52	14e6	ad b4 13	lda $13b4	        lda COPY_MATCH_LOOP+1
.1e55	14e9	cd 9c 14	cmp $149c	        cmp boot_write+1
.1e58	14ec	b0 35		bcs $1523	        bcs boot_bad
.1e5a	14ee	68		pla		+       pla
.1e5b	14ef	28		plp		        plp
.1e5c	14f0	60		rts		        rts
.1e5d	14f1					boot_finished:
.1e5d	14f1	ad 6d 14	lda $146d	        lda boot_read+1
.1e60	14f4	c9 bf		cmp #$bf	        cmp #<(BOOT_INPUT+BOOT_LENGTH)
.1e62	14f6	d0 2b		bne $1523	        bne boot_bad
.1e64	14f8	ad 6e 14	lda $146e	        lda boot_read+2
.1e67	14fb	c9 bf		cmp #$bf	        cmp #>(BOOT_INPUT+BOOT_LENGTH)
.1e69	14fd	d0 24		bne $1523	        bne boot_bad
.1e6b	14ff	ad 9c 14	lda $149c	        lda boot_write+1
.1e6e	1502	c9 a0		cmp #$a0	        cmp #<BOOT_END
.1e70	1504	d0 1d		bne $1523	        bne boot_bad
.1e72	1506	ad 9d 14	lda $149d	        lda boot_write+2
.1e75	1509	c9 5e		cmp #$5e	        cmp #>BOOT_END
.1e77	150b	d0 16		bne $1523	        bne boot_bad
.1e79	150d	ad 4d 15	lda $154d	        lda boot_crc
.1e7c	1510	c9 31		cmp #$31	        cmp #<BOOT_EXPECTED_CRC
.1e7e	1512	d0 0f		bne $1523	        bne boot_bad
.1e80	1514	ad 4e 15	lda $154e	        lda boot_crc+1
.1e83	1517	c9 b4		cmp #$b4	        cmp #>BOOT_EXPECTED_CRC
.1e85	1519	d0 08		bne $1523	        bne boot_bad
.1e87	151b	68		pla		        pla
.1e88	151c	8d 00 ff	sta $ff00	        sta $ff00
.1e8b	151f	28		plp		        plp
.1e8c	1520	4c 10 1c	jmp $1c10	        jmp $1c10
.1e8f	1523					boot_bad:
.1e8f	1523	ae 4b 15	ldx $154b	        ldx boot_stack
.1e92	1526	9a		txs		        txs
.1e93	1527	a9 00		lda #$00	        lda #0
.1e95	1529	8d 01 1c	sta $1c01	        sta $1c01
.1e98	152c	8d 02 1c	sta $1c02	        sta $1c02
.1e9b	152f	8d 0b 1c	sta $1c0b	        sta $1c0b
.1e9e	1532	8d 0c 1c	sta $1c0c	        sta $1c0c
.1ea1	1535	8d 0d 1c	sta $1c0d	        sta $1c0d
.1ea4	1538	68		pla		        pla
.1ea5	1539	8d 00 ff	sta $ff00	        sta $ff00
.1ea8	153c	28		plp		        plp
.1ea9	153d	a2 00		ldx #$00	        ldx #0
.1eab	153f	bd 4f 15	lda $154f,x	-       lda boot_message,x
.1eae	1542	f0 06		beq $154a	        beq +
.1eb0	1544	20 d2 ff	jsr $ffd2	        jsr $ffd2
.1eb3	1547	e8		inx		        inx
.1eb4	1548	d0 f5		bne $153f	        bne -
.1eb6	154a	60		rts		+       rts
>1eb7	154b	00				boot_stack: .byte 0
>1eb8	154c	00				boot_value: .byte 0
>1eb9	154d	ff ff				boot_crc: .word $ffff
>1ebb	154f	0d				boot_message: .byte 13
>1ebc	1550	42 4f 4f 54 20 45 52 52		        .text "boot error - reload",13,0
>1ec4	1558	4f 52 20 2d 20 52 45 4c 4f 41 44 0d 00
.1ed1	1565					decoder_end:
>1ed1		00 00 00 00 00 00 00 00		        .fill (decoder_end-decoder+255)/256*256-(decoder_end-decoder),0
>1ed9		00 00 00 00 00 00 00 00 00 00 00 00 00 00 00 00
;		...repeated 8 times (128 bytes)...
>1f69		00 00 00
.1f6c						boot_payload:
>1f6c		1a 8f 0c 1c 0a 00 9e 20		        .binary BOOT_PACKED_FILE
>1f74		37 31 38 34 00 3c 88 4c 74 1c 4b 45 53 31 32 38
>1f84		01 00 18 7e 6d 13 4c 7a 15 4c 50 16 4c 55 e8 5a
>1f94		e8 08 08 b8 85 08 ba 18 de 39 1d 4c cb 4b 4c 94
>1fa4		1f 4c 5e 24 4c 77 26 4c 84 f8 18 83 28 4c 9a 08
>1fb4		43 08 9f 5e 08 a3 38 81 c2 18 4c f3 35 4c 87 46
>1fc4		4c cd 1a 58 f0 35 48 4c 17 37 4c 97 1b 4c 00 4b
>1fd4		4c 93 4b d8 2c 05 d5 50 01 60 a9 0e 8d 00 ff 4c
>1fe4		00 59 20 08 16 b0 03 4c bb 1c 8d 16 3d 4c 00 0c
>1ff4		ad e4 3d 8d 2c 3d ad 15 37 8d 21 3d a2 03 bd e7
>2004		0e 9d 40 3d ca 10 f7 a9 04 8d 22 3d 20 8b 40 d6
>2014		ff ad 24 3d ac 59 05 a0 05 ad 9d 3d f0 03 a0 0a
>2024		ca 8a 18 69 01 d3 59 51 a9 00 8d 9a 3d b9 0a 37
>2034		c0 48 88 bf 29 f6 38 13 8d 9e 3d 49 f1 16 37 4a
>2044		9d b4 38 38 90 0f 8d 2b 3d ae 59 f1 02 d0 30 ae
>2054		23 3d d0 2b f0 ae ad 28 3d c9 01 f0 11 c9 02 f0
>2064		14 9a 04 59 1b f0 98 d0 11 cf 01 4b cd ae 49 8d
>2074		9a 60 ea 58 1e b5 1c 08 ad cc 10 0d 20 e8 11 28
>2084		91 79 19 05 a9 07 28 38 60 ba bd 01 01 29 04 92
>2094		59 08 4c bd 1d d8 28 11 90 03 b2 50 ad c0 aa 1a
>20a4		20 f0 de ad d0 c3 19 d7 a2 00 bd 00 3c b3 49 ce
>20b4		59 38 08 aa d0 f2 ad 2c 16 18 04 b0 33 c9 03 f0
>20c4		17 ad 21 ac 78 08 90 28 c9 1f b0 24 ad 22 3d f0
>20d4		1f c9 11 b0 ce 11 c4 1d 40 30 f0 13 12 b0 0f 55
>20e4		39 0a ad 00 4e c9 2f d0 03 43 48 a9 34 50 27 3d
>20f4		d2 60 b7 58 a5 99 d0 06 a5 9a de 41 87 4a 15 90
>2104		40 5b 48 0a 55 49 2a 54 41 de 08 23 d0 50 20 8d
>2114		59 72 8d 80 f0 68 12 d8 79 04 9d 24 b1 39 3c fa
>2124		a2 06 9d 92 21 71 8d 87 9b 12 9d 81 60 59 20 20
>2134		4f d0 51 88 3d 7a 30 8d 85 d3 e8 2c e8 96 e8 22
>2144		68 86 79 fa 0f bd 40 3d 9d a0 68 20 12 79 26 20
>2154		26 21 08 48 66 08 81 f1 8a 21 08 ad b2 59 8d 95
>2164		21 68 28 14 3b 2c c0 1f 20 a6 20 18 08 c9 00 f0
>2174		ef bc 16 eb 60 41 7d 36 97 21 08 ae a1 38 9d 60
>2184		3d ee d6 28 ad 60 f0 3c 14 d0 e8 20 11 41 50 48
>2194		00 87 48 6a 4d ea 01 08 02 d0 78 60 8d 03 52 13
>21a4		ba 13 11 41 88 e8 04 ea 8e 42 dd 31 99 21 70 cb
>21b4		1e 2f 60 aa f8 95 9d 00 60 e8 d0 fa ee cb 1e ce
>21c4		99 21 5b a9 ff 8d 9b 21 8d 9c 21 8e 41 96 e8 bd
>21d4		41 df 38 55 e0 0e f0 04 e0 0f d0 02 5f 00 20 43
>21e4		21 86 49 e0 8e 51 28 1f 99 38 49 29 1f 38 ad 68
>21f4		3d e9 28 9d 3c 28 69 40 53 ef 9e 00 60 bd 4a 60
>2204		cd 40 d9 f8 d0 03 ee 48 ad df 20 c1 28 ce 28 ce
>2214		ca 01 30 0d 9e 90 18 d7 ad 98 dc 38 04 a9 13 d0
>2224		6f ad 9b 21 cd 6e 3d d0 5f ad 9c c0 e8 6f 58 57
>2234		20 67 99 28 96 20 79 5d a9 02 74 43 24 59 10 ba
>2244		8e 9a 21 7e 48 91 ab 48 24 28 bb 98 48 d8 f3 f8
>2254		6b 58 61 99 4c c6 1f 6c a0 21 ff 72 88 e0 7d 68
>2264		16 72 30 38 60 e7 41 52 0b 02 50 d0 ef 5a 61 ee
>2274		48 ae c3 58 0e 9a 4c 7c 51 49 14 91 50 10 d0 5c
>2284		e8 96 08 67 68 b8 44 49 03 a0 84 ff 95 e9 07 41
>2294		28 e9 0a 48 80 9e a0 6c 2a b0 bf 88 00 0e f0 b8
>22a4		15 51 ae 96 45 41 cb a1 ff b0 81 0c 49 08 8a 31
>22b4		20 3d bf 41 5d 85 b3 60 9e 61 d4 79 0f dd 86 21
>22c4		4f 70 a2 20 99 80 60 e8 64 40 7b 1a 0c 7a ad 65
>22d4		f8 05 73 ad 66 79 10 b0 6c 20 5d 1b b0 67 5c 79
>22e4		3a f0 62 c9 61 b0 5e d3 28 cd 79 18 90 07 d0 54
>22f4		c1 11 d0 4f 31 d0 07 b3 3a c9 21 90 43 ad 6d a0
>2304		e8 6c f9 20 90 37 08 cd 21 19 90 0a d0 2d 70 28
>2314		cd 11 b0 25 31 f9 8d a0 21 18 68 69 82 59 19 a1
>2324		21 a2 10 85 51 f0 08 d4 58 0b c9 7f b0 07 e8 e0
>2334		20 d0 ee 18 60 1a 60 f9 62 a2 78 00 66 ad 92 95
>2344		e8 93 7a 36 20 15 29 71 89 3d ae 48 8a 2b 91 77
>2354		26 f1 6f 58 b0 48 ad 8b b5 20 0d 30 ad 8c 48 93
>2364		da 00 ba 68 f0 36 08 8d 4a 94 d7 38 9a ea 20 a9
>2374		3a 8d eb 20 ad 00 3a 48 ee 61 40 21 ac 6a 92 40
>2384		e8 93 20 45 ab 50 06 ad d4 48 8d 9b 49 68 91 e8
>2394		12 63 c7 61 f7 b3 8a 21 f6 e5 59 f7 60 08 48 90
>23a4		16 ad 25 3d d9 68 8f d2 e8 25 0a 26 ac e8 90 20
>23b4		9a 2f 68 28 60 4d 9c 96 98 0f a2 08 0e 8e e8 2e
>23c4		91 90 10 f7 fe 28 49 00 93 e8 ad 31 49 10 58 0e
>23d4		ca d0 e5 3f 48 95 6d 49 10 47 a8 20 db 42 51 49
>23e4		06 3f 20 73 6a 60 73 e9 fa 1f 60 4e 41 50 50 00
>23f4		fe 92 ad 91 ee 9b 90 d0 48 a3 e9 03 92 d0 44 e8
>2404		a8 b9 b0 39 ad 80 3d f0 3d c9 ff f0 39 ff 03 ea
>2414		39 b1 d0 33 42 ac 91 fe 1a 10 8d 8b e8 8c e8 8d
>2424		e8 8f e8 90 f8 1e 65 2e 8d 66 e8 68 51 69 2e 1f
>2434		e9 07 29 08 e9 01 e8 15 70 c9 07 15 70 8d 8e 04
>2444		20 bd 21 a0 ff b8 92 8e 91 f9 21 10 1a 4c 0c 22
>2454		0e 30 a9 09 50 bd c0 80 48 02 c6 41 91 98 1e f1
>2464		bd c1 3d 55 f9 20 b0 03 4c 00 40 e9 e3 3a df bd
>2474		c2 75 99 d8 c9 02 d0 07 bd c3 3d ec 01 0a cd 18
>2484		5e f0 d0 c6 bd c4 3d 1d c5 48 c6 57 98 0e bb bd
>2494		cc 3d e9 b6 4b b2 de 51 d0 52 cc 52 d0 24 d9 f8
>24a4		27 08 f0 9f bd cd e8 ce e8 cf 2a 09 1a 2b 01 d0
>24b4		8d f0 1e fa 2f 03 f0 84 d0 15 89 09 75 57 21 22
>24c4		d9 04 51 d0 16 b2 18 a8 88 b9 e0 3d dd c1 90 99
>24d4		09 b9 e2 f2 67 42 62 41 dc 50 ad 81 99 e9 3b 19
>24e4		37 38 e9 01 0a f6 59 aa 8e 59 2e 20 25 22 b0 26
>24f4		3f 51 f0 22 70 70 cd 82 47 38 0c 1a bd c5 e8 83
>2504		f8 01 12 bd c6 e8 84 09 0a 71 cd 80 2f 61 e5 e9
>2514		04 e8 05 48 ad c9 09 4a fa 98 18 69 7a 8d 5b 2e
>2524		38 e9 72 8d 5c 2e 60 fe 8a e9 23 68 5f bc b1 62
>2534		2e 3d 48 e0 bd 90 5a 2e df da a9 e8 69 0b f3 8a
>2544		32 f0 08 b9 4e f6 4c 1d 22 8e 60 2e 25 59 2f 7c
>2554		8d 61 2e bd 65 b0 02 90 59 6b 11 93 50 ed 5d c4
>2564		52 5e 2e d5 a9 04 fa 2a 30 05 ee 41 b0 99 3e 63
>2574		2e a5 98 c9 0b 9d 38 17 40 24 18 6d 05 af 90 a6
>2584		98 8b 20 c6 9a 2e 24 ad 5d 2e d0 11 ad 87 d2 6b
>2594		40 5a 3a 62 03 c9 7e d0 1b 21 48 cd a3 61 f9 28
>25a4		6c c9 e8 5a 38 7d bd 76 03 29 0f c9 0f d0 74 ee
>25b4		62 51 2a 57 e8 5b 50 17 ee 55 45 df eb 5c 30 cd
>25c4		5c bf a8 52 e9 25 6f 49 30 1d 80 63 71 a8 b9 e8
>25d4		70 3d b9 b9 02 65 55 35 98 0c 48 dd be 52 d0 28
>25e4		0a 54 64 2e c6 e8 64 58 18 ca 30 03 4c 9d 23 ad
>25f4		00 49 cd 6c 80 dc 7b 28 62 40 45 62 8a 41 0f 59
>2604		1f 08 20 a2 21 49 68 02 81 89 96 f6 21 bf b1 18
>2614		22 65 88 87 e2 33 17 67 24 51 48 d0 db f8 75 40
>2624		ad 85 f2 08 b0 53 c9 1f d4 48 8d 84 47 c7 1b 40
>2634		13 26 81 fd b0 91 1b ae 7e 68 97 19 33 f9 2d 7e
>2644		61 d1 b1 99 3d 27 48 98 a6 88 28 e0 c5 4f 88 cd
>2654		a8 86 de d5 e9 65 69 61 78 91 a0 3d c3 e9 58 1a
>2664		fa 1e 54 c9 2a f0 50 c9 3f f0 4c c9 2c f0 48 c9
>2674		3a f0 44 c9 2f f0 40 c9 5c f0 3c c9 40 f0 38 c9
>2684		23 f0 34 c9 24 f0 30 9d 13 2e e8 ec 86 3d d0 c8
>2694		a9 2c 70 ac 88 f5 12 0e 2e 58 25 e8 87 eb 11 71
>26a4		8e 27 0c 4a f0 93 81 ff b2 41 74 91 0c 22 af f1
>26b4		d0 0d 10 3d c5 ef a9 c6 78 71 d0 0e 0c 91 10 aa
>26c4		e0 4e 32 dd a9 81 ff 87 48 ad 28 a3 d6 91 02 41
>26d4		e1 52 f0 5d 2e 61 02 1a 20 29 23 90 0e e8 ae b1
>26e4		fe c4 81 90 fe c5 ff 78 f0 03 fe a1 32 48 9d ae
>26f4		41 ce 30 9d c1 ad e8 87 89 c2 05 30 9d c3 ce 08
>2704		c7 e8 c8 e8 c9 e8 ca e8 cb e8 cd 48 ce d7 e8 cf
>2714		91 60 2e cb 1c 10 9d cc 82 ff 61 90 79 8d 09 41
>2724		75 30 8d 82 dd e8 c5 e8 83 a8 c6 c4 ea 84 48 67
>2734		90 9c 4f 55 29 20 7c 29 b0 49 bc 5a 2c 0c 20 e1
>2744		2a b0 a0 81 1f 49 46 c5 48 ae 90 50 ac 5c dc 59
>2754		0b ba ff ad 20 30 13 a0 59 0d bd ff ee cc 58 c0
>2764		ff b0 15 20 b6 29 b0 13 20 5b 2a b0 0e 20 f0 bd
>2774		50 5f 28 b2 41 4a 38 10 20 ae 29 ad 19 22 f0 0b
>2784		20 de 29 40 37 50 ee 69 d3 51 1a 2a df 59 12 4c
>2794		48 26 ae 0f 28 69 a8 0d fe bd 41 48 88 ad 8f 41
>27a4		45 a2 c2 c8 41 2a 40 62 41 65 41 68 42 6b 41 b6
>27b4		21 41 b5 86 f9 e7 61 2b 40 b0 07 0c 81 2e 48 6a
>27c4		ad 6d cd 9d 49 c2 58 61 9b 6e c1 17 39 06 4c cc
>27d4		32 50 cd 6a 9a 63 09 09 8a 0d 81 8c f8 0d 1e ad
>27e4		89 09 19 90 0d 8a ec be ea 11 90 06 f0 50 41 82
>27f4		a8 02 fe 88 82 3d 09 06 dd 70 18 bd ba 70 6d 89
>2804		e7 28 c9 e8 8a 60 b4 88 69 fd d6 09 cb 93 b0 e2
>2814		e1 8f 56 f0 08 1f 41 94 6d 8d 4a f9 33 42 a9 01
>2824		67 4c 2d 41 9d 50 8d 6e 1b 28 8a aa 6f f2 46 99
>2834		7d 27 8d e1 27 dc a6 28 7e 74 e2 27 98 81 f1 31
>2844		f8 fc 27 ae 5b 40 5d 18 8c d0 07 20 c6 ff 90 0d
>2854		b0 05 20 c9 69 7b c7 21 3f 90 20 cf 44 70 6b 2e
>2864		a6 44 d8 08 ad a3 99 8d 00 3a 20 28 28 f0 f4 f0
>2874		bd cd f9 0b bd ce 68 de 23 10 de ce e8 20 87 e1
>2884		11 99 3e 24 ad 6c 2e 29 40 51 8a c8 e3 17 48 1d
>2894		3b 00 e8 ca e8 cb 49 12 42 71 09 01 91 5b 0e 4c
>28a4		f6 27 dc 40 37 40 0d 52 20 d4 95 48 ad 57 48 0d
>28b4		5a a1 b6 51 16 ad 9c 72 d2 ff 31 49 11 94 25 4d
>28c4		a0 f9 0a cc 69 61 46 62 49 e8 65 69 18 51 42 b2
>28d4		e9 02 62 39 0a 08 61 36 67 4f 10 48 ee 10 e8 ee
>28e4		f8 d0 06 ee e8 ee 51 ee 8b 54 88 ee df 9d 82 38
>28f4		a9 c8 ff f6 92 fe c9 33 ea ca 60 a7 41 9b 20 c1
>2904		f8 ce 6f 2e ce 49 60 df 63 9c 81 dd 74 61 7c f2
>2914		8d 92 f1 8d 93 20 e8 94 89 cb b0 c6 77 3d 60 01
>2924		66 06 40 68 8f 28 f3 dd b5 a2 00 ef 5e ae 08 82
>2934		a6 f1 94 1b e7 20 b0 34 7e 61 70 40 97 42 94 46
>2944		d7 f3 f0 28 81 1a 41 d5 21 2c a3 19 ac 00 fd 86
>2954		86 3d 94 18 44 df 50 8d 09 d2 74 38 60 00 67 07
>2964		3f b5 01 60 bd 8c 06 ff 0b 84 10 61 ea 64 c7 91
>2974		d0 05 ff 1f 75 18 60 c2 85 05 a2 ed 12 a1 93 80
>2984		ae 6d 18 b5 b7 9d 28 2e ca 10 f8 a5 c6 8d 2e 2e
>2994		a5 c7 8d 2f d0 99 9d 8d 30 f3 c3 78 85 9d aa 20
>29a4		68 ff e3 8a 60 df f1 b2 d0 28 08 20 cf a8 a9 2f
>29b4		e8 e2 aa 61 ff 6a b1 a0 0f 6b 40 d9 b2 aa a8 ff
>29c4		6e eb 66 f0 05 4c 40 97 61 4b 81 2a 48 d4 7f f8
>29d4		1c b7 ff 8d 6c 48 90 41 89 bf 77 20 bd e8 8d 21
>29e4		00 9e a2 6e 40 df 71 ae 65 7f 4a 8d 77 61 18 a1
>29f4		ff 18 72 20 c3 12 a3 50 50 60 ad 67 11 f0 24 4e
>2a04		01 40 5f f9 20 bd 28 2e 95 b7 48 ad 61 f8 85 c6
>2a14		ad f8 0d 85 c7 ad 40 63 61 b2 48 68 d6 83 de f1
>2a24		aa bd f3 08 bd 54 f0 21 4f 52 f0 19 a9 ed 61 30
>2a34		b0 0c 58 41 2d 41 3f 41 41 49 60 9d 02 2a 02 af
>2a44		41 da e9 ae 48 c6 43 a2 d0 97 6d 2e f0 00 f9 21
>2a54		b0 1e ae 6d 2e 18 9d 31 2e ee bf 90 c9 0d 5a 84
>2a64		f9 1d 31 07 ad a8 28 bc b4 41 c7 43 1a 21 22 72
>2a74		18 04 90 ee ad 33 c1 68 2c 11 18 a2 01 bd 31 b6
>2a84		58 30 90 de c9 3a b0 da 29 0f c0 61 a2 30 ed ad
>2a94		dd 49 0a a8 b0 0a 0a bf 20 de 91 6d 32 60 70 ae
>2aa4		8f ab 89 bb c9 05 80 62 69 2a f1 6a 7e af ea 0a
>2ab4		79 2e 01 a2 e5 a0 2d ad 82 1e ea 10 ea 0e 98 1e
>2ac4		09 20 2a 2b 23 e9 2b 42 88 6f 7e d3 2e 85 1b 62
>2ad4		17 a1 cd ee 81 76 50 8d 0d 22 68 96 15 78 1d f3
>2ae4		2d 8d 05 f7 28 f6 e8 06 e8 f9 4a 07 21 88 08 fe
>2af4		d1 f1 09 2d a3 a2 a0 fd 33 50 ad 0d 78 10 77 ce
>2b04		99 0f 4c 9c 2b 64 e8 09 e8 09 70 02 3a 5f 99 2c
>2b14		38 e9 81 cd 88 7c 98 8c a0 00 a9 a0 cc 86 3d b0
>2b24		03 b9 a0 39 f0 05 3a 58 8f e8 c8 c0 10 d0 eb 4c
>2b34		48 2c 18 ad d5 51 69 20 cd b1 d0 cb 44 51 f0 1a
>2b44		8f e8 dd 58 41 d0 23 ad 01 3a dd f6 9e 49 1b 8b
>2b54		10 ce 07 88 8c ee 14 a4 37 59 0d 0f a9 3e 15 63
>2b64		d0 11 a9 09 40 0e 42 c9 ed 2e 50 ec ad d4 a1 eb
>2b74		06 4d e5 c2 49 dd 50 10 18 7d 08 cd 81 59 f0 d1
>2b84		90 cf 2d a2 9c d4 ea 98 46 5c 58 48 29 07 9d 00
>2b94		3a 68 29 c0 9d 01 3a a0 10 bd 64 28 9d 6c 90 e8
>2ba4		88 26 22 19 08 1e 38 1d 12 3a bd 1f b0 13 3a fb
>2bb4		7d 44 5b 88 ca b5 b1 8d 99 f0 fd 02 72 03 3a e8
>2bc4		f2 04 3a 28 1e d8 e8 0a e8 1f 6b 0b cd 48 ff 8d
>2bd4		01 f8 0f 02 2e ed b1 90 02 84 38 08 cc 2b ad 08
>2be4		0d 9c 30 f0 f5 82 ec d2 e8 0b 20 55 ad 05 49 7f
>2bf4		91 f0 df e0 01 d0 04 c9 35 f0 d7 a9 02 a6 4a 00
>2c04		a1 f1 ad 01 42 d6 81 e4 13 5d fe 20 f4 2c 4c 79
>2c14		2c b6 43 ab 00 2c 2a d0 a1 c2 00 21 a1 fe 5c 40
>2c24		62 b7 9d c3 b4 29 30 03 fe 8a 18 ed 6b 60 fb aa
>2c34		cd b1 88 90 e2 4b ea ce 00 8a 60 c1 94 4a 05 c2
>2c44		58 cb 2d dd fc 90 22 ca a1 7b 98 ea 1a c9 24 90
>2c54		02 e9 23 a0 15 c9 12 90 10 88 88 c9 19 41 89 88
>2c64		c3 48 68 05 ef 5c 02 a0 28 98 cd 06 cf 0a b0 dd
>2c74		41 c2 88 a2 36 28 ce cf e8 06 e9 0b 85 01 e8 c9
>2c84		69 63 a1 e8 0c e8 0c b5 e6 2d e7 73 10 4f ee e8
>2c94		ad 91 c9 0d 97 08 2b cc 8a 3d f0 74 ba 38 a2 7e
>2ca4		f2 d0 e9 32 ef 0c fa 0f 21 ae 0c 61 68 41 c9 60
>2cb4		0e a4 d2 49 10 c0 b0 cd 08 ec 33 e9 d8 a1 78 51
>2cc4		ae 29 08 58 bb a0 30 c9 0a 90 05 e9 0a c8 d0 f7
>2cd4		48 98 9d 92 39 68 09 30 9d e7 2d 60 23 55 31 3a
>2ce4		31 30 20 fe 02 38 3d 12 12 28 01 01 03 1e 8f 25
>2cf4		24 47 51 ab 56 80 02 05 0c 00 ff 3f 53 50 55 52
>2d04		57 00 44 91 a2 10 ca 26 f8 40 31 ca 10 fa ae 86
>2d14		3d 8e 3f 31 bd 9f 08 3f 8d 40 50 b0 ad 6e a1 f8
>2d24		1a 50 31 ad 6f f1 51 31 08 53 20 34 79 f0 52 20
>2d34		7f 30 b0 4d 06 18 7d c9 0c b0 46 8d 56 31 a2 02
>2d44		ad f8 08 f0 35 ce 48 8e 2d a9 a0 b6 f8 76 3a d9
>2d54		3f 31 d0 1b e8 c8 c0 13 08 ae 88 bd fd 67 40 c6
>2d64		20 e8 14 e8 57 e8 15 48 58 ba 00 53 78 18 69 16
>2d74		aa 4c b0 bf 00 3e a9 f0 e1 a1 b5 22 20 81 b4 3e
>2d84		40 df 71 c9 11 48 38 c8 2f 18 ad b3 3d 6d 90 18
>2d94		aa ad b4 c3 20 19 93 b0 ed cd 55 1a 90 05 d0 e6
>2da4		8a d0 e3 18 32 8d 59 31 8d cb 2f 00 ba e8 5a 51
>2db4		cc 2f 67 e8 5b 08 53 28 5c d9 e8 57 e8 5d e8 58
>2dc4		48 5e 50 a8 91 9a 40 58 a9 7c e3 49 b9 ca 2f 99
>2dd4		50 3d 88 89 d8 b0 a7 48 da 00 1a 80 9f f8 38 57
>2de4		31 d0 64 ad 59 41 8c 8e 5c 6b 42 c5 f2 9d 21 50
>2df4		9e 21 3b 48 8c 33 41 c9 51 ae 56 6b 9c 48 c0 0e
>2e04		90 06 c0 10 b0 60 a9 c8 d4 93 40 8e 28 ee 87 89
>2e14		92 8a cf 8d 9b e8 5e ea 0a e8 5f 43 29 90 b9 ff
>2e24		ae 61 cc 81 f1 6f 72 6d 30 c9 ea f8 b9 0b b0 0d
>2e34		ad fe 14 69 08 ea b0 20 6e c7 49 0f 3f 20 58 14
>2e44		a9 01 5c 23 b0 6f 8d 54 31 1b 44 1e 47 21 f1 58
>2e54		3d 61 b9 41 43 40 1e 40 1b e8 58 ea 90 51 3c ac
>2e64		c0 79 10 02 88 30 05 aa 58 d0 f8 aa 41 68 b9 7f
>2e74		81 fa 68 63 7e 48 f4 c5 22 61 e6 f9 0e 9d 01 3a
>2e84		81 c6 09 ee 80 48 54 c2 f0 01 3a 79 4c 81 30 85
>2e94		81 ca 3c 41 ae 48 6d d7 88 90 f1 a9 01 e9 62 89
>2ea4		91 8e 68 59 28 50 3a 8e 82 21 be 68 5b 28 08 5c
>2eb4		40 88 51 e8 8e 8d 68 5f 9c 20 d8 b1 f0 18 23 a8
>2ec4		01 ef 6b a9 30 6e 18 1e 3b 31 ee 5a 40 df 08 ce
>2ed4		4a 80 74 48 30 d1 48 ad d7 42 05 58 2e 8d 60 31
>2ee4		08 78 1a 38 df 30 6f ad 09 df 29 e0 d0 68 ad 06
>2ef4		d5 48 29 bf 8d d4 f8 ad 30 d0 48 29 fe 8d 41 27
>2f04		00 2e 80 6f 71 df ad 31 28 02 d1 e8 5a e8 03 e8
>2f14		5b e8 04 e8 5c e8 05 e8 52 e8 06 e8 60 18 07 df
>2f24		8e 08 ba 28 00 49 5f 4a 02 b2 58 29 60 49 40 aa
>2f34		c0 01 07 31 a9 10 49 68 b2 49 68 a5 b0 28 e0 e9
>2f44		14 a1 cd 87 ff 0f 0a 38 7c ad ad 31 cd af 31 d0
>2f54		18 ad ae e8 b0 f8 3c 10 ad 8e 21 cd b1 18 08 ad
>2f64		55 1a cd b2 31 f0 28 a2 60 bd 00 38 cd 5a 90 d0
>2f74		20 74 00 69 51 d0 f2 d0 e8 8d 41 d2 e8 8d 41 d4
>2f84		e8 8d 41 d6 e8 8d 62 1d 45 ae 90 d7 34 bd a2 96
>2f94		65 00 8c 8a 91 59 99 01 cd d6 34 b4 d8 28 d8 09
>2fa4		1f 19 a0 76 f2 b0 18 9c 5b 08 d0 11 20 68 40 d0
>2fb4		0c 1b 4a d2 c9 a9 cd 9c db b8 a9 12 20 5c 44 b0
>2fc4		32 c9 00 d0 2c ad 7b 46 d0 c2 dc 58 7a 46 f0 1d
>2fd4		8d c4 80 6f a7 e9 3a b2 13 a2 aa 58 2a f0 0c 9d
>2fe4		da 34 70 f0 d8 34 40 ce 80 40 89 fc cb a0 a3 b2
>2ff4		a2 79 14 40 95 61 f2 40 b4 f9 ad 86 3d a2 00 a0
>3004		4e 20 99 32 b0 51 4c 4d a9 e9 46 ea 42 ea 38 fc
>3014		16 33 8d 86 3d ec 29 90 22 9d 42 a3 a7 8d a8 f2
>3024		d5 42 d1 49 17 54 89 13 bb dc e8 9d a6 7c 43 93
>3034		b9 9c 4c 23 42 8d d9 34 8e b0 32 8c b1 32 e2 59
>3044		52 8d fc 4b a9 11 8d fd 4b bb 58 ff ff 9d fe 4b
>3054		66 e8 d9 58 5d f4 18 8a 69 02 8d 76 46 ca 48 69
>3064		70 90 77 46 f7 aa 44 ba 88 8a 1c f1 8b 1a aa e3
>3074		40 34 84 f2 ea 12 e8 0a 92 d0 06 a8 bb 51 e0 26
>3084		9b 82 a9 e9 01 91 dd 33 be 6a 40 d5 00 e8 ca aa
>3094		cb 8b b1 8f e0 fd 07 71 85 46 cf 52 d0 1f 82 b0
>30a4		70 46 92 10 8d 71 dc 43 92 42 94 78 a9 70 a2 46
>30b4		20 82 44 4c 53 33 ad 1d df c9 c9 23 03 c8 61 91
>30c4		59 c3 45 20 ed 44 90 13 c9 15 f0 9a a2 90 ec 33
>30d4		db 5d 41 33 21 70 ea 33 d1 88 46 7f 28 e8 f0 80
>30e4		c2 68 72 ee 08 4f d6 a1 37 68 80 da 6b 6b b5 61
>30f4		d0 20 3b a1 24 69 58 cc b0 d0 53 7c 41 01 81 ac
>3104		25 89 4a 12 88 00 91 46 e9 43 e9 3f 48 3b 0b 21
>3114		af ed bd 8e 20 38 a1 0d 41 b9 a1 87 0a 43 97 50
>3124		d0 05 3e 67 ac 81 ba e8 aa 59 69 8a 48 ba 55 e9
>3134		06 8f 68 0e 02 99 20 6b 34 b0 4f f1 c1 7a a2 da
>3144		a0 34 2f e9 43 ec 3d e9 38 ea 32 e9 28 89 cd ff
>3154		ef 8b 20 df fc 2b dd da 34 d0 16 a4 f3 a4 af 15
>3164		90 d6 34 6c 47 93 95 ea 04 72 38 60 b0 81 fa 6c
>3174		31 cc eb 26 61 9f a8 1c f6 9d 92 3f f0 70 00 b6
>3184		80 75 0c 46 85 40 85 7b 4b 46 90 f4 a9 ff d0 02
>3194		be a2 bc 64 63 d6 81 23 40 9d 93 f0 bb 98 ef b6
>31a4		ef 31 1a a6 8c 3f b0 8e 59 90 f0 ff 33 ac 18 ff
>31b4		d7 07 f5 e7 ba 08 78 c0 58 90 0f ee 1e aa 56 b8
>31c4		1f 3d 28 a9 7f 8d 00 dc 60 28 6c 1c 3d 81 6b f1
>31d4		a7 17 f9 fe 19 ad 38 29 b0 b7 78 36 c9 50 b0 f9
>31e4		a9 28 24 d7 10 90 58 c7 50 8d 5b 1a 38 20 f0 ff
>31f4		e0 19 b0 e6 98 18 6d dd a0 1e 28 cd 7d 51 b0 da
>3204		d3 60 90 b8 02 8d 57 1a ad 49 1a cd 4a 1a 90 c9
>3214		a5 d7 29 80 5a b1 f0 a2 06 80 b7 12 8e 58 41 30
>3224		38 ed 81 de 43 89 ff 6f 28 dd 9d 40 a7 08 9d 4c
>3234		bd d3 10 06 ad d9 21 21 d7 31 38 fd e8 57 e8 0d
>3244		43 d0 41 d4 44 d9 38 8b 8d 59 1a a9 92 20 01 37
>3254		a9 20 ae 48 f0 ba 29 3c a4 10 ad 57 31 5a 1a 8f
>3264		48 ec d3 81 2d 09 12 69 02 41 a4 a0 d8 96 b1 38
>3274		1a 15 e8 04 40 a4 89 a9 72 77 40 ca 22 46 d7 09
>3284		92 97 e8 ee f0 ce 5a 52 c2 ae 65 46 89 b1 f0 06
>3294		71 4d 3e d1 b9 4a 4c de 19 4c f6 19 48 71 79 d4
>32a4		f4 68 4c d2 ff 42 52 4f 57 53 45 46 49 4c 45 53
>32b4		c3 92 20 00 8f b2 4d 13 6e 82 08 3b b1 f3 4f ef
>32c4		8d a8 07 fb a4 49 1e ba d0 1e 20 58 4f b0 1b ad
>32d4		00 3d cd 20 74 31 50 05 d0 70 b9 eb 14 b0 0a 20
>32e4		39 15 a4 57 b1 3c 49 00 1f 0f 3e 13 00 fa e9 a5
>32f4		08 81 ff b4 f0 60 22 3d ac 59 48 ef 52 14 e9 47
>3304		b3 d0 42 77 a1 b2 46 b4 be 31 42 ea 2f ec 1e 89
>3314		25 92 9e a6 48 fc 00 19 f0 15 fb 10 d0 0c 31 d0
>3324		07 12 a5 65 a6 7e 7c 00 90 5e 46 55 e6 b4 b3 31
>3334		61 a8 85 22 50 e9 78 8a 74 fc 8a 87 1b b9 e9 6a
>3344		a9 05 1c a1 88 cb 2a 88 aa 5a 38 22 cc 55 dd 0c
>3354		89 4e df 38 0a 6f 46 bd a3 38 32 e9 15 30 11 ee
>3364		83 3b 25 40 8f 28 ad 99 1a 30 2d 10 05 da 00 b9
>3374		83 9e c1 dc 97 86 45 d1 87 3c 35 91 0c 8a 2b 91
>3384		d0 e5 22 be 82 ae 28 15 19 a0 f0 e9 07 41 d8 bc
>3394		a6 30 42 c9 55 f0 07 c9 00 f0 e9 4c 2e 42 39 a0
>33a4		3f 55 f7 f2 31 0c a7 37 58 af cc 31 55 48 9d 11
>33b4		a3 39 ed a6 56 a7 3c 54 46 92 8e 2e 95 13 e9 02
>33c4		01 a1 b9 f9 50 06 09 cd 8a fe 07 f9 11 00 4e 9d
>33d4		ff f3 86 3d ef 03 b0 20 79 a9 5a e9 5c 4b 58 37
>33e4		a4 73 a2 a9 4f 83 b9 59 72 0c 90 3c ad 0b 3a 29
>33f4		18 d0 35 38 83 ac 62 43 a2 0d f3 41 5e 30 ad 01
>3404		e8 ce e8 02 e8 cf 52 03 3a 55 8a 08 99 ca 97 a6
>3414		42 c7 c8 21 83 83 fb 62 42 a6 ef f2 78 46 b2 79
>3424		46 9f 85 50 68 bd bf 60 1f 82 e5 a8 ce 0c 17 f1
>3434		79 46 69 14 0a 48 cd dd 30 b0 0c 42 d5 f2 bd ce
>3444		b9 02 20 d8 43 fc f1 c0 43 29 38 42 e8 ed 41 75
>3454		01 e8 ed 61 cd e8 bd 51 e9 00 70 41 b4 21 cd 00
>3464		41 73 80 7f c7 8a 43 b8 8e 08 39 11 8b 60 7e 48
>3474		9d 60 20 d1 e8 3b 7d 4d e8 d0 f1 ca e9 05 40 49
>3484		61 d1 68 8d d6 50 18 ad a8 71 69 04 da 48 ad a9
>3494		62 d9 22 c5 62 9c 72 ce 76 cf 43 7f 61 d7 2c f9
>34a4		49 1e c5 f1 71 46 18 86 72 46 8d 73 46 ad ff 4d
>34b4		8d 74 46 70 20 61 b2 e9 d8 49 d4 56 91 a0 00 80
>34c4		d7 08 99 81 70 18 e8 04 60 6a 41 d1 02 e9 b9 49
>34d4		7d 2f 50 b0 78 6c 43 b5 b1 f0 1d 54 92 51 05 ec
>34e4		0c 49 27 5c e8 dd 31 d0 59 32 f0 17 75 88 12 92
>34f4		25 62 49 45 46 e8 dd 50 d0 3d 44 49 c9 a3 83 61
>3504		61 f9 8b c8 22 5e 61 f9 8c c9 5b 30 9d ca c9 ea
>3514		cb a1 1e eb 78 ea 79 67 63 09 e9 e6 41 c1 a5 30
>3524		61 58 60 5b 03 11 ea 11 49 04 5d 42 ca f2 72 46
>3534		48 73 30 ea 04 e8 20 91 f0 09 51 8a 1e 8f 7b 89
>3544		19 de 61 61 a1 fc c3 28 7b e8 79 48 04 a9 a1 9f
>3554		41 e9 e5 b6 38 60 0b 72 ff 33 11 ae 01 3f e5 8a
>3564		03 9d 49 15 bb be 29 04 c9 54 d0 0d 05 a3 38 fb
>3574		45 76 ed 04 41 bc a7 cc 48 a1 af a3 88 b4 a3 c3
>3584		e8 4c 01 5a 28 85 70 fc a2 53 b9 28 b6 44 8e b7
>3594		44 c5 83 88 ef a1 d3 94 09 46 87 e5 eb f6 01 e8
>35a4		0d 40 c0 a3 91 0c 78 16 46 0d 76 b2 68 f8 5e 50
>35b4		ff 8d dd 48 ee c7 81 96 25 40 c5 08 ad 61 28 40
>35c4		9e 61 25 01 a9 30 0d 77 50 df ad 93 40 c8 81 88
>35d4		d0 91 a9 01 aa 42 b9 e9 08 95 1e 46 8e a0 90 30
>35e4		c9 5e 8a 07 80 9e 79 f2 b0 ea 3f 20 37 90 bb 45
>35f4		57 42 5a 4e 7e de a8 80 48 bf 60 ec 40 8d e9 02
>3604		b2 1a 46 a2 f1 36 45 90 18 69 5b ae 08 37 b1 1e
>3614		df 65 bc 08 ee 41 83 20 67 42 b9 a0 28 4a a3 cb
>3624		18 53 40 f0 25 ad 1f df ae 7f 50 13 ae b6 59 7b
>3634		e0 1f b0 c3 9d 00 4f e8 8e 7e a6 01 42 d7 49 d9
>3644		b0 e8 1e 20 78 80 1f 48 ad d9 61 c0 48 e0 87 71
>3654		80 46 b2 40 b6 00 80 50 ee 7c 47 f8 05 ee 7d 68
>3664		dc cb a7 81 f4 60 7c 49 11 33 88 d0 74 bd f2 ed
>3674		44 68 30 ea 4b f0 45 88 e3 aa 81 74 bf a1 06 aa
>3684		18 8e e6 41 5e 08 7b e8 7f 40 98 30 8d 7c d4 40
>3694		bb 42 30 49 ff a4 69 60 18 91 38 e9 ea b0 b0 1c
>36a4		3d db f2 81 46 20 01 b4 15 ad 01 0a 05 7e 48 60
>36b4		d4 00 90 fe d0 38 bf aa e2 93 e9 15 a8 fc 7e b7
>36c4		21 a1 98 34 af 48 67 58 eb 05 af 68 6c 10 48 82
>36d4		95 e8 83 f8 05 8d 84 28 ce a7 a0 99 51 ce 83 3a
>36e4		28 ce 95 a3 95 a7 8f 78 12 a8 08 ec 7c e9 1a d2
>36f4		69 48 da d7 20 e8 70 a0 4e ef 10 2d b1 aa b2 05
>3704		a4 90 04 a9 95 48 e4 02 82 50 25 b1 74 48 16 fb
>3714		14 f9 a0 00 b9 e9 f0 b9 ec 20 2a 1a b0 e7 c8 31
>3724		b3 81 29 68 70 49 cb bd d7 48 e8 bc 8a 85 d5 c0
>3734		a0 45 50 be 3d 1e a1 31 97 9a c5 8d bf 3d e6 c8
>3744		8b 3f 7e e8 be 4b f4 bb 22 90 43 c4 30 f3 ad 60
>3754		cb c2 d8 70 b1 ee b0 e0 12 f1 ee b1 d2 ee b2 d6
>3764		be a8 1b b2 ea 88 49 87 a7 88 21 1e 3e 00 e8 93
>3774		e8 94 e8 98 ca 25 d9 ff c3 d9 d4 82 48 a4 40 3d
>3784		b1 f3 2e b3 d7 32 48 d6 dc bd f6 8a 21 91 4c 48
>3794		39 c3 d6 fa d1 b0 f3 d7 67 92 dd b3 63 e0 d2 4a
>37a4		48 db c2 2f e8 04 e9 d9 88 9d b7 00 57 a8 10 0e
>37b4		82 45 b5 aa c9 5a f2 79 48 96 7a 48 44 b9 43 d2
>37c4		48 bd da 88 e0 ca 84 48 ce 0b ae 19 0b 20 78 48
>37d4		42 c5 a9 e0 50 91 60 1a ca 10 d7 31 ef 59 a0 d9
>37e4		19 49 48 d5 49 68 da c7 d7 3a ee e0 8d 35 43 9f
>37f4		ed 27 cd 1f d7 3a 88 23 28 a9 2f 60 f9 c8 1b d5
>3804		ed f8 02 bd b0 ea 17 a1 08 3e c9 23 d7 72 e8 02
>3814		c4 d7 74 20 21 0f 62 39 88 05 c5 22 b8 4a 96 57
>3824		c1 d7 a1 eb 1a a1 bb c9 f5 db 01 b0 f1 8d fa 3d
>3834		48 ee 2f 61 9c 40 30 6a 60 03 71 b0 df 85 cd a9
>3844		d7 31 11 4c 52 62 87 08 17 ee e8 18 a9 19 0d 49
>3854		05 26 98 7c dd 34 49 d0 7f ca 10 f5 ad 57 6a f8
>3864		02 77 ad 56 b9 07 90 70 c9 10 44 98 e8 5a f1 6e
>3874		3d e8 5b f0 6f 3d 41 12 92 d0 07 95 18 0c 11 90
>3884		50 61 00 61 c3 92 ba 3d 44 89 a0 1d f9 20 b0 3e
>3894		8d bb 3d c1 d7 52 f8 34 ad ba fa 00 2f ad 5d e8
>38a4		5c 19 10 90 23 c7 48 cd d0 21 50 ed 59 d7 28 15
>38b4		97 44 c5 2a b6 69 6d 85 d4 b7 3d d7 72 bd 55 4e
>38c4		4d 4f 44 01 01 07 00 45 43 16 a1 85 0f a3 40 68
>38d4		ed bd 59 5c 17 d0 0e ad 99 17 c9 c0 a9 08 9c 29
>38e4		24 14 e9 06 81 6b 58 c5 29 40 05 d8 d0 2d a5 00
>38f4		29 06 c9 06 d0 25 ad d3 70 29 0f ee 81 4e 08 11
>3904		bc 50 60 d0 91 08 16 49 10 c5 f9 87 15 d0 d0 09
>3914		ad 02 dd 29 03 c9 03 e9 08 4a 78 de a0 41 51 f4
>3924		4f dd 30 8d f5 de e8 18 e8 f6 49 00 dd 39 8d f7
>3934		4f a5 01 29 06 8d f8 4f a9 ff 85 d8 8d 12 d0 95
>3944		58 fd 09 04 85 01 a9 80 8d da a1 2d 65 08 16 50
>3954		3b 8d c2 42 d3 10 fc 8d d5 9f ad 9e 17 8d f3 4f
>3964		4c 54 71 63 ef 2f f2 e7 c7 db 77 a1 ed c3 81 14
>3974		79 af b0 55 ad 3c 3d c9 09 b0 51 aa bd 6f 4b 76
>3984		a8 3d 60 89 46 fd 9b 89 42 46 90 bd 78 dd 53 28
>3994		71 19 14 81 4b 10 03 10 8d 72 a4 97 8a 4b ed 33
>39a4		a1 34 8a 85 4c e8 b1 b0 04 47 b7 11 48 52 6a a3
>39b4		5f 94 81 09 19 0f f9 00 04 e8 03 58 71 01 01 28
>39c4		29 34 35 02 04 05 26 79 e9 01 38 80 80 00 02 5d
>39d4		12 02 02 47 6d 9c 88 c2 32 fa 1d 89 3d 69 02 f3
>39e4		8a 3d d3 b0 b2 db 03 8a ac 04 a9 a7 38 de da 3a
>39f4		4c 4c 4b 20 e4 ff f0 13 8d 15 d6 3c 99 1b 12 3d
>3a04		ee 13 51 f0 ee 14 20 8f 17 60 00 fd e9 3b 03 84
>3a14		6a 81 de fa a1 00 cb be ce e4 eb bc ca bd d5 30
>3a24		ac 19 a9 68 91 00 3f 62 ca 07 cd 89 41 dd 80 cc
>3a34		a3 e8 22 a8 e9 88 ca 20 d0 7d ba 0b 51 ad 23 b9
>3a44		91 4a ad d2 db 9c 49 c9 21 b0 45 34 4d c9 aa cd
>3a54		fd 81 c6 90 d0 36 4d b2 9a 3c d0 31 bd 02 3c c9
>3a64		60 d0 2a a0 01 bd 04 3c d9 1a f7 83 9b 49 f2 dc
>3a74		d1 f0 15 d0 a8 d1 d0 10 d0 9c d1 0c 18 d0 de d1
>3a84		55 1a d3 5d e9 05 e9 04 81 44 6e a8 35 1d 82 de
>3a94		fa f0 fc 0d a2 24 28 f6 d1 f8 18 d0 ad f5 b1 16
>3aa4		d0 ca 04 08 12 e8 f4 91 11 d0 d4 e0 f0 f9 0d 91
>3ab4		85 01 18 a9 d8 ee 03 8f 28 f1 54 91 ad 11 3f c2
>3ac4		d1 ed 08 ee b0 48 d8 b2 b9 ff c9 0e 31 66 f9 05
>3ad4		d5 29 40 91 06 d5 d8 5f c8 04 d2 90 f8 ad 08 d5
>3ae4		0d 0a d5 29 0f 0d 07 d5 fc 0d ad 09 d5 d1 a9 08
>3af4		d1 ce ea 0d eb 11 cb 28 d1 b5 89 f9 50 40 96 02
>3b04		d4 e9 01 40 af c0 d1 5a e9 06 42 d1 e8 01 a7 aa
>3b14		04 18 20 5e 13 b0 de ad 01 1d 88 d9 16 a2 21 89
>3b24		89 0f f8 59 89 ce 8d 98 17 20 0b 14 90 15 4c b0
>3b34		c3 05 33 08 ce cd 48 b0 c6 09 61 5a 22 4c 90 14
>3b44		a9 02 a4 e9 03 47 b3 22 cc 51 59 13 b0 2b d0 69
>3b54		02 8c 23 79 41 bb 98 aa ad 03 3d dd 96 17 90 1d
>3b64		8d 99 17 b9 f7 e8 01 f8 14 8d 9a 17 ae 99 17 20
>3b74		3f 14 d0 b3 20 a2 bb d0 f5 4c a8 13 d2 5e 61 18
>3b84		08 9b 40 cd 50 bd 96 ca 02 08 10 15 ad 40 af 48
>3b94		8e d4 28 ee ca 01 49 cd 51 60 e3 4b 05 da 90 e8
>3ba4		e0 b1 6a aa dc 7f a2 dc 12 89 04 fa 81 c1 f6 68
>3bb4		39 bd a8 ad 18 f0 03 ee 0a ac 5e e9 9d e9 9d c3
>3bc4		cc 10 60 3c 61 24 10 3d 05 91 06 3c b7 30 30 0c
>3bd4		9d c4 cc 02 48 e4 dc a8 8e c8 ba 8d 8a e5 b1 9e
>3be4		17 a8 ba 00 48 fe d5 81 8f 91 f1 05 3c 40 d1 61
>3bf4		be 41 d2 41 99 88 9d d5 c1 cc f3 10 ad 99 b4 e8
>3c04		02 e8 03 28 01 08 03 bd b2 9c 17 2d 51 04 3d a1
>3c14		30 8d 05 d2 e8 05 e8 06 e8 06 50 07 3d 1c 02 7b
>3c24		80 20 4c 14 e8 ce 9c 17 d0 f4 4c 54 8b f8 40 ad
>3c34		04 89 3c ff 76 49 38 92 85 73 41 7e 82 f1 94 69
>3c44		26 78 49 22 b8 d2 cd 05 d0 dc fa 05 3c cd 06 fa
>3c54		11 06 3c cd 07 ff 00 3c cd 00 3f 42 57 81 42 61
>3c64		48 e9 33 89 a8 f1 3c 69 d9 9a e8 27 40 b4 e8 03
>3c74		48 1f 67 61 92 ff 99 17 b0 16 0f 48 cd 90 40 2a
>3c84		63 8f 89 f2 f3 ef 09 23 a2 c5 ea 0b 59 1c 06 20
>3c94		96 15 58 61 75 81 58 e8 cd 60 ff c1 cd 28 41 c2
>3ca4		60 8d 41 39 64 54 40 8a 21 9f 61 ef 87 b5 5d c2
>3cb4		ca 66 11 9f 17 21 11 62 b9 41 da 45 4f 4a 0d a8
>3cc4		10 ae ad 51 f0 03 a3 08 ee 20 e8 ad 61 86 41 d7
>3cd4		38 d0 da ee 53 01 a1 f0 61 49 c6 8b 47 b0 a1 fa
>3ce4		12 e8 0e e8 0f 8b 10 d0 69 38 2e 20 8c 20 e9 39
>3cf4		a9 0f 97 50 6f ed 32 fd 2b f0 03 ee 10 3d 42 b8
>3d04		a1 f1 08 08 d0 f8 01 d0 03 52 02 48 ab 59 1a 06
>3d14		aa 68 8a a8 a0 cc 51 a0 17 16 8a 90 fc 45 41 6b
>3d24		23 d4 ad 0b d3 3c f8 0d 2e ad 0a 09 29 08 0d 7b
>3d34		c9 f0 cc f0 88 08 91 e8 0a 48 a5 61 08 09 b7 20
>3d44		51 b0 0f 30 68 dd aa b1 90 0c 75 e5 00 86 bf b0
>3d54		48 08 de 48 a1 34 42 dd 80 5e f0 8d a2 41 ce 28
>3d64		a3 dc e8 0b 6a a4 f6 68 ef 86 28 01 f8 05 3a 8d
>3d74		f0 28 02 48 a0 ca 89 13 88 63 a9 06 08 58 89 4c
>3d84		f7 16 ad 0c 3d 20 61 17 4c 03 70 92 2f 17 35 f1
>3d94		a1 17 40 be 48 ee cc e8 ee f8 05 d0 06 ee e9 ee
>3da4		29 a3 48 ce b4 12 ce a3 a9 30 0d a4 4a b9 21 38
>3db4		7e 78 a5 fb 48 a5 fc 48 ad aa 02 40 c8 f8 01 85
>3dc4		fb ad b9 85 fc a9 fb fe c9 68 a0 5a 88 74 89 50
>3dd4		a6 17 17 20 26 28 68 28 68 29 30 28 ad 29 60 70
>3de4		47 cb ef b9 58 28 8d 41 de 44 c5 50 77 ff c8 ee
>3df4		b9 bf 0e 60 50 04 79 6a d6 ad 3b c8 96 e8 07 a1
>3e04		cf b3 86 18 eb 9f 21 b4 79 18 ee 9c cc f6 cc e0
>3e14		81 33 88 08 a2 38 c9 d8 cc f4 ea 3b b1 39 3d 56
>3e24		81 71 52 f8 83 18 ad 35 38 7a 0b 18 8d e4 19 8d
>3e34		51 1a ad 36 e8 0c e8 e5 b1 52 1a 73 ca da 8b 18
>3e44		b0 7b a2 07 dd a5 b2 49 1a a1 53 88 4b d8 10 69
>3e54		cd a9 58 90 64 ad 50 1a c9 04 b0 5d ad 4c 1a cb
>3e64		00 ea e8 39 48 3d c5 28 4d e8 52 e8 3a 51 3e 1a
>3e74		d7 42 c4 49 3f a5 52 cd 53 ab 99 07 ed 54 1a 0a
>3e84		2c 23 8c 31 d0 1b 80 f3 e8 10 07 aa a2 c2 4c 00
>3e94		51 8a cd 86 00 ce 48 ed c1 b2 b0 0a 37 f0 d0 09
>3ea4		50 d0 02 56 e8 ce 40 b0 89 3d e0 b2 49 6d 9b 41
>3eb4		b8 20 c1 d1 65 50 25 8d d6 f0 cd 55 10 1d ae 81
>3ec4		9c e0 60 90 16 af 96 a0 77 fd 51 ec 54 1a f0 03
>3ed4		e8 d0 f0 e8 06 a7 31 11 68 37 e2 ac 7e 62 28 b0
>3ee4		83 ea f6 b9 c9 9d f0 7d c9 1d e1 ea 19 6a 19 c9
>3ef4		13 ce e8 78 a8 01 5d 11 c9 05 ac e8 7c 09 14 e8
>3f04		8f e9 04 e8 9c e9 15 e8 bd ac 94 19 e2 a2 72 68
>3f14		de e0 ab 56 11 11 61 ef b1 f2 aa a5 a0 61 c2 a9
>3f24		ca 88 78 01 e8 20 3c d9 50 4c 2a a0 00 21 bc 48
>3f34		ee 8f e8 ee 71 a9 03 75 51 d3 19 82 e8 8d 61 88
>3f44		28 4e 18 17 4f 1a 4c d6 41 cb 18 0a 7a ce 4a ea
>3f54		87 60 ab 20 98 f3 6c ee 89 a9 0b 44 54 52 f0 5a
>3f64		cd 69 02 55 41 8f 29 ad 80 f5 4a ce 45 ce 59 3a
>3f74		aa e8 8a e9 ca c0 da de e9 49 89 ce 06 b7 89 39
>3f84		f5 81 d1 67 21 68 1c bf 91 ae 4a 0d cf 91 09 02
>3f94		76 40 af e8 8e 41 c6 51 ae 49 7b 41 cf 61 2a 20
>3fa4		b9 68 9d 27 83 59 61 9b 61 95 8b 28 79 1b 0d 01
>3fb4		60 c1 81 80 b9 e9 31 78 2d ae 50 a7 f8 01 1a e0
>3fc4		03 c1 d3 a0 e8 20 38 90 0e e0 01 ad 58 29 df c9
>3fd4		41 90 12 c9 47 b0 0e 18 60 a2 08 dd 40 dd c9 05
>3fe4		d2 d1 c2 d8 92 e9 bd 29 9d e6 9f 2a 3f 2c 3a 2f
>3ff4		5c 40 23 24 ca c4 d2 ad 1b ce 8a a9 66 af 38 91
>4004		62 ad 43 83 0f b6 97 d0 57 58 29 b1 4d d8 2e a9
>4014		f0 e5 43 8a 01 e6 e8 b8 91 05 01 fc d6 c8 b9 c5
>4024		fa e8 60 c1 c8 c9 ea b8 08 1f 80 90 6b e8 b3 e8
>4034		b9 e8 b4 8a 11 87 db 3f 16 20 61 31 b0 0b ca 16
>4044		42 35 92 d0 06 b8 a2 d8 3c a5 ba 50 5a 1b 86 a2
>4054		f9 ed a9 7b 5a a8 17 91 ca fa b0 3d d0 71 40 bb
>4064		40 9a e9 10 41 8c 43 9a 50 ad b6 a7 e8 b8 e8 b7
>4074		20 a9 32 90 4f eb ba a8 bb 9f db f6 41 ad ea 37
>4084		c9 32 c7 a3 aa 1b b1 e8 1a d9 41 55 1b 8d 3c 3d
>4094		08 68 d0 2d d4 3d 3d c7 45 60 54 06 30 28 4e 6a
>40a4		a1 c2 50 60 6c b4 40 6d a2 8f 33 a8 67 4d e8 6b
>40b4		ba 09 2c ad 66 54 08 27 8c 40 8f e8 68 e8 6b e8
>40c4		69 29 19 51 cd 6a 2e 21 5c f2 8d b3 82 1d ad b4
>40d4		90 9d a7 80 6e 81 0c e9 07 a3 fc 34 22 8b b8 9f
>40e4		3c 07 f0 1c 43 4e 3e 6c 3e 3d 83 59 20 66 59 20
>40f4		8a 59 42 d2 30 d0 c8 c7 08 13 e8 e8 14 e8 16 e8
>4104		20 e8 23 e8 24 e8 27 e8 3b e8 2b ca 34 c4 c3 88
>4114		2f 0b ea 9a 41 0c 28 e4 51 e8 2a ca 2c c4 9b e8
>4124		2e 48 2f a9 99 4a a5 ba 8d b1 e0 f8 15 37 8d 2d
>4134		c9 29 c5 4d 40 a6 08 ec e4 d9 11 5a 4c 83 1c 08
>4144		d8 d8 d4 88 09 57 50 e8 50 e8 13 d9 f7 ee 6e 59
>4154		ee 71 59 88 d0 ee dc 92 00 ac 88 a9 58 00 9c b1
>4164		28 60 33 a8 3c 9c 0c 69 da 08 08 3d a8 35 e9 7c
>4174		21 a0 79 86 09 3d f8 8d 8d 1d 3d a9 da 8d 3c 03
>4184		a9 35 8d 81 61 e8 1e 50 1f 3d d0 21 bc e8 11 d2
>4194		0d 3d c5 05 e9 3c 91 a9 ff 8d 40 a0 e9 39 81 99
>41a4		ef 09 50 82 c6 5a 48 f8 4b 21 23 bd 40 9e 81 2f
>41b4		50 44 5b 7d ea 0c e8 f1 88 f4 5e 64 00 a1 62 f4
>41c4		58 ea a9 5b 8d f1 79 30 0c 8d 9c 43 a9 e8 9f b0
>41d4		52 31 b2 f0 df 10 d4 f5 5a d6 ac 0a f6 c0 99 1f
>41e4		c9 1f 86 20 89 0a f8 da 66 c9 3f d0 e4 20 19 5b
>41f4		b0 df d2 6b f2 02 3a 79 03 3a a9 55 a2 aa 20 1d
>4204		5b 5e 11 05 5b 10 c4 d5 7f f9 55 d0 f1 50 c9 aa
>4214		9b 61 d8 18 0e 42 5b ad 41 a4 42 c5 ea da eb 04
>4224		e8 05 f9 00 a5 a2 5a 52 b0 76 c8 ea 71 fa a5 d0
>4234		2d 88 5a b4 72 40 6f 45 ce 4c 59 b0 ec 15 f8 0e
>4244		20 f6 5a b0 46 0e b2 d0 ab d9 8d 22 4a 38 a2 48
>4254		43 84 e8 05 30 1d ad c5 81 5c 88 08 bc cf 81 1b
>4264		41 c0 c2 d5 bb 42 9f 88 05 f4 a3 41 21 4c 60 79
>4274		48 ad 81 48 ae 84 08 4c 20 19 22 e8 02 fd 0d 03
>4284		3a 20 c1 d5 66 b1 d0 08 e3 ca 8e d5 45 c7 d5 5c
>4294		aa 08 5e c9 02 d5 57 99 0f 4c 9a 30 bc 51 5b 0d
>42a4		23 68 12 0e bb 19 cb 4b f0 f6 82 91 29 7f ee c6
>42b4		b9 11 f0 2b c9 12 f0 27 c9 41 f0 2c c9 46 f0 60
>42c4		c9 57 e1 9f 19 aa 0c c9 56 c1 e8 b8 e9 43 f9 91
>42d4		1c c9 42 d1 bb 1c c1 32 40 58 19 1b 11 8d 58 0f
>42e4		b9 0c 20 c6 0c 5b 51 d0 aa 56 8a 00 64 a2 e8 01
>42f4		20 60 9b 20 7f a0 0e cc df c2 f6 50 4c 76 db aa
>4304		6d f5 e1 90 8b 1c be ca 0c c1 63 4b 3d c8 20 57
>4314		f3 7a 15 a1 c3 e8 04 e8 05 e8 06 57 07 3d dc 22
>4324		41 59 3d 5b 0f 20 f5 0c 93 ef 00 42 90 42 95 81
>4334		b4 ee 81 12 fc 25 50 0f 99 04 3d 0e 60 28 b9 74
>4344		28 9d 05 5e 41 91 41 99 e8 08 e8 09 b1 0a 3d 50
>4354		e8 0b 40 b2 58 44 d0 05 20 50 16 b0 45 d4 30 98
>4364		4d 48 ae c8 18 3c f0 02 49 a5 ae 5b 70 0b 99 b5
>4374		10 49 01 d2 18 3b 4c 3b 0d d9 a9 10 d0 24 e8 d9
>4384		59 2e d0 1d c8 d0 d6 ca e8 f0 e8 55 50 0f ee cd
>4394		01 e8 ad c1 cc 52 e8 b3 60 7d 48 0a 9a f1 08 16
>43a4		38 2c 59 0f a5 d7 2a 10 2a cd bc a1 38 18 3d 5f
>43b4		ff a9 93 20 d2 90 1c a2 fe fc 51 ea 0d 63 80 c7
>43c4		2a 30 8f ec 4f 48 0e 0f b0 04 0e 70 21 7a 13 ad
>43d4		0f 2c 70 49 0b 10 eb 86 41 43 70 a2 03 31 10 0f
>43e4		ae e4 32 bd 04 08 ce b1 5c 10 f2 a9 99 d6 eb 16
>43f4		eb a8 48 ee 8d 91 ad 59 ad 61 81 21 99 64 63 0d
>4404		60 8d f1 0d 8e f2 0d 81 51 f0 0e a0 28 ee 95 80
>4414		c8 28 ee 83 30 4c f0 aa 48 31 20 b9 20 0f 0e 68
>4424		ad cd 68 0a 7b a1 08 41 6a e8 4c c1 be b3 98 d6
>4434		54 52 45 4c 20 2d 20 4e 41 54 49 56 45 20 4d 45
>4444		c2 88 52 ed e9 08 57 18 60 4b 53 50 41 43 45 0d
>4454		0d 53 58 c6 45 43 54 45 44 20 42 41 4e 4b 3a 20
>4464		00 0d 46 cf f8 45 20 32 35 36 2d 42 59 54 40 db
>4474		48 47 bc 5f 70 20 28 48 45 58 29 20 30 2f 31 df
>4484		48 48 d2 36 44 4c 35 22 46 b8 25 36 02 50 4c 41
>4494		82 50 20 52 db a8 55 e8 d1 02 5c 2d 0d 31 2f 32
>44a4		20 d9 43 93 a0 18 28 41 f2 59 4c 4c 4f 43 41 98
>44b4		18 48 38 4b 0d 57 20 46 49 20 5f 28 56 58 18 45
>44c4		52 49 46 5a 20 40 c2 41 d1 40 ba 40 59 88 43 50
>44d4		ca 40 d5 f8 43 55 4c 40 46 20 43 49 42 d6 42 83
>44e4		41 96 c9 20 c3 44 d1 53 0d cf a6 49 4f b0 58 30
>44f4		34 20 49 4e 56 d7 4e 49 7a 01 60 48 41 0c 58 49
>4504		53 4d 9d 50 43 48 7f 65 fb 48 44 c5 48 4b b8 09
>4514		50 37 31 47 52 51 4f 4e ca 40 17 30 52 4f 93 00
>4524		af 53 e4 50 e7 f0 e8
.452b						boot_file_end:

;******  End of listing
