
; 64tass Turbo Assembler Macro V1.60.3243 listing file
; 64tass -a -B -b -I target/native-desktop -o target/native-desktop/gdcpy.bin -l target/native-desktop/gdcpy.sym -L target/native-desktop/gdcpy.lst src/native/gemdesk-cpy.asm
; Fri Oct  9 18:30:36 2026

;Offset	;Hex		;Monitor	;Source

;******  Processing input file: src/native/gemdesk-cpy.asm


;******  Processing file: target/native-desktop/gemdesk.sym

=$944e					ae_km_hold	= $944e
=$3d0d					N_ERROR		= $3d0d
=$aeb2					bk_fetch_tail	= $aeb2
=$acd5					bk_service_call	= $acd5
=2					MU_BUTTON	= 2
=$9924					gfx_bind_handle	= $9924
=$7ad3					gm_clip_to_rect	= $7ad3
=$81a8					gm_icon_dev_lo	= $81a8
=$b22a					bk_stub		= $b22a
=$75cd					gm_set_title	= $75cd
=$7ca3					gm_set_rect	= $7ca3
=$979d					dc_line		= $979d
=$7338					gm_path_store	= $7338
=15					WF_HSLSIZE	= 15
=$6263					gm_n32_bit	= $6263
=$85a8					gm_usb_title	= $85a8
=$a690					pm_saved	= $a690
=$1bf0					N_NMIGATE	= $1bf0
=16					AE_DATA_PAGES	= 16
=$3d9e					N_DOCRESUME	= $3d9e
=$931d					ae_event_wait	= $931d
=1					AE_OP_STATUS	= 1
=$5000					N_RELOCBASE	= $5000
=$614d					bp_select_surface= $614d
=8					UI_STATE_BYTES	= 8
=$99bd					gfx_glyph_add	= $99bd
=$975c					dc_bad		= $975c
=$3d3e					N_NMIPTR	= $3d3e
=$7b9f					gm_scroll_down	= $7b9f
=$6584					gm_hit_next	= $6584
=$9ca6					gfx_glyph_first	= $9ca6
=$1c5f					N_MLOAD		= $1c5f
=$79be					gm_format_row	= $79be
=5					WS_GET		= 5
=$7f60					gm_open_entry	= $7f60
=$3de0					NFCMDS		= $3de0
=$a09c					gfx_font	= $a09c
=$af00					bk_load		= $af00
=$b12b					bk_close_done	= $b12b
=$86f0					gm_dev_format	= $86f0
=$5000					GM_WORKSPACE	= $5000
=$16					GM_DESK		= $16
=$6307					gm_alert_icon	= $6307
=$a66b					pm_active	= $a66b
=6					UI_VIEW80	= 6
=5					N_U_INTERFACES	= 5
=12					GM_MOP_PRINT	= 12
=$1c2c					N_FILL		= $1c2c
=$71fe					gm_restore_color= $71fe
=1					N_ABI_MAJOR	= 1
=6					WF_PREVXYWH	= 6
=$3dc0					NFILES		= $3dc0
=$7488					gm_ult_fullname	= $7488
=11					AE_OP_DCLICK	= 11
=$7b9c					gm_page_down	= $7b9c
=$624a					gm_wcall	= $624a
=$9492					ae_menu_copied	= $9492
=$76e1					gm_ucmd_at	= $76e1
=$750c					gm_fn_close	= $750c
=$61b0					gm_open_aesvc	= $61b0
=$620a					gm_open_now	= $620a
=$841d					gm_bad_chars	= $841d
=$6c86					gm_atype	= $6c86
=7					GM_MOP_RESTORE	= 7
=$99d8					gfx_glyph_empty	= $99d8
=$ace2					bk_dispatch	= $ace2
=$acb4					bk_protect_code	= $acb4
=$3d85					N_FDEVICE	= $3d85
=127					DC_LFN		= 127
=$879b					gm_win_sel	= $879b
=$6e1a					gm_delete	= $6e1a
=$12					N_SHORTIMAGE	= $12
=11					GM_MOP_DISKCOPY	= 11
=$1014					pk_entry	= $1014
=$1c20					N_ALLOC		= $1c20
=$a5e7					pm_delta	= $a5e7
=$8776					gm_divisor	= $8776
=$7654					gm_title_q	= $7654
=$702b					gm_refresh_next	= $702b
=$73a3					gm_upath_to_path= $73a3
=$1000					N_SYSLIMIT	= $1000
=$876c					gm_math4	= $876c
=$876b					gm_math3	= $876b
=$876a					gm_math2	= $876a
=$8701					gm_alen		= $8701
=$3d3b					N_UIBUSY	= $3d3b
=$6907					gm_scan_page	= $6907
=$6189					gm_aes_ready	= $6189
=$a63b					pm_place	= $a63b
=1					AE_MIRROR	= 1
=$3c00					NHANDLES	= $3c00
=$ad93					bk_compare_cookie= $ad93
=22					WM_CLOSED	= 22
=$9441					ae_km_keys	= $9441
=$6a87					gm_chunk_heap	= $6a87
=$81d5					gm_icon_bits	= $81d5
=$86cf					gm_s_nomodule2	= $86cf
=$abd3					vd_handle	= $abd3
=$9f7b					gfx_right_masks	= $9f7b
=$7aa1					gm_read_done	= $7aa1
=$6615					gm_deselect_icon= $6615
=$a9d2					bp_closed	= $a9d2
=$877b					gm_ix0		= $877b
=$877d					gm_ix1		= $877d
=$ace5					bk_service_return= $ace5
=$0020					WK_SIZER	= $0020
=$3d50					N_MHEADER	= $3d50
=$91e4					ae_attach	= $91e4
=$6cc8					gm_info_end	= $6cc8
=$9e8d					gfx_aligned_set	= $9e8d
=$986a					dc_text		= $986a
=$10ac					pk_extended	= $10ac
=$8622					gm_s_nosave	= $8622
=$6020					gm_start	= $6020
=$664d					gm_key		= $664d
=$10ad					pk_rejected	= $10ad
=$683f					gm_icon_drive	= $683f
=$a5ae					pm_button	= $a5ae
=2					AE_CAP_EVENT	= 2
=$6fab					gm_del_text_end	= $6fab
=$3d2e					N_BROWSERLEN	= $3d2e
=$6054					gm_loop		= $6054
=$9895					dc_iostatus	= $9895
=$8644					gm_mtoken	= $8644
=$aefc					bk_relative	= $aefc
=$a463					pm_close_return	= $a463
=$1070					pk_reject	= $1070
=$9ca9					gfx_glyph_ink	= $9ca9
=$7aa2					gm_work		= $7aa2
=$ac83					bk_callback	= $ac83
=$a5d0					pm_release	= $a5d0
=$3d2a					N_BROWSERFMT	= $3d2a
=$1c4a					N_FCLOSE	= $1c4a
=$7bb4					gm_scrolled	= $7bb4
=$6aef					gm_ins_outer	= $6aef
=$6c2a					gm_show_info	= $6c2a
=$995d					gfx_guard	= $995d
=$84fd					gm_suffix	= $84fd
=$9454					ae_menu_install	= $9454
=$8818					gm_bnow		= $8818
=$9a89					gfx_clip_compared= $9a89
=$6bfe					gm_view_done	= $6bfe
=$9f22					gfx_owner	= $9f22
=$8083					gm_times8	= $8083
=$7d3a					gm_select_entry	= $7d3a
=5					AE_OP_POST	= 5
=$a058					gfx_text_length	= $a058
=$7e82					gm_band		= $7e82
=$b03e					bk_load_more	= $b03e
=$740f					gm_ult_scan_next= $740f
=6					WS_FIND		= 6
=$6e69					gm_del_named	= $6e69
=3					AE_OP_STEP	= 3
=$10ae					pk_mask		= $10ae
=$8817					gm_banchor	= $8817
=$878b					gm_win_dev	= $878b
=$608f					gm_fatal	= $608f
=$7cb3					gm_fulled	= $7cb3
=$3d0e					N_FREE0		= $3d0e
=$3d0f					N_FREE1		= $3d0f
=$aa22					vd_poll		= $aa22
=$1c6b					N_VCLOSE	= $1c6b
=9					N_U_QUERY_COUNT	= 9
=$86e6					gm_digits	= $86e6
=$7644					gm_title_char	= $7644
=$a51e					pm_poll_return	= $a51e
=$6ad7					gm_rec_put	= $6ad7
=48					AE_CLICK_TICKS	= 48
=$a678					pm_down		= $a678
=$8702					gm_abuf		= $8702
=$837d					gm_s_used	= $837d
=$804f					gm_free_mem	= $804f
=$3d2b					N_BROWSERERROR	= $3d2b
=$7539					gm_ult_document	= $7539
=195					GM_MAX_ENTRIES	= 195
=$0004					WK_FULLER	= $0004
=$8814					gm_bi		= $8814
=$9c70					gfx_column	= $9c70
=$77a7					gm_document_launch= $77a7
=$8813					gm_bm		= $8813
=$6b3a					gm_next_gap	= $6b3a
=$3d9f					N_RCACHE	= $3d9f
=6					N_U_MAC		= 6
=$62bb					gm_am_row	= $62bb
=$9f50					gfx_band_left	= $9f50
=$1c2f					N_STATS		= $1c2f
=$85c3					gm_stop		= $85c3
=$aef6					bk_result	= $aef6
=$a67d					pm_step		= $a67d
=$9b05					gfx_clip_cell	= $9b05
=$9445					ae_km_dx	= $9445
=$9449					ae_km_dy	= $9449
=$86a7					gm_prt_sa	= $86a7
=$9218					ae_stream_taken	= $9218
=$3d28					N_ACTION	= $3d28
=$9c05					gfx_bitmap_row	= $9c05
=$abcc					vd_phase	= $abcc
=$80c9					gm_div		= $80c9
=8					WF_HSLIDE	= 8
=$9b96					gfx_failed	= $9b96
=$9f3b					gfx_remaining	= $9f3b
=$3d99					N_DCOUNT	= $3d99
=$1bf8					N_HEAPEPOCH	= $1bf8
=$9eaf					gfx_glyph_row	= $9eaf
=4					MU_M1		= 4
=$70f3					gm_drag_box	= $70f3
=4					N_U_POWER_B	= 4
=$77f2					gm_ult_peek	= $77f2
=$9f42					gfx_second	= $9f42
=3					N_U_POWER_A	= 3
=$66ac					gm_key_done	= $66ac
=$7372					gm_pw		= $7372
=$9263					ae_event	= $9263
=$9419					ae_km_y		= $9419
=$671b					gm_menu_options	= $671b
=$a69c					pm_shape	= $a69c
=$ab6c					vm_dirty	= $ab6c
=$750a					gm_fn_missing	= $750a
=16					GM_BELL		= 16
=$aee1					bk_file		= $aee1
=6					AE_OP_MENU	= 6
=32					AE_CAP_DCLICK	= 32
=$6dcb					gm_aput		= $6dcb
=$3d16					N_RESULT	= $3d16
=$64e3					gm_copy		= $64e3
=$a394					gfx_text_end	= $a394
=$9dcd					gfx_band_pixel	= $9dcd
=$ade2					bk_check_code	= $ade2
=$6420					gm_draw_icon	= $6420
=$625f					gm_n32_digit	= $625f
=$6eef					gm_del_many	= $6eef
=$6000					N_APPBASE	= $6000
=$85c2					gm_sslot	= $85c2
=2					GM_MOP_PREFS	= 2
=$83a4					gm_s_undone	= $83a4
=$ab9f					vm_first	= $ab9f
=$7fdc					gm_launcher	= $7fdc
=$6e4d					gm_del_copy	= $6e4d
=$abc0					bp_result	= $abc0
=$68ba					gm_df_found	= $68ba
=$6529					gm_label_clear	= $6529
=$81c3					gm_label_trash	= $81c3
=$8815					gm_ei		= $8815
=$9f23					gfx_handle	= $9f23
=$86dc					gm_new_icon	= $86dc
=$7513					gm_ult_open_entry= $7513
=$9f3d					gfx_right	= $9f3d
=$1c5c					N_FDRAW		= $1c5c
=$a684					pm_registers	= $a684
=$68be					gm_df_done	= $68be
=$7c8c					gm_wset_value	= $7c8c
=$6528					gm_icon_done	= $6528
=$3d9b					N_DOCKIND	= $3d9b
=$6f37					gm_del_all	= $6f37
=$8025					gm_close_slot	= $8025
=$8579					gm_s_usbfail	= $8579
=$97f4					dc_get_bad	= $97f4
=$86dd					gm_slot		= $86dd
=$abc3					bp_name		= $abc3
=$b0f7					bk_load_badarg	= $b0f7
=$a670					pm_x		= $a670
=$a672					pm_y		= $a672
=$63fb					gm_icons_clip_reset= $63fb
=$ada6					bk_platform	= $ada6
=$a61a					pm_delta_size	= $a61a
=$86ff					gm_total	= $86ff
=$a8aa					nk_saved_callback= $a8aa
=$83cd					gm_s_nodelete	= $83cd
=$3d37					N_UIKEY		= $3d37
=$3d9d					N_DOCRETURN	= $3d9d
=$8295					gm_menu		= $8295
=$b23a					bk_crc		= $b23a
=$69ab					gm_scan_fail	= $69ab
=$853f					gm_s_notusb	= $853f
=$71e6					gm_session_built= $71e6
=$acc3					bk_protect_parent= $acc3
=$109e					pk_pass		= $109e
=$3d01					N_PAGES		= $3d01
=$879f					gm_nsel		= $879f
=$8643					gm_mop		= $8643
=8					N_U_TIME	= 8
=$7117					gm_session_build= $7117
=$3d2d					N_BOOTDEVICE	= $3d2d
=$877e					gm_iy1		= $877e
=$877c					gm_iy0		= $877c
=$84b4					gm_full_alert	= $84b4
=$878f					gm_win_fmt	= $878f
=$9f4b					gfx_glyph_bounds= $9f4b
=$931c					ae_event_done	= $931c
=6					GM_MOP_COPY	= 6
=12					PM_JUMP		= 12
=$6419					gm_icon_next	= $6419
=$aee5					bk_cookie	= $aee5
=$7fd6					gm_launcher_leave= $7fd6
=$922f					ae_alert_read	= $922f
=$6f96					gm_del_text	= $6f96
=$84e3					gm_confirm	= $84e3
=$0040					WK_UPARROW	= $0040
=$7b64					gm_clip_empty	= $7b64
=$8807					gm_slot25	= $8807
=$94df					ae_ev_result	= $94df
=9					WF_VSLIDE	= 9
=$9822					dc_digit	= $9822
=$7e50					gm_each_call	= $7e50
=$91ea					ae_load		= $91ea
=$9cd6					gfx_set		= $9cd6
=$6dbf					gm_astr_src	= $6dbf
=$69b5					gm_sort_write	= $69b5
=$adb8					bk_bad_handle	= $adb8
=$75ca					gm_close_full	= $75ca
=$66dd					gm_menu_control	= $66dd
=$b238					bk_expected	= $b238
=$a964					bp_loaded	= $a964
=$10af					pk_masks	= $10af
=8					AE_CAP_WINDOW	= 8
=$4e00					N_UPATH		= $4e00
=$69aa					gm_scan_done	= $69aa
=$7d1e					gm_row_under	= $7d1e
=$a560					pm_left		= $a560
=$835c					gm_s_head	= $835c
=$9219					ae_alert_open	= $9219
=$7592					gm_close_or_up	= $7592
=4					GM_PRINTER	= 4
=$7f34					gm_band_done	= $7f34
=$7ffd					gm_slot_of	= $7ffd
=$661e					gm_repaint_icon_sel= $661e
=3					GM_USB		= 3
=$0080					WK_DNARROW	= $0080
=$9aed					gfx_clipped_bitmap= $9aed
=$3d08					N_OFFSET	= $3d08
=$a43c					pm_close	= $a43c
=$69cb					gm_write_chunk	= $69cb
=$614d					gm_select_surface= $614d
=$9760					dc_channels	= $9760
=$9f63					gfx_clip_full	= $9f63
=$98ce					sd_bell		= $98ce
=$7d6f					gm_toggle	= $7d6f
=1					WS_OPEN		= 1
=$1c26					N_READ		= $1c26
=1					gfx_track_dirty	= 1
=$7bba					gm_scroll_done	= $7bba
=$76c9					gm_ult_del_done	= $76c9
=$9f73					gfx_left_masks	= $9f73
=$7228					gm_module_run	= $7228
=$b077					bk_load_eof	= $b077
=$10ba					pk_end		= $10ba
=$3d12					N_READY		= $3d12
=$86f7					gm_m		= $86f7
=$abe8					vd_pointer_y	= $abe8
=1					N_U_HARDWARE	= 1
=$6341					gm_message	= $6341
=$81b1					gm_icon_label_hi= $81b1
=$6ad7					gm_rec_dst	= $6ad7
=$aa7d					bp_gate_failed	= $aa7d
=$9869					dc_length	= $9869
=$6b26					gm_ins_place	= $6b26
=$61af					gm_aes_failed	= $61af
=$a67a					pm_hit		= $a67a
=8					WS_SURFACE	= 8
=$8000					N_STAGELIMIT	= $8000
=$4a00					N_BROWSERPATH	= $4a00
=$63a4					gm_message_done	= $63a4
=$62b9					ae_present	= $62b9
=$6f51					gm_relist_slot	= $6f51
=$99dd					gfx_begin	= $99dd
=$7eb7					gm_band_loop	= $7eb7
=$3d24					N_EXITCODE	= $3d24
=$9a92					gfx_clip_start	= $9a92
=$8064					gm_select_mem_x	= $8064
=$85bb					gm_desk_color	= $85bb
=$944d					ae_km_click	= $944d
=$abce					vd_color	= $abce
=0					N_OK		= 0
=4					GM_WINDOWS	= 4
=$3d3c					N_UOP		= $3d3c
=$3d20					N_CURRENT	= $3d20
=$a66e					pm_pending	= $a66e
=0					GFX_TEXT_STORAGE= 0
=$abf3					ru_probe_live	= $abf3
=$1c3e					N_EXIT		= $1c3e
=$ab68					bp_argument	= $ab68
=$1c41					N_FOPEN		= $1c41
=$3d25					N_DOSCODE	= $3d25
=0					AE_OP_ATTACH	= 0
=$abbe					bp_prefix	= $abbe
=$86db					gm_icon_sel	= $86db
=$86d2					gm_surface	= $86d2
=$3d23					N_APPSTATE	= $3d23
=$8819					gm_batch	= $8819
=2					UI_MAXIMUM	= 2
=$9758					dc_io		= $9758
=$8608					gm_dclick	= $8608
=$94f3					ae_ev_first	= $94f3
=$a8ac					nk_filter_image	= $a8ac
=$a66d					pm_tick		= $a66d
=$aefd					bk_checked	= $aefd
=$73fa					gm_ult_read	= $73fa
=$9ed3					gfx_glyph_shifted= $9ed3
=$79d9					gm_rec_src	= $79d9
=$62f4					gm_alert	= $62f4
=$9f40					gfx_cover	= $9f40
=$9440					ae_km_done	= $9440
=$a679					pm_arm		= $a679
=$8946					gm_win_plen	= $8946
=$99b2					gfx_glyph_negative= $99b2
=10					GM_MOP_PRTSCR	= 10
=60					GM_REC_PRINTER	= 60
=$894a					gm_name		= $894a
=2					WS_CLOSE	= 2
=$a71c					nk_install	= $a71c
=$9a94					gfx_clip_replace= $9a94
=$aef2					bk_busy		= $aef2
=$9805					dc_restore	= $9805
=$16					N_MEXHAUSTED	= $16
=14985					SD_BELL_FREQ	= 14985
=$9497					ae_menu_set	= $9497
=$8774					gm_prod		= $8774
=$6bb4					gm_cmp_rev	= $6bb4
=$86a8					gm_lock_want	= $86a8
=$1c26					gfx_heap_read	= $1c26
=$aa51					bp_pointer	= $aa51
=$abcd					vd_live		= $abcd
=$6aae					gm_copy_rec	= $6aae
=1					N_BADARG	= 1
=$7031					gm_release	= $7031
=12					AE_OP_ACC	= 12
=$999c					gfx_glyph_origin= $999c
=$ab28					bp_open_source	= $ab28
=$a67c					pm_moved	= $a67c
=$9401					ae_km_left	= $9401
=13					GM_MOP_LOCK	= 13
=$1c23					N_FREE		= $1c23
=$aa87					bp_arguments	= $aa87
=$9a15					gfx_color_limits= $9a15
=$658b					gm_click	= $658b
=$7322					gm_prt_quiet	= $7322
=0					N_U_IDENTIFY	= 0
=$9b99					gfx_bitmap_setup= $9b99
=20					WM_REDRAW	= 20
=$80e9					gm_cells_hi0	= $80e9
=$7506					gm_fn_long	= $7506
=$3d98					N_DNEXT		= $3d98
=$8831					gm_rec		= $8831
=$65ec					gm_click_desktop= $65ec
=$1c53					N_REPLACE	= $1c53
=$94f5					ae_ev_window	= $94f5
=$8486					gm_drive_alert	= $8486
=$8178					gm_cards_name	= $8178
=$7485					gm_ult_scan_fail0= $7485
=$adaa					bk_invalid	= $adaa
=$a774					nk_close	= $a774
=$94fd					ae_pointer_buttons= $94fd
=$abc1					bp_carry	= $abc1
=$9c60					gfx_bitmap_loaded= $9c60
=$70ed					gm_drop_print	= $70ed
=$6b83					gm_cmp_name	= $6b83
=$7dd3					gm_bit_set	= $7dd3
=$86fb					gm_ins_val	= $86fb
=$3d9c					N_DOCTYPE	= $3d9c
=$9e15					gfx_band_store	= $9e15
=$9f83					gfx_rows	= $9f83
=$683e					gm_open_quiet	= $683e
=$3d13					N_KEYS		= $3d13
=96					GM_APP_PAGES	= 96
=$9aba					gfx_nonempty_x	= $9aba
=$93a4					ae_key_mouse	= $93a4
=$97f5					dc_get_end	= $97f5
=$853d					gm_target	= $853d
=$86e5					gm_ndig		= $86e5
=$aa59					bp_invoke	= $aa59
=0					PM_KEYS_OWNED	= 0
=$7376					gm_path_root	= $7376
=$86df					gm_fmt		= $86df
=$6ade					gm_gap_loop	= $6ade
=$5000					AE_DATA		= $5000
=$7326					gm_path_page	= $7326
=$6000					BK_BASE		= $6000
=$abd1					vd_base		= $abd1
=$9b5a					gfx_color_x	= $9b5a
=$6eee					gm_del_none	= $6eee
=$86bb					gm_s_nomodule	= $86bb
=$8769					gm_math		= $8769
=$86da					gm_start_error	= $86da
=$aeb6					bk_jump_tail	= $aeb6
=$8825					gm_mem1		= $8825
=$8821					gm_mem0		= $8821
=$882d					gm_mem3		= $882d
=$8829					gm_mem2		= $8829
=$85bd					gm_orect	= $85bd
=$8500					gm_s_unproven	= $8500
=$ada2					bk_nested	= $ada2
=8					AE_OP_WINDOW	= 8
=$768d					gm_ult_attr	= $768d
=$abe9					vs_reu		= $abe9
=$3de4					N_BOOTFORMAT	= $3de4
=0					BP_HISTORY	= 0
=$943b					ae_km_eaten	= $943b
=$1c68					N_VSHOW		= $1c68
=$11					N_IOERROR	= $11
=$9aa0					gfx_clip_keep	= $9aa0
=$9f16					gfx_x0		= $9f16
=$9f1a					gfx_x1		= $9f1a
=$8ad8					ae_callback	= $8ad8
=$3d38					N_UIWIDTH	= $3d38
=$9f21					gfx_bound	= $9f21
=$6bd6					gm_set_view	= $6bd6
=$83e5					gm_s_error	= $83e5
=$8361					gm_s_type	= $8361
=$adba					bk_finish	= $adba
=$66ad					gm_key_drive	= $66ad
=$6a7d					gm_chunk_size	= $6a7d
=$3d29					N_BROWSERDEV	= $3d29
=$6fae					gm_printable	= $6fae
=30					N_AESOWNER	= 30
=$3de5					N_CLIPBOARD	= $3de5
=$9997					gfx_glyph_failed= $9997
=$9d87					gfx_band_next	= $9d87
=$3d3a					N_UIERROR	= $3d3a
=$9ef4					gfx_restore_handle= $9ef4
=$6fc9					gm_del_head	= $6fc9
=$3da0					N_FNAME		= $3da0
=$6a1b					gm_chunk_fail	= $6a1b
=$6569					gm_icon_hit	= $6569
=$a952					vd_open		= $a952
=7					AE_MINOR	= 7
=$acf6					bk_enter	= $acf6
=$a773					nk_return	= $a773
=$70c6					gm_row_drop	= $70c6
=$9d59					gfx_xor_load	= $9d59
=$94fc					ae_pointer_y	= $94fc
=$94fa					ae_pointer_x	= $94fa
=$1c00					N_LOWLIMIT	= $1c00
=$7a59					gm_read_rows	= $7a59
=8					N_PLATFORM	= 8
=$7deb					gm_bit		= $7deb
=$6f70					gm_error_hex	= $6f70
=$7512					gm_fn_done	= $7512
=$a099					gfx_text_left	= $a099
=7					WS_FILL		= 7
=$9f3c					gfx_left	= $9f3c
=$3d0c					N_VALUE		= $3d0c
=$84e4					gm_editor_name	= $84e4
=$86ba					gm_mwanted	= $86ba
=32					N_APPOWNER	= 32
=$adae					bk_enter_failed	= $adae
=$9755					dc_open_failed	= $9755
=$615f					gm_bind		= $615f
=$13					N_LONGIMAGE	= $13
=$9b1a					gfx_clip_divide	= $9b1a
=$ae3c					bk_check_walk	= $ae3c
=$aa0f					bp_presented	= $aa0f
=$9384					ae_read_pointer	= $9384
=$a632					pm_delta_advance= $a632
=$9472					ae_menu_write	= $9472
=$61					GM_ICON_SELECTED= $61
=$9a7b					gfx_clip_intersect= $9a7b
=$86a6					gm_prt_dev	= $86a6
=12					WF_NEXTXYWH	= 12
=$7bca					gm_vslid	= $7bca
=$a66c					pm_seen		= $a66c
=$8698					gm_mop_module	= $8698
=29					N_ACCOWNER	= 29
=$816f					gm_aesvc_name	= $816f
=0					WS_CREATE	= 0
=$6bff					gm_view_fail	= $6bff
=$3d10					N_SLOTS		= $3d10
=$9d9b					gfx_band_failed	= $9d9b
=$a600					pm_delta_classify= $a600
=$9f1f					gfx_color	= $9f1f
=0					UI_LENGTH	= 0
=$876f					gm_rb		= $876f
=$84f4					gm_upnt		= $84f4
=$944f					ae_post		= $944f
=$9f33					gfx_operation	= $9f33
=10					WF_TOP		= 10
=$b195					bk_write_chunk	= $b195
=$8647					gm_mod_names	= $8647
=$6168					gm_aes_setup	= $6168
=$abc2					bp_error	= $abc2
=$84fc					gm_doc_kind	= $84fc
=$98c0					dc_saved	= $98c0
=$876e					gm_ra		= $876e
=$705b					gm_drag_loop	= $705b
=$9a5e					gfx_clip_high	= $9a5e
=$9715					dc_read		= $9715
=$1c3b					N_KEYIN		= $1c3b
=$9adf					gfx_glyph_unclipped= $9adf
=$a01d					gfx_text_advance= $a01d
=$7480					gm_ult_scan_fail= $7480
=$1c38					N_LAUNCH	= $1c38
=$6ab0					gm_rec_src2	= $6ab0
=$a680					pm_jumps	= $a680
=$86f8					gm_gap		= $86f8
=$86f1					gm_count	= $86f1
=$94a5					ae_session_read	= $94a5
=4					GM_KEYCLICK	= 4
=$9752					dc_close_failed	= $9752
=$9f39					gfx_xbyte	= $9f39
=$9893					dc_code2	= $9893
=$9a4e					gfx_clip_zero	= $9a4e
=$a55a					pm_right	= $a55a
=$8816					gm_bend		= $8816
=$a7a0					nk_codes	= $a7a0
=16					N_ABI_MINOR	= 16
=$7182					gm_session_window= $7182
=$8098					gm_mulrec	= $8098
=$ab1d					bp_iec_name	= $ab1d
=$7d5a					gm_select_index	= $7d5a
=$a67b					pm_event	= $a67b
=$7665					gm_not_usb	= $7665
=3					N_NOSLOT	= 3
=$91d9					ae_unload	= $91d9
=$15					N_CHANNELS	= $15
=$94b3					ae_dclick	= $94b3
=$3d27					N_APPERROR	= $3d27
=$3e00					N_BROWSERNAME	= $3e00
=$9ea6					gfx_aligned_write= $9ea6
=5					UI_VIEW40	= 5
=$3900					NPAGES1		= $3900
=$3800					NPAGES0		= $3800
=$9438					ae_km_set_y	= $9438
=$b147					bk_select_file	= $b147
=0					BP_STATE_STORAGE= 0
=$a66f					pm_sample_line	= $a66f
=$95fe					gm_paths	= $95fe
=$9f35					gfx_offset	= $9f35
=2					N_NOMEM		= 2
=$aedd					bk_handle	= $aedd
=$9868					dc_device	= $9868
=7					N_U_IP		= 7
=$9275					ae_event_sample	= $9275
=$8199					gm_icon_y	= $8199
=9					GM_REC_COUNT	= 9
=$86f3					gm_drag		= $86f3
=$881a					gm_s_items	= $881a
=$85a0					gm_s_usbhex	= $85a0
=$97f7					dc_close	= $97f7
=$aedc					bk_state	= $aedc
=$9c81					gfx_mask_last	= $9c81
=$9b3a					gfx_color_rows	= $9b3a
=$9e0f					gfx_band_set	= $9e0f
=$68b7					gm_df_next	= $68b7
=17					WF_DESKCOLOR	= 17
=$68bf					gm_df_none	= $68bf
=$1c65					N_MCLOSE	= $1c65
=$3a00					N_BUFFER	= $3a00
=$6a2f					gm_load_chunk	= $6a2f
=$3d97					N_DPAGE		= $3d97
=$61fa					gm_open_iec	= $61fa
=$86e0					gm_mbit		= $86e0
=$3d91					N_FBUSY		= $3d91
=$766e					gm_usb_error	= $766e
=$7873					gm_peek_done	= $7873
=$0800					WK_HSLIDE	= $0800
=$9f41					gfx_first	= $9f41
=$a67f					pm_columns	= $a67f
=$ac59					bk_return	= $ac59
=$6afb					gm_ins_inner	= $6afb
=$3d15					N_LASTKEY	= $3d15
=$7bbb					gm_max_top	= $7bbb
=$a013					gfx_text_saturate= $a013
=31					N_CLIPOWNER	= 31
=$adc6					bk_check_tails	= $adc6
=$98ca					dc_eoi		= $98ca
=40					DC_MAX		= 40
=$9764					dc_blocks_free	= $9764
=$8424					gm_about	= $8424
=$3d0a					N_COUNT		= $3d0a
=$8793					gm_win_count	= $8793
=$9f1c					gfx_y1		= $9f1c
=$9f18					gfx_y0		= $9f18
=$9f3f					gfx_old		= $9f3f
=$aef9					bk_saved_regs	= $aef9
=6					GM_GAP_COUNT	= 6
=$3d8b					N_FACTUAL	= $3d8b
=$6d15					gm_info_page	= $6d15
=$9b49					gfx_color_multiply= $9b49
=$abd2					vd_pages	= $abd2
=$b1ca					bk_crc_buffer	= $b1ca
=$3d92					N_FPOSITION	= $3d92
=$b222					bk_prefix	= $b222
=$6f63					gm_del_badname	= $6f63
=$6e25					gm_delete_slot	= $6e25
=$1c59					N_FEDIT		= $1c59
=$6bd3					gm_menu_view	= $6bd3
=$7386					gm_path_to_upath= $7386
=0					BP_MODE		= 0
=$a673					pm_old		= $a673
=$0c00					N_SYSBASE	= $0c00
=6					N_RANGE		= 6
=$6746					gm_open_selection= $6746
=$86f5					gm_vslot	= $86f5
=$7656					gm_title_ok	= $7656
=$6165					pm_find_hit	= $6165
=$3d80					N_FOWNER	= $3d80
=$815f					gm_hex_digits	= $815f
=$63bb					gm_redraw_desktop= $63bb
=$3d22					N_NAMELEN	= $3d22
=$662f					gm_redraw_icon_cells= $662f
=$a7aa					nk_saved_keys	= $a7aa
=$b0f2					bk_checksum	= $b0f2
=1					AE_MAJOR	= 1
=$a02a					gfx_load_glyph	= $a02a
=$9d5e					gfx_xor_store	= $9d5e
=$8797					gm_win_top	= $8797
=$abea					vs_token	= $abea
=$800c					gm_top_slot	= $800c
=$699c					gm_scan_end	= $699c
=$755e					gm_ult_rescan	= $755e
=$9897					dc_status_length= $9897
=7					AE_OP_MENU_SET	= 7
=$7870					gm_peek_close	= $7870
=5					N_WRONGOWNER	= 5
=$1c47					N_FWRITE	= $1c47
=24					WM_ARROWED	= 24
=$8767					gm_art		= $8767
=$97cb					dc_listed	= $97cb
=$0200					WK_LFARROW	= $0200
=$9c4b					gfx_read_row	= $9c4b
=$625a					gm_anum32	= $625a
=$aef5					bk_service	= $aef5
=$abd7					vd_saved	= $abd7
=$1c71					N_UCOMMAND	= $1c71
=$86f9					gm_gapi		= $86f9
=$1c44					N_FREAD		= $1c44
=$8106					gm_decimal4	= $8106
=$80f8					gm_decimal2	= $80f8
=$b23e					gm_end		= $b23e
=$94f2					ae_ev_key	= $94f2
=1					AE_POINTER	= 1
=$8392					gm_gaps		= $8392
=$8424					gm_bad_chars_end= $8424
=8					GM_NOOVERASK	= 8
=$b133					bk_close_source	= $b133
=4					WS_SET		= 4
=9					GM_MOP_NEWFOLDER= 9
=$aef8					bk_saved_rcr	= $aef8
=21					WM_TOPPED	= 21
=$6861					gm_drive_format	= $6861
=4					WF_WORKXYWH	= 4
=$a998					vd_close	= $a998
=0					pm_control_count= 0
=4					AE_CAP_MENU	= 4
=$98cd					dc_dollar	= $98cd
=27					WM_SIZED	= 27
=$aef3					bk_error	= $aef3
=$aee9					bk_current	= $aee9
=$85bc					gm_restoring	= $85bc
=$6a1c					gm_resort_slot	= $6a1c
=$942e					ae_km_up	= $942e
=$3d96					N_FFORMAT	= $3d96
=$4000					AC_BASE		= $4000
=2					AE_OP_ALERT	= 2
=$768e					gm_ult_delete	= $768e
=$0100					WK_VSLIDE	= $0100
=$614c					gm_setup_done	= $614c
=$a630					pm_no_delta	= $a630
=$9ff3					gfx_text_unknown= $9ff3
=$9e82					gfx_aligned_clear= $9e82
=$8604					gm_magic	= $8604
=$6739					gm_print_screen	= $6739
=64					GM_RECORD_SIZE	= 64
=25					WM_HSLID	= 25
=$9a43					gfx_clip_limit	= $9a43
=$84ac					gm_drive_alert_hex= $84ac
=$10					N_BADIMAGE	= $10
=$6bc1					gm_fa		= $6bc1
=$6bc5					gm_fb		= $6bc5
=$3d40					N_APPNAME	= $3d40
=$9ff5					gfx_text_code	= $9ff5
=$a43b					pm_install_return= $a43b
=$0008					WK_MOVER	= $0008
=$a04e					gfx_text_load	= $a04e
=$b0ed					bk_short_image	= $b0ed
=$86d6					gm_file		= $86d6
=$9fd5					gfx_text_failed	= $9fd5
=$876d					gm_t8		= $876d
=$1076					pk_restore_columns= $1076
=$9d04					gfx_write_row	= $9d04
=$9e9b					gfx_aligned_copy= $9e9b
=$63a5					gm_redraw_window= $63a5
=$1c50					N_DIRPAGE	= $1c50
=$b17f					bk_io_return	= $b17f
=10					MN_SELECTED	= 10
=$c000					AE_LIMIT	= $c000
=$3d1b					N_MSTATE	= $3d1b
=$a672					BP_POINTER_Y	= $a672
=$a670					BP_POINTER_X	= $a670
=$3f00					N_SOURCEPATH	= $3f00
=$9896					dc_byte		= $9896
=$1c56					N_WORKSPACE	= $1c56
=$1c2c					gfx_heap_fill	= $1c2c
=$6e2f					gm_delete_one	= $6e2f
=$819e					gm_icon_art	= $819e
=$7e59					gm_select_all	= $7e59
=$78c6					gm_suffix_no	= $78c6
=$a592					pm_top		= $a592
=$3d9a					N_DOCREQUEST	= $3d9a
=$73bf					gm_ult_open	= $73bf
=0					PM_KEYS_EXTERNAL= 0
=$a677					pm_buttons	= $a677
=$9cea					gfx_store	= $9cea
=10					GM_REC_WINDOWS	= 10
=3					WS_DELETE	= 3
=$3d1a					N_MERROR	= $3d1a
=$a66c					BP_POINTER_STATE= $a66c
=0					NK_SAVED_BUFFER	= 0
=64					AE_CAP_ACC	= 64
=$6402					gm_icons_done	= $6402
=$6f6c					gm_del_error	= $6f6c
=$94f4					ae_ev_tick	= $94f4
=$7349					gm_path_io	= $7349
=$74b9					gm_fn_found	= $74b9
=$98c9					dc_sa		= $98c9
=$65ad					gm_click_at	= $65ad
=$996c					gfx_rect	= $996c
=$97d6					dc_get		= $97d6
=$7f35					gm_band_row	= $7f35
=$3d03					N_PAGE		= $3d03
=$9f4f					gfx_band_allowed= $9f4f
=$66ca					gm_menu_choice	= $66ca
=1					UI_CARET	= 1
=$9e9d					gfx_aligned_copy_next= $9e9d
=$6237					gm_close_file	= $6237
=$6e81					gm_del_ask	= $6e81
=9					N_CORRUPT	= 9
=$8374					gm_s_files	= $8374
=$68c2					gm_scan		= $68c2
=$b0fc					bk_close	= $b0fc
=$aef0					bk_entry	= $aef0
=$a594					pm_set_y	= $a594
=$a563					pm_set_x	= $a563
=$9af7					gfx_store_clip_next= $9af7
=$a9eb					bp_return	= $a9eb
=$9a2b					gfx_clip_next	= $9a2b
=$a597					pm_hit_test	= $a597
=$838c					gm_s_ok		= $838c
=$9f37					gfx_span	= $9f37
=$6763					gm_open_icon	= $6763
=$10a9					pk_rejects	= $10a9
=$1c29					N_WRITE		= $1c29
=$62ee					gm_leave	= $62ee
=$a569					pm_vertical	= $a569
=$6ba3					gm_cmp_out	= $6ba3
=$85c1					gm_spos		= $85c1
=$1c29					gfx_heap_write	= $1c29
=$9f2b					gfx_clipped	= $9f2b
=$3d60					N_APPHEADER	= $3d60
=$aeee					bk_length	= $aeee
=16					MU_MESAG	= 16
=$16					GM_SELECTED	= $16
=$abb9					vm_pending	= $abb9
=$9d98					gfx_band_done	= $9d98
=$3d90					N_FSTATUS	= $3d90
=$79bc					gm_rows_done	= $79bc
=$94f6					ae_surface	= $94f6
=$9eec					gfx_select	= $9eec
=$c000					BK_LIMIT	= $c000
=$a059					gfx_text_buffer	= $a059
=$847e					gm_start_alert_hex= $847e
=$8398					gm_s_delete	= $8398
=$a9e2					bp_close_failed	= $a9e2
=$7058					gm_drag_track	= $7058
=$a09b					gfx_text_high	= $a09b
=$9642					dc_command	= $9642
=$1c35					N_RESERVE	= $1c35
=$86b9					gm_mloaded	= $86b9
=$9d7f					gfx_band_write	= $9d7f
=$8764					gm_cy		= $8764
=25					GM_BITS		= 25
=$7808					gm_peek		= $7808
=$9fb5					gfx_text	= $9fb5
=$9e93					gfx_aligned_store= $9e93
=$9d4a					gfx_band_xor	= $9d4a
=$81c9					gm_label_usb	= $81c9
=$6338					gm_alert_done	= $6338
=$8779					gm_ww		= $8779
=$9f34					gfx_y		= $9f34
=$96ea					dc_status_read	= $96ea
=$8778					gm_wy		= $8778
=$8777					gm_wx		= $8777
=$729a					gm_module_fail	= $729a
=$8d35					ae_state	= $8d35
=$b0e3					bk_bad_image	= $b0e3
=5					WF_CURRXYWH	= 5
=$b184					bk_select_code	= $b184
=$877a					gm_wh		= $877a
=$abbf					bp_started	= $abbf
=$6098					gm_fatal_text	= $6098
=$3d30					N_BROWSERPOS	= $3d30
=$9341					ae_wait_moved	= $9341
=$94fe					gm_path		= $94fe
=$6838					gm_open_fail	= $6838
=$0001					WK_NAME		= $0001
=2					GM_NOCOPYASK	= 2
=13					AE_OP_COUNT	= 13
=$804a					gm_free_slot	= $804a
=$14					N_CHECKSUM	= $14
=10					AE_OP_SESSION	= 10
=$ae65					bk_check_shape	= $ae65
=$7e05					gm_first_sel	= $7e05
=$3d04					N_HANDLE	= $3d04
=$6ce0					gm_info_icon	= $6ce0
=$9b1c					gfx_clip_shift	= $9b1c
=$93d9					ae_km_move	= $93d9
=$3d35					N_UIPTR		= $3d35
=$9ee5					gfx_glyph_second_visible= $9ee5
=$9e39					gfx_aligned_glyph= $9e39
=$78c8					gm_paint_window	= $78c8
=32					MU_TIMER	= 32
=$8700					AE_BASE		= $8700
=$7714					gm_iec_document	= $7714
=$abe6					vd_pointer_x	= $abe6
=$935b					ae_wait_time	= $935b
=$5000					gm_rows		= $5000
=$8846					gm_order	= $8846
=$3d81					N_FHANDLE	= $3d81
=$740a					gm_scan_ult	= $740a
=$7933					gm_paint_reset	= $7933
=$1068					pk_read_key	= $1068
=2					WF_NAME		= 2
=32					NSLOTS		= 32
=$9950					gfx_finish	= $9950
=$8768					gm_row		= $8768
=$0010					WK_INFO		= $0010
=$50					N_FIRST0	= $50
=$abf4					bp_backend_pending= $abf4
=$aef7					bk_carry	= $aef7
=$9caf					gfx_load	= $9caf
=$6fcd					gm_fail_head	= $6fcd
=$6db7					gm_astr		= $6db7
=$a58e					pm_bottom	= $a58e
=$6680					gm_key_move	= $6680
=$3d86					N_FNAMELEN	= $3d86
=11					WF_FIRSTXYWH	= 11
=$10ab					pk_columns	= $10ab
=$8a4a					aes		= $8a4a
=23					WM_FULLED	= 23
=$a499					pm_settling	= $a499
=$926f					ae_event_next	= $926f
=121					GM_PRT_LFN	= 121
=$6000					gm_image	= $6000
=$8762					gm_item		= $8762
=9					WS_OUTLINE	= 9
=$72cd					gm_ult_probe	= $72cd
=$9f53					gfx_clip_pixels	= $9f53
=160					pm_start	= 160
=$9dec					gfx_band_load	= $9dec
=$3d89					N_FCOUNT	= $3d89
=$c000					N_APPLIMIT	= $c000
=$6772					gm_open_drive	= $6772
=$6891					gm_df_scan	= $6891
=$9fb5					gfx_end		= $9fb5
=$10a7					pk_next		= $10a7
=$9de9					gfx_band_mask_ready= $9de9
=$1074					pk_accept	= $1074
=$b23c					bk_crc_left	= $b23c
=$abba					bp_file		= $abba
=$6c85					gm_aname_done	= $6c85
=$70f2					gm_release_done	= $70f2
=$b158					bk_read_chunk	= $b158
=$86f4					gm_view		= $86f4
=$a51f					pm_absent	= $a51f
=$9db9					gfx_band_masked	= $9db9
=$8142					gm_hex_error	= $8142
=$6fe6					gm_refresh_loop	= $6fe6
=0					GFX_FONT_COLUMNS= 0
=$785e					gm_peek_sheet	= $785e
=$3d02					N_BANK		= $3d02
=$9b2e					gfx_clip_defaults= $9b2e
=$76d2					gm_ult_del_error= $76d2
=2					N_U_DRIVES	= 2
=$4000					N_SERVICEBASE	= $4000
=$7c17					gm_repaint_all	= $7c17
=$3d21					N_DEVICE	= $3d21
=$86de					gm_dev		= $86de
=$676e					gm_open_none	= $676e
=$9f5b					gfx_clip_cells	= $9f5b
=$793b					gm_draw_rows	= $793b
=$661d					gm_click_done	= $661d
=1					GM_MOP_INFO	= 1
=$a466					pm_poll		= $a466
=$a09a					gfx_text_index	= $a09a
=$76c0					gm_ult_del_unknown= $76c0
=$b234					bk_count	= $b234
=$8763					gm_cx		= $8763
=$793a					gm_paint_done	= $793a
=$98f2					sd_click	= $98f2
=$1c6e					N_UQUERY	= $1c6e
=$9243					ae_alert_step	= $9243
=$3d17					N_MTOKEN	= $3d17
=$9cdf					gfx_copy	= $9cdf
=$aacb					bp_load		= $aacb
=$b23e					gm_module	= $b23e
=$1c4d					N_FRELEASE	= $1c4d
=$9ccb					gfx_clear	= $9ccb
=4					N_BADHANDLE	= 4
=$aef4					bk_operation	= $aef4
=$a9ae					bp_dispose	= $a9ae
=$b1e0					bk_crc_get	= $b1e0
=$995b					gfx_success	= $995b
=$693f					gm_scan_record	= $693f
=$abcc					bp_state	= $abcc
=$abcf					vd_fault	= $abcf
=$9f43					gfx_bits	= $9f43
=28					WM_MOVED	= 28
=3					GM_MOP_FORMAT	= 3
=$809a					gm_mul		= $809a
=$7e29					gm_each		= $7e29
=$9602					gm_rec_addr	= $9602
=$abf2					ru_active	= $abf2
=$9af0					gfx_empty	= $9af0
=$3d39					N_UIFLAGS	= $3d39
=$997e					gfx_glyph	= $997e
=$8614					gm_inf_scratch	= $8614
=$853e					gm_nlen		= $853e
=$94cb					ae_dirty	= $94cb
=$9376					ae_wait_done	= $9376
=$6403					gm_draw_icons	= $6403
=$86fc					gm_pos		= $86fc
=$609b					gm_surface_setup= $609b
=$87a3					gm_win_bits	= $87a3
=$3d00					N_OWNER		= $3d00
=21					GM_RECORD	= 21
=$aec0					bk_services	= $aec0
=$8184					gm_types	= $8184
=$3d11					N_BUSY		= $3d11
=$7940					gm_row_loop	= $7940
=$62a7					gm_dirty_from	= $62a7
=$86fe					gm_cmpb		= $86fe
=$6f94					gm_status_text	= $6f94
=$94a9					ae_session_write= $94a9
=$3d2c					N_APPFORMAT	= $3d2c
=$9f27					gfx_limits	= $9f27
=$9140					ae_detach	= $9140
=1					AE_CAP_ALERT	= 1
=$9e04					gfx_band_clear	= $9e04
=24					GM_CHUNK	= 24
=$1300					N_LOWBASE	= $1300
=$817d					gm_drive_title	= $817d
=$61					GM_PAPER	= $61
=$abe5					vd_pointer_visible= $abe5
=0					PM_SECONDARY	= 0
=$877f					gm_clip		= $877f
=5					GM_ICONS	= 5
=$04					N_FIRST1	= $04
=$aeed					bk_pages	= $aeed
=3					WF_INFO		= 3
=$9972					gfx_colors	= $9972
=$6b9e					gm_cmp_ordinal	= $6b9e
=9					AE_OP_SHUTDOWN	= 9
=$736e					gm_pr		= $736e
=$76d5					gm_ucmd		= $76d5
=$7bea					gm_scroll_to_selection= $7bea
=$1c32					N_RELEASE	= $1c32
=$6f91					gm_del_status	= $6f91
=$8773					gm_mul_b	= $8773
=$8772					gm_mul_a	= $8772
=$70ea					gm_drop		= $70ea
=$7da6					gm_select_set	= $7da6
=$6233					gm_open_bad	= $6233
=$6dd5					gm_anum		= $6dd5
=$aa1c					bp_ok		= $aa1c
=$8061					gm_select_mem	= $8061
=$9892					dc_code		= $9892
=$786d					gm_peek_kind	= $786d
=$7c35					gm_update_slider= $7c35
=$9f3e					gfx_mask	= $9f3e
=$7216					gm_file_select	= $7216
=$3d8d					N_FEOF		= $3d8d
=$6ba7					gm_cmp_raw	= $6ba7
=$9978					gfx_set_clip	= $9978
=$3d88					N_FTYPE		= $3d88
=$4f00					N_USTATUS	= $4f00
=$6596					gm_pointer_cell	= $6596
=$3d87					N_FMODE		= $3d87
=4					AE_OP_EVENT	= 4
=$3d26					N_IOSTATUS	= $3d26
=$8765					gm_i		= $8765
=$86f6					gm_k		= $86f6
=$8766					gm_j		= $8766
=$9867					dc_field_done	= $9867
=$86fd					gm_other	= $86fd
=$86e1					gm_q		= $86e1
=$86fa					gm_i2		= $86fa
=$9d9e					gfx_band_select	= $9d9e
=$6c71					gm_aname	= $6c71
=$7279					gm_module_call	= $7279
=$967f					dc_begin	= $967f
=$9208					ae_register	= $9208
=$ae64					bk_check_failed	= $ae64
=$6adc					gm_sort		= $6adc
=$8a4a					ae_call		= $8a4a
=8					MU_M2		= 8
=$9af5					gfx_store_clip	= $9af5
=$3d8e					N_FERROR	= $3d8e
=$85ac					gm_s_free	= $85ac
=$7b66					gm_arrowed	= $7b66
=$81bb					gm_label_9	= $81bb
=10					WS_TEXT		= 10
=$71e7					gm_session_save	= $71e7
=$a79f					nk_active	= $a79f
=$7626					gm_title_usb	= $7626
=$9898					dc_status	= $9898
=$9f1e					gfx_pen		= $9f1e
=7					N_REENTRANT	= 7
=$72e9					gm_prt_probe	= $72e9
=$765d					gm_title_end	= $765d
=$81ac					gm_icon_label_lo= $81ac
=$755b					gm_ult_enter	= $755b
=$66a5					gm_key_set	= $66a5
=$6d68					gm_info_sum	= $6d68
=$a675					pm_pots		= $a675
=$8609					gm_inf_name	= $8609
=$aba0					vm_rows		= $aba0
=$3d3d					N_UARG		= $3d3d
=$a9ec					vm_present	= $a9ec
=3					UI_BUFFER	= 3
=$7623					gm_title_set	= $7623
=$0002					WK_CLOSER	= $0002
=$9a55					gfx_clip_copy	= $9a55
=$6b41					gm_compare	= $6b41
=$930e					ae_event_fired	= $930e
=$9f3a					gfx_columns	= $9f3a
=5					GM_MOP_USBINFO	= 5
=$9f20					gfx_error	= $9f20
=$6aa3					gm_chunk_next	= $6aa3
=$5000					N_SERVICELIMIT	= $5000
=$7874					gm_text_suffix	= $7874
=$880b					gm_bitmask	= $880b
=$7fd5					gm_launch_fail	= $7fd5
=4					GM_MOP_CONTROL	= 4
=$9e70					gfx_aligned_ink	= $9e70
=$a394					pm_install	= $a394
=8					GM_MOP_SAVEDESK	= 8
=$7c8f					gm_wset_simple	= $7c8f
=$85c4					gm_session	= $85c4
=$8846					gm_dirpage	= $8846
=$8369					gm_s_blocks	= $8369
=$86a9					gm_lock_name	= $86a9
=$9828					dc_field_track	= $9828
=$94cf					ae_ev_params	= $94cf
=1					FO_PRESENT	= 1
=1					BP_TRACK_DIRTY	= 1
=$abf5					bk_call		= $abf5
=$6c73					gm_info_name	= $6c73
=$9eca					gfx_glyph_shift	= $9eca
=$83ed					gm_badname_alert= $83ed
=$6eb4					gm_del_go	= $6eb4
=26					WM_VSLID	= 26
=7					UI_FILTER	= 7
=$a9fb					vd_select	= $a9fb
=$86a5					gm_alert_default= $86a5
=$749e					gm_fn_next	= $749e
=32					BK_OWNER	= 32
=$81b6					gm_label_boot	= $81b6
=$7767					gm_usb_document	= $7767
=$9a07					gfx_pixel_limits= $9a07
=$a985					bp_open_failed	= $a985
=$6dec					gm_read_record	= $6dec
=$5000					gm_sortbuf	= $5000
=$a025					gfx_text_done	= $a025
=$a683					pm_init_saved	= $a683
=16					WF_VSLSIZE	= 16
=$acd0					bk_service_bad	= $acd0
=$84f8					gm_usht		= $84f8
=$aa20					bp_fault	= $aa20
=$7478					gm_ult_scan_done= $7478
=0					BP_SHARED_MEMORY= 0
=$946f					ae_menu_read	= $946f
=$b0d9					bk_load_success	= $b0d9
=$9894					dc_track	= $9894
=$6339					gm_alert_rows	= $6339
=$1c62					N_MCALL		= $1c62
=$81a3					gm_icon_on	= $81a3
=$698b					gm_scan_skip	= $698b
=$81cd					gm_label_printer= $81cd
=$9d20					gfx_band	= $9d20
=$ae62					bk_check_end	= $ae62
=1					MU_KEYBD	= 1
=$83e3					gm_s_bar	= $83e3
=$a682					pm_high		= $a682
=$3d2f					N_DESKTOPSEL	= $3d2f
=16					AE_CAP_SESSION	= 16
=$9a21					gfx_limits_y	= $9a21
=$b0e8					bk_long_image	= $b0e8
=$a530					pm_move		= $a530
=16					GM_PAGES	= 16
=16					AC_PAGES	= 16
=$86f2					gm_page		= $86f2
=$9910					gfx_bind	= $9910
=$9fe5					gfx_text_next	= $9fe5
=$8787					gm_win_handle	= $8787
=$6c0b					gm_view_checks	= $6c0b
=$7aa0					gm_read_none	= $7aa0
=$6fe1					gm_refresh_drive= $6fe1
=$3d8f					N_FDOS		= $3d8f
=$8455					gm_start_alert	= $8455
=$6cdd					gm_info_fail	= $6cdd
=$a981					bp_open_bad	= $a981
=$8783					gm_rect		= $8783
=$3d34					N_BROWSERNAME_LEN= $3d34
=$b236					bk_offset	= $b236
=$8770					gm_num		= $8770
=7					WF_FULLXYWH	= 7
=$98cb					dc_free		= $98cb
=$0400					WK_RTARROW	= $0400
=$614d					pm_select_surface= $614d
=$9f52					gfx_band_first	= $9f52
=$79bd					gm_rows_fail	= $79bd
=$9fd3					gfx_text_badarg	= $9fd3
=$9b30					gfx_clip_reset_next= $9b30
=0					NK_LOCAL_HELP	= 0
=$6bc9					gm_name_key	= $6bc9

;******  Return to file: src/native/gemdesk-cpy.asm

.b23e					gm_cpy:
>b23e	4e 4d 4f 44			        .text "nmod"
>b242	01 01 0e 00			        .byte 1,1,14,0
>b246	c2 0d				        .word gm_cpy_end-gm_cpy
>b248	00 00				        .word 0
>b24a	10 00				        .word copyop.entry-gm_cpy
>b24c	00 00				        .word 0

;******  Processing file: src/native/gemdesk-copy.inc

.b24e					copyop
.b24e					entry:
.b24e	a9 06		lda #$06	        lda #WS_FIND
.b250	8d 00 3a	sta $3a00	        sta N_BUFFER
.b253	ad 63 87	lda $8763	        lda gm_cx
.b256	8d 01 3a	sta $3a01	        sta N_BUFFER+1
.b259	ad 64 87	lda $8764	        lda gm_cy
.b25c	8d 02 3a	sta $3a02	        sta N_BUFFER+2
.b25f	20 4a 62	jsr $624a	        jsr gm_wcall
.b262	90 03		bcc $b267	        bcs done
.b264	4c 7a b3	jmp $b37a
.b267	ae 00 3a	ldx $3a00	        ldx N_BUFFER
.b26a	f0 1c		beq $b288	        beq icon
.b26c	20 fd 7f	jsr $7ffd	        jsr gm_slot_of
.b26f	b0 f3		bcs $b264	        bcs done
.b271	ec dd 86	cpx $86dd	        cpx gm_slot
.b274	f0 ee		beq $b264	        beq done                ; within its own window: nothing
.b276	8e e9 bf	stx $bfe9	        stx dslot
.b279	bd 8b 87	lda $878b,x	        lda gm_win_dev,x
.b27c	8d eb bf	sta $bfeb	        sta ddev
.b27f	bd 8f 87	lda $878f,x	        lda gm_win_fmt,x
.b282	8d dc b6	sta $b6dc	        sta dfmt
.b285	4c a7 b2	jmp $b2a7	        jmp target_known
.b288					icon:
.b288	20 69 65	jsr $6569	        jsr gm_icon_hit         ; Boot, Drive 9, USB (the core deletes on Trash and
.b28b	e0 02		cpx #$02	        cpx #2                  ; hands the Printer to GDDSK)
.b28d	f0 d5		beq $b264	        beq done
.b28f	e8		inx		        inx
.b290	f0 d2		beq $b264	        beq done
.b292	ca		dex		        dex
.b293	a9 ff		lda #$ff	        lda #$ff
.b295	8d e9 bf	sta $bfe9	        sta dslot
.b298	20 3f 68	jsr $683f	        jsr gm_icon_drive
.b29b	ad de 86	lda $86de	        lda gm_dev
.b29e	8d eb bf	sta $bfeb	        sta ddev
.b2a1	ad df 86	lda $86df	        lda gm_fmt
.b2a4	8d dc b6	sta $b6dc	        sta dfmt
.b2a7					target_known:
.b2a7	ae dd 86	ldx $86dd	        ldx gm_slot
.b2aa	bd 8b 87	lda $878b,x	        lda gm_win_dev,x
.b2ad	8d e0 b6	sta $b6e0	        sta sdev
.b2b0	bd 8f 87	lda $878f,x	        lda gm_win_fmt,x
.b2b3	8d e1 b6	sta $b6e1	        sta sfmt
.b2b6	a9 00		lda #$00	        lda #0
.b2b8	8d ed bf	sta $bfed	        sta stop
.b2bb	8d 01 87	sta $8701	        sta gm_alen
.b2be	a9 5f		lda #$5f	        lda #<s_copy
.b2c0	a2 be		ldx #$be	        ldx #>s_copy
.b2c2	20 b7 6d	jsr $6db7	        jsr gm_astr
.b2c5	ae dd 86	ldx $86dd	        ldx gm_slot
.b2c8	bd 9f 87	lda $879f,x	        lda gm_nsel,x
.b2cb	c9 02		cmp #$02	        cmp #2
.b2cd	b0 13		bcs $b2e2	        bcs ask_many
.b2cf	20 ec 6d	jsr $6dec	        jsr gm_read_record      ; one row: refused before the question
.b2d2	90 03		bcc $b2d7	        bcc +
.b2d4	4c ff 6b	jmp $6bff	        jmp gm_view_fail
.b2d7	20 d4 b4	jsr $b4d4	+       jsr check
.b2da	b0 88		bcs $b264	        bcs done
.b2dc	20 71 6c	jsr $6c71	        jsr gm_aname
.b2df	4c f4 b2	jmp $b2f4	        jmp ask
.b2e2					ask_many:
.b2e2	8d 70 87	sta $8770	        sta gm_num
.b2e5	a9 00		lda #$00	        lda #0
.b2e7	8d 71 87	sta $8771	        sta gm_num+1
.b2ea	20 d5 6d	jsr $6dd5	        jsr gm_anum
.b2ed	a9 1a		lda #$1a	        lda #<gm_s_items
.b2ef	a2 88		ldx #$88	        ldx #>gm_s_items
.b2f1	20 b7 6d	jsr $6db7	        jsr gm_astr
.b2f4					ask:
.b2f4	ad e3 84	lda $84e3	        lda gm_confirm
.b2f7	29 02		and #$02	        and #GM_NOCOPYASK
.b2f9	f0 04		beq $b2ff	        beq +
.b2fb	a9 01		lda #$01	        lda #1                  ; Copy
.b2fd	d0 28		bne $b327	        bne chosen
.b2ff	a9 69		lda #$69	+       lda #<s_to
.b301	a2 be		ldx #$be	        ldx #>s_to
.b303	20 b7 6d	jsr $6db7	        jsr gm_astr
.b306	20 b1 b4	jsr $b4b1	        jsr adest
.b309	a9 6e		lda #$6e	        lda #<s_choice
.b30b	a2 be		ldx #$be	        ldx #>s_choice
.b30d	20 b7 6d	jsr $6db7	        jsr gm_astr
.b310	a9 00		lda #$00	        lda #0
.b312	20 cb 6d	jsr $6dcb	        jsr gm_aput
.b315	a9 02		lda #$02	        lda #<gm_abuf
.b317	a2 87		ldx #$87	        ldx #>gm_abuf
.b319	a0 01		ldy #$01	        ldy #1
.b31b	20 f4 62	jsr $62f4	        jsr gm_alert
.b31e	b0 5a		bcs $b37a	        bcs done
.b320	ad 00 3a	lda $3a00	        lda N_BUFFER
.b323	c9 03		cmp #$03	        cmp #3
.b325	b0 53		bcs $b37a	        bcs done                ; Cancel
.b327					chosen:
.b327	8d ec bf	sta $bfec	        sta choice
.b32a	ad e3 84	lda $84e3	        lda gm_confirm          ; Move deletes without a second question
.b32d	48		pha		        pha
.b32e	29 fe		and #$fe	        and #$fe
.b330	8d e3 84	sta $84e3	        sta gm_confirm
.b333	a9 00		lda #$00	        lda #0
.b335	8d ee bf	sta $bfee	        sta created
.b338	8d e7 bf	sta $bfe7	        sta item_no
.b33b	ae dd 86	ldx $86dd	        ldx gm_slot             ; the rows to count: at least the one dragged
.b33e	bd 9f 87	lda $879f,x	        lda gm_nsel,x
.b341	d0 02		bne $b345	        bne +
.b343	a9 01		lda #$01	        lda #1
.b345	8d e8 bf	sta $bfe8	+       sta total
.b348	ee 19 88	inc $8819	        inc gm_batch            ; and without listing between rows
.b34b	a9 7b		lda #$7b	        lda #<item
.b34d	a2 b3		ldx #$b3	        ldx #>item
.b34f	20 29 7e	jsr $7e29	        jsr gm_each
.b352	20 a2 bd	jsr $bda2	        jsr progress_close      ; before the listings are painted again
.b355	ce 19 88	dec $8819	        dec gm_batch
.b358	68		pla		        pla
.b359	8d e3 84	sta $84e3	        sta gm_confirm
.b35c	ad ec bf	lda $bfec	        lda choice              ; list again: the source's drive after Move,
.b35f	c9 02		cmp #$02	        cmp #2
.b361	d0 03		bne $b366	        bne +
.b363	20 51 6f	jsr $6f51	        jsr gm_relist_slot
.b366	ad ee bf	lda $bfee	+       lda created             ; then the target's, if anything was created
.b369	f0 0f		beq $b37a	        beq done
.b36b	ad eb bf	lda $bfeb	        lda ddev
.b36e	8d de 86	sta $86de	        sta gm_dev
.b371	ad dc b6	lda $b6dc	        lda dfmt
.b374	8d df 86	sta $86df	        sta gm_fmt
.b377	4c e1 6f	jmp $6fe1	        jmp gm_refresh_drive
.b37a					done:
.b37a	60		rts		        rts
.b37b					item:
.b37b	ee e7 bf	inc $bfe7	        inc item_no
.b37e	a9 00		lda #$00	        lda #0
.b380	8d ef bf	sta $bfef	        sta skipped
.b383	ad ed bf	lda $bfed	        lda stop
.b386	d0 40		bne $b3c8	        bne item_done
.b388	20 ec 6d	jsr $6dec	        jsr gm_read_record
.b38b	b0 3b		bcs $b3c8	        bcs item_done
.b38d	20 d4 b4	jsr $b4d4	        jsr check
.b390	b0 36		bcs $b3c8	        bcs item_done
.b392	20 cf b3	jsr $b3cf	        jsr names
.b395	b0 31		bcs $b3c8	        bcs item_done
.b397	ad e3 bd	lda $bde3	        lda pw                  ; the progress window: opened for the first
.b39a	d0 06		bne $b3a2	        bne +                   ; row that is copied, retitled for each next
.b39c	20 14 bd	jsr $bd14	        jsr progress_open
.b39f	4c a5 b3	jmp $b3a5	        jmp ++
.b3a2	20 7c bd	jsr $bd7c	+       jsr progress_title
.b3a5	ad db b6	lda $b6db	+       lda isdir
.b3a8	d0 1f		bne $b3c9	        bne item_tree
.b3aa	20 f1 b6	jsr $b6f1	        jsr copy_new
.b3ad					item_copied:
.b3ad	b0 19		bcs $b3c8	        bcs item_done
.b3af	ad ef bf	lda $bfef	        lda skipped             ; something was skipped: Move keeps the source
.b3b2	d0 14		bne $b3c8	        bne item_done
.b3b4	ad ec bf	lda $bfec	        lda choice
.b3b7	c9 02		cmp #$02	        cmp #2
.b3b9	d0 0d		bne $b3c8	        bne item_done
.b3bb	ad db b6	lda $b6db	        lda isdir               ; a folder: its contents first
.b3be	f0 05		beq $b3c5	        beq +
.b3c0	20 74 bb	jsr $bb74	        jsr empty
.b3c3	b0 03		bcs $b3c8	        bcs item_done
.b3c5	4c 2f 6e	jmp $6e2f	+       jmp gm_delete_one
.b3c8					item_done:
.b3c8	60		rts		        rts
.b3c9					item_tree:
.b3c9	20 db ba	jsr $badb	        jsr tree
.b3cc	4c ad b3	jmp $b3ad	        jmp item_copied
.b3cf					names:
.b3cf	20 1e b5	jsr $b51e	        jsr source_name
.b3d2	90 01		bcc $b3d5	        bcc destination
.b3d4	60		rts		        rts
.b3d5					destination:
.b3d5	ad dc b6	lda $b6dc	        lda dfmt
.b3d8	c9 03		cmp #$03	        cmp #3
.b3da	f0 3f		beq $b41b	        beq usb_destination
.b3dc	ae 3e 85	ldx $853e	        ldx gm_nlen             ; a drive: 1..16 characters without DOS syntax
.b3df	f0 33		beq $b414	        beq badname
.b3e1	e0 11		cpx #$11	        cpx #17
.b3e3	b0 2f		bcs $b414	        bcs badname
.b3e5	8e df b6	stx $b6df	        stx dlen
.b3e8	ca		dex		        dex
.b3e9					name_char:
.b3e9	bd 4a 89	lda $894a,x	        lda gm_name,x
.b3ec	9d 00 53	sta $5300,x	        sta dpath,x
.b3ef	a0 06		ldy #$06	        ldy #gm_bad_chars_end-gm_bad_chars-1
.b3f1	d9 1d 84	cmp $841d,y	-       cmp gm_bad_chars,y
.b3f4	f0 1e		beq $b414	        beq badname
.b3f6	88		dey		        dey
.b3f7	10 f8		bpl $b3f1	        bpl -
.b3f9	ca		dex		        dex
.b3fa	10 ed		bpl $b3e9	        bpl name_char
.b3fc	ad e2 b6	lda $b6e2	        lda stype
.b3ff	ae e1 b6	ldx $b6e1	        ldx sfmt
.b402	e0 03		cpx #$03	        cpx #3
.b404	d0 03		bne $b409	        bne +
.b406	20 90 b4	jsr $b490	        jsr prg_suffix          ; from USB: ".PRG" becomes PRG, the rest SEQ
.b409	8d de b6	sta $b6de	+       sta dtype
.b40c	ad eb bf	lda $bfeb	        lda ddev
.b40f	8d dd b6	sta $b6dd	        sta dopen
.b412	18		clc		        clc
.b413	60		rts		        rts
.b414					badname:
.b414	a9 bd		lda #$bd	        lda #<s_badname
.b416	a2 be		ldx #$be	        ldx #>s_badname
.b418	4c 17 b5	jmp $b517	        jmp refuse
.b41b					usb_destination:
.b41b	a9 2f		lda #$2f	        lda #$2f                ; an icon: the root
.b41d	8d 00 53	sta $5300	        sta dpath
.b420	a2 01		ldx #$01	        ldx #1
.b422	ac e9 bf	ldy $bfe9	        ldy dslot
.b425	30 37		bmi $b45e	        bmi usb_leaf
.b427	ad dd 86	lda $86dd	        lda gm_slot             ; a window: its path
.b42a	48		pha		        pha
.b42b	8c dd 86	sty $86dd	        sty gm_slot
.b42e	20 26 73	jsr $7326	        jsr gm_path_page
.b431	68		pla		        pla
.b432	8d dd 86	sta $86dd	        sta gm_slot
.b435	ae e9 bf	ldx $bfe9	        ldx dslot
.b438	bd 46 89	lda $8946,x	        lda gm_win_plen,x
.b43b	8d df b6	sta $b6df	        sta dlen
.b43e	a0 00		ldy #$00	        ldy #0
.b440	cc df b6	cpy $b6df	-       cpy dlen
.b443	f0 09		beq $b44e	        beq +
.b445	20 6e 73	jsr $736e	        jsr gm_pr
.b448	99 00 53	sta $5300,y	        sta dpath,y
.b44b	c8		iny		        iny
.b44c	d0 f2		bne $b440	        bne -
.b44e	ae df b6	ldx $b6df	+       ldx dlen
.b451	bd ff 52	lda $52ff,x	        lda dpath-1,x
.b454	c9 2f		cmp #$2f	        cmp #$2f
.b456	f0 06		beq $b45e	        beq usb_leaf
.b458	a9 2f		lda #$2f	        lda #$2f
.b45a	9d 00 53	sta $5300,x	        sta dpath,x
.b45d	e8		inx		        inx
.b45e					usb_leaf:
.b45e	a0 00		ldy #$00	        ldy #0
.b460	b9 4a 89	lda $894a,y	-       lda gm_name,y
.b463	9d 00 53	sta $5300,x	        sta dpath,x
.b466	e8		inx		        inx
.b467	f0 22		beq $b48b	        beq toolong
.b469	c8		iny		        iny
.b46a	cc 3e 85	cpy $853e	        cpy gm_nlen
.b46d	d0 f1		bne $b460	        bne -
.b46f	8e df b6	stx $b6df	        stx dlen
.b472	a9 00		lda #$00	        lda #0
.b474	8d de b6	sta $b6de	        sta dtype
.b477	ad eb bf	lda $bfeb	        lda ddev
.b47a	ae e1 b6	ldx $b6e1	        ldx sfmt
.b47d	e0 03		cpx #$03	        cpx #3
.b47f	d0 05		bne $b486	        bne +
.b481	ad e0 b6	lda $b6e0	        lda sdev                ; USB to USB: the other DOS context
.b484	49 03		eor #$03	        eor #3
.b486	8d dd b6	sta $b6dd	+       sta dopen
.b489	18		clc		        clc
.b48a	60		rts		        rts
.b48b					toolong:
.b48b	a9 23		lda #$23	        lda #$23                ; the path would exceed 255 bytes
.b48d	4c 61 b5	jmp $b561	        jmp fail
.b490					prg_suffix:
.b490	ae 3e 85	ldx $853e	        ldx gm_nlen
.b493	e0 05		cpx #$05	        cpx #5
.b495	90 17		bcc $b4ae	        bcc +
.b497	a0 03		ldy #$03	        ldy #3
.b499	ca		dex		-       dex
.b49a	bd 4a 89	lda $894a,x	        lda gm_name,x
.b49d	c9 60		cmp #$60	        cmp #$60
.b49f	90 02		bcc $b4a3	        bcc suffix_char
.b4a1	29 df		and #$df	        and #$df
.b4a3					suffix_char:
.b4a3	d9 5b be	cmp $be5b,y	        cmp suffix,y
.b4a6	d0 06		bne $b4ae	        bne +
.b4a8	88		dey		        dey
.b4a9	10 ee		bpl $b499	        bpl -
.b4ab	a9 01		lda #$01	        lda #1
.b4ad	60		rts		        rts
.b4ae	a9 00		lda #$00	+       lda #0
.b4b0	60		rts		        rts
.b4b1					adest:
.b4b1	ad dc b6	lda $b6dc	        lda dfmt
.b4b4	c9 03		cmp #$03	        cmp #3
.b4b6	d0 07		bne $b4bf	        bne +
.b4b8	a9 c9		lda #$c9	        lda #<gm_label_usb
.b4ba	a2 81		ldx #$81	        ldx #>gm_label_usb
.b4bc	4c b7 6d	jmp $6db7	        jmp gm_astr
.b4bf	a9 7d		lda #$7d	+       lda #<gm_drive_title
.b4c1	a2 81		ldx #$81	        ldx #>gm_drive_title
.b4c3	20 b7 6d	jsr $6db7	        jsr gm_astr
.b4c6	ad eb bf	lda $bfeb	        lda ddev
.b4c9	8d 70 87	sta $8770	        sta gm_num
.b4cc	a9 00		lda #$00	        lda #0
.b4ce	8d 71 87	sta $8771	        sta gm_num+1
.b4d1	4c d5 6d	jmp $6dd5	        jmp gm_anum

;******  Processing file: src/native/gemdesk-stream.inc

.b4d4					check:
.b4d4	a9 00		lda #$00	        lda #0
.b4d6	8d db b6	sta $b6db	        sta isdir
.b4d9	ad e1 b6	lda $b6e1	        lda sfmt
.b4dc	c9 03		cmp #$03	        cmp #3
.b4de	f0 18		beq $b4f8	        beq usb_check
.b4e0	ad 42 88	lda $8842	        lda gm_rec+17           ; an unclosed file has no checked extent
.b4e3	10 2e		bpl $b513	        bpl unsupported
.b4e5	ad 41 88	lda $8841	        lda gm_rec+16           ; SEQ 1, PRG 2, USR 3 -> 0, 1, 2
.b4e8	29 07		and #$07	        and #7
.b4ea	f0 27		beq $b513	        beq unsupported
.b4ec	c9 04		cmp #$04	        cmp #4
.b4ee	b0 23		bcs $b513	        bcs unsupported         ; REL and DIR are not streams
.b4f0	38		sec		        sec
.b4f1	e9 01		sbc #$01	        sbc #1
.b4f3	8d e2 b6	sta $b6e2	        sta stype
.b4f6	18		clc		        clc
.b4f7	60		rts		        rts
.b4f8					usb_check:
.b4f8	ad 45 88	lda $8845	        lda gm_rec+20
.b4fb	20 88 74	jsr $7488	        jsr gm_ult_fullname
.b4fe	b0 61		bcs $b561	        bcs fail
.b500	ad 8d 76	lda $768d	        lda gm_ult_attr
.b503	29 10		and #$10	        and #$10
.b505	8d db b6	sta $b6db	        sta isdir
.b508	f0 07		beq $b511	        beq +                   ; a file
.b50a	ad dc b6	lda $b6dc	        lda dfmt                ; a folder: only onto USB
.b50d	c9 03		cmp #$03	        cmp #3
.b50f	d0 02		bne $b513	        bne unsupported
.b511	18		clc		+       clc
.b512	60		rts		        rts
.b513					unsupported:
.b513	a9 93		lda #$93	        lda #<s_unsupported
.b515	a2 b6		ldx #$b6	        ldx #>s_unsupported
.b517					refuse:
.b517	a0 01		ldy #$01	        ldy #1
.b519	20 f4 62	jsr $62f4	        jsr gm_alert
.b51c	38		sec		        sec
.b51d	60		rts		        rts
.b51e					source_name:
.b51e	ad e1 b6	lda $b6e1	        lda sfmt
.b521	c9 03		cmp #$03	        cmp #3
.b523	d0 20		bne $b545	        bne iec_name
.b525	ad 45 88	lda $8845	        lda gm_rec+20
.b528	20 88 74	jsr $7488	        jsr gm_ult_fullname     ; N_UPATH/N_FNAMELEN; the leaf in gm_name/gm_nlen
.b52b	b0 34		bcs $b561	        bcs fail
.b52d	a2 00		ldx #$00	        ldx #0
.b52f	bd 00 4e	lda $4e00,x	-       lda N_UPATH,x
.b532	9d 00 52	sta $5200,x	        sta spath,x
.b535	e8		inx		        inx
.b536	ec 86 3d	cpx $3d86	        cpx N_FNAMELEN
.b539	d0 f4		bne $b52f	        bne -
.b53b	8e e3 b6	stx $b6e3	        stx slen
.b53e	a9 00		lda #$00	        lda #0
.b540	8d e2 b6	sta $b6e2	        sta stype
.b543	18		clc		        clc
.b544	60		rts		        rts
.b545					iec_name:
.b545	a2 00		ldx #$00	        ldx #0
.b547	bd 31 88	lda $8831,x	-       lda gm_rec,x
.b54a	c9 a0		cmp #$a0	        cmp #$a0
.b54c	f0 0b		beq $b559	        beq +
.b54e	9d 00 52	sta $5200,x	        sta spath,x
.b551	9d 4a 89	sta $894a,x	        sta gm_name,x
.b554	e8		inx		        inx
.b555	e0 10		cpx #$10	        cpx #16
.b557	d0 ee		bne $b547	        bne -
.b559	8e e3 b6	stx $b6e3	+       stx slen
.b55c	8e 3e 85	stx $853e	        stx gm_nlen
.b55f	18		clc		        clc
.b560	60		rts		        rts
.b561					fail:
.b561	20 66 b5	jsr $b566	        jsr fail_alert
.b564	38		sec		        sec
.b565	60		rts		        rts
.b566					fail_alert:
.b566	48		pha		        pha                     ; gm_error_hex takes the code from the stack
.b567	a9 7f		lda #$7f	        lda #<s_nocopy
.b569	a2 b6		ldx #$b6	        ldx #>s_nocopy
.b56b	20 cd 6f	jsr $6fcd	        jsr gm_fail_head
.b56e	4c 70 6f	jmp $6f70	        jmp gm_error_hex
.b571					open:
.b571	8e e4 b6	stx $b6e4	        stx slot
.b574	8d 87 3d	sta $3d87	        sta N_FMODE
.b577	ad 20 3d	lda $3d20	        lda N_CURRENT
.b57a	8d 80 3d	sta $3d80	        sta N_FOWNER
.b57d	a9 00		lda #$00	        lda #0
.b57f	a2 03		ldx #$03	        ldx #3
.b581	9d 81 3d	sta $3d81,x	-       sta N_FHANDLE,x
.b584	ca		dex		        dex
.b585	10 fa		bpl $b581	        bpl -
.b587	ad e4 b6	lda $b6e4	        lda slot
.b58a	d0 2c		bne $b5b8	        bne open_destination
.b58c	ad e0 b6	lda $b6e0	        lda sdev
.b58f	8d 85 3d	sta $3d85	        sta N_FDEVICE
.b592	ad e1 b6	lda $b6e1	        lda sfmt
.b595	8d 96 3d	sta $3d96	        sta N_FFORMAT
.b598	ad e2 b6	lda $b6e2	        lda stype
.b59b	8d 88 3d	sta $3d88	        sta N_FTYPE
.b59e	ad e3 b6	lda $b6e3	        lda slen
.b5a1	8d 86 3d	sta $3d86	        sta N_FNAMELEN
.b5a4	a2 00		ldx #$00	        ldx #0
.b5a6	bd 00 52	lda $5200,x	-       lda spath,x
.b5a9	9d 00 4e	sta $4e00,x	        sta N_UPATH,x
.b5ac	e0 10		cpx #$10	        cpx #16
.b5ae	b0 03		bcs $b5b3	        bcs +
.b5b0	9d a0 3d	sta $3da0,x	        sta N_FNAME,x
.b5b3	e8		inx		+       inx
.b5b4	d0 f0		bne $b5a6	        bne -
.b5b6	f0 2a		beq $b5e2	        beq open_call
.b5b8					open_destination:
.b5b8	ad dd b6	lda $b6dd	        lda dopen
.b5bb	8d 85 3d	sta $3d85	        sta N_FDEVICE
.b5be	ad dc b6	lda $b6dc	        lda dfmt
.b5c1	8d 96 3d	sta $3d96	        sta N_FFORMAT
.b5c4	ad de b6	lda $b6de	        lda dtype
.b5c7	8d 88 3d	sta $3d88	        sta N_FTYPE
.b5ca	ad df b6	lda $b6df	        lda dlen
.b5cd	8d 86 3d	sta $3d86	        sta N_FNAMELEN
.b5d0	a2 00		ldx #$00	        ldx #0
.b5d2	bd 00 53	lda $5300,x	-       lda dpath,x
.b5d5	9d 00 4e	sta $4e00,x	        sta N_UPATH,x
.b5d8	e0 10		cpx #$10	        cpx #16
.b5da	b0 03		bcs $b5df	        bcs +
.b5dc	9d a0 3d	sta $3da0,x	        sta N_FNAME,x
.b5df	e8		inx		+       inx
.b5e0	d0 f0		bne $b5d2	        bne -
.b5e2					open_call:
.b5e2	20 41 1c	jsr $1c41	        jsr N_FOPEN
.b5e5	08		php		        php
.b5e6	48		pha		        pha
.b5e7	ae e4 b6	ldx $b6e4	        ldx slot
.b5ea	a0 00		ldy #$00	        ldy #0
.b5ec	b9 81 3d	lda $3d81,y	-       lda N_FHANDLE,y
.b5ef	9d e9 b6	sta $b6e9,x	        sta handles,x
.b5f2	e8		inx		        inx
.b5f3	c8		iny		        iny
.b5f4	c0 04		cpy #$04	        cpy #4
.b5f6	d0 f4		bne $b5ec	        bne -
.b5f8	68		pla		        pla
.b5f9	28		plp		        plp
.b5fa	60		rts		        rts
.b5fb					select:
.b5fb	8e e4 b6	stx $b6e4	        stx slot
.b5fe	ad 20 3d	lda $3d20	        lda N_CURRENT
.b601	8d 80 3d	sta $3d80	        sta N_FOWNER
.b604	a0 00		ldy #$00	        ldy #0
.b606	bd e9 b6	lda $b6e9,x	-       lda handles,x
.b609	99 81 3d	sta $3d81,y	        sta N_FHANDLE,y
.b60c	e8		inx		        inx
.b60d	c8		iny		        iny
.b60e	c0 04		cpy #$04	        cpy #4
.b610	d0 f4		bne $b606	        bne -
.b612	60		rts		        rts
.b613					read_source:
.b613	a9 00		lda #$00	        lda #0
.b615	a0 02		ldy #$02	        ldy #2
.b617	d0 02		bne $b61b	        bne read_count
.b619					read_head:
.b619	a0 00		ldy #$00	        ldy #0
.b61b					read_count:
.b61b	8d 89 3d	sta $3d89	        sta N_FCOUNT
.b61e	8c 8a 3d	sty $3d8a	        sty N_FCOUNT+1
.b621	a2 00		ldx #$00	        ldx #0
.b623	20 fb b5	jsr $b5fb	        jsr select
.b626	20 44 1c	jsr $1c44	        jsr N_FREAD
.b629	b0 13		bcs $b63e	        bcs +
.b62b	ad 8b 3d	lda $3d8b	        lda N_FACTUAL
.b62e	8d e6 b6	sta $b6e6	        sta size
.b631	ad 8c 3d	lda $3d8c	        lda N_FACTUAL+1
.b634	8d e7 b6	sta $b6e7	        sta size+1
.b637	ad 8d 3d	lda $3d8d	        lda N_FEOF
.b63a	8d e8 b6	sta $b6e8	        sta eof
.b63d	18		clc		        clc
.b63e	60		rts		+       rts
.b63f					cancel:
.b63f	20 3b 1c	jsr $1c3b	        jsr N_KEYIN
.b642	c9 1b		cmp #$1b	        cmp #27
.b644	f0 02		beq $b648	        beq +
.b646	18		clc		        clc
.b647	60		rts		        rts
.b648	38		sec		+       sec
.b649	60		rts		        rts
.b64a					close_streams:
.b64a	a2 04		ldx #$04	        ldx #4
.b64c	20 53 b6	jsr $b653	        jsr close_one
.b64f	b0 2d		bcs $b67e	        bcs +
.b651	a2 00		ldx #$00	        ldx #0
.b653					close_one:
.b653	bd e9 b6	lda $b6e9,x	        lda handles,x
.b656	1d ea b6	ora $b6ea,x	        ora handles+1,x
.b659	1d eb b6	ora $b6eb,x	        ora handles+2,x
.b65c	1d ec b6	ora $b6ec,x	        ora handles+3,x
.b65f	f0 1c		beq $b67d	        beq closed
.b661	8e e5 b6	stx $b6e5	        stx close_at
.b664	20 fb b5	jsr $b5fb	        jsr select
.b667	20 4a 1c	jsr $1c4a	        jsr N_FCLOSE
.b66a	b0 12		bcs $b67e	        bcs +
.b66c	ae e5 b6	ldx $b6e5	        ldx close_at
.b66f	a9 00		lda #$00	        lda #0
.b671	9d e9 b6	sta $b6e9,x	        sta handles,x
.b674	9d ea b6	sta $b6ea,x	        sta handles+1,x
.b677	9d eb b6	sta $b6eb,x	        sta handles+2,x
.b67a	9d ec b6	sta $b6ec,x	        sta handles+3,x
.b67d					closed:
.b67d	18		clc		        clc
.b67e	60		rts		+       rts
>b67f	5b 33 5d 5b 43 6f 75 6c		s_nocopy: .byte 91,51,93,91,67,111,117,108,100,32,110,111,116,32,99,111,112,121,124,0   ; [3][Could not copy|
>b687	64 20 6e 6f 74 20 63 6f 70 79 7c 00
>b693	5b 31 5d 5b 46 6f 6c 64		s_unsupported: .byte 91,49,93,91,70,111,108,100,101,114,115,32,111,110,116,111,32,97,32,100,114,105,118,101,44,124,82,69,76,32,97,110,100,32,117,110,99,108,111,115,101,100,32,102,105,108,101,115,124,99,97,110,110,111,116,32,98,101,32,99,111,112,105,101,100,46,93,91,79,75,93,0   ; [1][Folders onto a drive,|REL and unclosed files|cannot be copied.][OK]
>b69b	65 72 73 20 6f 6e 74 6f 20 61 20 64 72 69 76 65
>b6ab	2c 7c 52 45 4c 20 61 6e 64 20 75 6e 63 6c 6f 73
>b6bb	65 64 20 66 69 6c 65 73 7c 63 61 6e 6e 6f 74 20
>b6cb	62 65 20 63 6f 70 69 65 64 2e 5d 5b 4f 4b 5d 00
>b6db	00				isdir: .byte 0                  ; the row is a folder
>b6dc	00				dfmt: .byte 0
>b6dd	00				dopen: .byte 0
>b6de	00				dtype: .byte 0
>b6df	00				dlen: .byte 0
>b6e0	00				sdev: .byte 0
>b6e1	00				sfmt: .byte 0
>b6e2	00				stype: .byte 0
>b6e3	00				slen: .byte 0
>b6e4	00				slot: .byte 0
>b6e5	00				close_at: .byte 0
>b6e6	00 00				size: .word 0
>b6e8	00				eof: .byte 0
>b6e9	00 00 00 00 00 00 00 00		handles: .fill 8,0
=20992					spath = gm_sortbuf+512          ; the names, after a 512-byte chunk (painting,
=21248					dpath = gm_sortbuf+768          ; only when a progress window closes, fills just

;******  Return to file: src/native/gemdesk-copy.inc

.b6f1					copy_new:
.b6f1	a9 00		lda #$00	        lda #0
.b6f3	8d f0 bf	sta $bff0	        sta keep
.b6f6					copy:
.b6f6	a9 00		lda #$00	        lda #0
.b6f8	8d f5 bf	sta $bff5	        sta phase
.b6fb	a2 07		ldx #$07	        ldx #7
.b6fd	9d e9 b6	sta $b6e9,x	-       sta handles,x
.b700	9d f8 bf	sta $bff8,x	        sta counts,x
.b703	ca		dex		        dex
.b704	10 f7		bpl $b6fd	        bpl -
.b706	ee f5 bf	inc $bff5	        inc phase               ; 1: copying
.b709	a2 00		ldx #$00	        ldx #0
.b70b	a9 00		lda #$00	        lda #0
.b70d	20 71 b5	jsr $b571	        jsr open
.b710	90 03		bcc $b715	        bcs io_error
.b712	4c dd b8	jmp $b8dd
.b715	20 13 b6	jsr $b613	        jsr read_source
.b718	b0 f8		bcs $b712	        bcs io_error
.b71a	ad e6 b6	lda $b6e6	        lda size
.b71d	0d e7 b6	ora $b6e7	        ora size+1
.b720	d0 1e		bne $b740	        bne create
.b722	ad e8 b6	lda $b6e8	        lda eof
.b725	d0 03		bne $b72a	        beq short
.b727	4c c9 b7	jmp $b7c9
.b72a	ad dc b6	lda $b6dc	        lda dfmt
.b72d	c9 03		cmp #$03	        cmp #3
.b72f	f0 0f		beq $b740	        beq create
.b731	20 4a b6	jsr $b64a	        jsr close_streams
.b734	90 03		bcc $b739	        bcs close_error
.b736	4c 30 b9	jmp $b930
.b739	a9 0e		lda #$0e	        lda #<s_empty
.b73b	a2 bf		ldx #$bf	        ldx #>s_empty
.b73d	4c 17 b5	jmp $b517	        jmp refuse
.b740					create:
.b740	20 2b be	jsr $be2b	        jsr stash               ; OPEN may reuse the service buffer
.b743	ad dc b6	lda $b6dc	        lda dfmt                ; USB: FILE_STAT first (a drive answers 63)
.b746	c9 03		cmp #$03	        cmp #3
.b748	d0 0f		bne $b759	        bne +
.b74a	a9 08		lda #$08	        lda #$08
.b74c	20 7c bc	jsr $bc7c	        jsr ucmd_d
.b74f	b0 08		bcs $b759	        bcs +                   ; nothing there
.b751	20 4a b6	jsr $b64a	        jsr close_streams
.b754	b0 e0		bcs $b736	        bcs close_error
.b756	4c 40 b9	jmp $b940	        jmp conflict
.b759	a2 04		ldx #$04	+       ldx #4
.b75b	a9 01		lda #$01	        lda #1                  ; exclusive create
.b75d	20 71 b5	jsr $b571	        jsr open
.b760	b0 b0		bcs $b712	        bcs io_error
.b762	ee ee bf	inc $bfee	        inc created
.b765	4c 80 b7	jmp $b780	        jmp write
.b768					next_chunk:
.b768	20 3f b6	jsr $b63f	        jsr cancel
.b76b	90 03		bcc $b770	        bcs cancelled
.b76d	4c b2 b8	jmp $b8b2
.b770	20 13 b6	jsr $b613	        jsr read_source
.b773	b0 9d		bcs $b712	        bcs io_error
.b775	ad e6 b6	lda $b6e6	        lda size
.b778	0d e7 b6	ora $b6e7	        ora size+1
.b77b	f0 3f		beq $b7bc	        beq written
.b77d	20 2b be	jsr $be2b	        jsr stash
.b780					write:
.b780	ad e6 b6	lda $b6e6	        lda size
.b783	0d e7 b6	ora $b6e7	        ora size+1
.b786	f0 34		beq $b7bc	        beq written
.b788	a2 04		ldx #$04	        ldx #4
.b78a	20 fb b5	jsr $b5fb	        jsr select
.b78d	a2 00		ldx #$00	        ldx #0
.b78f	bd 00 50	lda $5000,x	-       lda data,x
.b792	9d 00 3a	sta $3a00,x	        sta N_BUFFER,x
.b795	bd 00 51	lda $5100,x	        lda data+256,x
.b798	9d 00 3b	sta $3b00,x	        sta N_BUFFER+256,x
.b79b	e8		inx		        inx
.b79c	d0 f1		bne $b78f	        bne -
.b79e	ad e6 b6	lda $b6e6	        lda size
.b7a1	8d 89 3d	sta $3d89	        sta N_FCOUNT
.b7a4	ad e7 b6	lda $b6e7	        lda size+1
.b7a7	8d 8a 3d	sta $3d8a	        sta N_FCOUNT+1
.b7aa	20 47 1c	jsr $1c47	        jsr N_FWRITE
.b7ad	90 03		bcc $b7b2	        bcs io_error
.b7af	4c dd b8	jmp $b8dd
.b7b2	20 1c be	jsr $be1c	        jsr acknowledged
.b7b5	d0 12		bne $b7c9	        bne short
.b7b7	a2 00		ldx #$00	        ldx #0
.b7b9	20 3d be	jsr $be3d	        jsr advance
.b7bc					written:
.b7bc	ad e8 b6	lda $b6e8	        lda eof
.b7bf	d0 0d		bne $b7ce	        bne reopen
.b7c1	ad e6 b6	lda $b6e6	        lda size
.b7c4	0d e7 b6	ora $b6e7	        ora size+1
.b7c7	d0 9f		bne $b768	        bne next_chunk
.b7c9					short:
.b7c9	a9 11		lda #$11	        lda #N_IOERROR
.b7cb	4c dd b8	jmp $b8dd	        jmp io_error
.b7ce					reopen:
.b7ce	20 4a b6	jsr $b64a	        jsr close_streams
.b7d1	90 03		bcc $b7d6	        bcs close_error
.b7d3	4c 30 b9	jmp $b930
.b7d6	ee f5 bf	inc $bff5	        inc phase               ; 2: comparing
.b7d9	a2 00		ldx #$00	        ldx #0
.b7db	a9 00		lda #$00	        lda #0
.b7dd	20 71 b5	jsr $b571	        jsr open
.b7e0	b0 cd		bcs $b7af	        bcs io_error
.b7e2	a2 04		ldx #$04	        ldx #4
.b7e4	a9 00		lda #$00	        lda #0
.b7e6	20 71 b5	jsr $b571	        jsr open
.b7e9	b0 c4		bcs $b7af	        bcs io_error
.b7eb					next_compare:
.b7eb	20 3f b6	jsr $b63f	        jsr cancel
.b7ee	90 03		bcc $b7f3	        bcs cancelled
.b7f0	4c b2 b8	jmp $b8b2
.b7f3	20 13 b6	jsr $b613	        jsr read_source
.b7f6	b0 b7		bcs $b7af	        bcs io_error
.b7f8	ad e6 b6	lda $b6e6	        lda size
.b7fb	0d e7 b6	ora $b6e7	        ora size+1
.b7fe	f0 5b		beq $b85b	        beq compared
.b800	20 2b be	jsr $be2b	        jsr stash
.b803	a2 04		ldx #$04	        ldx #4
.b805	20 fb b5	jsr $b5fb	        jsr select
.b808	ad e6 b6	lda $b6e6	        lda size
.b80b	8d 89 3d	sta $3d89	        sta N_FCOUNT
.b80e	ad e7 b6	lda $b6e7	        lda size+1
.b811	8d 8a 3d	sta $3d8a	        sta N_FCOUNT+1
.b814	20 44 1c	jsr $1c44	        jsr N_FREAD
.b817	b0 96		bcs $b7af	        bcs io_error
.b819	20 1c be	jsr $be1c	        jsr acknowledged
.b81c	f0 03		beq $b821	        bne mismatch
.b81e	4c a6 b8	jmp $b8a6
.b821	a2 00		ldx #$00	        ldx #0
.b823	ad e7 b6	lda $b6e7	-       lda size+1              ; the first page: all of it, or size bytes
.b826	d0 05		bne $b82d	        bne +
.b828	ec e6 b6	cpx $b6e6	        cpx size
.b82b	b0 29		bcs $b856	        bcs same
.b82d	bd 00 3a	lda $3a00,x	+       lda N_BUFFER,x
.b830	dd 00 50	cmp $5000,x	        cmp data,x
.b833	d0 71		bne $b8a6	        bne mismatch
.b835	e8		inx		        inx
.b836	d0 eb		bne $b823	        bne -
.b838	ad e7 b6	lda $b6e7	        lda size+1
.b83b	f0 19		beq $b856	        beq same
.b83d	c9 02		cmp #$02	-       cmp #2                  ; the second page
.b83f	f0 05		beq $b846	        beq +
.b841	ec e6 b6	cpx $b6e6	        cpx size
.b844	b0 10		bcs $b856	        bcs same
.b846	bd 00 3b	lda $3b00,x	+       lda N_BUFFER+256,x
.b849	dd 00 51	cmp $5100,x	        cmp data+256,x
.b84c	d0 58		bne $b8a6	        bne mismatch
.b84e	e8		inx		        inx
.b84f	ad e7 b6	lda $b6e7	        lda size+1
.b852	e0 00		cpx #$00	        cpx #0
.b854	d0 e7		bne $b83d	        bne -
.b856					same:
.b856	a2 04		ldx #$04	        ldx #4
.b858	20 3d be	jsr $be3d	        jsr advance
.b85b					compared:
.b85b	ad e8 b6	lda $b6e8	        lda eof
.b85e	d0 0d		bne $b86d	        bne tail
.b860	ad e6 b6	lda $b6e6	        lda size
.b863	0d e7 b6	ora $b6e7	        ora size+1
.b866	d0 83		bne $b7eb	        bne next_compare
.b868	d0 03		bne $b86d	        beq short
.b86a	4c c9 b7	jmp $b7c9
.b86d					tail:
.b86d	a2 04		ldx #$04	        ldx #4
.b86f	20 fb b5	jsr $b5fb	        jsr select
.b872	a9 01		lda #$01	        lda #1
.b874	8d 89 3d	sta $3d89	        sta N_FCOUNT
.b877	a9 00		lda #$00	        lda #0
.b879	8d 8a 3d	sta $3d8a	        sta N_FCOUNT+1
.b87c	20 44 1c	jsr $1c44	        jsr N_FREAD
.b87f	b0 5c		bcs $b8dd	        bcs io_error
.b881	ad 8b 3d	lda $3d8b	        lda N_FACTUAL
.b884	0d 8c 3d	ora $3d8c	        ora N_FACTUAL+1
.b887	d0 1d		bne $b8a6	        bne mismatch
.b889	ad 8d 3d	lda $3d8d	        lda N_FEOF
.b88c	f0 18		beq $b8a6	        beq mismatch
.b88e	a2 03		ldx #$03	        ldx #3
.b890	bd f8 bf	lda $bff8,x	-       lda counts,x
.b893	dd fc bf	cmp $bffc,x	        cmp counts+4,x
.b896	d0 0e		bne $b8a6	        bne mismatch
.b898	ca		dex		        dex
.b899	10 f5		bpl $b890	        bpl -
.b89b	20 4a b6	jsr $b64a	        jsr close_streams
.b89e	90 03		bcc $b8a3	        bcs close_error
.b8a0	4c 30 b9	jmp $b930
.b8a3	4c 3e b9	jmp $b93e	        jmp finished
.b8a6					mismatch:
.b8a6	20 4a b6	jsr $b64a	        jsr close_streams
.b8a9	b0 f5		bcs $b8a0	        bcs close_error
.b8ab	a9 3a		lda #$3a	        lda #<s_mismatch
.b8ad	a2 bf		ldx #$bf	        ldx #>s_mismatch
.b8af	4c 17 b5	jmp $b517	        jmp refuse
.b8b2					cancelled:
.b8b2	ee ed bf	inc $bfed	        inc stop
.b8b5	20 4a b6	jsr $b64a	        jsr close_streams
.b8b8	b0 76		bcs $b930	        bcs close_error
.b8ba	a9 00		lda #$00	        lda #0
.b8bc	8d 01 87	sta $8701	        sta gm_alen
.b8bf	a9 97		lda #$97	        lda #<s_stopped
.b8c1	a2 be		ldx #$be	        ldx #>s_stopped
.b8c3	20 b7 6d	jsr $6db7	        jsr gm_astr
.b8c6	20 b1 b4	jsr $b4b1	        jsr adest
.b8c9	a9 aa		lda #$aa	        lda #<s_part
.b8cb	a2 be		ldx #$be	        ldx #>s_part
.b8cd	20 b7 6d	jsr $6db7	        jsr gm_astr
.b8d0	20 71 6c	jsr $6c71	        jsr gm_aname
.b8d3	a9 2e		lda #$2e	        lda #$2e
.b8d5	20 cb 6d	jsr $6dcb	        jsr gm_aput
.b8d8					failed_alert:
.b8d8	20 c8 6c	jsr $6cc8	        jsr gm_info_end
.b8db	38		sec		        sec
.b8dc	60		rts		        rts
.b8dd					io_error:
.b8dd	8d f6 bf	sta $bff6	        sta error
.b8e0	ad 8f 3d	lda $3d8f	        lda N_FDOS
.b8e3	8d f7 bf	sta $bff7	        sta dos
.b8e6	ad e4 b6	lda $b6e4	        lda slot                ; (the close selects other slots)
.b8e9	8d ea bf	sta $bfea	        sta failed_slot
.b8ec	20 4a b6	jsr $b64a	        jsr close_streams
.b8ef	b0 3f		bcs $b930	        bcs close_error
.b8f1	ad f5 bf	lda $bff5	        lda phase               ; creating: 63 is an existing name
.b8f4	c9 01		cmp #$01	        cmp #1
.b8f6	d0 11		bne $b909	        bne +
.b8f8	ad ea bf	lda $bfea	        lda failed_slot
.b8fb	c9 04		cmp #$04	        cmp #4
.b8fd	d0 0a		bne $b909	        bne +
.b8ff	ad f7 bf	lda $bff7	        lda dos
.b902	c9 3f		cmp #$3f	        cmp #63
.b904	d0 03		bne $b909	        bne +
.b906	4c 40 b9	jmp $b940	        jmp conflict
.b909	ad f6 bf	lda $bff6	+       lda error
.b90c	4c 61 b5	jmp $b561	        jmp fail
.b90f					exists:
.b90f	a9 00		lda #$00	        lda #0
.b911	8d 01 87	sta $8701	        sta gm_alen
.b914	a9 5c		lda #$5c	        lda #<gm_s_head
.b916	a2 83		ldx #$83	        ldx #>gm_s_head
.b918	20 b7 6d	jsr $6db7	        jsr gm_astr
.b91b	20 71 6c	jsr $6c71	        jsr gm_aname
.b91e	a9 83		lda #$83	        lda #<s_exists
.b920	a2 be		ldx #$be	        ldx #>s_exists
.b922	20 b7 6d	jsr $6db7	        jsr gm_astr
.b925	20 b1 b4	jsr $b4b1	        jsr adest
.b928	a9 2e		lda #$2e	        lda #$2e
.b92a	20 cb 6d	jsr $6dcb	        jsr gm_aput
.b92d	4c d8 b8	jmp $b8d8	        jmp failed_alert
.b930					close_error:
.b930	48		pha		        pha
.b931	ad 20 3d	lda $3d20	        lda N_CURRENT
.b934	8d 80 3d	sta $3d80	        sta N_FOWNER
.b937	20 4d 1c	jsr $1c4d	        jsr N_FRELEASE
.b93a	68		pla		        pla
.b93b	4c 61 b5	jmp $b561	        jmp fail
.b93e					finished:
.b93e	18		clc		        clc
.b93f	60		rts		        rts
.b940					conflict:
.b940	ad f0 bf	lda $bff0	        lda keep
.b943	f0 0e		beq $b953	        beq ask_conflict
.b945	c9 09		cmp #$09	        cmp #9
.b947	b0 05		bcs $b94e	        bcs +
.b949	ee f0 bf	inc $bff0	        inc keep                ; NAME-N is taken too: the next number
.b94c	d0 59		bne $b9a7	        bne keep_name
.b94e	a9 00		lda #$00	+       lda #0
.b950	8d f0 bf	sta $bff0	        sta keep
.b953					ask_conflict:
.b953	ad e3 84	lda $84e3	        lda gm_confirm
.b956	29 08		and #$08	        and #GM_NOOVERASK
.b958	f0 03		beq $b95d	        bne replace
.b95a	4c 77 ba	jmp $ba77
.b95d	a9 00		lda #$00	        lda #0
.b95f	8d 01 87	sta $8701	        sta gm_alen
.b962	a9 72		lda #$72	        lda #<s_ask_head
.b964	a2 bf		ldx #$bf	        ldx #>s_ask_head
.b966	20 b7 6d	jsr $6db7	        jsr gm_astr
.b969	20 45 ba	jsr $ba45	        jsr aleaf
.b96c	a9 83		lda #$83	        lda #<s_exists
.b96e	a2 be		ldx #$be	        ldx #>s_exists
.b970	20 b7 6d	jsr $6db7	        jsr gm_astr
.b973	20 b1 b4	jsr $b4b1	        jsr adest
.b976	a9 77		lda #$77	        lda #<s_conflict
.b978	a2 bf		ldx #$bf	        ldx #>s_conflict
.b97a	20 b7 6d	jsr $6db7	        jsr gm_astr
.b97d	a9 00		lda #$00	        lda #0
.b97f	20 cb 6d	jsr $6dcb	        jsr gm_aput
.b982	a9 02		lda #$02	        lda #<gm_abuf
.b984	a2 87		ldx #$87	        ldx #>gm_abuf
.b986	a0 03		ldy #$03	        ldy #3
.b988	20 f4 62	jsr $62f4	        jsr gm_alert
.b98b	b0 10		bcs $b99d	        bcs conflict_stop       ; Esc
.b98d	ad 00 3a	lda $3a00	        lda N_BUFFER
.b990	c9 01		cmp #$01	        cmp #1
.b992	f0 c6		beq $b95a	        beq replace
.b994	c9 02		cmp #$02	        cmp #2
.b996	f0 0a		beq $b9a2	        beq keep_both
.b998					conflict_skip:
.b998	ee ef bf	inc $bfef	        inc skipped
.b99b	18		clc		        clc
.b99c	60		rts		        rts
.b99d					conflict_stop:
.b99d	ee ed bf	inc $bfed	        inc stop
.b9a0	38		sec		        sec
.b9a1	60		rts		        rts
.b9a2					keep_both:
.b9a2	a9 02		lda #$02	        lda #2
.b9a4	8d f0 bf	sta $bff0	        sta keep
.b9a7					keep_name:
.b9a7	ae df b6	ldx $b6df	        ldx dlen
.b9aa	ca		dex		-       dex
.b9ab	e0 ff		cpx #$ff	        cpx #$ff                ; (paths reach 255 bytes: not bmi)
.b9ad	f0 07		beq $b9b6	        beq +
.b9af	bd 00 53	lda $5300,x	        lda dpath,x
.b9b2	c9 2f		cmp #$2f	        cmp #$2f
.b9b4	d0 f4		bne $b9aa	        bne -
.b9b6	e8		inx		+       inx
.b9b7	8e f3 bf	stx $bff3	        stx leaf_at
.b9ba	ac 3e 85	ldy $853e	        ldy gm_nlen
.b9bd	8c f1 bf	sty $bff1	        sty ext_at
.b9c0	88		dey		-       dey
.b9c1	f0 0a		beq $b9cd	        beq +
.b9c3	b9 4a 89	lda $894a,y	        lda gm_name,y
.b9c6	c9 2e		cmp #$2e	        cmp #$2e
.b9c8	d0 f6		bne $b9c0	        bne -
.b9ca	8c f1 bf	sty $bff1	        sty ext_at
.b9cd	ad f1 bf	lda $bff1	+       lda ext_at
.b9d0	8d f2 bf	sta $bff2	        sta base_end
.b9d3	ad dc b6	lda $b6dc	        lda dfmt
.b9d6	c9 03		cmp #$03	        cmp #3
.b9d8	f0 26		beq $ba00	        beq k_usb
.b9da	ad 3e 85	lda $853e	        lda gm_nlen             ; a drive: cut what the suffix adds beyond 16
.b9dd	38		sec		        sec
.b9de	e9 0e		sbc #$0e	        sbc #14
.b9e0	90 28		bcc $ba0a	        bcc k_build
.b9e2	f0 26		beq $ba0a	        beq k_build
.b9e4	8d d5 bf	sta $bfd5	        sta k
.b9e7	ad f1 bf	lda $bff1	        lda ext_at
.b9ea	38		sec		        sec
.b9eb	ed d5 bf	sbc $bfd5	        sbc k
.b9ee	90 02		bcc $b9f2	        bcc +
.b9f0	d0 08		bne $b9fa	        bne k_cut
.b9f2	ad 3e 85	lda $853e	+       lda gm_nlen             ; the extension leaves too little: suffix last
.b9f5	8d f1 bf	sta $bff1	        sta ext_at
.b9f8	a9 0e		lda #$0e	        lda #14
.b9fa					k_cut:
.b9fa	8d f2 bf	sta $bff2	        sta base_end
.b9fd	4c 0a ba	jmp $ba0a	        jmp k_build
.ba00					k_usb:
.ba00	ad df b6	lda $b6df	        lda dlen
.ba03	c9 fe		cmp #$fe	        cmp #254
.ba05	90 03		bcc $ba0a	        bcc k_build
.ba07	4c 8b b4	jmp $b48b	        jmp toolong
.ba0a					k_build:
.ba0a	ae f3 bf	ldx $bff3	        ldx leaf_at
.ba0d	a0 00		ldy #$00	        ldy #0
.ba0f	cc f2 bf	cpy $bff2	-       cpy base_end
.ba12	f0 0a		beq $ba1e	        beq +
.ba14	b9 4a 89	lda $894a,y	        lda gm_name,y
.ba17	9d 00 53	sta $5300,x	        sta dpath,x
.ba1a	e8		inx		        inx
.ba1b	c8		iny		        iny
.ba1c	d0 f1		bne $ba0f	        bne -
.ba1e	a9 2d		lda #$2d	+       lda #$2d                ; -
.ba20	9d 00 53	sta $5300,x	        sta dpath,x
.ba23	e8		inx		        inx
.ba24	ad f0 bf	lda $bff0	        lda keep
.ba27	09 30		ora #$30	        ora #$30
.ba29	9d 00 53	sta $5300,x	        sta dpath,x
.ba2c	e8		inx		        inx
.ba2d	ac f1 bf	ldy $bff1	        ldy ext_at
.ba30	cc 3e 85	cpy $853e	-       cpy gm_nlen
.ba33	f0 0a		beq $ba3f	        beq +
.ba35	b9 4a 89	lda $894a,y	        lda gm_name,y
.ba38	9d 00 53	sta $5300,x	        sta dpath,x
.ba3b	e8		inx		        inx
.ba3c	c8		iny		        iny
.ba3d	d0 f1		bne $ba30	        bne -
.ba3f	8e df b6	stx $b6df	+       stx dlen
.ba42	4c f6 b6	jmp $b6f6	        jmp copy
.ba45					aleaf:
.ba45	ae df b6	ldx $b6df	        ldx dlen
.ba48	ca		dex		-       dex
.ba49	e0 ff		cpx #$ff	        cpx #$ff                ; (paths reach 255 bytes: not bmi)
.ba4b	f0 07		beq $ba54	        beq +
.ba4d	bd 00 53	lda $5300,x	        lda dpath,x
.ba50	c9 2f		cmp #$2f	        cmp #$2f
.ba52	d0 f4		bne $ba48	        bne -
.ba54	e8		inx		+       inx
.ba55	8e f3 bf	stx $bff3	        stx leaf_at
.ba58	a9 10		lda #$10	        lda #16
.ba5a	8d f4 bf	sta $bff4	        sta leaf_left
.ba5d	ae f3 bf	ldx $bff3	-       ldx leaf_at
.ba60	ec df b6	cpx $b6df	        cpx dlen
.ba63	f0 11		beq $ba76	        beq +
.ba65	bd 00 53	lda $5300,x	        lda dpath,x
.ba68	20 ae 6f	jsr $6fae	        jsr gm_printable
.ba6b	20 cb 6d	jsr $6dcb	        jsr gm_aput
.ba6e	ee f3 bf	inc $bff3	        inc leaf_at
.ba71	ce f4 bf	dec $bff4	        dec leaf_left
.ba74	d0 e7		bne $ba5d	        bne -
.ba76	60		rts		+       rts
.ba77					replace:
.ba77	ad dc b6	lda $b6dc	        lda dfmt
.ba7a	c9 03		cmp #$03	        cmp #3
.ba7c	f0 46		beq $bac4	        beq replace_usb
.ba7e	a9 53		lda #$53	        lda #$53                ; S0: and the exact name
.ba80	8d 6a 98	sta $986a	        sta dc_text
.ba83	a9 30		lda #$30	        lda #$30
.ba85	8d 6b 98	sta $986b	        sta dc_text+1
.ba88	a9 3a		lda #$3a	        lda #$3a
.ba8a	8d 6c 98	sta $986c	        sta dc_text+2
.ba8d	a2 00		ldx #$00	        ldx #0
.ba8f	bd 00 53	lda $5300,x	-       lda dpath,x
.ba92	9d 6d 98	sta $986d,x	        sta dc_text+3,x
.ba95	e8		inx		        inx
.ba96	ec df b6	cpx $b6df	        cpx dlen
.ba99	d0 f4		bne $ba8f	        bne -
.ba9b	8a		txa		        txa
.ba9c	18		clc		        clc
.ba9d	69 03		adc #$03	        adc #3
.ba9f	8d 69 98	sta $9869	        sta dc_length
.baa2	ad eb bf	lda $bfeb	        lda ddev
.baa5	8d 68 98	sta $9868	        sta dc_device
.baa8	8d de 86	sta $86de	        sta gm_dev
.baab	ad dc b6	lda $b6dc	        lda dfmt
.baae	8d df 86	sta $86df	        sta gm_fmt
.bab1	20 42 96	jsr $9642	        jsr dc_command
.bab4	b0 22		bcs $bad8	        bcs replace_fail
.bab6	c9 01		cmp #$01	        cmp #1                  ; 01, FILES SCRATCHED, exactly one
.bab8	d0 1c		bne $bad6	        bne replace_unproven
.baba	ad 94 98	lda $9894	        lda dc_track
.babd	c9 01		cmp #$01	        cmp #1
.babf	d0 15		bne $bad6	        bne replace_unproven
.bac1	4c f6 b6	jmp $b6f6	        jmp copy
.bac4					replace_usb:
.bac4	a9 09		lda #$09	        lda #$09                ; DELETE_FILE: an empty reply
.bac6	20 7c bc	jsr $bc7c	        jsr ucmd_d
.bac9	b0 0d		bcs $bad8	        bcs replace_fail
.bacb	ad 8b 3d	lda $3d8b	        lda N_FACTUAL
.bace	0d 8c 3d	ora $3d8c	        ora N_FACTUAL+1
.bad1	d0 03		bne $bad6	        bne replace_unproven
.bad3	4c f6 b6	jmp $b6f6	        jmp copy
.bad6					replace_unproven:
.bad6	a9 11		lda #$11	        lda #N_IOERROR
.bad8					replace_fail:
.bad8	4c 61 b5	jmp $b561	        jmp fail
.badb					tree:
.badb	ae e3 b6	ldx $b6e3	        ldx slen                ; not into itself: dpath is neither spath nor below it
.bade	ec df b6	cpx $b6df	        cpx dlen
.bae1	f0 09		beq $baec	        beq t_same
.bae3	b0 1a		bcs $baff	        bcs t_ok
.bae5	bd 00 53	lda $5300,x	        lda dpath,x
.bae8	c9 2f		cmp #$2f	        cmp #$2f
.baea	d0 13		bne $baff	        bne t_ok
.baec					t_same:
.baec	ca		dex		        dex
.baed	bd 00 52	lda $5200,x	-       lda spath,x
.baf0	dd 00 53	cmp $5300,x	        cmp dpath,x
.baf3	d0 0a		bne $baff	        bne t_ok
.baf5	ca		dex		        dex
.baf6	10 f5		bpl $baed	        bpl -
.baf8	a9 92		lda #$92	        lda #<s_itself
.bafa	a2 bf		ldx #$bf	        ldx #>s_itself
.bafc	4c 17 b5	jmp $b517	        jmp refuse
.baff					t_ok:
.baff	a9 00		lda #$00	        lda #0
.bb01	8d d3 bf	sta $bfd3	        sta depth
.bb04					t_make:
.bb04	20 3b bc	jsr $bc3b	        jsr mkdir
.bb07	b0 64		bcs $bb6d	        bcs t_out
.bb09	a9 00		lda #$00	        lda #0
.bb0b	8d d4 bf	sta $bfd4	        sta index
.bb0e					t_next:
.bb0e	20 3f b6	jsr $b63f	        jsr cancel
.bb11	b0 5b		bcs $bb6e	        bcs t_cancel
.bb13	20 bc bb	jsr $bbbc	        jsr dirent
.bb16	b0 55		bcs $bb6d	        bcs t_out
.bb18	f0 35		beq $bb4f	        beq t_up                ; no more here
.bb1a	20 b1 bc	jsr $bcb1	        jsr push_s
.bb1d	b0 4e		bcs $bb6d	        bcs t_out
.bb1f	20 d2 bc	jsr $bcd2	        jsr push_d
.bb22	b0 49		bcs $bb6d	        bcs t_out
.bb24	ad d6 bf	lda $bfd6	        lda eattr
.bb27	29 10		and #$10	        and #$10
.bb29	d0 11		bne $bb3c	        bne t_down
.bb2b	20 f1 b6	jsr $b6f1	        jsr copy_new
.bb2e	b0 3d		bcs $bb6d	        bcs t_out
.bb30	20 05 bd	jsr $bd05	        jsr pop_d
.bb33	20 f6 bc	jsr $bcf6	        jsr pop_s
.bb36	ee d4 bf	inc $bfd4	        inc index
.bb39	4c 0e bb	jmp $bb0e	        jmp t_next
.bb3c					t_down:
.bb3c	ae d3 bf	ldx $bfd3	        ldx depth
.bb3f	e0 10		cpx #$10	        cpx #TDEPTH
.bb41	b0 2e		bcs $bb71	        bcs t_deep
.bb43	ad d4 bf	lda $bfd4	        lda index
.bb46	9d d7 bf	sta $bfd7,x	        sta tstack,x
.bb49	ee d3 bf	inc $bfd3	        inc depth
.bb4c	4c 04 bb	jmp $bb04	        jmp t_make
.bb4f					t_up:
.bb4f	ad d3 bf	lda $bfd3	        lda depth
.bb52	f0 18		beq $bb6c	        beq t_done
.bb54	ce d3 bf	dec $bfd3	        dec depth
.bb57	20 05 bd	jsr $bd05	        jsr pop_d
.bb5a	20 f6 bc	jsr $bcf6	        jsr pop_s
.bb5d	ae d3 bf	ldx $bfd3	        ldx depth
.bb60	bd d7 bf	lda $bfd7,x	        lda tstack,x
.bb63	8d d4 bf	sta $bfd4	        sta index
.bb66	ee d4 bf	inc $bfd4	        inc index
.bb69	4c 0e bb	jmp $bb0e	        jmp t_next
.bb6c					t_done:
.bb6c	18		clc		        clc
.bb6d					t_out:
.bb6d	60		rts		        rts
.bb6e					t_cancel:
.bb6e	4c b2 b8	jmp $b8b2	        jmp cancelled
.bb71					t_deep:
.bb71	4c 8b b4	jmp $b48b	        jmp toolong
=16					TDEPTH = 16
.bb74					empty:
.bb74	a9 00		lda #$00	        lda #0
.bb76	8d d3 bf	sta $bfd3	        sta depth
.bb79					em_next:
.bb79	a9 00		lda #$00	        lda #0
.bb7b	8d d4 bf	sta $bfd4	        sta index
.bb7e	20 bc bb	jsr $bbbc	        jsr dirent
.bb81	b0 ea		bcs $bb6d	        bcs t_out
.bb83	f0 11		beq $bb96	        beq em_up
.bb85	20 b1 bc	jsr $bcb1	        jsr push_s
.bb88	b0 e3		bcs $bb6d	        bcs t_out
.bb8a	ad d6 bf	lda $bfd6	        lda eattr
.bb8d	29 10		and #$10	        and #$10
.bb8f	f0 0d		beq $bb9e	        beq em_file
.bb91	ee d3 bf	inc $bfd3	        inc depth
.bb94	d0 e3		bne $bb79	        bne em_next
.bb96					em_up:
.bb96	ad d3 bf	lda $bfd3	        lda depth
.bb99	f0 d1		beq $bb6c	        beq t_done              ; (the top folder stays)
.bb9b	ce d3 bf	dec $bfd3	        dec depth
.bb9e					em_file:
.bb9e	a9 09		lda #$09	        lda #$09                ; DELETE_FILE: a file, or a folder now empty
.bba0	ac e0 b6	ldy $b6e0	        ldy sdev
.bba3	20 95 bc	jsr $bc95	        jsr ucmd_s
.bba6	b0 11		bcs $bbb9	        bcs em_fail
.bba8	ad 8b 3d	lda $3d8b	        lda N_FACTUAL           ; a message instead of the empty reply: refused
.bbab	0d 8c 3d	ora $3d8c	        ora N_FACTUAL+1
.bbae	f0 03		beq $bbb3	        bne unproven
.bbb0	4c 77 bc	jmp $bc77
.bbb3	20 f6 bc	jsr $bcf6	        jsr pop_s
.bbb6	4c 79 bb	jmp $bb79	        jmp em_next
.bbb9					em_fail:
.bbb9	4c 61 b5	jmp $b561	        jmp fail
.bbbc					dirent:
.bbbc	a9 00		lda #$00	        lda #0
.bbbe	8d f5 bf	sta $bff5	        sta phase
.bbc1	8d d5 bf	sta $bfd5	        sta k
.bbc4	a2 00		ldx #$00	        ldx #0
.bbc6	a9 02		lda #$02	        lda #2                  ; a directory cursor
.bbc8	20 71 b5	jsr $b571	        jsr open
.bbcb	b0 68		bcs $bc35	        bcs e_error
.bbcd					e_read:
.bbcd	20 13 b6	jsr $b613	        jsr read_source         ; one packet: the attribute, then the name
.bbd0	b0 63		bcs $bc35	        bcs e_error
.bbd2	ad e6 b6	lda $b6e6	        lda size
.bbd5	0d e7 b6	ora $b6e7	        ora size+1
.bbd8	f0 53		beq $bc2d	        beq e_none
.bbda	ad d5 bf	lda $bfd5	        lda k
.bbdd	cd d4 bf	cmp $bfd4	        cmp index
.bbe0	90 1c		bcc $bbfe	        bcc e_skip
.bbe2	ad 01 3a	lda $3a01	        lda N_BUFFER+1          ; "." and ".."
.bbe5	c9 2e		cmp #$2e	        cmp #$2e
.bbe7	d0 1b		bne $bc04	        bne e_found
.bbe9	ae e6 b6	ldx $b6e6	        ldx size
.bbec	e0 02		cpx #$02	        cpx #2
.bbee	f0 0b		beq $bbfb	        beq e_dot
.bbf0	e0 03		cpx #$03	        cpx #3
.bbf2	d0 10		bne $bc04	        bne e_found
.bbf4	ad 02 3a	lda $3a02	        lda N_BUFFER+2
.bbf7	c9 2e		cmp #$2e	        cmp #$2e
.bbf9	d0 09		bne $bc04	        bne e_found
.bbfb					e_dot:
.bbfb	ee d4 bf	inc $bfd4	        inc index
.bbfe					e_skip:
.bbfe	ee d5 bf	inc $bfd5	        inc k
.bc01	4c cd bb	jmp $bbcd	        jmp e_read
.bc04					e_found:
.bc04	ad d5 bf	lda $bfd5	        lda k
.bc07	8d d4 bf	sta $bfd4	        sta index
.bc0a	ad 00 3a	lda $3a00	        lda N_BUFFER
.bc0d	8d d6 bf	sta $bfd6	        sta eattr
.bc10	ae e6 b6	ldx $b6e6	        ldx size
.bc13	ca		dex		        dex
.bc14	8e 3e 85	stx $853e	        stx gm_nlen
.bc17	a2 00		ldx #$00	        ldx #0
.bc19	bd 01 3a	lda $3a01,x	-       lda N_BUFFER+1,x
.bc1c	9d 4a 89	sta $894a,x	        sta gm_name,x
.bc1f	e8		inx		        inx
.bc20	ec 3e 85	cpx $853e	        cpx gm_nlen
.bc23	d0 f4		bne $bc19	        bne -
.bc25	20 4a b6	jsr $b64a	        jsr close_streams
.bc28	b0 0e		bcs $bc38	        bcs e_close
.bc2a	a9 01		lda #$01	        lda #1
.bc2c	60		rts		        rts
.bc2d					e_none:
.bc2d	20 4a b6	jsr $b64a	        jsr close_streams
.bc30	b0 06		bcs $bc38	        bcs e_close
.bc32	a9 00		lda #$00	        lda #0
.bc34	60		rts		        rts
.bc35					e_error:
.bc35	4c dd b8	jmp $b8dd	        jmp io_error
.bc38					e_close:
.bc38	4c 30 b9	jmp $b930	        jmp close_error
.bc3b					mkdir:
.bc3b	a9 08		lda #$08	        lda #$08
.bc3d	20 7c bc	jsr $bc7c	        jsr ucmd_d
.bc40	b0 0e		bcs $bc50	        bcs +
.bc42	ad 0b 3a	lda $3a0b	        lda N_BUFFER+11
.bc45	29 18		and #$18	        and #$18
.bc47	c9 10		cmp #$10	        cmp #$10
.bc49	f0 03		beq $bc4e	        beq m_merge
.bc4b	4c 0f b9	jmp $b90f	        jmp exists
.bc4e					m_merge:
.bc4e	18		clc		        clc
.bc4f	60		rts		        rts
.bc50	a9 16		lda #$16	+       lda #$16                ; CREATE_DIR
.bc52	20 7c bc	jsr $bc7c	        jsr ucmd_d
.bc55	90 03		bcc $bc5a	        bcs em_fail
.bc57	4c b9 bb	jmp $bbb9
.bc5a	ad 8b 3d	lda $3d8b	        lda N_FACTUAL
.bc5d	0d 8c 3d	ora $3d8c	        ora N_FACTUAL+1
.bc60	d0 15		bne $bc77	        bne unproven
.bc62	a9 08		lda #$08	        lda #$08
.bc64	20 7c bc	jsr $bc7c	        jsr ucmd_d
.bc67	b0 0e		bcs $bc77	        bcs unproven
.bc69	ad 0b 3a	lda $3a0b	        lda N_BUFFER+11
.bc6c	29 18		and #$18	        and #$18
.bc6e	c9 10		cmp #$10	        cmp #$10
.bc70	d0 05		bne $bc77	        bne unproven
.bc72	ee ee bf	inc $bfee	        inc created
.bc75	18		clc		        clc
.bc76	60		rts		        rts
.bc77					unproven:
.bc77	a9 11		lda #$11	        lda #N_IOERROR
.bc79	4c 61 b5	jmp $b561	        jmp fail
.bc7c					ucmd_d:
.bc7c	48		pha		        pha
.bc7d	a0 00		ldy #$00	        ldy #0
.bc7f	b9 00 53	lda $5300,y	-       lda dpath,y
.bc82	99 00 4e	sta $4e00,y	        sta N_UPATH,y
.bc85	c8		iny		        iny
.bc86	cc df b6	cpy $b6df	        cpy dlen
.bc89	d0 f4		bne $bc7f	        bne -
.bc8b	ad dd b6	lda $b6dd	        lda dopen
.bc8e	8d 00 3a	sta $3a00	        sta N_BUFFER
.bc91	68		pla		        pla
.bc92	4c a8 bc	jmp $bca8	        jmp ucmd
.bc95					ucmd_s:
.bc95	8c 00 3a	sty $3a00	        sty N_BUFFER
.bc98	a0 00		ldy #$00	        ldy #0
.bc9a	48		pha		-       pha
.bc9b	b9 00 52	lda $5200,y	        lda spath,y
.bc9e	99 00 4e	sta $4e00,y	        sta N_UPATH,y
.bca1	68		pla		        pla
.bca2	c8		iny		        iny
.bca3	cc e3 b6	cpy $b6e3	        cpy slen
.bca6	d0 f2		bne $bc9a	        bne -
.bca8					ucmd:
.bca8	8c 86 3d	sty $3d86	        sty N_FNAMELEN
.bcab	8d 01 3a	sta $3a01	        sta N_BUFFER+1
.bcae	4c e1 76	jmp $76e1	        jmp gm_ucmd_at
.bcb1					push_s:
.bcb1	ae e3 b6	ldx $b6e3	        ldx slen
.bcb4	a9 2f		lda #$2f	        lda #$2f
.bcb6	9d 00 52	sta $5200,x	        sta spath,x
.bcb9	a0 00		ldy #$00	        ldy #0
.bcbb	e8		inx		-       inx
.bcbc	f0 35		beq $bcf3	        beq p_long
.bcbe	b9 4a 89	lda $894a,y	        lda gm_name,y
.bcc1	9d 00 52	sta $5200,x	        sta spath,x
.bcc4	c8		iny		        iny
.bcc5	cc 3e 85	cpy $853e	        cpy gm_nlen
.bcc8	d0 f1		bne $bcbb	        bne -
.bcca	e8		inx		        inx
.bccb	f0 26		beq $bcf3	        beq p_long
.bccd	8e e3 b6	stx $b6e3	        stx slen
.bcd0	18		clc		        clc
.bcd1	60		rts		        rts
.bcd2					push_d:
.bcd2	ae df b6	ldx $b6df	        ldx dlen
.bcd5	a9 2f		lda #$2f	        lda #$2f
.bcd7	9d 00 53	sta $5300,x	        sta dpath,x
.bcda	a0 00		ldy #$00	        ldy #0
.bcdc	e8		inx		-       inx
.bcdd	f0 14		beq $bcf3	        beq p_long
.bcdf	b9 4a 89	lda $894a,y	        lda gm_name,y
.bce2	9d 00 53	sta $5300,x	        sta dpath,x
.bce5	c8		iny		        iny
.bce6	cc 3e 85	cpy $853e	        cpy gm_nlen
.bce9	d0 f1		bne $bcdc	        bne -
.bceb	e8		inx		        inx
.bcec	f0 05		beq $bcf3	        beq p_long
.bcee	8e df b6	stx $b6df	        stx dlen
.bcf1	18		clc		        clc
.bcf2	60		rts		        rts
.bcf3					p_long:
.bcf3	4c 8b b4	jmp $b48b	        jmp toolong
.bcf6					pop_s:
.bcf6	ae e3 b6	ldx $b6e3	        ldx slen
.bcf9	ca		dex		-       dex
.bcfa	bd 00 52	lda $5200,x	        lda spath,x
.bcfd	c9 2f		cmp #$2f	        cmp #$2f
.bcff	d0 f8		bne $bcf9	        bne -
.bd01	8e e3 b6	stx $b6e3	        stx slen
.bd04	60		rts		        rts
.bd05					pop_d:
.bd05	ae df b6	ldx $b6df	        ldx dlen
.bd08	ca		dex		-       dex
.bd09	bd 00 53	lda $5300,x	        lda dpath,x
.bd0c	c9 2f		cmp #$2f	        cmp #$2f
.bd0e	d0 f8		bne $bd08	        bne -
.bd10	8e df b6	stx $b6df	        stx dlen
.bd13	60		rts		        rts

;******  Processing file: src/native/gemdesk-progress.inc

=7					PW_X = 7
=10					PW_Y = 10
=26					PW_W = 26
=3					PW_H = 3
.bd14					progress_open:
.bd14	a9 00		lda #$00	        lda #WS_CREATE
.bd16	8d 00 3a	sta $3a00	        sta N_BUFFER
.bd19	a9 01		lda #$01	        lda #<WK_NAME
.bd1b	8d 02 3a	sta $3a02	        sta N_BUFFER+2
.bd1e	a9 00		lda #$00	        lda #>WK_NAME
.bd20	8d 03 3a	sta $3a03	        sta N_BUFFER+3
.bd23	20 65 bd	jsr $bd65	        jsr pw_rect             ; (the full size: the rectangle it opens at)
.bd26	20 4a 62	jsr $624a	        jsr gm_wcall
.bd29	b0 2c		bcs $bd57	        bcs pw_none             ; no window free: the copy goes on without one
.bd2b	ad 00 3a	lda $3a00	        lda N_BUFFER
.bd2e	8d e3 bd	sta $bde3	        sta pw
.bd31	20 7c bd	jsr $bd7c	        jsr progress_title
.bd34	a9 01		lda #$01	        lda #WS_OPEN
.bd36	20 58 bd	jsr $bd58	        jsr pw_call
.bd39	20 62 bd	jsr $bd62	        jsr pw_rect_at_2
.bd3c	20 4a 62	jsr $624a	        jsr gm_wcall
.bd3f	a9 07		lda #$07	        lda #WS_FILL            ; its work row: paper
.bd41	20 58 bd	jsr $bd58	        jsr pw_call
.bd44	a9 00		lda #$00	        lda #0
.bd46	8d 02 3a	sta $3a02	        sta N_BUFFER+2
.bd49	a9 61		lda #$61	        lda #GM_PAPER
.bd4b	8d 03 3a	sta $3a03	        sta N_BUFFER+3
.bd4e	20 65 bd	jsr $bd65	        jsr pw_rect
.bd51	20 4a 62	jsr $624a	        jsr gm_wcall
.bd54	4c b9 62	jmp $62b9	        jmp ae_present
.bd57					pw_none:
.bd57	60		rts		        rts
.bd58					pw_call:
.bd58	8d 00 3a	sta $3a00	        sta N_BUFFER
.bd5b	ad e3 bd	lda $bde3	        lda pw
.bd5e	8d 01 3a	sta $3a01	        sta N_BUFFER+1
.bd61	60		rts		        rts
.bd62					pw_rect_at_2:
.bd62	a2 00		ldx #$00	        ldx #0
>bd64	2c				        .byte $2c               ; (bit abs: skips the next ldx)
.bd65					pw_rect:
.bd65	a2 02		ldx #$02	        ldx #2
.bd67	a9 07		lda #$07	        lda #PW_X
.bd69	9d 02 3a	sta $3a02,x	        sta N_BUFFER+2,x
.bd6c	a9 0a		lda #$0a	        lda #PW_Y
.bd6e	9d 03 3a	sta $3a03,x	        sta N_BUFFER+3,x
.bd71	a9 1a		lda #$1a	        lda #PW_W
.bd73	9d 04 3a	sta $3a04,x	        sta N_BUFFER+4,x
.bd76	a9 03		lda #$03	        lda #PW_H
.bd78	9d 05 3a	sta $3a05,x	        sta N_BUFFER+5,x
.bd7b	60		rts		        rts
.bd7c					progress_title:
.bd7c	ad e3 bd	lda $bde3	        lda pw
.bd7f	f0 d6		beq $bd57	        beq pw_none
.bd81	20 e4 bd	jsr $bde4	        jsr progress_text
.bd84	a9 04		lda #$04	        lda #WS_SET
.bd86	20 58 bd	jsr $bd58	        jsr pw_call
.bd89	a9 02		lda #$02	        lda #WF_NAME
.bd8b	8d 02 3a	sta $3a02	        sta N_BUFFER+2
.bd8e	a2 00		ldx #$00	        ldx #0
.bd90	bd 02 87	lda $8702,x	-       lda gm_abuf,x
.bd93	9d 03 3a	sta $3a03,x	        sta N_BUFFER+3,x
.bd96	e8		inx		        inx
.bd97	ec 01 87	cpx $8701	        cpx gm_alen
.bd9a	d0 f4		bne $bd90	        bne -
.bd9c	20 4a 62	jsr $624a	        jsr gm_wcall
.bd9f	4c b9 62	jmp $62b9	        jmp ae_present
.bda2					progress_close:
.bda2	ad e3 bd	lda $bde3	        lda pw
.bda5	f0 b0		beq $bd57	        beq pw_none
.bda7	a9 02		lda #$02	        lda #WS_CLOSE
.bda9	20 58 bd	jsr $bd58	        jsr pw_call
.bdac	20 4a 62	jsr $624a	        jsr gm_wcall
.bdaf	a9 03		lda #$03	        lda #WS_DELETE
.bdb1	20 58 bd	jsr $bd58	        jsr pw_call
.bdb4	20 4a 62	jsr $624a	        jsr gm_wcall
.bdb7	a9 00		lda #$00	        lda #0
.bdb9	8d e3 bd	sta $bde3	        sta pw
.bdbc					pw_drain:
.bdbc	a9 30		lda #$30	        lda #MU_MESAG|MU_TIMER
.bdbe	8d cf 94	sta $94cf	        sta ae_ev_params
.bdc1	a9 00		lda #$00	        lda #0
.bdc3	8d dd 94	sta $94dd	        sta ae_ev_params+14
.bdc6	8d de 94	sta $94de	        sta ae_ev_params+15
.bdc9	20 63 92	jsr $9263	        jsr ae_event
.bdcc	b0 0d		bcs $bddb	        bcs +
.bdce	ad df 94	lda $94df	        lda ae_ev_result
.bdd1	29 10		and #$10	        and #MU_MESAG
.bdd3	f0 06		beq $bddb	        beq +
.bdd5	20 41 63	jsr $6341	        jsr gm_message
.bdd8	4c bc bd	jmp $bdbc	        jmp pw_drain
.bddb	a9 00		lda #$00	+       lda #0                  ; no timer left for the next wait: an alert's
.bddd	8d cf 94	sta $94cf	        sta ae_ev_params        ; wait would otherwise wake on every jiffy
.bde0	4c b9 62	jmp $62b9	        jmp ae_present
>bde3	00				pw: .byte 0                     ; the progress window's handle, 0 when none

;******  Return to file: src/native/gemdesk-copy.inc

.bde4					progress_text:
.bde4	a9 00		lda #$00	        lda #0
.bde6	8d 01 87	sta $8701	        sta gm_alen
.bde9	a9 c2		lda #$c2	        lda #<s_copying
.bdeb	a2 bf		ldx #$bf	        ldx #>s_copying
.bded	ac ec bf	ldy $bfec	        ldy choice
.bdf0	c0 02		cpy #$02	        cpy #2
.bdf2	d0 04		bne $bdf8	        bne +
.bdf4	a9 cb		lda #$cb	        lda #<s_moving
.bdf6	a2 bf		ldx #$bf	        ldx #>s_moving
.bdf8	20 b7 6d	jsr $6db7	+       jsr gm_astr
.bdfb	ad e7 bf	lda $bfe7	        lda item_no
.bdfe	20 11 be	jsr $be11	        jsr pt_number
.be01	a9 2f		lda #$2f	        lda #$2f                ; /
.be03	20 cb 6d	jsr $6dcb	        jsr gm_aput
.be06	ad e8 bf	lda $bfe8	        lda total
.be09	20 11 be	jsr $be11	        jsr pt_number
.be0c	a9 00		lda #$00	        lda #0
.be0e	4c cb 6d	jmp $6dcb	        jmp gm_aput
.be11					pt_number:
.be11	8d 70 87	sta $8770	        sta gm_num
.be14	a9 00		lda #$00	        lda #0
.be16	8d 71 87	sta $8771	        sta gm_num+1
.be19	4c d5 6d	jmp $6dd5	        jmp gm_anum
.be1c					acknowledged:
.be1c	ad 8b 3d	lda $3d8b	        lda N_FACTUAL
.be1f	cd e6 b6	cmp $b6e6	        cmp size
.be22	d0 06		bne $be2a	        bne +
.be24	ad 8c 3d	lda $3d8c	        lda N_FACTUAL+1
.be27	cd e7 b6	cmp $b6e7	        cmp size+1
.be2a	60		rts		+       rts
.be2b					stash:
.be2b	a2 00		ldx #$00	        ldx #0
.be2d	bd 00 3a	lda $3a00,x	-       lda N_BUFFER,x
.be30	9d 00 50	sta $5000,x	        sta data,x
.be33	bd 00 3b	lda $3b00,x	        lda N_BUFFER+256,x
.be36	9d 00 51	sta $5100,x	        sta data+256,x
.be39	e8		inx		        inx
.be3a	d0 f1		bne $be2d	        bne -
.be3c	60		rts		        rts
.be3d					advance:
.be3d	18		clc		        clc
.be3e	bd f8 bf	lda $bff8,x	        lda counts,x
.be41	6d e6 b6	adc $b6e6	        adc size
.be44	9d f8 bf	sta $bff8,x	        sta counts,x
.be47	bd f9 bf	lda $bff9,x	        lda counts+1,x
.be4a	6d e7 b6	adc $b6e7	        adc size+1
.be4d	9d f9 bf	sta $bff9,x	        sta counts+1,x
.be50	90 08		bcc $be5a	        bcc +
.be52	fe fa bf	inc $bffa,x	        inc counts+2,x
.be55	d0 03		bne $be5a	        bne +
.be57	fe fb bf	inc $bffb,x	        inc counts+3,x
.be5a	60		rts		+       rts
>be5b	2e 50 52 47			suffix: .byte 46,80,82,71   ; .PRG
>be5f	5b 32 5d 5b 43 6f 70 79		s_copy: .byte 91,50,93,91,67,111,112,121,32,0   ; [2][Copy
>be67	20 00
>be69	7c 74 6f 20 00			s_to: .byte 124,116,111,32,0   ; |to
>be6e	3f 5d 5b 43 6f 70 79 7c		s_choice: .byte 63,93,91,67,111,112,121,124,77,111,118,101,124,67,97,110,99,101,108,93,0   ; ?][Copy|Move|Cancel]
>be76	4d 6f 76 65 7c 43 61 6e 63 65 6c 5d 00
>be83	20 61 6c 72 65 61 64 79		s_exists: .byte 32,97,108,114,101,97,100,121,124,101,120,105,115,116,115,32,111,110,32,0   ;  already|exists on
>be8b	7c 65 78 69 73 74 73 20 6f 6e 20 00
>be97	5b 31 5d 5b 43 6f 70 79		s_stopped: .byte 91,49,93,91,67,111,112,121,32,115,116,111,112,112,101,100,46,124,0   ; [1][Copy stopped.|
>be9f	20 73 74 6f 70 70 65 64 2e 7c 00
>beaa	20 6d 61 79 20 68 6f 6c		s_part: .byte 32,109,97,121,32,104,111,108,100,124,112,97,114,116,32,111,102,32,0   ;  may hold|part of
>beb2	64 7c 70 61 72 74 20 6f 66 20 00
>bebd	5b 31 5d 5b 54 68 69 73		s_badname: .byte 91,49,93,91,84,104,105,115,32,110,97,109,101,32,100,111,101,115,32,110,111,116,32,102
>bec5	20 6e 61 6d 65 20 64 6f 65 73 20 6e 6f 74 20 66
>bed5	69 74 7c 61 20 64 72 69		        .byte 105,116,124,97,32,100,114,105,118,101,58,32,49,54,32,99,104,97,114,97,99,116,101,114
>bedd	76 65 3a 20 31 36 20 63 68 61 72 61 63 74 65 72
>beed	73 2c 7c 6e 6f 20 2a 20		        .byte 115,44,124,110,111,32,42,32,63,32,44,32,61,32,58,32,64,32,111,114,32,113,117,111
>bef5	3f 20 2c 20 3d 20 3a 20 40 20 6f 72 20 71 75 6f
>bf05	74 65 2e 5d 5b 4f 4b 5d		        .byte 116,101,46,93,91,79,75,93,0   ; [1][This name does not fit|a drive: 16 characters,|no * ? , = : @ or quote.][OK]
>bf0d	00
>bf0e	5b 31 5d 5b 41 20 64 72		s_empty: .byte 91,49,93,91,65,32,100,114,105,118,101,32,99,97,110,110,111,116,32,104,111,108,100,124
>bf16	69 76 65 20 63 61 6e 6e 6f 74 20 68 6f 6c 64 7c
>bf26	61 6e 20 65 6d 70 74 79		        .byte 97,110,32,101,109,112,116,121,32,102,105,108,101,46,93,91,79,75,93,0   ; [1][A drive cannot hold|an empty file.][OK]
>bf2e	20 66 69 6c 65 2e 5d 5b 4f 4b 5d 00
>bf3a	5b 33 5d 5b 54 68 65 20		s_mismatch: .byte 91,51,93,91,84,104,101,32,99,111,112,121,32,100,111,101,115,32,110,111,116,32,109,97
>bf42	63 6f 70 79 20 64 6f 65 73 20 6e 6f 74 20 6d 61
>bf52	74 63 68 2e 7c 54 68 65		        .byte 116,99,104,46,124,84,104,101,32,111,114,105,103,105,110,97,108,32,105,115,32,107,101,112
>bf5a	20 6f 72 69 67 69 6e 61 6c 20 69 73 20 6b 65 70
>bf6a	74 2e 5d 5b 4f 4b 5d 00		        .byte 116,46,93,91,79,75,93,0   ; [3][The copy does not match.|The original is kept.][OK]
>bf72	5b 32 5d 5b 00			s_ask_head: .byte 91,50,93,91,0   ; [2][
>bf77	2e 5d 5b 52 65 70 6c 61		s_conflict: .byte 46,93,91,82,101,112,108,97,99,101,124,75,101,101,112,32,98,111,116,104,124,83,107,105,112,93,0   ; .][Replace|Keep both|Skip]
>bf7f	63 65 7c 4b 65 65 70 20 62 6f 74 68 7c 53 6b 69
>bf8f	70 5d 00
>bf92	5b 31 5d 5b 41 20 66 6f		s_itself: .byte 91,49,93,91,65,32,102,111,108,100,101,114,32,99,97,110,110,111,116,32,98,101,124,99,111,112,105,101,100,32,105,110,116,111,32,105,116,115,101,108,102,46,93,91,79,75,93,0   ; [1][A folder cannot be|copied into itself.][OK]
>bf9a	6c 64 65 72 20 63 61 6e 6e 6f 74 20 62 65 7c 63
>bfaa	6f 70 69 65 64 20 69 6e 74 6f 20 69 74 73 65 6c
>bfba	66 2e 5d 5b 4f 4b 5d 00
>bfc2	43 6f 70 79 69 6e 67 20		s_copying: .byte 67,111,112,121,105,110,103,32,0   ; Copying
>bfca	00
>bfcb	4d 6f 76 69 6e 67 20 00		s_moving: .byte 77,111,118,105,110,103,32,0   ; Moving
>bfd3	00				depth: .byte 0
>bfd4	00				index: .byte 0                  ; an entry's position in the folder at depth
>bfd5	00				k: .byte 0
>bfd6	00				eattr: .byte 0
>bfd7	00 00 00 00 00 00 00 00		tstack: .fill TDEPTH,0
>bfdf	00 00 00 00 00 00 00 00
>bfe7	00				item_no: .byte 0
>bfe8	00				total: .byte 0
>bfe9	00				dslot: .byte 0
>bfea	00				failed_slot: .byte 0
>bfeb	00				ddev: .byte 0
>bfec	00				choice: .byte 0
>bfed	00				stop: .byte 0
>bfee	00				created: .byte 0
>bfef	00				skipped: .byte 0                ; a name conflict was skipped in this row
>bff0	00				keep: .byte 0                   ; Keep both: the suffix number in use, or 0
>bff1	00				ext_at: .byte 0
>bff2	00				base_end: .byte 0
>bff3	00				leaf_at: .byte 0
>bff4	00				leaf_left: .byte 0
>bff5	00				phase: .byte 0
>bff6	00				error: .byte 0
>bff7	00				dos: .byte 0
>bff8	00 00 00 00 00 00 00 00		counts: .fill 8,0               ; copied, then compared (LE32 each)
=$5000					data = gm_sortbuf               ; the chunk: no listing is sorted while copying

;******  Return to file: src/native/gemdesk-cpy.asm

.c000					gm_cpy_end:

;******  End of listing
