
; 64tass Turbo Assembler Macro V1.60.3243 listing file
; 64tass -a -B -b -I target/native-desktop -o target/native-desktop/gddlg.bin -l target/native-desktop/gddlg.sym -L target/native-desktop/gddlg.lst src/native/gemdesk-dlg.asm
; Thu Oct  8 12:58:15 2026

;Offset	;Hex		;Monitor	;Source

;******  Processing input file: src/native/gemdesk-dlg.asm


;******  Processing file: target/native-desktop/gemdesk.sym

=$944a					ae_km_hold	= $944a
=$3d0d					N_ERROR		= $3d0d
=$ae7f					bk_fetch_tail	= $ae7f
=$acd4					bk_service_call	= $acd4
=2					MU_BUTTON	= 2
=$9920					gfx_bind_handle	= $9920
=$7ad3					gm_clip_to_rect	= $7ad3
=$81a9					gm_icon_dev_lo	= $81a9
=$b224					bk_stub		= $b224
=$75cd					gm_set_title	= $75cd
=$7ca4					gm_set_rect	= $7ca4
=$9799					dc_line		= $9799
=$7338					gm_path_store	= $7338
=15					WF_HSLSIZE	= 15
=$6263					gm_n32_bit	= $6263
=$85a9					gm_usb_title	= $85a9
=$a688					pm_saved	= $a688
=$1bf0					N_NMIGATE	= $1bf0
=16					AE_DATA_PAGES	= 16
=$3d9e					N_DOCRESUME	= $3d9e
=$9319					ae_event_wait	= $9319
=1					AE_OP_STATUS	= 1
=$5000					N_RELOCBASE	= $5000
=$614d					bp_select_surface= $614d
=8					UI_STATE_BYTES	= 8
=$99b9					gfx_glyph_add	= $99b9
=$9758					dc_bad		= $9758
=$3d3e					N_NMIPTR	= $3d3e
=$7ba0					gm_scroll_down	= $7ba0
=$6584					gm_hit_next	= $6584
=$9ca2					gfx_glyph_first	= $9ca2
=$1c5f					N_MLOAD		= $1c5f
=$79be					gm_format_row	= $79be
=5					WS_GET		= 5
=$7f61					gm_open_entry	= $7f61
=$3de0					NFCMDS		= $3de0
=$a098					gfx_font	= $a098
=$aeca					bk_load		= $aeca
=$b125					bk_close_done	= $b125
=$86f1					gm_dev_format	= $86f1
=$5000					GM_WORKSPACE	= $5000
=$16					GM_DESK		= $16
=$6307					gm_alert_icon	= $6307
=$a663					pm_active	= $a663
=6					UI_VIEW80	= 6
=5					N_U_INTERFACES	= 5
=12					GM_MOP_PRINT	= 12
=$1c2c					N_FILL		= $1c2c
=$71fe					gm_restore_color= $71fe
=1					N_ABI_MAJOR	= 1
=6					WF_PREVXYWH	= 6
=$3dc0					NFILES		= $3dc0
=$7488					gm_ult_fullname	= $7488
=11					AE_OP_DCLICK	= 11
=$7b9d					gm_page_down	= $7b9d
=$624a					gm_wcall	= $624a
=$948e					ae_menu_copied	= $948e
=$76e1					gm_ucmd_at	= $76e1
=$750c					gm_fn_close	= $750c
=$61b0					gm_open_aesvc	= $61b0
=$620a					gm_open_now	= $620a
=$841e					gm_bad_chars	= $841e
=$6c86					gm_atype	= $6c86
=7					GM_MOP_RESTORE	= 7
=$99d4					gfx_glyph_empty	= $99d4
=$ace1					bk_dispatch	= $ace1
=$acb3					bk_protect_code	= $acb3
=$3d85					N_FDEVICE	= $3d85
=127					DC_LFN		= 127
=$879c					gm_win_sel	= $879c
=$6e1a					gm_delete	= $6e1a
=$12					N_SHORTIMAGE	= $12
=11					GM_MOP_DISKCOPY	= 11
=$1014					pk_entry	= $1014
=$1c20					N_ALLOC		= $1c20
=$a609					pm_delta	= $a609
=$8777					gm_divisor	= $8777
=$7654					gm_title_q	= $7654
=$702b					gm_refresh_next	= $702b
=$73a3					gm_upath_to_path= $73a3
=$1000					N_SYSLIMIT	= $1000
=$876d					gm_math4	= $876d
=$876c					gm_math3	= $876c
=$876b					gm_math2	= $876b
=$8702					gm_alen		= $8702
=$3d3b					N_UIBUSY	= $3d3b
=$6907					gm_scan_page	= $6907
=$6189					gm_aes_ready	= $6189
=$a633					pm_place	= $a633
=1					AE_MIRROR	= 1
=$ad92					bk_compare_cookie= $ad92
=22					WM_CLOSED	= 22
=$943d					ae_km_keys	= $943d
=$6a87					gm_chunk_heap	= $6a87
=$81d6					gm_icon_bits	= $81d6
=$86d0					gm_s_nomodule2	= $86d0
=$abd2					vd_handle	= $abd2
=$9f77					gfx_right_masks	= $9f77
=$7aa1					gm_read_done	= $7aa1
=$6615					gm_deselect_icon= $6615
=$a9ca					bp_closed	= $a9ca
=$877c					gm_ix0		= $877c
=$877e					gm_ix1		= $877e
=$ace4					bk_service_return= $ace4
=$0020					WK_SIZER	= $0020
=$3d50					N_MHEADER	= $3d50
=$91e0					ae_attach	= $91e0
=$6cc8					gm_info_end	= $6cc8
=$9e89					gfx_aligned_set	= $9e89
=$9866					dc_text		= $9866
=$10ac					pk_extended	= $10ac
=$8623					gm_s_nosave	= $8623
=$6020					gm_start	= $6020
=$664d					gm_key		= $664d
=$10ad					pk_rejected	= $10ad
=$683f					gm_icon_drive	= $683f
=$a5d0					pm_button	= $a5d0
=2					AE_CAP_EVENT	= 2
=$6fab					gm_del_text_end	= $6fab
=$3d2e					N_BROWSERLEN	= $3d2e
=$6054					gm_loop		= $6054
=$9891					dc_iostatus	= $9891
=$8645					gm_mtoken	= $8645
=$aec9					bk_relative	= $aec9
=$a470					pm_close_return	= $a470
=$1070					pk_reject	= $1070
=$9ca5					gfx_glyph_ink	= $9ca5
=$7aa2					gm_work		= $7aa2
=$ac82					bk_callback	= $ac82
=$a5f2					pm_release	= $a5f2
=$3d2a					N_BROWSERFMT	= $3d2a
=$1c4a					N_FCLOSE	= $1c4a
=$7bb5					gm_scrolled	= $7bb5
=$6aef					gm_ins_outer	= $6aef
=$6c2a					gm_show_info	= $6c2a
=$9959					gfx_guard	= $9959
=$84fe					gm_suffix	= $84fe
=$9450					ae_menu_install	= $9450
=$8819					gm_bnow		= $8819
=$9a85					gfx_clip_compared= $9a85
=$6bfe					gm_view_done	= $6bfe
=$9f1e					gfx_owner	= $9f1e
=$8084					gm_times8	= $8084
=$7d3b					gm_select_entry	= $7d3b
=5					AE_OP_POST	= 5
=$a054					gfx_text_length	= $a054
=$7e83					gm_band		= $7e83
=$b038					bk_load_more	= $b038
=$740f					gm_ult_scan_next= $740f
=6					WS_FIND		= 6
=$6e69					gm_del_named	= $6e69
=3					AE_OP_STEP	= 3
=$10ae					pk_mask		= $10ae
=$8818					gm_banchor	= $8818
=$878c					gm_win_dev	= $878c
=$608f					gm_fatal	= $608f
=$7cb4					gm_fulled	= $7cb4
=$3d0e					N_FREE0		= $3d0e
=$3d0f					N_FREE1		= $3d0f
=$aa1a					vd_poll		= $aa1a
=$1c6b					N_VCLOSE	= $1c6b
=9					N_U_QUERY_COUNT	= 9
=$86e7					gm_digits	= $86e7
=$7644					gm_title_char	= $7644
=$a52e					pm_poll_return	= $a52e
=$6ad7					gm_rec_put	= $6ad7
=48					AE_CLICK_TICKS	= 48
=$a670					pm_down		= $a670
=$8703					gm_abuf		= $8703
=$837e					gm_s_used	= $837e
=$8050					gm_free_mem	= $8050
=$3d2b					N_BROWSERERROR	= $3d2b
=$7539					gm_ult_document	= $7539
=195					GM_MAX_ENTRIES	= 195
=$0004					WK_FULLER	= $0004
=$8815					gm_bi		= $8815
=$9c6c					gfx_column	= $9c6c
=$77a7					gm_document_launch= $77a7
=$8814					gm_bm		= $8814
=$6b3a					gm_next_gap	= $6b3a
=$3d9f					N_RCACHE	= $3d9f
=6					N_U_MAC		= 6
=$62bb					gm_am_row	= $62bb
=$9f4c					gfx_band_left	= $9f4c
=$1c2f					N_STATS		= $1c2f
=$85c4					gm_stop		= $85c4
=$aec3					bk_result	= $aec3
=$a675					pm_step		= $a675
=$9b01					gfx_clip_cell	= $9b01
=$9441					ae_km_dx	= $9441
=$9445					ae_km_dy	= $9445
=$86a8					gm_prt_sa	= $86a8
=$9214					ae_stream_taken	= $9214
=$3d28					N_ACTION	= $3d28
=$9c01					gfx_bitmap_row	= $9c01
=$abcb					vd_phase	= $abcb
=$80ca					gm_div		= $80ca
=8					WF_HSLIDE	= 8
=$9b92					gfx_failed	= $9b92
=$9f37					gfx_remaining	= $9f37
=$3d99					N_DCOUNT	= $3d99
=$9eab					gfx_glyph_row	= $9eab
=4					MU_M1		= 4
=$70f3					gm_drag_box	= $70f3
=4					N_U_POWER_B	= 4
=$77f2					gm_ult_peek	= $77f2
=$9f3e					gfx_second	= $9f3e
=3					N_U_POWER_A	= 3
=$66ac					gm_key_done	= $66ac
=$7372					gm_pw		= $7372
=$925f					ae_event	= $925f
=$9415					ae_km_y		= $9415
=$671b					gm_menu_options	= $671b
=$a694					pm_shape	= $a694
=$ab6b					vm_dirty	= $ab6b
=$750a					gm_fn_missing	= $750a
=16					GM_BELL		= 16
=$aeae					bk_file		= $aeae
=6					AE_OP_MENU	= 6
=32					AE_CAP_DCLICK	= 32
=$6dcb					gm_aput		= $6dcb
=$3d16					N_RESULT	= $3d16
=$64e3					gm_copy		= $64e3
=$a390					gfx_text_end	= $a390
=$9dc9					gfx_band_pixel	= $9dc9
=$ade1					bk_check_code	= $ade1
=$6420					gm_draw_icon	= $6420
=$625f					gm_n32_digit	= $625f
=$6eef					gm_del_many	= $6eef
=$6000					N_APPBASE	= $6000
=$85c3					gm_sslot	= $85c3
=2					GM_MOP_PREFS	= 2
=$83a5					gm_s_undone	= $83a5
=$ab9e					vm_first	= $ab9e
=$7fdd					gm_launcher	= $7fdd
=$6e4d					gm_del_copy	= $6e4d
=$abbf					bp_result	= $abbf
=$68ba					gm_df_found	= $68ba
=$6529					gm_label_clear	= $6529
=$81c4					gm_label_trash	= $81c4
=$8816					gm_ei		= $8816
=$9f1f					gfx_handle	= $9f1f
=$86dd					gm_new_icon	= $86dd
=$7513					gm_ult_open_entry= $7513
=$9f39					gfx_right	= $9f39
=$1c5c					N_FDRAW		= $1c5c
=$a67c					pm_registers	= $a67c
=$68be					gm_df_done	= $68be
=$7c8d					gm_wset_value	= $7c8d
=$6528					gm_icon_done	= $6528
=$3d9b					N_DOCKIND	= $3d9b
=$6f37					gm_del_all	= $6f37
=$8026					gm_close_slot	= $8026
=$857a					gm_s_usbfail	= $857a
=$97f0					dc_get_bad	= $97f0
=$86de					gm_slot		= $86de
=$abc2					bp_name		= $abc2
=$b0f1					bk_load_badarg	= $b0f1
=$a668					pm_x		= $a668
=$a66a					pm_y		= $a66a
=$63fb					gm_icons_clip_reset= $63fb
=$ada5					bk_platform	= $ada5
=$8700					gm_total	= $8700
=$a8a2					nk_saved_callback= $a8a2
=$83ce					gm_s_nodelete	= $83ce
=$3d37					N_UIKEY		= $3d37
=$3d9d					N_DOCRETURN	= $3d9d
=$8296					gm_menu		= $8296
=$b234					bk_crc		= $b234
=$69ab					gm_scan_fail	= $69ab
=$8540					gm_s_notusb	= $8540
=$71e6					gm_session_built= $71e6
=$acc2					bk_protect_parent= $acc2
=$109e					pk_pass		= $109e
=$3d01					N_PAGES		= $3d01
=$87a0					gm_nsel		= $87a0
=$8644					gm_mop		= $8644
=8					N_U_TIME	= 8
=$7117					gm_session_build= $7117
=$3d2d					N_BOOTDEVICE	= $3d2d
=$877f					gm_iy1		= $877f
=$877d					gm_iy0		= $877d
=$84b5					gm_full_alert	= $84b5
=$8790					gm_win_fmt	= $8790
=$9f47					gfx_glyph_bounds= $9f47
=$9318					ae_event_done	= $9318
=6					GM_MOP_COPY	= 6
=$6419					gm_icon_next	= $6419
=$aeb2					bk_cookie	= $aeb2
=$7fd7					gm_launcher_leave= $7fd7
=$922b					ae_alert_read	= $922b
=$6f96					gm_del_text	= $6f96
=$84e4					gm_confirm	= $84e4
=$0040					WK_UPARROW	= $0040
=$7b65					gm_clip_empty	= $7b65
=$8808					gm_slot25	= $8808
=$94db					ae_ev_result	= $94db
=9					WF_VSLIDE	= 9
=$981e					dc_digit	= $981e
=$7e51					gm_each_call	= $7e51
=$91e6					ae_load		= $91e6
=$9cd2					gfx_set		= $9cd2
=$6dbf					gm_astr_src	= $6dbf
=$69b5					gm_sort_write	= $69b5
=$adb7					bk_bad_handle	= $adb7
=$75ca					gm_close_full	= $75ca
=$66dd					gm_menu_control	= $66dd
=$b232					bk_expected	= $b232
=$a95c					bp_loaded	= $a95c
=$10af					pk_masks	= $10af
=8					AE_CAP_WINDOW	= 8
=$4e00					N_UPATH		= $4e00
=$69aa					gm_scan_done	= $69aa
=$7d1f					gm_row_under	= $7d1f
=$a57c					pm_left		= $a57c
=$835d					gm_s_head	= $835d
=$9215					ae_alert_open	= $9215
=$7592					gm_close_or_up	= $7592
=4					GM_PRINTER	= 4
=$7f35					gm_band_done	= $7f35
=$7ffe					gm_slot_of	= $7ffe
=$661e					gm_repaint_icon_sel= $661e
=3					GM_USB		= 3
=$0080					WK_DNARROW	= $0080
=$9ae9					gfx_clipped_bitmap= $9ae9
=$3d08					N_OFFSET	= $3d08
=$a449					pm_close	= $a449
=$69cb					gm_write_chunk	= $69cb
=$614d					gm_select_surface= $614d
=$975c					dc_channels	= $975c
=$9f5f					gfx_clip_full	= $9f5f
=$98ca					sd_bell		= $98ca
=$7d70					gm_toggle	= $7d70
=1					WS_OPEN		= 1
=$1c26					N_READ		= $1c26
=1					gfx_track_dirty	= 1
=$7bbb					gm_scroll_done	= $7bbb
=$76c9					gm_ult_del_done	= $76c9
=$9f6f					gfx_left_masks	= $9f6f
=$a679					pm_sample	= $a679
=$7228					gm_module_run	= $7228
=$b071					bk_load_eof	= $b071
=$10ba					pk_end		= $10ba
=$3d12					N_READY		= $3d12
=$86f8					gm_m		= $86f8
=$abe7					vd_pointer_y	= $abe7
=1					N_U_HARDWARE	= 1
=$6341					gm_message	= $6341
=$81b2					gm_icon_label_hi= $81b2
=$6ad7					gm_rec_dst	= $6ad7
=$aa7c					bp_gate_failed	= $aa7c
=$9865					dc_length	= $9865
=$6b26					gm_ins_place	= $6b26
=$61af					gm_aes_failed	= $61af
=$a672					pm_hit		= $a672
=8					WS_SURFACE	= 8
=$8000					N_STAGELIMIT	= $8000
=$4a00					N_BROWSERPATH	= $4a00
=$63a4					gm_message_done	= $63a4
=$62b9					ae_present	= $62b9
=$6f51					gm_relist_slot	= $6f51
=$99d9					gfx_begin	= $99d9
=$7eb8					gm_band_loop	= $7eb8
=$3d24					N_EXITCODE	= $3d24
=$9a8e					gfx_clip_start	= $9a8e
=$8065					gm_select_mem_x	= $8065
=$85bc					gm_desk_color	= $85bc
=$9449					ae_km_click	= $9449
=$abcd					vd_color	= $abcd
=0					N_OK		= 0
=4					GM_WINDOWS	= 4
=$3d3c					N_UOP		= $3d3c
=$3d20					N_CURRENT	= $3d20
=$a666					pm_pending	= $a666
=0					GFX_TEXT_STORAGE= 0
=$abf2					ru_probe_live	= $abf2
=$1c3e					N_EXIT		= $1c3e
=$ab67					bp_argument	= $ab67
=$1c41					N_FOPEN		= $1c41
=$3d25					N_DOSCODE	= $3d25
=0					AE_OP_ATTACH	= 0
=$abbd					bp_prefix	= $abbd
=$86dc					gm_icon_sel	= $86dc
=$86d3					gm_surface	= $86d3
=$3d23					N_APPSTATE	= $3d23
=$881a					gm_batch	= $881a
=2					UI_MAXIMUM	= 2
=$9754					dc_io		= $9754
=$8609					gm_dclick	= $8609
=$94ef					ae_ev_first	= $94ef
=$a8a4					nk_filter_image	= $a8a4
=$a665					pm_tick		= $a665
=$73fa					gm_ult_read	= $73fa
=$9ecf					gfx_glyph_shifted= $9ecf
=$79d9					gm_rec_src	= $79d9
=$62f4					gm_alert	= $62f4
=$9f3c					gfx_cover	= $9f3c
=$943c					ae_km_done	= $943c
=$a671					pm_arm		= $a671
=$8947					gm_win_plen	= $8947
=$99ae					gfx_glyph_negative= $99ae
=10					GM_MOP_PRTSCR	= 10
=60					GM_REC_PRINTER	= 60
=$894b					gm_name		= $894b
=2					WS_CLOSE	= 2
=$a714					nk_install	= $a714
=$9a90					gfx_clip_replace= $9a90
=$aebf					bk_busy		= $aebf
=$9801					dc_restore	= $9801
=$16					N_MEXHAUSTED	= $16
=14985					SD_BELL_FREQ	= 14985
=$9493					ae_menu_set	= $9493
=$8775					gm_prod		= $8775
=$6bb4					gm_cmp_rev	= $6bb4
=$86a9					gm_lock_want	= $86a9
=$1c26					gfx_heap_read	= $1c26
=$aa49					bp_pointer	= $aa49
=$abcc					vd_live		= $abcc
=$6aae					gm_copy_rec	= $6aae
=1					N_BADARG	= 1
=$7031					gm_release	= $7031
=12					AE_OP_ACC	= 12
=$9998					gfx_glyph_origin= $9998
=$ab27					bp_open_source	= $ab27
=$a674					pm_moved	= $a674
=$93fd					ae_km_left	= $93fd
=13					GM_MOP_LOCK	= 13
=$1c23					N_FREE		= $1c23
=$aa86					bp_arguments	= $aa86
=$9a11					gfx_color_limits= $9a11
=$658b					gm_click	= $658b
=$7322					gm_prt_quiet	= $7322
=0					N_U_IDENTIFY	= 0
=$9b95					gfx_bitmap_setup= $9b95
=20					WM_REDRAW	= 20
=$80ea					gm_cells_hi0	= $80ea
=$7506					gm_fn_long	= $7506
=$3d98					N_DNEXT		= $3d98
=$8832					gm_rec		= $8832
=$65ec					gm_click_desktop= $65ec
=$1c53					N_REPLACE	= $1c53
=$94f1					ae_ev_window	= $94f1
=$8487					gm_drive_alert	= $8487
=$8179					gm_cards_name	= $8179
=$7485					gm_ult_scan_fail0= $7485
=$ada9					bk_invalid	= $ada9
=$a76c					nk_close	= $a76c
=$94f9					ae_pointer_buttons= $94f9
=$abc0					bp_carry	= $abc0
=$9c5c					gfx_bitmap_loaded= $9c5c
=$70ed					gm_drop_print	= $70ed
=$6b83					gm_cmp_name	= $6b83
=$7dd4					gm_bit_set	= $7dd4
=$86fc					gm_ins_val	= $86fc
=$3d9c					N_DOCTYPE	= $3d9c
=$9e11					gfx_band_store	= $9e11
=$9f7f					gfx_rows	= $9f7f
=$683e					gm_open_quiet	= $683e
=$3d13					N_KEYS		= $3d13
=96					GM_APP_PAGES	= 96
=$9ab6					gfx_nonempty_x	= $9ab6
=$93a0					ae_key_mouse	= $93a0
=$97f1					dc_get_end	= $97f1
=$853e					gm_target	= $853e
=$86e6					gm_ndig		= $86e6
=$aa51					bp_invoke	= $aa51
=0					PM_KEYS_OWNED	= 0
=$7376					gm_path_root	= $7376
=$86e0					gm_fmt		= $86e0
=$6ade					gm_gap_loop	= $6ade
=$5000					AE_DATA		= $5000
=$7326					gm_path_page	= $7326
=$6000					BK_BASE		= $6000
=$abd0					vd_base		= $abd0
=$9b56					gfx_color_x	= $9b56
=$6eee					gm_del_none	= $6eee
=$86bc					gm_s_nomodule	= $86bc
=$876a					gm_math		= $876a
=$86db					gm_start_error	= $86db
=$ae83					bk_jump_tail	= $ae83
=$8826					gm_mem1		= $8826
=$8822					gm_mem0		= $8822
=$882e					gm_mem3		= $882e
=$882a					gm_mem2		= $882a
=$85be					gm_orect	= $85be
=$8501					gm_s_unproven	= $8501
=$ada1					bk_nested	= $ada1
=8					AE_OP_WINDOW	= 8
=$768d					gm_ult_attr	= $768d
=$abe8					vs_reu		= $abe8
=$3de4					N_BOOTFORMAT	= $3de4
=0					BP_HISTORY	= 0
=$9437					ae_km_eaten	= $9437
=$1c68					N_VSHOW		= $1c68
=$11					N_IOERROR	= $11
=$9a9c					gfx_clip_keep	= $9a9c
=$9f12					gfx_x0		= $9f12
=$9f16					gfx_x1		= $9f16
=$8ad9					ae_callback	= $8ad9
=$3d38					N_UIWIDTH	= $3d38
=$9f1d					gfx_bound	= $9f1d
=$6bd6					gm_set_view	= $6bd6
=$83e6					gm_s_error	= $83e6
=$8362					gm_s_type	= $8362
=$adb9					bk_finish	= $adb9
=$66ad					gm_key_drive	= $66ad
=$6a7d					gm_chunk_size	= $6a7d
=$3d29					N_BROWSERDEV	= $3d29
=$6fae					gm_printable	= $6fae
=30					N_AESOWNER	= 30
=$3de5					N_CLIPBOARD	= $3de5
=$9993					gfx_glyph_failed= $9993
=$9d83					gfx_band_next	= $9d83
=$3d3a					N_UIERROR	= $3d3a
=$9ef0					gfx_restore_handle= $9ef0
=$6fc9					gm_del_head	= $6fc9
=$3da0					N_FNAME		= $3da0
=$6a1b					gm_chunk_fail	= $6a1b
=$6569					gm_icon_hit	= $6569
=$a94a					vd_open		= $a94a
=7					AE_MINOR	= 7
=$acf5					bk_enter	= $acf5
=$a76b					nk_return	= $a76b
=$70c6					gm_row_drop	= $70c6
=$9d55					gfx_xor_load	= $9d55
=$94f8					ae_pointer_y	= $94f8
=$94f6					ae_pointer_x	= $94f6
=$1c00					N_LOWLIMIT	= $1c00
=$7a59					gm_read_rows	= $7a59
=8					N_PLATFORM	= 8
=$7dec					gm_bit		= $7dec
=$6f70					gm_error_hex	= $6f70
=$7512					gm_fn_done	= $7512
=$a095					gfx_text_left	= $a095
=7					WS_FILL		= 7
=$9f38					gfx_left	= $9f38
=$3d0c					N_VALUE		= $3d0c
=$84e5					gm_editor_name	= $84e5
=$86bb					gm_mwanted	= $86bb
=32					N_APPOWNER	= 32
=$adad					bk_enter_failed	= $adad
=$9751					dc_open_failed	= $9751
=$615f					gm_bind		= $615f
=$13					N_LONGIMAGE	= $13
=$9b16					gfx_clip_divide	= $9b16
=$aa07					bp_presented	= $aa07
=$9380					ae_read_pointer	= $9380
=$84f5					gm_upnt		= $84f5
=$946e					ae_menu_write	= $946e
=$61					GM_ICON_SELECTED= $61
=$9a77					gfx_clip_intersect= $9a77
=$86a7					gm_prt_dev	= $86a7
=12					WF_NEXTXYWH	= 12
=$7bcb					gm_vslid	= $7bcb
=$a664					pm_seen		= $a664
=$8699					gm_mop_module	= $8699
=29					N_ACCOWNER	= 29
=$8170					gm_aesvc_name	= $8170
=0					WS_CREATE	= 0
=$6bff					gm_view_fail	= $6bff
=$3d10					N_SLOTS		= $3d10
=$9d97					gfx_band_failed	= $9d97
=$9f1b					gfx_color	= $9f1b
=0					UI_LENGTH	= 0
=$8770					gm_rb		= $8770
=$1c59					N_FEDIT		= $1c59
=$944b					ae_post		= $944b
=$9f2f					gfx_operation	= $9f2f
=10					WF_TOP		= 10
=$b18f					bk_write_chunk	= $b18f
=$8648					gm_mod_names	= $8648
=$6168					gm_aes_setup	= $6168
=$abc1					bp_error	= $abc1
=$84fd					gm_doc_kind	= $84fd
=$98bc					dc_saved	= $98bc
=$876f					gm_ra		= $876f
=$705b					gm_drag_loop	= $705b
=$9a5a					gfx_clip_high	= $9a5a
=$9711					dc_read		= $9711
=$1c3b					N_KEYIN		= $1c3b
=$9adb					gfx_glyph_unclipped= $9adb
=$a019					gfx_text_advance= $a019
=$7480					gm_ult_scan_fail= $7480
=$1c38					N_LAUNCH	= $1c38
=$6ab0					gm_rec_src2	= $6ab0
=$86f9					gm_gap		= $86f9
=$86f2					gm_count	= $86f2
=$94a1					ae_session_read	= $94a1
=4					GM_KEYCLICK	= 4
=$974e					dc_close_failed	= $974e
=$9f35					gfx_xbyte	= $9f35
=$988f					dc_code2	= $988f
=$9a4a					gfx_clip_zero	= $9a4a
=$a573					pm_right	= $a573
=$8817					gm_bend		= $8817
=$a798					nk_codes	= $a798
=15					N_ABI_MINOR	= 15
=$7182					gm_session_window= $7182
=$8099					gm_mulrec	= $8099
=$ab1c					bp_iec_name	= $ab1c
=$7d5b					gm_select_index	= $7d5b
=$a673					pm_event	= $a673
=$7665					gm_not_usb	= $7665
=3					N_NOSLOT	= 3
=$91d5					ae_unload	= $91d5
=$15					N_CHANNELS	= $15
=$94af					ae_dclick	= $94af
=$3d27					N_APPERROR	= $3d27
=$3e00					N_BROWSERNAME	= $3e00
=$9ea2					gfx_aligned_write= $9ea2
=5					UI_VIEW40	= 5
=$3900					NPAGES1		= $3900
=$3800					NPAGES0		= $3800
=$9434					ae_km_set_y	= $9434
=$b141					bk_select_file	= $b141
=0					BP_STATE_STORAGE= 0
=$a667					pm_sample_line	= $a667
=$95fa					gm_paths	= $95fa
=$9f31					gfx_offset	= $9f31
=2					N_NOMEM		= 2
=$aeaa					bk_handle	= $aeaa
=$9864					dc_device	= $9864
=7					N_U_IP		= 7
=$9271					ae_event_sample	= $9271
=$819a					gm_icon_y	= $819a
=9					GM_REC_COUNT	= 9
=$86f4					gm_drag		= $86f4
=$881b					gm_s_items	= $881b
=$85a1					gm_s_usbhex	= $85a1
=$97f3					dc_close	= $97f3
=$aea9					bk_state	= $aea9
=$9c7d					gfx_mask_last	= $9c7d
=$9b36					gfx_color_rows	= $9b36
=$9e0b					gfx_band_set	= $9e0b
=$68b7					gm_df_next	= $68b7
=17					WF_DESKCOLOR	= 17
=$68bf					gm_df_none	= $68bf
=$1c65					N_MCLOSE	= $1c65
=$3a00					N_BUFFER	= $3a00
=$6a2f					gm_load_chunk	= $6a2f
=$3d97					N_DPAGE		= $3d97
=$61fa					gm_open_iec	= $61fa
=$86e1					gm_mbit		= $86e1
=$3d91					N_FBUSY		= $3d91
=$766e					gm_usb_error	= $766e
=$7873					gm_peek_done	= $7873
=$0800					WK_HSLIDE	= $0800
=$9f3d					gfx_first	= $9f3d
=$a677					pm_columns	= $a677
=$ac58					bk_return	= $ac58
=$6afb					gm_ins_inner	= $6afb
=$3d15					N_LASTKEY	= $3d15
=$7bbc					gm_max_top	= $7bbc
=$a00f					gfx_text_saturate= $a00f
=$a678					pm_previous	= $a678
=31					N_CLIPOWNER	= 31
=$adc5					bk_check_tails	= $adc5
=$98c6					dc_eoi		= $98c6
=40					DC_MAX		= 40
=$9760					dc_blocks_free	= $9760
=$8425					gm_about	= $8425
=$3d0a					N_COUNT		= $3d0a
=$8794					gm_win_count	= $8794
=$9f18					gfx_y1		= $9f18
=$9f14					gfx_y0		= $9f14
=$9f3b					gfx_old		= $9f3b
=$aec6					bk_saved_regs	= $aec6
=6					GM_GAP_COUNT	= 6
=$3d8b					N_FACTUAL	= $3d8b
=$6d15					gm_info_page	= $6d15
=$9b45					gfx_color_multiply= $9b45
=$abd1					vd_pages	= $abd1
=$b1c4					bk_crc_buffer	= $b1c4
=$3d92					N_FPOSITION	= $3d92
=$b21c					bk_prefix	= $b21c
=$6f63					gm_del_badname	= $6f63
=$6e25					gm_delete_slot	= $6e25
=$6bd3					gm_menu_view	= $6bd3
=$7386					gm_path_to_upath= $7386
=0					BP_MODE		= 0
=$a66b					pm_old		= $a66b
=$0c00					N_SYSBASE	= $0c00
=6					N_RANGE		= 6
=$6746					gm_open_selection= $6746
=$86f6					gm_vslot	= $86f6
=$7656					gm_title_ok	= $7656
=$6165					pm_find_hit	= $6165
=$3d80					N_FOWNER	= $3d80
=$8160					gm_hex_digits	= $8160
=$63bb					gm_redraw_desktop= $63bb
=$3d22					N_NAMELEN	= $3d22
=$662f					gm_redraw_icon_cells= $662f
=$a7a2					nk_saved_keys	= $a7a2
=$b0ec					bk_checksum	= $b0ec
=1					AE_MAJOR	= 1
=$a026					gfx_load_glyph	= $a026
=$9d5a					gfx_xor_store	= $9d5a
=$8798					gm_win_top	= $8798
=$abe9					vs_token	= $abe9
=$800d					gm_top_slot	= $800d
=$699c					gm_scan_end	= $699c
=$755e					gm_ult_rescan	= $755e
=$9893					dc_status_length= $9893
=7					AE_OP_MENU_SET	= 7
=$7870					gm_peek_close	= $7870
=5					N_WRONGOWNER	= 5
=$1c47					N_FWRITE	= $1c47
=24					WM_ARROWED	= 24
=$8768					gm_art		= $8768
=$97c7					dc_listed	= $97c7
=$0200					WK_LFARROW	= $0200
=$9c47					gfx_read_row	= $9c47
=$625a					gm_anum32	= $625a
=$aec2					bk_service	= $aec2
=$abd6					vd_saved	= $abd6
=$1c71					N_UCOMMAND	= $1c71
=$86fa					gm_gapi		= $86fa
=$1c44					N_FREAD		= $1c44
=$8107					gm_decimal4	= $8107
=$80f9					gm_decimal2	= $80f9
=$b238					gm_end		= $b238
=$94ee					ae_ev_key	= $94ee
=1					AE_POINTER	= 1
=$8393					gm_gaps		= $8393
=$8425					gm_bad_chars_end= $8425
=8					GM_NOOVERASK	= 8
=$b12d					bk_close_source	= $b12d
=4					WS_SET		= 4
=9					GM_MOP_NEWFOLDER= 9
=$aec5					bk_saved_rcr	= $aec5
=21					WM_TOPPED	= 21
=$6861					gm_drive_format	= $6861
=4					WF_WORKXYWH	= 4
=$a990					vd_close	= $a990
=0					pm_control_count= 0
=4					AE_CAP_MENU	= 4
=$98c9					dc_dollar	= $98c9
=27					WM_SIZED	= 27
=$aec0					bk_error	= $aec0
=$aeb6					bk_current	= $aeb6
=$85bd					gm_restoring	= $85bd
=$6a1c					gm_resort_slot	= $6a1c
=$a62a					pm_positive	= $a62a
=$942a					ae_km_up	= $942a
=$3d96					N_FFORMAT	= $3d96
=$4000					AC_BASE		= $4000
=2					AE_OP_ALERT	= 2
=$768e					gm_ult_delete	= $768e
=$0100					WK_VSLIDE	= $0100
=$614c					gm_setup_done	= $614c
=$a630					pm_no_delta	= $a630
=$9fef					gfx_text_unknown= $9fef
=$9e7e					gfx_aligned_clear= $9e7e
=$8605					gm_magic	= $8605
=$6739					gm_print_screen	= $6739
=64					GM_RECORD_SIZE	= 64
=25					WM_HSLID	= 25
=$9a3f					gfx_clip_limit	= $9a3f
=$84ad					gm_drive_alert_hex= $84ad
=$10					N_BADIMAGE	= $10
=$6bc1					gm_fa		= $6bc1
=$6bc5					gm_fb		= $6bc5
=$3d40					N_APPNAME	= $3d40
=$9ff1					gfx_text_code	= $9ff1
=$a448					pm_install_return= $a448
=$0008					WK_MOVER	= $0008
=$a04a					gfx_text_load	= $a04a
=$b0e7					bk_short_image	= $b0e7
=$86d7					gm_file		= $86d7
=$9fd1					gfx_text_failed	= $9fd1
=$876e					gm_t8		= $876e
=$b179					bk_io_return	= $b179
=$1076					pk_restore_columns= $1076
=$9d00					gfx_write_row	= $9d00
=$9e97					gfx_aligned_copy= $9e97
=$63a5					gm_redraw_window= $63a5
=$1c50					N_DIRPAGE	= $1c50
=4					N_BADHANDLE	= 4
=10					MN_SELECTED	= 10
=$c000					AE_LIMIT	= $c000
=$3d1b					N_MSTATE	= $3d1b
=$a66a					BP_POINTER_Y	= $a66a
=$a668					BP_POINTER_X	= $a668
=$3f00					N_SOURCEPATH	= $3f00
=$9892					dc_byte		= $9892
=$1c56					N_WORKSPACE	= $1c56
=$1c2c					gfx_heap_fill	= $1c2c
=$6e2f					gm_delete_one	= $6e2f
=$819f					gm_icon_art	= $819f
=$7e5a					gm_select_all	= $7e5a
=$78c6					gm_suffix_no	= $78c6
=$a5b4					pm_top		= $a5b4
=$3d9a					N_DOCREQUEST	= $3d9a
=$73bf					gm_ult_open	= $73bf
=0					PM_KEYS_EXTERNAL= 0
=$a66f					pm_buttons	= $a66f
=$9ce6					gfx_store	= $9ce6
=10					GM_REC_WINDOWS	= 10
=3					WS_DELETE	= 3
=$3d1a					N_MERROR	= $3d1a
=$a664					BP_POINTER_STATE= $a664
=0					NK_SAVED_BUFFER	= 0
=64					AE_CAP_ACC	= 64
=$6402					gm_icons_done	= $6402
=$6f6c					gm_del_error	= $6f6c
=$94f0					ae_ev_tick	= $94f0
=$7349					gm_path_io	= $7349
=$74b9					gm_fn_found	= $74b9
=$98c5					dc_sa		= $98c5
=$65ad					gm_click_at	= $65ad
=$9968					gfx_rect	= $9968
=$97d2					dc_get		= $97d2
=$7f36					gm_band_row	= $7f36
=$3d03					N_PAGE		= $3d03
=$9f4b					gfx_band_allowed= $9f4b
=$66ca					gm_menu_choice	= $66ca
=1					UI_CARET	= 1
=$9e99					gfx_aligned_copy_next= $9e99
=$6237					gm_close_file	= $6237
=$6e81					gm_del_ask	= $6e81
=9					N_CORRUPT	= 9
=$8375					gm_s_files	= $8375
=$68c2					gm_scan		= $68c2
=$b0f6					bk_close	= $b0f6
=$aebd					bk_entry	= $aebd
=$a5b6					pm_set_y	= $a5b6
=$a581					pm_set_x	= $a581
=$9af3					gfx_store_clip_next= $9af3
=$a9e3					bp_return	= $a9e3
=$9a27					gfx_clip_next	= $9a27
=$a5b9					pm_hit_test	= $a5b9
=$838d					gm_s_ok		= $838d
=$9f33					gfx_span	= $9f33
=$6763					gm_open_icon	= $6763
=$10a9					pk_rejects	= $10a9
=$1c29					N_WRITE		= $1c29
=$62ee					gm_leave	= $62ee
=$a584					pm_vertical	= $a584
=$6ba3					gm_cmp_out	= $6ba3
=$85c2					gm_spos		= $85c2
=$1c29					gfx_heap_write	= $1c29
=$9f27					gfx_clipped	= $9f27
=$3d60					N_APPHEADER	= $3d60
=$aebb					bk_length	= $aebb
=16					MU_MESAG	= 16
=$16					GM_SELECTED	= $16
=$abb8					vm_pending	= $abb8
=$9d94					gfx_band_done	= $9d94
=$3d90					N_FSTATUS	= $3d90
=$79bc					gm_rows_done	= $79bc
=$94f2					ae_surface	= $94f2
=$9ee8					gfx_select	= $9ee8
=$c000					BK_LIMIT	= $c000
=$a055					gfx_text_buffer	= $a055
=$847f					gm_start_alert_hex= $847f
=$8399					gm_s_delete	= $8399
=$a9da					bp_close_failed	= $a9da
=$7058					gm_drag_track	= $7058
=$a097					gfx_text_high	= $a097
=$963e					dc_command	= $963e
=$1c35					N_RESERVE	= $1c35
=$86ba					gm_mloaded	= $86ba
=$9d7b					gfx_band_write	= $9d7b
=$8765					gm_cy		= $8765
=25					GM_BITS		= 25
=$7808					gm_peek		= $7808
=$9fb1					gfx_text	= $9fb1
=$9e8f					gfx_aligned_store= $9e8f
=$9d46					gfx_band_xor	= $9d46
=$81ca					gm_label_usb	= $81ca
=$6338					gm_alert_done	= $6338
=$877a					gm_ww		= $877a
=$9f30					gfx_y		= $9f30
=$96e6					dc_status_read	= $96e6
=$8779					gm_wy		= $8779
=$8778					gm_wx		= $8778
=$729a					gm_module_fail	= $729a
=$8d04					ae_state	= $8d04
=$b0dd					bk_bad_image	= $b0dd
=5					WF_CURRXYWH	= 5
=$b17e					bk_select_code	= $b17e
=$877b					gm_wh		= $877b
=$abbe					bp_started	= $abbe
=$6098					gm_fatal_text	= $6098
=$3d30					N_BROWSERPOS	= $3d30
=$933d					ae_wait_moved	= $933d
=$94fa					gm_path		= $94fa
=$6838					gm_open_fail	= $6838
=$0001					WK_NAME		= $0001
=2					GM_NOCOPYASK	= 2
=13					AE_OP_COUNT	= 13
=$804b					gm_free_slot	= $804b
=$14					N_CHECKSUM	= $14
=10					AE_OP_SESSION	= 10
=$7e06					gm_first_sel	= $7e06
=$3d04					N_HANDLE	= $3d04
=$6ce0					gm_info_icon	= $6ce0
=$9b18					gfx_clip_shift	= $9b18
=$93d5					ae_km_move	= $93d5
=$3d35					N_UIPTR		= $3d35
=$9ee1					gfx_glyph_second_visible= $9ee1
=$9e35					gfx_aligned_glyph= $9e35
=$78c8					gm_paint_window	= $78c8
=32					MU_TIMER	= 32
=$8700					AE_BASE		= $8700
=$7714					gm_iec_document	= $7714
=$abe5					vd_pointer_x	= $abe5
=$9357					ae_wait_time	= $9357
=$5000					gm_rows		= $5000
=$8847					gm_order	= $8847
=$3d81					N_FHANDLE	= $3d81
=$740a					gm_scan_ult	= $740a
=$7933					gm_paint_reset	= $7933
=$1068					pk_read_key	= $1068
=2					WF_NAME		= 2
=32					NSLOTS		= 32
=$994c					gfx_finish	= $994c
=$8769					gm_row		= $8769
=$0010					WK_INFO		= $0010
=$50					N_FIRST0	= $50
=$abf3					bp_backend_pending= $abf3
=$aec4					bk_carry	= $aec4
=$9cab					gfx_load	= $9cab
=$6fcd					gm_fail_head	= $6fcd
=$6db7					gm_astr		= $6db7
=$a5b0					pm_bottom	= $a5b0
=$6680					gm_key_move	= $6680
=$3d86					N_FNAMELEN	= $3d86
=11					WF_FIRSTXYWH	= 11
=$10ab					pk_columns	= $10ab
=$8a4b					aes		= $8a4b
=23					WM_FULLED	= 23
=$a4a6					pm_settling	= $a4a6
=$926b					ae_event_next	= $926b
=121					GM_PRT_LFN	= 121
=$6000					gm_image	= $6000
=$8763					gm_item		= $8763
=9					WS_OUTLINE	= 9
=$72cd					gm_ult_probe	= $72cd
=$9f4f					gfx_clip_pixels	= $9f4f
=160					pm_start	= 160
=$9de8					gfx_band_load	= $9de8
=$3d89					N_FCOUNT	= $3d89
=$c000					N_APPLIMIT	= $c000
=$6772					gm_open_drive	= $6772
=$6891					gm_df_scan	= $6891
=$9fb1					gfx_end		= $9fb1
=$10a7					pk_next		= $10a7
=$9de5					gfx_band_mask_ready= $9de5
=$1074					pk_accept	= $1074
=$b236					bk_crc_left	= $b236
=$abb9					bp_file		= $abb9
=$6c85					gm_aname_done	= $6c85
=$70f2					gm_release_done	= $70f2
=$b152					bk_read_chunk	= $b152
=$86f5					gm_view		= $86f5
=$a52f					pm_absent	= $a52f
=$9db5					gfx_band_masked	= $9db5
=$8143					gm_hex_error	= $8143
=$6fe6					gm_refresh_loop	= $6fe6
=0					GFX_FONT_COLUMNS= 0
=$785e					gm_peek_sheet	= $785e
=$3d02					N_BANK		= $3d02
=$9b2a					gfx_clip_defaults= $9b2a
=$76d2					gm_ult_del_error= $76d2
=2					N_U_DRIVES	= 2
=$4000					N_SERVICEBASE	= $4000
=$7c18					gm_repaint_all	= $7c18
=$3d21					N_DEVICE	= $3d21
=$86df					gm_dev		= $86df
=$676e					gm_open_none	= $676e
=$9f57					gfx_clip_cells	= $9f57
=$793b					gm_draw_rows	= $793b
=$661d					gm_click_done	= $661d
=1					GM_MOP_INFO	= 1
=$a473					pm_poll		= $a473
=$a096					gfx_text_index	= $a096
=$76c0					gm_ult_del_unknown= $76c0
=$b22e					bk_count	= $b22e
=$8764					gm_cx		= $8764
=$793a					gm_paint_done	= $793a
=$98ee					sd_click	= $98ee
=$1c6e					N_UQUERY	= $1c6e
=$923f					ae_alert_step	= $923f
=$3d17					N_MTOKEN	= $3d17
=$9cdb					gfx_copy	= $9cdb
=$aaca					bp_load		= $aaca
=$b238					gm_module	= $b238
=$1c4d					N_FRELEASE	= $1c4d
=$9cc7					gfx_clear	= $9cc7
=$3c00					NHANDLES	= $3c00
=$aec1					bk_operation	= $aec1
=$a9a6					bp_dispose	= $a9a6
=$b1da					bk_crc_get	= $b1da
=$9957					gfx_success	= $9957
=$693f					gm_scan_record	= $693f
=$abcb					bp_state	= $abcb
=$abce					vd_fault	= $abce
=$9f3f					gfx_bits	= $9f3f
=28					WM_MOVED	= 28
=3					GM_MOP_FORMAT	= 3
=$809b					gm_mul		= $809b
=$7e2a					gm_each		= $7e2a
=$95fe					gm_rec_addr	= $95fe
=$abf1					ru_active	= $abf1
=$9aec					gfx_empty	= $9aec
=$3d39					N_UIFLAGS	= $3d39
=$997a					gfx_glyph	= $997a
=$8615					gm_inf_scratch	= $8615
=$853f					gm_nlen		= $853f
=$94c7					ae_dirty	= $94c7
=$9372					ae_wait_done	= $9372
=$6403					gm_draw_icons	= $6403
=$86fd					gm_pos		= $86fd
=$609b					gm_surface_setup= $609b
=$87a4					gm_win_bits	= $87a4
=$3d00					N_OWNER		= $3d00
=21					GM_RECORD	= 21
=$ae8d					bk_services	= $ae8d
=$8185					gm_types	= $8185
=$3d11					N_BUSY		= $3d11
=$7940					gm_row_loop	= $7940
=$62a7					gm_dirty_from	= $62a7
=$86ff					gm_cmpb		= $86ff
=$6f94					gm_status_text	= $6f94
=$94a5					ae_session_write= $94a5
=$3d2c					N_APPFORMAT	= $3d2c
=$9f23					gfx_limits	= $9f23
=$913c					ae_detach	= $913c
=1					AE_CAP_ALERT	= 1
=$9e00					gfx_band_clear	= $9e00
=24					GM_CHUNK	= 24
=$1300					N_LOWBASE	= $1300
=$817e					gm_drive_title	= $817e
=$61					GM_PAPER	= $61
=$abe4					vd_pointer_visible= $abe4
=0					PM_SECONDARY	= 0
=$8780					gm_clip		= $8780
=5					GM_ICONS	= 5
=$04					N_FIRST1	= $04
=$aeba					bk_pages	= $aeba
=3					WF_INFO		= 3
=$996e					gfx_colors	= $996e
=$6b9e					gm_cmp_ordinal	= $6b9e
=9					AE_OP_SHUTDOWN	= 9
=$736e					gm_pr		= $736e
=$76d5					gm_ucmd		= $76d5
=$7beb					gm_scroll_to_selection= $7beb
=$1c32					N_RELEASE	= $1c32
=$6f91					gm_del_status	= $6f91
=$8774					gm_mul_b	= $8774
=$8773					gm_mul_a	= $8773
=$70ea					gm_drop		= $70ea
=$7da7					gm_select_set	= $7da7
=$6233					gm_open_bad	= $6233
=$6dd5					gm_anum		= $6dd5
=$aa14					bp_ok		= $aa14
=$8062					gm_select_mem	= $8062
=$988e					dc_code		= $988e
=$786d					gm_peek_kind	= $786d
=$7c36					gm_update_slider= $7c36
=$9f3a					gfx_mask	= $9f3a
=$7216					gm_file_select	= $7216
=$3d8d					N_FEOF		= $3d8d
=$6ba7					gm_cmp_raw	= $6ba7
=$9974					gfx_set_clip	= $9974
=$3d88					N_FTYPE		= $3d88
=$4f00					N_USTATUS	= $4f00
=$6596					gm_pointer_cell	= $6596
=$3d87					N_FMODE		= $3d87
=4					AE_OP_EVENT	= 4
=$3d26					N_IOSTATUS	= $3d26
=$8766					gm_i		= $8766
=$86f7					gm_k		= $86f7
=$8767					gm_j		= $8767
=$9863					dc_field_done	= $9863
=$86fe					gm_other	= $86fe
=$86e2					gm_q		= $86e2
=$86fb					gm_i2		= $86fb
=$9d9a					gfx_band_select	= $9d9a
=$6c71					gm_aname	= $6c71
=$7279					gm_module_call	= $7279
=$967b					dc_begin	= $967b
=$9204					ae_register	= $9204
=$6adc					gm_sort		= $6adc
=$8a4b					ae_call		= $8a4b
=8					MU_M2		= 8
=$9af1					gfx_store_clip	= $9af1
=$3d8e					N_FERROR	= $3d8e
=$85ad					gm_s_free	= $85ad
=$7b67					gm_arrowed	= $7b67
=$81bc					gm_label_9	= $81bc
=10					WS_TEXT		= 10
=$71e7					gm_session_save	= $71e7
=$a797					nk_active	= $a797
=$7626					gm_title_usb	= $7626
=$9894					dc_status	= $9894
=$9f1a					gfx_pen		= $9f1a
=7					N_REENTRANT	= 7
=$72e9					gm_prt_probe	= $72e9
=$765d					gm_title_end	= $765d
=$81ad					gm_icon_label_lo= $81ad
=$755b					gm_ult_enter	= $755b
=$66a5					gm_key_set	= $66a5
=$6d68					gm_info_sum	= $6d68
=$a66d					pm_pots		= $a66d
=$860a					gm_inf_name	= $860a
=$ab9f					vm_rows		= $ab9f
=$3d3d					N_UARG		= $3d3d
=$a9e4					vm_present	= $a9e4
=3					UI_BUFFER	= 3
=$7623					gm_title_set	= $7623
=$0002					WK_CLOSER	= $0002
=$9a51					gfx_clip_copy	= $9a51
=$6b41					gm_compare	= $6b41
=$930a					ae_event_fired	= $930a
=$9f36					gfx_columns	= $9f36
=5					GM_MOP_USBINFO	= 5
=$9f1c					gfx_error	= $9f1c
=$6aa3					gm_chunk_next	= $6aa3
=$5000					N_SERVICELIMIT	= $5000
=$7874					gm_text_suffix	= $7874
=$880c					gm_bitmask	= $880c
=$7fd6					gm_launch_fail	= $7fd6
=4					GM_MOP_CONTROL	= 4
=$9e6c					gfx_aligned_ink	= $9e6c
=$a390					pm_install	= $a390
=8					GM_MOP_SAVEDESK	= 8
=$7c90					gm_wset_simple	= $7c90
=$85c5					gm_session	= $85c5
=$8847					gm_dirpage	= $8847
=$836a					gm_s_blocks	= $836a
=$86aa					gm_lock_name	= $86aa
=$9824					dc_field_track	= $9824
=$94cb					ae_ev_params	= $94cb
=1					FO_PRESENT	= 1
=1					BP_TRACK_DIRTY	= 1
=$abf4					bk_call		= $abf4
=$6c73					gm_info_name	= $6c73
=$9ec6					gfx_glyph_shift	= $9ec6
=$83ee					gm_badname_alert= $83ee
=$6eb4					gm_del_go	= $6eb4
=26					WM_VSLID	= 26
=7					UI_FILTER	= 7
=$a9f3					vd_select	= $a9f3
=$86a6					gm_alert_default= $86a6
=$749e					gm_fn_next	= $749e
=32					BK_OWNER	= 32
=$81b7					gm_label_boot	= $81b7
=$7767					gm_usb_document	= $7767
=$9a03					gfx_pixel_limits= $9a03
=$a97d					bp_open_failed	= $a97d
=$6dec					gm_read_record	= $6dec
=$5000					gm_sortbuf	= $5000
=$a021					gfx_text_done	= $a021
=$a67b					pm_init_saved	= $a67b
=16					WF_VSLSIZE	= 16
=$accf					bk_service_bad	= $accf
=$84f9					gm_usht		= $84f9
=$aa18					bp_fault	= $aa18
=$7478					gm_ult_scan_done= $7478
=0					BP_SHARED_MEMORY= 0
=$a62b					pm_delta_done	= $a62b
=$946b					ae_menu_read	= $946b
=$b0d3					bk_load_success	= $b0d3
=$9890					dc_track	= $9890
=$6339					gm_alert_rows	= $6339
=$1c62					N_MCALL		= $1c62
=$81a4					gm_icon_on	= $81a4
=$698b					gm_scan_skip	= $698b
=$81ce					gm_label_printer= $81ce
=$9d1c					gfx_band	= $9d1c
=1					MU_KEYBD	= 1
=$83e4					gm_s_bar	= $83e4
=$a67a					pm_high		= $a67a
=$3d2f					N_DESKTOPSEL	= $3d2f
=16					AE_CAP_SESSION	= 16
=$9a1d					gfx_limits_y	= $9a1d
=$b0e2					bk_long_image	= $b0e2
=$a540					pm_move		= $a540
=16					GM_PAGES	= 16
=16					AC_PAGES	= 16
=$86f3					gm_page		= $86f3
=$990c					gfx_bind	= $990c
=$9fe1					gfx_text_next	= $9fe1
=$8788					gm_win_handle	= $8788
=$6c0b					gm_view_checks	= $6c0b
=$7aa0					gm_read_none	= $7aa0
=$6fe1					gm_refresh_drive= $6fe1
=$3d8f					N_FDOS		= $3d8f
=$8456					gm_start_alert	= $8456
=$6cdd					gm_info_fail	= $6cdd
=$a979					bp_open_bad	= $a979
=$8784					gm_rect		= $8784
=$3d34					N_BROWSERNAME_LEN= $3d34
=$b230					bk_offset	= $b230
=$8771					gm_num		= $8771
=7					WF_FULLXYWH	= 7
=$98c7					dc_free		= $98c7
=$0400					WK_RTARROW	= $0400
=$614d					pm_select_surface= $614d
=$9f4e					gfx_band_first	= $9f4e
=$79bd					gm_rows_fail	= $79bd
=$9fcf					gfx_text_badarg	= $9fcf
=$9b2c					gfx_clip_reset_next= $9b2c
=0					NK_LOCAL_HELP	= 0
=$6bc9					gm_name_key	= $6bc9

;******  Return to file: src/native/gemdesk-dlg.asm

.b238					gm_dlg:
>b238	4e 4d 4f 44			        .text "nmod"
>b23c	01 01 0e 00			        .byte 1,1,14,0
>b240	a0 0b				        .word gm_dlg_end-gm_dlg
>b242	00 00				        .word 0
>b244	10 00				        .word dlg.entry-gm_dlg
>b246	00 00				        .word 0
.b248					dlg
.b248					entry:
.b248	a2 03		ldx #$03	        ldx #3                  ; forms draw on the desktop's surface
.b24a	bd d3 86	lda $86d3,x	-       lda gm_surface,x
.b24d	9d 96 bd	sta $bd96,x	        sta fo_surface,x
.b250	ca		dex		        dex
.b251	10 f7		bpl $b24a	        bpl -
.b253	4c 56 b2	jmp $b256	        jmp gm_info_dialog
.b256					gm_info_dialog:
.b256	a2 00		ldx #$00	        ldx #0                  ; the name into the field
.b258	bd 32 88	lda $8832,x	-       lda gm_rec,x
.b25b	c9 a0		cmp #$a0	        cmp #$a0
.b25d	f0 08		beq $b267	        beq +
.b25f	9d d5 b3	sta $b3d5,x	        sta gm_name_buf,x
.b262	e8		inx		        inx
.b263	e0 10		cpx #$10	        cpx #16
.b265	d0 f1		bne $b258	        bne -
.b267	8e cd b3	stx $b3cd	+       stx gm_name_field
.b26a	a9 00		lda #$00	        lda #0
.b26c	9d d5 b3	sta $b3d5,x	        sta gm_name_buf,x
.b26f	8d 02 87	sta $8702	        sta gm_alen             ; "Type: SEQ  Blocks: 1"
.b272	20 86 6c	jsr $6c86	        jsr gm_atype
.b275	ae 02 87	ldx $8702	        ldx gm_alen
.b278	a9 00		lda #$00	        lda #0
.b27a	9d 03 87	sta $8703,x	        sta gm_abuf,x
.b27d	a2 00		ldx #$00	        ldx #0
.b27f	bd 03 87	lda $8703,x	-       lda gm_abuf,x
.b282	9d e6 b3	sta $b3e6,x	        sta gm_info_line,x
.b285	f0 03		beq $b28a	        beq +
.b287	e8		inx		        inx
.b288	d0 f5		bne $b27f	        bne -
.b28a	ad 43 88	lda $8843	+       lda gm_rec+17           ; read-only: the lock bit of its type
.b28d	29 40		and #$40	        and #$40
.b28f	f0 02		beq $b293	        beq +
.b291	a9 01		lda #$01	        lda #FOS_SELECTED
.b293	8d 2d b4	sta $b42d	+       sta gm_info_form+5+4*8+2
.b296	a9 06		lda #$06	        lda #<gm_info_form
.b298	a2 b4		ldx #$b4	        ldx #>gm_info_form
.b29a	20 99 b3	jsr $b399	        jsr gm_form
.b29d	b0 50		bcs $b2ef	        bcs gm_dialog_fail
.b29f	c9 05		cmp #$05	        cmp #5                  ; OK
.b2a1	d0 4b		bne $b2ee	        bne gm_dialog_done
.b2a3	ad 43 88	lda $8843	        lda gm_rec+17
.b2a6	29 40		and #$40	        and #$40
.b2a8	8d 81 b3	sta $b381	        sta gm_listed_lock
.b2ab	ad 2d b4	lda $b42d	        lda gm_info_form+5+4*8+2
.b2ae	4a		lsr a		        lsr
.b2af	a9 00		lda #$00	        lda #0
.b2b1	90 02		bcc $b2b5	        bcc +
.b2b3	a9 40		lda #$40	        lda #$40
.b2b5	cd 81 b3	cmp $b381	+       cmp gm_listed_lock
.b2b8	f0 17		beq $b2d1	        beq gm_info_name
.b2ba	09 80		ora #$80	        ora #$80                ; Read-only changed: the lock to set, and the name
.b2bc	8d a9 86	sta $86a9	        sta gm_lock_want
.b2bf	a2 0f		ldx #$0f	        ldx #15
.b2c1	a9 a0		lda #$a0	-       lda #$a0
.b2c3	ec cd b3	cpx $b3cd	        cpx gm_name_field
.b2c6	b0 03		bcs $b2cb	        bcs +
.b2c8	bd d5 b3	lda $b3d5,x	        lda gm_name_buf,x
.b2cb	9d aa 86	sta $86aa,x	+       sta gm_lock_name,x
.b2ce	ca		dex		        dex
.b2cf	10 f0		bpl $b2c1	        bpl -
.b2d1					gm_info_name:
.b2d1	a2 00		ldx #$00	        ldx #0                  ; the same name: nothing to do
.b2d3	ec cd b3	cpx $b3cd	-       cpx gm_name_field
.b2d6	f0 0b		beq $b2e3	        beq +
.b2d8	bd d5 b3	lda $b3d5,x	        lda gm_name_buf,x
.b2db	dd 32 88	cmp $8832,x	        cmp gm_rec,x
.b2de	d0 12		bne $b2f2	        bne gm_rename
.b2e0	e8		inx		        inx
.b2e1	d0 f0		bne $b2d3	        bne -
.b2e3	e0 10		cpx #$10	+       cpx #16
.b2e5	f0 07		beq $b2ee	        beq gm_dialog_done
.b2e7	bd 32 88	lda $8832,x	        lda gm_rec,x
.b2ea	c9 a0		cmp #$a0	        cmp #$a0
.b2ec	d0 04		bne $b2f2	        bne gm_rename
.b2ee					gm_dialog_done:
.b2ee	60		rts		        rts
.b2ef					gm_dialog_fail:
.b2ef	4c ff 6b	jmp $6bff	        jmp gm_view_fail
.b2f2					gm_rename:
.b2f2	ad cd b3	lda $b3cd	        lda gm_name_field
.b2f5	f0 63		beq $b35a	        beq gm_rename_bad
.b2f7	a0 03		ldy #$03	        ldy #3
.b2f9	a2 00		ldx #$00	        ldx #0
.b2fb	bd d5 b3	lda $b3d5,x	-       lda gm_name_buf,x       ; the new name
.b2fe	20 82 b3	jsr $b382	        jsr gm_dos_char
.b301	b0 57		bcs $b35a	        bcs gm_rename_bad
.b303	99 66 98	sta $9866,y	        sta dc_text,y
.b306	c8		iny		        iny
.b307	e8		inx		        inx
.b308	ec cd b3	cpx $b3cd	        cpx gm_name_field
.b30b	d0 ee		bne $b2fb	        bne -
.b30d	a9 3d		lda #$3d	        lda #$3d                ; =
.b30f	99 66 98	sta $9866,y	        sta dc_text,y
.b312	c8		iny		        iny
.b313	a2 00		ldx #$00	        ldx #0
.b315	bd 32 88	lda $8832,x	-       lda gm_rec,x            ; the old name
.b318	c9 a0		cmp #$a0	        cmp #$a0
.b31a	f0 0e		beq $b32a	        beq +
.b31c	20 82 b3	jsr $b382	        jsr gm_dos_char
.b31f	b0 39		bcs $b35a	        bcs gm_rename_bad
.b321	99 66 98	sta $9866,y	        sta dc_text,y
.b324	c8		iny		        iny
.b325	e8		inx		        inx
.b326	e0 10		cpx #$10	        cpx #16
.b328	d0 eb		bne $b315	        bne -
.b32a	8c 65 98	sty $9865	+       sty dc_length
.b32d	a9 52		lda #$52	        lda #$52                ; R0:
.b32f	8d 66 98	sta $9866	        sta dc_text
.b332	a9 30		lda #$30	        lda #$30
.b334	8d 67 98	sta $9867	        sta dc_text+1
.b337	a9 3a		lda #$3a	        lda #$3a
.b339	8d 68 98	sta $9868	        sta dc_text+2
.b33c	ae de 86	ldx $86de	        ldx gm_slot
.b33f	bd 8c 87	lda $878c,x	        lda gm_win_dev,x
.b342	8d 64 98	sta $9864	        sta dc_device
.b345	8d df 86	sta $86df	        sta gm_dev
.b348	bd 90 87	lda $8790,x	        lda gm_win_fmt,x
.b34b	8d e0 86	sta $86e0	        sta gm_fmt
.b34e	20 3e 96	jsr $963e	        jsr dc_command
.b351	b0 0d		bcs $b360	        bcs gm_rename_error
.b353	c9 00		cmp #$00	        cmp #0
.b355	d0 17		bne $b36e	        bne gm_rename_status
.b357	4c e1 6f	jmp $6fe1	        jmp gm_refresh_drive
.b35a					gm_rename_bad:
.b35a	20 7b b3	jsr $b37b	        jsr gm_lock_withdraw
.b35d	4c 63 6f	jmp $6f63	        jmp gm_del_badname
.b360					gm_rename_error:
.b360	48		pha		        pha
.b361	20 7b b3	jsr $b37b	        jsr gm_lock_withdraw
.b364	a9 6e		lda #$6e	        lda #<gm_s_norename
.b366	a2 b4		ldx #$b4	        ldx #>gm_s_norename
.b368	20 cd 6f	jsr $6fcd	        jsr gm_fail_head
.b36b	4c 70 6f	jmp $6f70	        jmp gm_error_hex
.b36e					gm_rename_status:
.b36e	20 7b b3	jsr $b37b	        jsr gm_lock_withdraw
.b371	a9 6e		lda #$6e	        lda #<gm_s_norename
.b373	a2 b4		ldx #$b4	        ldx #>gm_s_norename
.b375	20 cd 6f	jsr $6fcd	        jsr gm_fail_head
.b378	4c 94 6f	jmp $6f94	        jmp gm_status_text
.b37b					gm_lock_withdraw:
.b37b	a9 00		lda #$00	        lda #0
.b37d	8d a9 86	sta $86a9	        sta gm_lock_want
.b380	60		rts		        rts
>b381	00				gm_listed_lock: .byte 0
.b382					gm_dos_char:
.b382	8e 6d 87	stx $876d	        stx gm_math4
.b385	a2 06		ldx #$06	        ldx #gm_bad_chars_end-gm_bad_chars-1
.b387	dd 1e 84	cmp $841e,x	-       cmp gm_bad_chars,x
.b38a	f0 08		beq $b394	        beq +
.b38c	ca		dex		        dex
.b38d	10 f8		bpl $b387	        bpl -
.b38f	ae 6d 87	ldx $876d	        ldx gm_math4
.b392	18		clc		        clc
.b393	60		rts		        rts
.b394	ae 6d 87	ldx $876d	+       ldx gm_math4
.b397	38		sec		        sec
.b398	60		rts		        rts
.b399					gm_form:
.b399	8d cb b3	sta $b3cb	        sta gm_form_ptr
.b39c	8e cc b3	stx $b3cc	        stx gm_form_ptr+1
.b39f	20 5f 61	jsr $615f	        jsr gm_bind
.b3a2	b0 1e		bcs $b3c2	        bcs gm_form_done
.b3a4	20 2a 9b	jsr $9b2a	        jsr gfx_clip_defaults
.b3a7	ad cb b3	lda $b3cb	        lda gm_form_ptr
.b3aa	ae cc b3	ldx $b3cc	        ldx gm_form_ptr+1
.b3ad	20 84 b4	jsr $b484	        jsr fo_open
.b3b0	b0 10		bcs $b3c2	        bcs gm_form_done
.b3b2	20 70 b5	jsr $b570	        jsr fo_do
.b3b5	b0 0c		bcs $b3c3	        bcs gm_form_close_error
.b3b7	8d ca b3	sta $b3ca	        sta gm_form_exit
.b3ba	20 3d b5	jsr $b53d	        jsr fo_close
.b3bd	b0 03		bcs $b3c2	        bcs gm_form_done
.b3bf	ad ca b3	lda $b3ca	        lda gm_form_exit
.b3c2					gm_form_done:
.b3c2	60		rts		        rts
.b3c3					gm_form_close_error:
.b3c3	48		pha		        pha
.b3c4	20 3d b5	jsr $b53d	        jsr fo_close
.b3c7	68		pla		        pla
.b3c8	38		sec		        sec
.b3c9	60		rts		        rts
>b3ca	00				gm_form_exit: .byte 0
>b3cb	00 00				gm_form_ptr: .word 0
>b3cd	00 00 10			gm_name_field: .byte 0,0,16     ; N_FEDIT record: length, caret, maximum,
>b3d0	d5 b3				        .word gm_name_buf       ; buffer, 40/80-column views, IEC filename filter
>b3d2	00 00 03			        .byte 0,0,3
>b3d5	00 00 00 00 00 00 00 00		gm_name_buf: .fill 17,0
>b3dd	00 00 00 00 00 00 00 00 00
>b3e6	00 00 00 00 00 00 00 00		gm_info_line: .fill 32,0
>b3ee	00 00 00 00 00 00 00 00 00 00 00 00 00 00 00 00
>b3fe	00 00 00 00 00 00 00 00
>b406	ff 00 1e 0a 07			gm_info_form: .byte $ff,0,30,10,7
>b40b	01 00 00 02 01 14		        .byte FOT_TEXT,0,0,2,1,20
>b411	43 b4				        .word gm_t_info
>b413	01 00 00 02 03 05		        .byte FOT_TEXT,0,0,2,3,5
>b419	54 b4				        .word gm_t_name
>b41b	05 00 00 08 03 11		        .byte FOT_FIELD,0,0,8,3,17
>b421	cd b3				        .word gm_name_field
>b423	01 00 00 02 04 1a		        .byte FOT_TEXT,0,0,2,4,26
>b429	e6 b3				        .word gm_info_line
>b42b	03 00 02 02 05 0c		        .byte FOT_CHECK,0,FOS_DISABLED,2,5,12
>b431	5a b4				        .word gm_t_readonly
>b433	02 03 00 08 07 08		        .byte FOT_BUTTON,FOF_DEFAULT|FOF_EXIT,0,8,7,8
>b439	64 b4				        .word gm_t_ok
>b43b	02 06 00 12 07 08		        .byte FOT_BUTTON,FOF_CANCEL|FOF_EXIT,0,18,7,8
>b441	67 b4				        .word gm_t_cancel
>b443	49 74 65 6d 20 49 6e 66		gm_t_info: .byte 73,116,101,109,32,73,110,102,111,114,109,97,116,105,111,110,0   ; Item Information
>b44b	6f 72 6d 61 74 69 6f 6e 00
>b454	4e 61 6d 65 3a 00		gm_t_name: .byte 78,97,109,101,58,0   ; Name:
>b45a	52 65 61 64 2d 6f 6e 6c		gm_t_readonly: .byte 82,101,97,100,45,111,110,108,121,0   ; Read-only
>b462	79 00
>b464	4f 4b 00			gm_t_ok: .byte 79,75,0   ; OK
>b467	43 61 6e 63 65 6c 00		gm_t_cancel: .byte 67,97,110,99,101,108,0   ; Cancel
>b46e	5b 33 5d 5b 43 6f 75 6c		gm_s_norename: .byte 91,51,93,91,67,111,117,108,100,32,110,111,116,32,114,101,110,97,109,101,124,0   ; [3][Could not rename|
>b476	64 20 6e 6f 74 20 72 65 6e 61 6d 65 7c 00

;******  Processing file: src/native/forms.inc

=1					FOT_TEXT = 1
=2					FOT_BUTTON = 2
=3					FOT_CHECK = 3
=4					FOT_RADIO = 4
=5					FOT_FIELD = 5
=1					FOF_DEFAULT = 1                  ; flags
=2					FOF_EXIT = 2
=4					FOF_CANCEL = 4
=1					FOS_SELECTED = 1                 ; state
=2					FOS_DISABLED = 2
=$61					FOC_PAPER = $61
=$07					FOC_FOCUS = $07
=$c1					FOC_GREY = $c1
=32					FOT_MAX_OBJECTS = 32
.b484					fo_open:
.b484	8d 9e bd	sta $bd9e	        sta fo_ptr
.b487	8e 9f bd	stx $bd9f	        stx fo_ptr+1
.b48a	8d 93 b4	sta $b493	        sta fo_hdr+1
.b48d	8e 94 b4	stx $b494	        stx fo_hdr+2
.b490	a0 04		ldy #$04	        ldy #4
.b492					fo_hdr:
.b492	b9 ff ff	lda $ffff,y	        lda $ffff,y
.b495	99 a0 bd	sta $bda0,y	        sta fo_x,y
.b498	88		dey		        dey
.b499	10 f7		bpl $b492	        bpl fo_hdr
.b49b	ad a4 bd	lda $bda4	        lda fo_n
.b49e	d0 03		bne $b4a3	        beq fo_bad
.b4a0	4c 39 b5	jmp $b539
.b4a3	c9 21		cmp #$21	        cmp #FOT_MAX_OBJECTS+1
.b4a5	b0 f9		bcs $b4a0	        bcs fo_bad
.b4a7	ad a2 bd	lda $bda2	        lda fo_w
.b4aa	c9 03		cmp #$03	        cmp #3
.b4ac	90 f2		bcc $b4a0	        bcc fo_bad
.b4ae	c9 27		cmp #$27	        cmp #39
.b4b0	b0 ee		bcs $b4a0	        bcs fo_bad
.b4b2	ad a3 bd	lda $bda3	        lda fo_h
.b4b5	c9 03		cmp #$03	        cmp #3
.b4b7	90 e7		bcc $b4a0	        bcc fo_bad
.b4b9	c9 18		cmp #$18	        cmp #24
.b4bb	b0 7c		bcs $b539	        bcs fo_bad
.b4bd	ad a0 bd	lda $bda0	        lda fo_x
.b4c0	c9 ff		cmp #$ff	        cmp #$ff
.b4c2	d0 18		bne $b4dc	        bne fo_placed
.b4c4	a9 28		lda #$28	        lda #40                 ; centred below the menu bar
.b4c6	38		sec		        sec
.b4c7	ed a2 bd	sbc $bda2	        sbc fo_w
.b4ca	4a		lsr a		        lsr
.b4cb	8d a0 bd	sta $bda0	        sta fo_x
.b4ce	a9 19		lda #$19	        lda #25
.b4d0	38		sec		        sec
.b4d1	ed a3 bd	sbc $bda3	        sbc fo_h
.b4d4	4a		lsr a		        lsr
.b4d5	d0 02		bne $b4d9	        bne +
.b4d7	a9 01		lda #$01	        lda #1
.b4d9	8d a1 bd	sta $bda1	+       sta fo_y
.b4dc					fo_placed:
.b4dc	ad a1 bd	lda $bda1	        lda fo_y
.b4df	f0 58		beq $b539	        beq fo_bad
.b4e1	18		clc		        clc
.b4e2	6d a3 bd	adc $bda3	        adc fo_h
.b4e5	c9 1a		cmp #$1a	        cmp #26
.b4e7	b0 50		bcs $b539	        bcs fo_bad
.b4e9	ad a0 bd	lda $bda0	        lda fo_x
.b4ec	18		clc		        clc
.b4ed	6d a2 bd	adc $bda2	        adc fo_w
.b4f0	c9 29		cmp #$29	        cmp #41
.b4f2	b0 45		bcs $b539	        bcs fo_bad
.b4f4	20 ce bb	jsr $bbce	        jsr fo_transfer_alloc   ; save the cells under the form
.b4f7	b0 35		bcs $b52e	        bcs fo_open_done
.b4f9	a2 00		ldx #$00	        ldx #0                  ; fields: caret at the end
.b4fb					fo_init_fields:
.b4fb	8e b1 bd	stx $bdb1	        stx fo_i
.b4fe	20 1f b8	jsr $b81f	        jsr fo_fetch
.b501	ad a5 bd	lda $bda5	        lda fo_type
.b504	c9 05		cmp #$05	        cmp #FOT_FIELD
.b506	d0 0d		bne $b515	        bne +
.b508	20 71 b8	jsr $b871	        jsr fo_uiptr
.b50b	a9 00		lda #$00	        lda #0
.b50d	8d 37 3d	sta $3d37	        sta N_UIKEY
.b510	20 59 1c	jsr $1c59	        jsr N_FEDIT
.b513	b0 1a		bcs $b52f	        bcs fo_open_free
.b515	ae b1 bd	ldx $bdb1	+       ldx fo_i
.b518	e8		inx		        inx
.b519	ec a4 bd	cpx $bda4	        cpx fo_n
.b51c	d0 dd		bne $b4fb	        bne fo_init_fields
.b51e	a9 ff		lda #$ff	        lda #$ff
.b520	8d b0 bd	sta $bdb0	        sta fo_focus
.b523	a9 01		lda #$01	        lda #1                  ; a press held from before is not a click
.b525	8d b8 bd	sta $bdb8	        sta fo_prev_button
.b528	20 89 b7	jsr $b789	        jsr fo_next
.b52b	20 7e b8	jsr $b87e	        jsr fo_draw_all
.b52e					fo_open_done:
.b52e	60		rts		        rts
.b52f					fo_open_free:
.b52f	48		pha		        pha
.b530	20 3b bd	jsr $bd3b	        jsr fo_select_save
.b533	20 23 1c	jsr $1c23	        jsr N_FREE
.b536	68		pla		        pla
.b537	38		sec		        sec
.b538	60		rts		        rts
.b539					fo_bad:
.b539	a9 01		lda #$01	        lda #N_BADARG
.b53b	38		sec		        sec
.b53c	60		rts		        rts
.b53d					fo_close:
.b53d	a9 01		lda #$01	        lda #1                  ; saved copy -> surface
.b53f	20 2a bc	jsr $bc2a	        jsr fo_transfer
.b542	08		php		        php
.b543	48		pha		        pha
.b544	20 50 b5	jsr $b550	        jsr fo_mark_rows        ; a raw copy, unseen by the graphics core's tracking
.b547	20 3b bd	jsr $bd3b	        jsr fo_select_save
.b54a	20 23 1c	jsr $1c23	        jsr N_FREE
.b54d	68		pla		        pla
.b54e	28		plp		        plp
.b54f	60		rts		        rts
.b550					fo_mark_rows:
.b550	ae a1 bd	ldx $bda1	        ldx fo_y
.b553	ac a3 bd	ldy $bda3	        ldy fo_h
.b556	f0 0c		beq $b564	        beq +
.b558	a9 01		lda #$01	        lda #1
.b55a	8d b8 ab	sta $abb8	        sta vm_pending
.b55d	9d 9f ab	sta $ab9f,x	-       sta vm_rows,x
.b560	e8		inx		        inx
.b561	88		dey		        dey
.b562	d0 f9		bne $b55d	        bne -
.b564	60		rts		+       rts
.b565					fo_redraw:
.b565	20 cc b8	jsr $b8cc	        jsr fo_draw_obj
.b568	08		php		        php
.b569	48		pha		        pha
.b56a	20 2a 9b	jsr $9b2a	        jsr gfx_clip_defaults
.b56d	68		pla		        pla
.b56e	28		plp		        plp
.b56f	60		rts		        rts
.b570					fo_do:
.b570	20 b9 62	jsr $62b9	        jsr ae_present          ; the app's VDC mirror: rows the dialog redrew
.b573	a9 01		lda #$01	        lda #1
.b575	8d 12 3d	sta $3d12	        sta N_READY
.b578	20 3b 1c	jsr $1c3b	        jsr N_KEYIN
.b57b	a2 00		ldx #$00	        ldx #0
.b57d	8e 12 3d	stx $3d12	        stx N_READY
.b580	8d b6 bd	sta $bdb6	        sta fo_key
.b583	20 73 a4	jsr $a473	        jsr pm_poll
.b586	a2 00		ldx #$00	        ldx #0                  ; a press is a change from up to down
.b588	ad 6f a6	lda $a66f	        lda pm_buttons
.b58b	f0 06		beq $b593	        beq +
.b58d	ad b8 bd	lda $bdb8	        lda fo_prev_button
.b590	d0 01		bne $b593	        bne +
.b592	e8		inx		        inx
.b593	8e b7 bd	stx $bdb7	+       stx fo_press
.b596	ad 6f a6	lda $a66f	        lda pm_buttons
.b599	f0 02		beq $b59d	        beq +
.b59b	a9 01		lda #$01	        lda #1
.b59d	8d b8 bd	sta $bdb8	+       sta fo_prev_button
.b5a0	ad b6 bd	lda $bdb6	        lda fo_key
.b5a3	f0 05		beq $b5aa	        beq +
.b5a5	20 e6 b5	jsr $b5e6	        jsr fo_key_act
.b5a8	b0 0a		bcs $b5b4	        bcs fo_do_result
.b5aa	ad b7 bd	lda $bdb7	+       lda fo_press
.b5ad	f0 c1		beq $b570	        beq fo_do
.b5af	20 8f b6	jsr $b68f	        jsr fo_click
.b5b2	90 bc		bcc $b570	        bcc fo_do
.b5b4					fo_do_result:
.b5b4	ad 6f a6	lda $a66f	-       lda pm_buttons          ; left with the pointer: the press ends here, at
.b5b7	f0 13		beq $b5cc	        beq +                   ; its release, so the caller never sees it
.b5b9	a9 01		lda #$01	        lda #1
.b5bb	8d 12 3d	sta $3d12	        sta N_READY
.b5be	20 3b 1c	jsr $1c3b	        jsr N_KEYIN             ; (idle; a key typed meanwhile is dropped)
.b5c1	a2 00		ldx #$00	        ldx #0
.b5c3	8e 12 3d	stx $3d12	        stx N_READY
.b5c6	20 73 a4	jsr $a473	        jsr pm_poll
.b5c9	4c b4 b5	jmp $b5b4	        jmp -
.b5cc	ad b9 bd	lda $bdb9	+       lda fo_exit
.b5cf	c9 ff		cmp #$ff	        cmp #$ff
.b5d1	f0 02		beq $b5d5	        beq +
.b5d3	18		clc		        clc
.b5d4	60		rts		        rts
.b5d5	ad ba bd	lda $bdba	+       lda fo_error
.b5d8	38		sec		        sec
.b5d9	60		rts		        rts
.b5da					fo_fail:
.b5da	8d ba bd	sta $bdba	        sta fo_error
.b5dd	a9 ff		lda #$ff	        lda #$ff
.b5df	8d b9 bd	sta $bdb9	        sta fo_exit
.b5e2	38		sec		        sec
.b5e3	60		rts		        rts
.b5e4					fo_continue:
.b5e4	18		clc		        clc
.b5e5	60		rts		        rts
.b5e6					fo_key_act:
.b5e6	c9 1b		cmp #$1b	        cmp #27                 ; Esc: the cancel object
.b5e8	d0 05		bne $b5ef	        bne +
.b5ea	a9 04		lda #$04	        lda #FOF_CANCEL
.b5ec	4c 64 b6	jmp $b664	        jmp fo_press_flagged
.b5ef	c9 0d		cmp #$0d	+       cmp #13
.b5f1	d0 1c		bne $b60f	        bne +
.b5f3	ae b0 bd	ldx $bdb0	        ldx fo_focus            ; Return: the focused button, else the default
.b5f6	e0 ff		cpx #$ff	        cpx #$ff
.b5f8	f0 10		beq $b60a	        beq fo_return_default
.b5fa	20 1f b8	jsr $b81f	        jsr fo_fetch
.b5fd	ad a5 bd	lda $bda5	        lda fo_type
.b600	c9 02		cmp #$02	        cmp #FOT_BUTTON
.b602	d0 06		bne $b60a	        bne fo_return_default
.b604	ae b0 bd	ldx $bdb0	        ldx fo_focus
.b607	4c f4 b6	jmp $b6f4	        jmp fo_act
.b60a					fo_return_default:
.b60a	a9 01		lda #$01	        lda #FOF_DEFAULT
.b60c	4c 64 b6	jmp $b664	        jmp fo_press_flagged
.b60f	c9 09		cmp #$09	+       cmp #9                  ; Tab, cursor down: next
.b611	f0 0e		beq $b621	        beq fo_key_next
.b613	c9 11		cmp #$11	        cmp #$11
.b615	f0 0a		beq $b621	        beq fo_key_next
.b617	c9 91		cmp #$91	        cmp #$91
.b619	d0 0d		bne $b628	        bne fo_key_other
.b61b	20 b5 b7	jsr $b7b5	        jsr fo_prev
.b61e	4c 24 b6	jmp $b624	        jmp fo_focus_moved
.b621					fo_key_next:
.b621	20 89 b7	jsr $b789	        jsr fo_next
.b624					fo_focus_moved:
.b624	b0 b4		bcs $b5da	        bcs fo_fail
.b626	18		clc		        clc
.b627	60		rts		        rts
.b628					fo_key_other:
.b628	ae b0 bd	ldx $bdb0	        ldx fo_focus
.b62b	e0 ff		cpx #$ff	        cpx #$ff
.b62d	f0 b5		beq $b5e4	        beq fo_continue
.b62f	20 1f b8	jsr $b81f	        jsr fo_fetch
.b632	ad a5 bd	lda $bda5	        lda fo_type
.b635	c9 05		cmp #$05	        cmp #FOT_FIELD
.b637	f0 0d		beq $b646	        beq fo_edit
.b639	ad b6 bd	lda $bdb6	        lda fo_key              ; Space acts on the focused object
.b63c	c9 20		cmp #$20	        cmp #32
.b63e	d0 a4		bne $b5e4	        bne fo_continue
.b640	ae b0 bd	ldx $bdb0	        ldx fo_focus
.b643	4c f4 b6	jmp $b6f4	        jmp fo_act
.b646					fo_edit:
.b646	20 71 b8	jsr $b871	        jsr fo_uiptr
.b649	ad b6 bd	lda $bdb6	        lda fo_key
.b64c	8d 37 3d	sta $3d37	        sta N_UIKEY
.b64f	20 59 1c	jsr $1c59	        jsr N_FEDIT
.b652	b0 86		bcs $b5da	        bcs fo_fail
.b654	ae b0 bd	ldx $bdb0	        ldx fo_focus
.b657	20 cc b8	jsr $b8cc	        jsr fo_draw_obj
.b65a	90 03		bcc $b65f	        bcs fo_fail
.b65c	4c da b5	jmp $b5da
.b65f	20 2a 9b	jsr $9b2a	        jsr gfx_clip_defaults
.b662	18		clc		        clc
.b663	60		rts		        rts
.b664					fo_press_flagged:
.b664	8d b5 bd	sta $bdb5	        sta fo_flag
.b667	a2 00		ldx #$00	        ldx #0
.b669	8e b1 bd	stx $bdb1	-       stx fo_i
.b66c	20 1f b8	jsr $b81f	        jsr fo_fetch
.b66f	ad a6 bd	lda $bda6	        lda fo_flags
.b672	2d b5 bd	and $bdb5	        and fo_flag
.b675	f0 0d		beq $b684	        beq +
.b677	ad a7 bd	lda $bda7	        lda fo_state
.b67a	29 02		and #$02	        and #FOS_DISABLED
.b67c	d0 06		bne $b684	        bne +
.b67e	ae b1 bd	ldx $bdb1	        ldx fo_i
.b681	4c f4 b6	jmp $b6f4	        jmp fo_act
.b684	ae b1 bd	ldx $bdb1	+       ldx fo_i
.b687	e8		inx		        inx
.b688	ec a4 bd	cpx $bda4	        cpx fo_n
.b68b	d0 dc		bne $b669	        bne -
.b68d	18		clc		        clc
.b68e	60		rts		        rts
.b68f					fo_click:
.b68f	ad 69 a6	lda $a669	        lda pm_x+1              ; pointer cell
.b692	4a		lsr a		        lsr
.b693	ad 68 a6	lda $a668	        lda pm_x
.b696	6a		ror a		        ror
.b697	4a		lsr a		        lsr
.b698	4a		lsr a		        lsr
.b699	8d bc bd	sta $bdbc	        sta fo_cx
.b69c	ad 6a a6	lda $a66a	        lda pm_y
.b69f	4a		lsr a		        lsr
.b6a0	4a		lsr a		        lsr
.b6a1	4a		lsr a		        lsr
.b6a2	8d bd bd	sta $bdbd	        sta fo_cy
.b6a5	a2 00		ldx #$00	        ldx #0
.b6a7					fo_hit:
.b6a7	8e b1 bd	stx $bdb1	        stx fo_i
.b6aa	20 1f b8	jsr $b81f	        jsr fo_fetch
.b6ad	20 09 b8	jsr $b809	        jsr fo_focusable
.b6b0	90 34		bcc $b6e6	        bcc fo_hit_next
.b6b2	ad bc bd	lda $bdbc	        lda fo_cx
.b6b5	38		sec		        sec
.b6b6	ed ad bd	sbc $bdad	        sbc fo_ax
.b6b9	90 2b		bcc $b6e6	        bcc fo_hit_next
.b6bb	cd aa bd	cmp $bdaa	        cmp fo_ow
.b6be	b0 26		bcs $b6e6	        bcs fo_hit_next
.b6c0	ad bd bd	lda $bdbd	        lda fo_cy
.b6c3	38		sec		        sec
.b6c4	ed ae bd	sbc $bdae	        sbc fo_ay
.b6c7	90 1d		bcc $b6e6	        bcc fo_hit_next
.b6c9	cd af bd	cmp $bdaf	        cmp fo_rows
.b6cc	b0 18		bcs $b6e6	        bcs fo_hit_next
.b6ce	ae b1 bd	ldx $bdb1	        ldx fo_i
.b6d1	20 dd b7	jsr $b7dd	        jsr fo_set_focus
.b6d4	b0 1b		bcs $b6f1	        bcs fo_click_fail
.b6d6	ad a5 bd	lda $bda5	        lda fo_type
.b6d9	c9 05		cmp #$05	        cmp #FOT_FIELD
.b6db	d0 03		bne $b6e0	        beq fo_continue
.b6dd	4c e4 b5	jmp $b5e4
.b6e0	ae b1 bd	ldx $bdb1	        ldx fo_i
.b6e3	4c f4 b6	jmp $b6f4	        jmp fo_act
.b6e6					fo_hit_next:
.b6e6	ae b1 bd	ldx $bdb1	        ldx fo_i
.b6e9	e8		inx		        inx
.b6ea	ec a4 bd	cpx $bda4	        cpx fo_n
.b6ed	d0 b8		bne $b6a7	        bne fo_hit
.b6ef	18		clc		        clc
.b6f0	60		rts		        rts
.b6f1					fo_click_fail:
.b6f1	4c da b5	jmp $b5da	        jmp fo_fail
.b6f4					fo_act:
.b6f4	8e b1 bd	stx $bdb1	        stx fo_i
.b6f7	20 1f b8	jsr $b81f	        jsr fo_fetch
.b6fa	ad a7 bd	lda $bda7	        lda fo_state
.b6fd	29 02		and #$02	        and #FOS_DISABLED
.b6ff	d0 dc		bne $b6dd	        bne fo_continue
.b701	ad a5 bd	lda $bda5	        lda fo_type
.b704	c9 02		cmp #$02	        cmp #FOT_BUTTON
.b706	d0 0f		bne $b717	        bne +
.b708	ad a6 bd	lda $bda6	        lda fo_flags
.b70b	29 06		and #$06	        and #FOF_EXIT|FOF_CANCEL
.b70d	f0 ce		beq $b6dd	        beq fo_continue
.b70f	ad b1 bd	lda $bdb1	        lda fo_i
.b712	8d b9 bd	sta $bdb9	        sta fo_exit
.b715	38		sec		        sec
.b716	60		rts		        rts
.b717	c9 03		cmp #$03	+       cmp #FOT_CHECK
.b719	d0 13		bne $b72e	        bne +
.b71b	ad a7 bd	lda $bda7	        lda fo_state
.b71e	49 01		eor #$01	        eor #FOS_SELECTED
.b720	20 68 b8	jsr $b868	        jsr fo_put_state
.b723	ae b1 bd	ldx $bdb1	        ldx fo_i
.b726	20 cc b8	jsr $b8cc	        jsr fo_draw_obj
.b729	b0 5b		bcs $b786	        bcs fo_act_fail
.b72b	4c 81 b7	jmp $b781	        jmp fo_act_done
.b72e	c9 04		cmp #$04	+       cmp #FOT_RADIO
.b730	d0 ab		bne $b6dd	        bne fo_continue
.b732	ad a6 bd	lda $bda6	        lda fo_flags
.b735	29 f0		and #$f0	        and #$f0
.b737	8d b5 bd	sta $bdb5	        sta fo_flag             ; the group
.b73a	ad b1 bd	lda $bdb1	        lda fo_i
.b73d	8d b3 bd	sta $bdb3	        sta fo_target
.b740	a2 00		ldx #$00	        ldx #0
.b742					fo_radio_loop:
.b742	8e b1 bd	stx $bdb1	        stx fo_i
.b745	20 1f b8	jsr $b81f	        jsr fo_fetch
.b748	ad a5 bd	lda $bda5	        lda fo_type
.b74b	c9 04		cmp #$04	        cmp #FOT_RADIO
.b74d	d0 29		bne $b778	        bne fo_radio_next
.b74f	ad a6 bd	lda $bda6	        lda fo_flags
.b752	29 f0		and #$f0	        and #$f0
.b754	cd b5 bd	cmp $bdb5	        cmp fo_flag
.b757	d0 1f		bne $b778	        bne fo_radio_next
.b759	ad a7 bd	lda $bda7	        lda fo_state
.b75c	29 fe		and #$fe	        and #255-FOS_SELECTED
.b75e	ae b1 bd	ldx $bdb1	        ldx fo_i
.b761	ec b3 bd	cpx $bdb3	        cpx fo_target
.b764	d0 02		bne $b768	        bne +
.b766	09 01		ora #$01	        ora #FOS_SELECTED
.b768	cd a7 bd	cmp $bda7	+       cmp fo_state
.b76b	f0 0b		beq $b778	        beq fo_radio_next
.b76d	20 68 b8	jsr $b868	        jsr fo_put_state
.b770	ae b1 bd	ldx $bdb1	        ldx fo_i
.b773	20 cc b8	jsr $b8cc	        jsr fo_draw_obj
.b776	b0 0e		bcs $b786	        bcs fo_act_fail
.b778					fo_radio_next:
.b778	ae b1 bd	ldx $bdb1	        ldx fo_i
.b77b	e8		inx		        inx
.b77c	ec a4 bd	cpx $bda4	        cpx fo_n
.b77f	d0 c1		bne $b742	        bne fo_radio_loop
.b781					fo_act_done:
.b781	20 2a 9b	jsr $9b2a	        jsr gfx_clip_defaults
.b784	18		clc		        clc
.b785	60		rts		        rts
.b786					fo_act_fail:
.b786	4c da b5	jmp $b5da	        jmp fo_fail
.b789					fo_next:
.b789	ae b0 bd	ldx $bdb0	        ldx fo_focus
.b78c	ad a4 bd	lda $bda4	        lda fo_n
.b78f	8d b4 bd	sta $bdb4	        sta fo_count
.b792	e8		inx		-       inx
.b793	ec a4 bd	cpx $bda4	        cpx fo_n
.b796	90 02		bcc $b79a	        bcc +
.b798	a2 00		ldx #$00	        ldx #0
.b79a	8e b1 bd	stx $bdb1	+       stx fo_i
.b79d	20 1f b8	jsr $b81f	        jsr fo_fetch
.b7a0	20 09 b8	jsr $b809	        jsr fo_focusable
.b7a3	b0 0a		bcs $b7af	        bcs +
.b7a5	ae b1 bd	ldx $bdb1	        ldx fo_i
.b7a8	ce b4 bd	dec $bdb4	        dec fo_count
.b7ab	d0 e5		bne $b792	        bne -
.b7ad	18		clc		        clc
.b7ae	60		rts		        rts
.b7af	ae b1 bd	ldx $bdb1	+       ldx fo_i
.b7b2	4c dd b7	jmp $b7dd	        jmp fo_set_focus
.b7b5					fo_prev:
.b7b5	ae b0 bd	ldx $bdb0	        ldx fo_focus
.b7b8	ad a4 bd	lda $bda4	        lda fo_n
.b7bb	8d b4 bd	sta $bdb4	        sta fo_count
.b7be	ca		dex		-       dex
.b7bf	10 04		bpl $b7c5	        bpl +
.b7c1	ae a4 bd	ldx $bda4	        ldx fo_n
.b7c4	ca		dex		        dex
.b7c5	8e b1 bd	stx $bdb1	+       stx fo_i
.b7c8	20 1f b8	jsr $b81f	        jsr fo_fetch
.b7cb	20 09 b8	jsr $b809	        jsr fo_focusable
.b7ce	b0 0a		bcs $b7da	        bcs +
.b7d0	ae b1 bd	ldx $bdb1	        ldx fo_i
.b7d3	ce b4 bd	dec $bdb4	        dec fo_count
.b7d6	d0 e6		bne $b7be	        bne -
.b7d8	18		clc		        clc
.b7d9	60		rts		        rts
.b7da	ae b1 bd	ldx $bdb1	+       ldx fo_i
.b7dd					fo_set_focus:
.b7dd	ad b0 bd	lda $bdb0	        lda fo_focus
.b7e0	8e b0 bd	stx $bdb0	        stx fo_focus
.b7e3	cd b0 bd	cmp $bdb0	        cmp fo_focus
.b7e6	f0 12		beq $b7fa	        beq fo_focus_same
.b7e8	c9 ff		cmp #$ff	        cmp #$ff
.b7ea	f0 06		beq $b7f2	        beq +
.b7ec	aa		tax		        tax
.b7ed	20 cc b8	jsr $b8cc	        jsr fo_draw_obj
.b7f0	b0 0c		bcs $b7fe	        bcs fo_focus_done
.b7f2	ae b0 bd	ldx $bdb0	+       ldx fo_focus
.b7f5	20 cc b8	jsr $b8cc	        jsr fo_draw_obj
.b7f8	b0 04		bcs $b7fe	        bcs fo_focus_done
.b7fa					fo_focus_same:
.b7fa	20 2a 9b	jsr $9b2a	        jsr gfx_clip_defaults
.b7fd	18		clc		        clc
.b7fe					fo_focus_done:
.b7fe	08		php		        php
.b7ff	48		pha		        pha
.b800	ae b1 bd	ldx $bdb1	        ldx fo_i                ; callers expect fo_o to be this object
.b803	20 1f b8	jsr $b81f	        jsr fo_fetch
.b806	68		pla		        pla
.b807	28		plp		        plp
.b808	60		rts		        rts
.b809					fo_focusable:
.b809	ad a5 bd	lda $bda5	        lda fo_type
.b80c	c9 02		cmp #$02	        cmp #FOT_BUTTON
.b80e	90 0d		bcc $b81d	        bcc +
.b810	c9 06		cmp #$06	        cmp #FOT_FIELD+1
.b812	b0 09		bcs $b81d	        bcs +
.b814	ad a7 bd	lda $bda7	        lda fo_state
.b817	29 02		and #$02	        and #FOS_DISABLED
.b819	d0 02		bne $b81d	        bne +
.b81b	38		sec		        sec
.b81c	60		rts		        rts
.b81d	18		clc		+       clc
.b81e	60		rts		        rts
.b81f					fo_fetch:
.b81f	8a		txa		        txa
.b820	0a		asl a		        asl
.b821	0a		asl a		        asl
.b822	0a		asl a		        asl
.b823	18		clc		        clc
.b824	69 05		adc #$05	        adc #5
.b826	18		clc		        clc
.b827	6d 9e bd	adc $bd9e	        adc fo_ptr
.b82a	8d 3e b8	sta $b83e	        sta fo_obj_rd+1
.b82d	8d 6e b8	sta $b86e	        sta fo_obj_wr+1
.b830	ad 9f bd	lda $bd9f	        lda fo_ptr+1
.b833	69 00		adc #$00	        adc #0
.b835	8d 3f b8	sta $b83f	        sta fo_obj_rd+2
.b838	8d 6f b8	sta $b86f	        sta fo_obj_wr+2
.b83b	a0 07		ldy #$07	        ldy #7
.b83d					fo_obj_rd:
.b83d	b9 ff ff	lda $ffff,y	        lda $ffff,y
.b840	99 a5 bd	sta $bda5,y	        sta fo_type,y
.b843	88		dey		        dey
.b844	10 f7		bpl $b83d	        bpl fo_obj_rd
.b846	ad a0 bd	lda $bda0	        lda fo_x
.b849	18		clc		        clc
.b84a	6d a8 bd	adc $bda8	        adc fo_ox
.b84d	8d ad bd	sta $bdad	        sta fo_ax
.b850	ad a1 bd	lda $bda1	        lda fo_y
.b853	18		clc		        clc
.b854	6d a9 bd	adc $bda9	        adc fo_oy
.b857	8d ae bd	sta $bdae	        sta fo_ay
.b85a	a0 01		ldy #$01	        ldy #1
.b85c	ad a5 bd	lda $bda5	        lda fo_type
.b85f	c9 02		cmp #$02	        cmp #FOT_BUTTON
.b861	d0 01		bne $b864	        bne +
.b863	c8		iny		        iny
.b864	8c af bd	sty $bdaf	+       sty fo_rows
.b867	60		rts		        rts
.b868					fo_put_state:
.b868	8d a7 bd	sta $bda7	        sta fo_state
.b86b	a0 02		ldy #$02	        ldy #2
.b86d					fo_obj_wr:
.b86d	99 ff ff	sta $ffff,y	        sta $ffff,y
.b870	60		rts		        rts
.b871					fo_uiptr:
.b871	ad ab bd	lda $bdab	        lda fo_spec
.b874	8d 35 3d	sta $3d35	        sta N_UIPTR
.b877	ad ac bd	lda $bdac	        lda fo_spec+1
.b87a	8d 36 3d	sta $3d36	        sta N_UIPTR+1
.b87d	60		rts		        rts
.b87e					fo_draw_all:
.b87e	ad a0 bd	lda $bda0	        lda fo_x
.b881	8d be bd	sta $bdbe	        sta fo_c0x
.b884	18		clc		        clc
.b885	6d a2 bd	adc $bda2	        adc fo_w
.b888	8d c0 bd	sta $bdc0	        sta fo_c1x
.b88b	ad a1 bd	lda $bda1	        lda fo_y
.b88e	8d bf bd	sta $bdbf	        sta fo_c0y
.b891	18		clc		        clc
.b892	6d a3 bd	adc $bda3	        adc fo_h
.b895	8d c1 bd	sta $bdc1	        sta fo_c1y
.b898	a2 00		ldx #$00	        ldx #0
.b89a	8e c2 bd	stx $bdc2	-       stx fo_inset
.b89d	8a		txa		        txa
.b89e	29 01		and #$01	        and #1                  ; insets 0 2 4 clear, 1 3 ink
.b8a0	20 3b bb	jsr $bb3b	        jsr fo_box
.b8a3	b0 26		bcs $b8cb	        bcs fo_draw_done
.b8a5	ae c2 bd	ldx $bdc2	        ldx fo_inset
.b8a8	e8		inx		        inx
.b8a9	e0 05		cpx #$05	        cpx #5
.b8ab	d0 ed		bne $b89a	        bne -
.b8ad	a9 61		lda #$61	        lda #FOC_PAPER
.b8af	20 8d bb	jsr $bb8d	        jsr fo_cells
.b8b2	b0 17		bcs $b8cb	        bcs fo_draw_done
.b8b4	a2 00		ldx #$00	        ldx #0
.b8b6	8e b2 bd	stx $bdb2	-       stx fo_j
.b8b9	20 cc b8	jsr $b8cc	        jsr fo_draw_obj
.b8bc	b0 0d		bcs $b8cb	        bcs fo_draw_done
.b8be	ae b2 bd	ldx $bdb2	        ldx fo_j
.b8c1	e8		inx		        inx
.b8c2	ec a4 bd	cpx $bda4	        cpx fo_n
.b8c5	d0 ef		bne $b8b6	        bne -
.b8c7	20 2a 9b	jsr $9b2a	        jsr gfx_clip_defaults
.b8ca	18		clc		        clc
.b8cb					fo_draw_done:
.b8cb	60		rts		        rts
.b8cc					fo_draw_obj:
.b8cc	8e b1 bd	stx $bdb1	        stx fo_i
.b8cf	20 1f b8	jsr $b81f	        jsr fo_fetch
.b8d2	a9 61		lda #$61	        lda #FOC_PAPER           ; its colour
.b8d4	8d bb bd	sta $bdbb	        sta fo_color
.b8d7	ad a7 bd	lda $bda7	        lda fo_state
.b8da	29 02		and #$02	        and #FOS_DISABLED
.b8dc	f0 07		beq $b8e5	        beq +
.b8de	a9 c1		lda #$c1	        lda #FOC_GREY
.b8e0	8d bb bd	sta $bdbb	        sta fo_color
.b8e3	d0 14		bne $b8f9	        bne ++
.b8e5	ad b1 bd	lda $bdb1	+       lda fo_i
.b8e8	cd b0 bd	cmp $bdb0	        cmp fo_focus
.b8eb	d0 0c		bne $b8f9	        bne +
.b8ed	ad a5 bd	lda $bda5	        lda fo_type
.b8f0	c9 05		cmp #$05	        cmp #FOT_FIELD           ; a field shows focus at its caret only
.b8f2	f0 05		beq $b8f9	        beq +
.b8f4	a9 07		lda #$07	        lda #FOC_FOCUS
.b8f6	8d bb bd	sta $bdbb	        sta fo_color
.b8f9	ad ad bd	lda $bdad	+       lda fo_ax               ; its cells, cleared
.b8fc	8d be bd	sta $bdbe	        sta fo_c0x
.b8ff	18		clc		        clc
.b900	6d aa bd	adc $bdaa	        adc fo_ow
.b903	8d c0 bd	sta $bdc0	        sta fo_c1x
.b906	ad ae bd	lda $bdae	        lda fo_ay
.b909	8d bf bd	sta $bdbf	        sta fo_c0y
.b90c	18		clc		        clc
.b90d	6d af bd	adc $bdaf	        adc fo_rows
.b910	8d c1 bd	sta $bdc1	        sta fo_c1y
.b913	a9 00		lda #$00	        lda #0
.b915	8d c2 bd	sta $bdc2	        sta fo_inset
.b918	20 3b bb	jsr $bb3b	        jsr fo_box              ; A = 0: clear
.b91b	b0 ae		bcs $b8cb	        bcs fo_draw_done
.b91d	ad a5 bd	lda $bda5	        lda fo_type
.b920	c9 02		cmp #$02	        cmp #FOT_BUTTON
.b922	f0 1d		beq $b941	        beq fo_draw_button
.b924	c9 03		cmp #$03	        cmp #FOT_CHECK
.b926	f0 77		beq $b99f	        beq fo_draw_toggle
.b928	c9 04		cmp #$04	        cmp #FOT_RADIO
.b92a	f0 73		beq $b99f	        beq fo_draw_toggle
.b92c	c9 05		cmp #$05	        cmp #FOT_FIELD
.b92e	d0 03		bne $b933	        bne +
.b930	4c fa b9	jmp $b9fa	        jmp fo_draw_field
.b933	20 f3 ba	jsr $baf3	+       jsr fo_label            ; text
.b936	ad ad bd	lda $bdad	        lda fo_ax
.b939	20 17 bb	jsr $bb17	        jsr fo_text_at_row
.b93c	b0 8d		bcs $b8cb	        bcs fo_draw_done
.b93e	4c f3 b9	jmp $b9f3	        jmp fo_draw_colors
.b941					fo_draw_button:
.b941	a9 01		lda #$01	        lda #1                  ; a one-pixel frame; the default has two
.b943	20 3b bb	jsr $bb3b	        jsr fo_box
.b946	b0 83		bcs $b8cb	        bcs fo_draw_done
.b948	ee c2 bd	inc $bdc2	        inc fo_inset
.b94b	a9 00		lda #$00	        lda #0
.b94d	20 3b bb	jsr $bb3b	        jsr fo_box
.b950	90 03		bcc $b955	        bcs fo_draw_done
.b952	4c cb b8	jmp $b8cb
.b955	ad a6 bd	lda $bda6	        lda fo_flags
.b958	29 01		and #$01	        and #FOF_DEFAULT
.b95a	f0 11		beq $b96d	        beq +
.b95c	a9 01		lda #$01	        lda #1
.b95e	20 3b bb	jsr $bb3b	        jsr fo_box
.b961	b0 ef		bcs $b952	        bcs fo_draw_done
.b963	ee c2 bd	inc $bdc2	        inc fo_inset
.b966	a9 00		lda #$00	        lda #0
.b968	20 3b bb	jsr $bb3b	        jsr fo_box
.b96b	b0 e5		bcs $b952	        bcs fo_draw_done
.b96d	20 f3 ba	jsr $baf3	+       jsr fo_label            ; centred label, 4 pixels down
.b970	ad aa bd	lda $bdaa	        lda fo_ow
.b973	38		sec		        sec
.b974	ed 54 a0	sbc $a054	        sbc gfx_text_length
.b977	4a		lsr a		        lsr
.b978	18		clc		        clc
.b979	6d ad bd	adc $bdad	        adc fo_ax
.b97c	20 b9 bb	jsr $bbb9	        jsr fo_times8
.b97f	8d 12 9f	sta $9f12	        sta gfx_x0
.b982	8e 13 9f	stx $9f13	        stx gfx_x0+1
.b985	ad ae bd	lda $bdae	        lda fo_ay
.b988	20 b9 bb	jsr $bbb9	        jsr fo_times8
.b98b	18		clc		        clc
.b98c	69 04		adc #$04	        adc #4
.b98e	8d 14 9f	sta $9f14	        sta gfx_y0
.b991	8a		txa		        txa
.b992	69 00		adc #$00	        adc #0
.b994	8d 15 9f	sta $9f15	        sta gfx_y0+1
.b997	20 2c bb	jsr $bb2c	        jsr fo_text
.b99a	b0 5d		bcs $b9f9	        bcs fo_draw_fail
.b99c	4c f3 b9	jmp $b9f3	        jmp fo_draw_colors
.b99f					fo_draw_toggle:
.b99f	ad a7 bd	lda $bda7	        lda fo_state            ; glyph: box or circle, empty or marked
.b9a2	29 01		and #$01	        and #FOS_SELECTED
.b9a4	8d c3 bd	sta $bdc3	        sta fo_t8
.b9a7	ad a5 bd	lda $bda5	        lda fo_type
.b9aa	38		sec		        sec
.b9ab	e9 03		sbc #$03	        sbc #FOT_CHECK
.b9ad	0a		asl a		        asl
.b9ae	0d c3 bd	ora $bdc3	        ora fo_t8
.b9b1	0a		asl a		        asl
.b9b2	0a		asl a		        asl
.b9b3	0a		asl a		        asl
.b9b4	a8		tay		        tay
.b9b5	a2 00		ldx #$00	        ldx #0
.b9b7	b9 76 bd	lda $bd76,y	-       lda fo_glyphs,y
.b9ba	9d 3f 9f	sta $9f3f,x	        sta gfx_bits,x
.b9bd	c8		iny		        iny
.b9be	e8		inx		        inx
.b9bf	e0 08		cpx #$08	        cpx #8
.b9c1	d0 f4		bne $b9b7	        bne -
.b9c3	ad ad bd	lda $bdad	        lda fo_ax
.b9c6	20 b9 bb	jsr $bbb9	        jsr fo_times8
.b9c9	8d 12 9f	sta $9f12	        sta gfx_x0
.b9cc	8e 13 9f	stx $9f13	        stx gfx_x0+1
.b9cf	ad ae bd	lda $bdae	        lda fo_ay
.b9d2	20 b9 bb	jsr $bbb9	        jsr fo_times8
.b9d5	8d 14 9f	sta $9f14	        sta gfx_y0
.b9d8	8e 15 9f	stx $9f15	        stx gfx_y0+1
.b9db	a9 03		lda #$03	        lda #3
.b9dd	8d 1a 9f	sta $9f1a	        sta gfx_pen
.b9e0	20 7a 99	jsr $997a	        jsr gfx_glyph
.b9e3	b0 14		bcs $b9f9	        bcs fo_draw_fail
.b9e5	20 f3 ba	jsr $baf3	        jsr fo_label
.b9e8	ad ad bd	lda $bdad	        lda fo_ax
.b9eb	18		clc		        clc
.b9ec	69 02		adc #$02	        adc #2
.b9ee	20 17 bb	jsr $bb17	        jsr fo_text_at_row
.b9f1	b0 06		bcs $b9f9	        bcs fo_draw_fail
.b9f3					fo_draw_colors:
.b9f3	ad bb bd	lda $bdbb	        lda fo_color
.b9f6	4c 8d bb	jmp $bb8d	        jmp fo_cells
.b9f9					fo_draw_fail:
.b9f9	60		rts		        rts
.b9fa					fo_draw_field:
.b9fa	ad ab bd	lda $bdab	        lda fo_spec             ; record: length, caret, max, buffer, view
.b9fd	8d 0f ba	sta $ba0f	        sta fo_rec_rd+1
.ba00	8d 41 ba	sta $ba41	        sta fo_rec_wr+1
.ba03	ad ac bd	lda $bdac	        lda fo_spec+1
.ba06	8d 10 ba	sta $ba10	        sta fo_rec_rd+2
.ba09	8d 42 ba	sta $ba42	        sta fo_rec_wr+2
.ba0c	a0 05		ldy #$05	        ldy #5
.ba0e					fo_rec_rd:
.ba0e	b9 ff ff	lda $ffff,y	        lda $ffff,y
.ba11	99 d2 bd	sta $bdd2,y	        sta fo_rec,y
.ba14	88		dey		        dey
.ba15	10 f7		bpl $ba0e	        bpl fo_rec_rd
.ba17	ad d3 bd	lda $bdd3	        lda fo_rec+1            ; keep the caret inside the view
.ba1a	cd d7 bd	cmp $bdd7	        cmp fo_rec+5
.ba1d	b0 03		bcs $ba22	        bcs +
.ba1f	8d d7 bd	sta $bdd7	        sta fo_rec+5
.ba22	ad d3 bd	lda $bdd3	+       lda fo_rec+1
.ba25	38		sec		        sec
.ba26	ed d7 bd	sbc $bdd7	        sbc fo_rec+5
.ba29	cd aa bd	cmp $bdaa	        cmp fo_ow
.ba2c	90 0d		bcc $ba3b	        bcc +
.ba2e	ad d3 bd	lda $bdd3	        lda fo_rec+1
.ba31	38		sec		        sec
.ba32	ed aa bd	sbc $bdaa	        sbc fo_ow
.ba35	18		clc		        clc
.ba36	69 01		adc #$01	        adc #1
.ba38	8d d7 bd	sta $bdd7	        sta fo_rec+5
.ba3b	ad d7 bd	lda $bdd7	+       lda fo_rec+5
.ba3e	a0 05		ldy #$05	        ldy #5
.ba40					fo_rec_wr:
.ba40	99 ff ff	sta $ffff,y	        sta $ffff,y
.ba43	ad d5 bd	lda $bdd5	        lda fo_rec+3            ; the visible bytes
.ba46	18		clc		        clc
.ba47	6d d7 bd	adc $bdd7	        adc fo_rec+5
.ba4a	8d 70 ba	sta $ba70	        sta fo_buf_rd+1
.ba4d	ad d6 bd	lda $bdd6	        lda fo_rec+4
.ba50	69 00		adc #$00	        adc #0
.ba52	8d 71 ba	sta $ba71	        sta fo_buf_rd+2
.ba55	ad d2 bd	lda $bdd2	        lda fo_rec
.ba58	38		sec		        sec
.ba59	ed d7 bd	sbc $bdd7	        sbc fo_rec+5
.ba5c	b0 02		bcs $ba60	        bcs +
.ba5e	a9 00		lda #$00	        lda #0
.ba60	cd aa bd	cmp $bdaa	+       cmp fo_ow
.ba63	90 03		bcc $ba68	        bcc +
.ba65	ad aa bd	lda $bdaa	        lda fo_ow
.ba68	8d 54 a0	sta $a054	+       sta gfx_text_length
.ba6b	a0 00		ldy #$00	        ldy #0
.ba6d	f0 07		beq $ba76	        beq fo_buf_test
.ba6f					fo_buf_rd:
.ba6f	b9 ff ff	lda $ffff,y	        lda $ffff,y
.ba72	99 55 a0	sta $a055,y	        sta gfx_text_buffer,y
.ba75	c8		iny		        iny
.ba76					fo_buf_test:
.ba76	cc 54 a0	cpy $a054	        cpy gfx_text_length
.ba79	d0 f4		bne $ba6f	        bne fo_buf_rd
.ba7b	ad ad bd	lda $bdad	        lda fo_ax
.ba7e	20 17 bb	jsr $bb17	        jsr fo_text_at_row
.ba81	b0 6f		bcs $baf2	        bcs fo_field_done
.ba83	a9 01		lda #$01	        lda #1                  ; underline: the cells' last pixel row
.ba85	8d 1a 9f	sta $9f1a	        sta gfx_pen
.ba88	ad ad bd	lda $bdad	        lda fo_ax
.ba8b	20 b9 bb	jsr $bbb9	        jsr fo_times8
.ba8e	8d 12 9f	sta $9f12	        sta gfx_x0
.ba91	8e 13 9f	stx $9f13	        stx gfx_x0+1
.ba94	ad c0 bd	lda $bdc0	        lda fo_c1x
.ba97	20 b9 bb	jsr $bbb9	        jsr fo_times8
.ba9a	8d 16 9f	sta $9f16	        sta gfx_x1
.ba9d	8e 17 9f	stx $9f17	        stx gfx_x1+1
.baa0	ad ae bd	lda $bdae	        lda fo_ay
.baa3	20 b9 bb	jsr $bbb9	        jsr fo_times8
.baa6	18		clc		        clc
.baa7	69 07		adc #$07	        adc #7
.baa9	8d 14 9f	sta $9f14	        sta gfx_y0
.baac	8a		txa		        txa
.baad	69 00		adc #$00	        adc #0
.baaf	8d 15 9f	sta $9f15	        sta gfx_y0+1
.bab2	ad 14 9f	lda $9f14	        lda gfx_y0
.bab5	18		clc		        clc
.bab6	69 01		adc #$01	        adc #1
.bab8	8d 18 9f	sta $9f18	        sta gfx_y1
.babb	ad 15 9f	lda $9f15	        lda gfx_y0+1
.babe	69 00		adc #$00	        adc #0
.bac0	8d 19 9f	sta $9f19	        sta gfx_y1+1
.bac3	20 68 99	jsr $9968	        jsr gfx_rect
.bac6	b0 2a		bcs $baf2	        bcs fo_field_done
.bac8	ad bb bd	lda $bdbb	        lda fo_color
.bacb	20 8d bb	jsr $bb8d	        jsr fo_cells
.bace	b0 22		bcs $baf2	        bcs fo_field_done
.bad0	ad b1 bd	lda $bdb1	        lda fo_i                ; focused: the caret cell
.bad3	cd b0 bd	cmp $bdb0	        cmp fo_focus
.bad6	d0 19		bne $baf1	        bne fo_field_ok
.bad8	ad d3 bd	lda $bdd3	        lda fo_rec+1
.badb	38		sec		        sec
.badc	ed d7 bd	sbc $bdd7	        sbc fo_rec+5
.badf	18		clc		        clc
.bae0	6d ad bd	adc $bdad	        adc fo_ax
.bae3	8d be bd	sta $bdbe	        sta fo_c0x
.bae6	8d c0 bd	sta $bdc0	        sta fo_c1x
.bae9	ee c0 bd	inc $bdc0	        inc fo_c1x
.baec	a9 07		lda #$07	        lda #FOC_FOCUS
.baee	4c 8d bb	jmp $bb8d	        jmp fo_cells
.baf1					fo_field_ok:
.baf1	18		clc		        clc
.baf2					fo_field_done:
.baf2	60		rts		        rts
.baf3					fo_label:
.baf3	ad ab bd	lda $bdab	        lda fo_spec
.baf6	8d 02 bb	sta $bb02	        sta fo_label_rd+1
.baf9	ad ac bd	lda $bdac	        lda fo_spec+1
.bafc	8d 03 bb	sta $bb03	        sta fo_label_rd+2
.baff	a0 00		ldy #$00	        ldy #0
.bb01					fo_label_rd:
.bb01	b9 ff ff	lda $ffff,y	        lda $ffff,y
.bb04	f0 0d		beq $bb13	        beq +
.bb06	99 55 a0	sta $a055,y	        sta gfx_text_buffer,y
.bb09	c8		iny		        iny
.bb0a	cc aa bd	cpy $bdaa	        cpy fo_ow
.bb0d	b0 04		bcs $bb13	        bcs +
.bb0f	c0 26		cpy #$26	        cpy #38
.bb11	d0 ee		bne $bb01	        bne fo_label_rd
.bb13	8c 54 a0	sty $a054	+       sty gfx_text_length
.bb16	60		rts		        rts
.bb17					fo_text_at_row:
.bb17	20 b9 bb	jsr $bbb9	        jsr fo_times8
.bb1a	8d 12 9f	sta $9f12	        sta gfx_x0
.bb1d	8e 13 9f	stx $9f13	        stx gfx_x0+1
.bb20	ad ae bd	lda $bdae	        lda fo_ay
.bb23	20 b9 bb	jsr $bbb9	        jsr fo_times8
.bb26	8d 14 9f	sta $9f14	        sta gfx_y0
.bb29	8e 15 9f	stx $9f15	        stx gfx_y0+1
.bb2c					fo_text:
.bb2c	ad 54 a0	lda $a054	        lda gfx_text_length
.bb2f	f0 08		beq $bb39	        beq +
.bb31	a9 01		lda #$01	        lda #1
.bb33	8d 1a 9f	sta $9f1a	        sta gfx_pen
.bb36	4c b1 9f	jmp $9fb1	        jmp gfx_text
.bb39	18		clc		+       clc
.bb3a	60		rts		        rts
.bb3b					fo_box:
.bb3b	8d 1a 9f	sta $9f1a	        sta gfx_pen
.bb3e	ad be bd	lda $bdbe	        lda fo_c0x
.bb41	20 b9 bb	jsr $bbb9	        jsr fo_times8
.bb44	18		clc		        clc
.bb45	6d c2 bd	adc $bdc2	        adc fo_inset
.bb48	8d 12 9f	sta $9f12	        sta gfx_x0
.bb4b	8a		txa		        txa
.bb4c	69 00		adc #$00	        adc #0
.bb4e	8d 13 9f	sta $9f13	        sta gfx_x0+1
.bb51	ad bf bd	lda $bdbf	        lda fo_c0y
.bb54	20 b9 bb	jsr $bbb9	        jsr fo_times8
.bb57	18		clc		        clc
.bb58	6d c2 bd	adc $bdc2	        adc fo_inset
.bb5b	8d 14 9f	sta $9f14	        sta gfx_y0
.bb5e	8a		txa		        txa
.bb5f	69 00		adc #$00	        adc #0
.bb61	8d 15 9f	sta $9f15	        sta gfx_y0+1
.bb64	ad c0 bd	lda $bdc0	        lda fo_c1x
.bb67	20 b9 bb	jsr $bbb9	        jsr fo_times8
.bb6a	38		sec		        sec
.bb6b	ed c2 bd	sbc $bdc2	        sbc fo_inset
.bb6e	8d 16 9f	sta $9f16	        sta gfx_x1
.bb71	8a		txa		        txa
.bb72	e9 00		sbc #$00	        sbc #0
.bb74	8d 17 9f	sta $9f17	        sta gfx_x1+1
.bb77	ad c1 bd	lda $bdc1	        lda fo_c1y
.bb7a	20 b9 bb	jsr $bbb9	        jsr fo_times8
.bb7d	38		sec		        sec
.bb7e	ed c2 bd	sbc $bdc2	        sbc fo_inset
.bb81	8d 18 9f	sta $9f18	        sta gfx_y1
.bb84	8a		txa		        txa
.bb85	e9 00		sbc #$00	        sbc #0
.bb87	8d 19 9f	sta $9f19	        sta gfx_y1+1
.bb8a	4c 68 99	jmp $9968	        jmp gfx_rect
.bb8d					fo_cells:
.bb8d	8d 1b 9f	sta $9f1b	        sta gfx_color
.bb90	a9 00		lda #$00	        lda #0
.bb92	8d 13 9f	sta $9f13	        sta gfx_x0+1
.bb95	8d 17 9f	sta $9f17	        sta gfx_x1+1
.bb98	8d 15 9f	sta $9f15	        sta gfx_y0+1
.bb9b	8d 19 9f	sta $9f19	        sta gfx_y1+1
.bb9e	ad be bd	lda $bdbe	        lda fo_c0x
.bba1	8d 12 9f	sta $9f12	        sta gfx_x0
.bba4	ad c0 bd	lda $bdc0	        lda fo_c1x
.bba7	8d 16 9f	sta $9f16	        sta gfx_x1
.bbaa	ad bf bd	lda $bdbf	        lda fo_c0y
.bbad	8d 14 9f	sta $9f14	        sta gfx_y0
.bbb0	ad c1 bd	lda $bdc1	        lda fo_c1y
.bbb3	8d 18 9f	sta $9f18	        sta gfx_y1
.bbb6	4c 6e 99	jmp $996e	        jmp gfx_colors
.bbb9					fo_times8:
.bbb9	a2 00		ldx #$00	        ldx #0
.bbbb	8e c3 bd	stx $bdc3	        stx fo_t8
.bbbe	0a		asl a		        asl
.bbbf	2e c3 bd	rol $bdc3	        rol fo_t8
.bbc2	0a		asl a		        asl
.bbc3	2e c3 bd	rol $bdc3	        rol fo_t8
.bbc6	0a		asl a		        asl
.bbc7	2e c3 bd	rol $bdc3	        rol fo_t8
.bbca	ae c3 bd	ldx $bdc3	        ldx fo_t8
.bbcd	60		rts		        rts
.bbce					fo_transfer_alloc:
.bbce	ad a2 bd	lda $bda2	        lda fo_w
.bbd1	ae a3 bd	ldx $bda3	        ldx fo_h
.bbd4	20 4d bd	jsr $bd4d	        jsr fo_mul              ; cells
.bbd7	ad d0 bd	lda $bdd0	        lda fo_prod             ; *9 = *8 + *1
.bbda	8d cc bd	sta $bdcc	        sta fo_bytes
.bbdd	ad d1 bd	lda $bdd1	        lda fo_prod+1
.bbe0	8d cd bd	sta $bdcd	        sta fo_bytes+1
.bbe3	a2 03		ldx #$03	        ldx #3
.bbe5	0e d0 bd	asl $bdd0	-       asl fo_prod
.bbe8	2e d1 bd	rol $bdd1	        rol fo_prod+1
.bbeb	ca		dex		        dex
.bbec	d0 f7		bne $bbe5	        bne -
.bbee	ad d0 bd	lda $bdd0	        lda fo_prod
.bbf1	18		clc		        clc
.bbf2	6d cc bd	adc $bdcc	        adc fo_bytes
.bbf5	ad d1 bd	lda $bdd1	        lda fo_prod+1
.bbf8	6d cd bd	adc $bdcd	        adc fo_bytes+1
.bbfb	18		clc		        clc
.bbfc	69 01		adc #$01	        adc #1                  ; pages, rounded up
.bbfe	8d 01 3d	sta $3d01	        sta N_PAGES
.bc01	ad 20 3d	lda $3d20	        lda N_CURRENT
.bc04	8d 00 3d	sta $3d00	        sta N_OWNER
.bc07	a9 ff		lda #$ff	        lda #$ff
.bc09	8d 02 3d	sta $3d02	        sta N_BANK
.bc0c	20 20 1c	jsr $1c20	        jsr N_ALLOC
.bc0f	90 03		bcc $bc14	        bcs fo_transfer_done
.bc11	4c be bc	jmp $bcbe
.bc14	a2 03		ldx #$03	        ldx #3
.bc16	bd 04 3d	lda $3d04,x	-       lda N_HANDLE,x
.bc19	9d 9a bd	sta $bd9a,x	        sta fo_save,x
.bc1c	ca		dex		        dex
.bc1d	10 f7		bpl $bc16	        bpl -
.bc1f	a9 00		lda #$00	        lda #0
.bc21	20 2a bc	jsr $bc2a	        jsr fo_transfer
.bc24	90 03		bcc $bc29	        bcc +
.bc26	4c 2f b5	jmp $b52f	        jmp fo_open_free
.bc29	60		rts		+       rts
.bc2a					fo_transfer:
.bc2a	8d c4 bd	sta $bdc4	        sta fo_dir
.bc2d	a9 00		lda #$00	        lda #0
.bc2f	8d c5 bd	sta $bdc5	        sta fo_row
.bc32	8d c8 bd	sta $bdc8	        sta fo_soff
.bc35	8d c9 bd	sta $bdc9	        sta fo_soff+1
.bc38					fo_transfer_row:
.bc38	ad a1 bd	lda $bda1	        lda fo_y                ; bitmap: (y+row)*320 + x*8
.bc3b	18		clc		        clc
.bc3c	6d c5 bd	adc $bdc5	        adc fo_row
.bc3f	8d bd bd	sta $bdbd	        sta fo_cy
.bc42	a9 00		lda #$00	        lda #0
.bc44	8d c7 bd	sta $bdc7	        sta fo_boff+1
.bc47	ad bd bd	lda $bdbd	        lda fo_cy               ; *64
.bc4a	a2 06		ldx #$06	        ldx #6
.bc4c	0a		asl a		-       asl
.bc4d	2e c7 bd	rol $bdc7	        rol fo_boff+1
.bc50	ca		dex		        dex
.bc51	d0 f9		bne $bc4c	        bne -
.bc53	8d c6 bd	sta $bdc6	        sta fo_boff
.bc56	ad c7 bd	lda $bdc7	        lda fo_boff+1           ; + *256
.bc59	18		clc		        clc
.bc5a	6d bd bd	adc $bdbd	        adc fo_cy
.bc5d	8d c7 bd	sta $bdc7	        sta fo_boff+1
.bc60	ad a0 bd	lda $bda0	        lda fo_x
.bc63	20 b9 bb	jsr $bbb9	        jsr fo_times8
.bc66	18		clc		        clc
.bc67	6d c6 bd	adc $bdc6	        adc fo_boff
.bc6a	8d c6 bd	sta $bdc6	        sta fo_boff
.bc6d	8a		txa		        txa
.bc6e	6d c7 bd	adc $bdc7	        adc fo_boff+1
.bc71	8d c7 bd	sta $bdc7	        sta fo_boff+1
.bc74	ad a2 bd	lda $bda2	        lda fo_w                ; w*8 bytes
.bc77	20 b9 bb	jsr $bbb9	        jsr fo_times8
.bc7a	8d ca bd	sta $bdca	        sta fo_len
.bc7d	8e cb bd	stx $bdcb	        stx fo_len+1
.bc80	20 bf bc	jsr $bcbf	        jsr fo_copy_run
.bc83	b0 39		bcs $bcbe	        bcs fo_transfer_done
.bc85	ad bd bd	lda $bdbd	        lda fo_cy               ; colours: 8192 + (y+row)*40 + x
.bc88	a2 28		ldx #$28	        ldx #40
.bc8a	20 4d bd	jsr $bd4d	        jsr fo_mul
.bc8d	ad d0 bd	lda $bdd0	        lda fo_prod
.bc90	18		clc		        clc
.bc91	6d a0 bd	adc $bda0	        adc fo_x
.bc94	8d c6 bd	sta $bdc6	        sta fo_boff
.bc97	ad d1 bd	lda $bdd1	        lda fo_prod+1
.bc9a	69 20		adc #$20	        adc #$20
.bc9c	8d c7 bd	sta $bdc7	        sta fo_boff+1
.bc9f	ad a2 bd	lda $bda2	        lda fo_w
.bca2	8d ca bd	sta $bdca	        sta fo_len
.bca5	a9 00		lda #$00	        lda #0
.bca7	8d cb bd	sta $bdcb	        sta fo_len+1
.bcaa	20 bf bc	jsr $bcbf	        jsr fo_copy_run
.bcad	b0 0f		bcs $bcbe	        bcs fo_transfer_done
.bcaf	ee c5 bd	inc $bdc5	        inc fo_row
.bcb2	ad c5 bd	lda $bdc5	        lda fo_row
.bcb5	cd a3 bd	cmp $bda3	        cmp fo_h
.bcb8	f0 03		beq $bcbd	        bne fo_transfer_row
.bcba	4c 38 bc	jmp $bc38
.bcbd	18		clc		        clc
.bcbe					fo_transfer_done:
.bcbe	60		rts		        rts
.bcbf					fo_copy_run:
.bcbf	ad c4 bd	lda $bdc4	        lda fo_dir
.bcc2	d0 17		bne $bcdb	        bne +
.bcc4	20 2e bd	jsr $bd2e	        jsr fo_select_surface   ; surface -> buffer -> copy
.bcc7	20 06 bd	jsr $bd06	        jsr fo_at_surface
.bcca	20 26 1c	jsr $1c26	        jsr N_READ
.bccd	b0 36		bcs $bd05	        bcs fo_run_done
.bccf	20 3b bd	jsr $bd3b	        jsr fo_select_save
.bcd2	20 15 bd	jsr $bd15	        jsr fo_at_save
.bcd5	20 29 1c	jsr $1c29	        jsr N_WRITE
.bcd8	4c ef bc	jmp $bcef	        jmp fo_run_next
.bcdb	20 3b bd	jsr $bd3b	+       jsr fo_select_save      ; copy -> buffer -> surface
.bcde	20 15 bd	jsr $bd15	        jsr fo_at_save
.bce1	20 26 1c	jsr $1c26	        jsr N_READ
.bce4	b0 1f		bcs $bd05	        bcs fo_run_done
.bce6	20 2e bd	jsr $bd2e	        jsr fo_select_surface
.bce9	20 06 bd	jsr $bd06	        jsr fo_at_surface
.bcec	20 29 1c	jsr $1c29	        jsr N_WRITE
.bcef					fo_run_next:
.bcef	b0 14		bcs $bd05	        bcs fo_run_done
.bcf1	ad c8 bd	lda $bdc8	        lda fo_soff
.bcf4	18		clc		        clc
.bcf5	6d ca bd	adc $bdca	        adc fo_len
.bcf8	8d c8 bd	sta $bdc8	        sta fo_soff
.bcfb	ad c9 bd	lda $bdc9	        lda fo_soff+1
.bcfe	6d cb bd	adc $bdcb	        adc fo_len+1
.bd01	8d c9 bd	sta $bdc9	        sta fo_soff+1
.bd04	18		clc		        clc
.bd05					fo_run_done:
.bd05	60		rts		        rts
.bd06					fo_at_surface:
.bd06	ad c6 bd	lda $bdc6	        lda fo_boff
.bd09	8d 08 3d	sta $3d08	        sta N_OFFSET
.bd0c	ad c7 bd	lda $bdc7	        lda fo_boff+1
.bd0f	8d 09 3d	sta $3d09	        sta N_OFFSET+1
.bd12	4c 21 bd	jmp $bd21	        jmp fo_count_len
.bd15					fo_at_save:
.bd15	ad c8 bd	lda $bdc8	        lda fo_soff
.bd18	8d 08 3d	sta $3d08	        sta N_OFFSET
.bd1b	ad c9 bd	lda $bdc9	        lda fo_soff+1
.bd1e	8d 09 3d	sta $3d09	        sta N_OFFSET+1
.bd21					fo_count_len:
.bd21	ad ca bd	lda $bdca	        lda fo_len
.bd24	8d 0a 3d	sta $3d0a	        sta N_COUNT
.bd27	ad cb bd	lda $bdcb	        lda fo_len+1
.bd2a	8d 0b 3d	sta $3d0b	        sta N_COUNT+1
.bd2d	60		rts		        rts
.bd2e					fo_select_surface:
.bd2e	a2 03		ldx #$03	        ldx #3
.bd30	bd 96 bd	lda $bd96,x	-       lda fo_surface,x
.bd33	9d 04 3d	sta $3d04,x	        sta N_HANDLE,x
.bd36	ca		dex		        dex
.bd37	10 f7		bpl $bd30	        bpl -
.bd39	30 0b		bmi $bd46	        bmi fo_owner
.bd3b					fo_select_save:
.bd3b	a2 03		ldx #$03	        ldx #3
.bd3d	bd 9a bd	lda $bd9a,x	-       lda fo_save,x
.bd40	9d 04 3d	sta $3d04,x	        sta N_HANDLE,x
.bd43	ca		dex		        dex
.bd44	10 f7		bpl $bd3d	        bpl -
.bd46					fo_owner:
.bd46	ad 20 3d	lda $3d20	        lda N_CURRENT
.bd49	8d 00 3d	sta $3d00	        sta N_OWNER
.bd4c	60		rts		        rts
.bd4d					fo_mul:
.bd4d	8d ce bd	sta $bdce	        sta fo_mul_a
.bd50	8e cf bd	stx $bdcf	        stx fo_mul_b
.bd53	a9 00		lda #$00	        lda #0
.bd55	8d d0 bd	sta $bdd0	        sta fo_prod
.bd58	8d d1 bd	sta $bdd1	        sta fo_prod+1
.bd5b	a2 08		ldx #$08	        ldx #8
.bd5d	4e cf bd	lsr $bdcf	-       lsr fo_mul_b
.bd60	90 0a		bcc $bd6c	        bcc +
.bd62	18		clc		        clc
.bd63	ad d1 bd	lda $bdd1	        lda fo_prod+1
.bd66	6d ce bd	adc $bdce	        adc fo_mul_a
.bd69	8d d1 bd	sta $bdd1	        sta fo_prod+1
.bd6c	6e d1 bd	ror $bdd1	+       ror fo_prod+1
.bd6f	6e d0 bd	ror $bdd0	        ror fo_prod
.bd72	ca		dex		        dex
.bd73	d0 e8		bne $bd5d	        bne -
.bd75	60		rts		        rts
.bd76					fo_glyphs:
>bd76	ff 81 81 81 81 81 81 ff		        .byte $ff,$81,$81,$81,$81,$81,$81,$ff
>bd7e	ff c3 a5 99 99 a5 c3 ff		        .byte $ff,$c3,$a5,$99,$99,$a5,$c3,$ff
>bd86	3c 42 81 81 81 81 42 3c		        .byte $3c,$42,$81,$81,$81,$81,$42,$3c
>bd8e	3c 42 99 bd bd 99 42 3c		        .byte $3c,$42,$99,$bd,$bd,$99,$42,$3c
>bd96	00 00 00 00			fo_surface: .fill 4,0
>bd9a	00 00 00 00			fo_save: .fill 4,0
>bd9e	00 00				fo_ptr: .word 0
>bda0	00				fo_x: .byte 0                   ; header copy: x, y, w, h, n
>bda1	00				fo_y: .byte 0
>bda2	00				fo_w: .byte 0
>bda3	00				fo_h: .byte 0
>bda4	00				fo_n: .byte 0
>bda5	00				fo_type: .byte 0                ; fetched object: 8 bytes
>bda6	00				fo_flags: .byte 0
>bda7	00				fo_state: .byte 0
>bda8	00				fo_ox: .byte 0
>bda9	00				fo_oy: .byte 0
>bdaa	00				fo_ow: .byte 0
>bdab	00 00				fo_spec: .word 0
>bdad	00				fo_ax: .byte 0
>bdae	00				fo_ay: .byte 0
>bdaf	00				fo_rows: .byte 0
>bdb0	ff				fo_focus: .byte $ff
>bdb1	00				fo_i: .byte 0
>bdb2	00				fo_j: .byte 0
>bdb3	00				fo_target: .byte 0
>bdb4	00				fo_count: .byte 0
>bdb5	00				fo_flag: .byte 0
>bdb6	00				fo_key: .byte 0
>bdb7	00				fo_press: .byte 0
>bdb8	00				fo_prev_button: .byte 0
>bdb9	00				fo_exit: .byte 0
>bdba	00				fo_error: .byte 0
>bdbb	00				fo_color: .byte 0
>bdbc	00				fo_cx: .byte 0
>bdbd	00				fo_cy: .byte 0
>bdbe	00				fo_c0x: .byte 0
>bdbf	00				fo_c0y: .byte 0
>bdc0	00				fo_c1x: .byte 0
>bdc1	00				fo_c1y: .byte 0
>bdc2	00				fo_inset: .byte 0
>bdc3	00				fo_t8: .byte 0
>bdc4	00				fo_dir: .byte 0
>bdc5	00				fo_row: .byte 0
>bdc6	00 00				fo_boff: .word 0
>bdc8	00 00				fo_soff: .word 0
>bdca	00 00				fo_len: .word 0
>bdcc	00 00				fo_bytes: .word 0
>bdce	00				fo_mul_a: .byte 0
>bdcf	00				fo_mul_b: .byte 0
>bdd0	00 00				fo_prod: .word 0
>bdd2	00 00 00 00 00 00		fo_rec: .fill 6,0

;******  Return to file: src/native/gemdesk-dlg.asm

.bdd8					gm_dlg_end:

;******  End of listing
