
; 64tass Turbo Assembler Macro V1.60.3243 listing file
; 64tass -a -B -b -I target/native-desktop -o target/native-desktop/gddsk.bin -l target/native-desktop/gddsk.sym -L target/native-desktop/gddsk.lst src/native/gemdesk-dsk.asm
; Fri Oct  9 18:30:36 2026

;Offset	;Hex		;Monitor	;Source

;******  Processing input file: src/native/gemdesk-dsk.asm


;******  Processing file: target/native-desktop/gemdesk.sym

=$944e					ae_km_hold	= $944e
=$3d0d					N_ERROR		= $3d0d
=$aeb2					bk_fetch_tail	= $aeb2
=$acd5					bk_service_call	= $acd5
=2					MU_BUTTON	= 2
=$9924					gfx_bind_handle	= $9924
=$7ad3					gm_clip_to_rect	= $7ad3
=$81a8					gm_icon_dev_lo	= $81a8
=$b22a					bk_stub		= $b22a
=$75cd					gm_set_title	= $75cd
=$7ca3					gm_set_rect	= $7ca3
=$979d					dc_line		= $979d
=$7338					gm_path_store	= $7338
=15					WF_HSLSIZE	= 15
=$6263					gm_n32_bit	= $6263
=$85a8					gm_usb_title	= $85a8
=$a690					pm_saved	= $a690
=$1bf0					N_NMIGATE	= $1bf0
=16					AE_DATA_PAGES	= 16
=$3d9e					N_DOCRESUME	= $3d9e
=$931d					ae_event_wait	= $931d
=1					AE_OP_STATUS	= 1
=$5000					N_RELOCBASE	= $5000
=$614d					bp_select_surface= $614d
=8					UI_STATE_BYTES	= 8
=$99bd					gfx_glyph_add	= $99bd
=$975c					dc_bad		= $975c
=$3d3e					N_NMIPTR	= $3d3e
=$7b9f					gm_scroll_down	= $7b9f
=$6584					gm_hit_next	= $6584
=$9ca6					gfx_glyph_first	= $9ca6
=$1c5f					N_MLOAD		= $1c5f
=$79be					gm_format_row	= $79be
=5					WS_GET		= 5
=$7f60					gm_open_entry	= $7f60
=$3de0					NFCMDS		= $3de0
=$a09c					gfx_font	= $a09c
=$af00					bk_load		= $af00
=$b12b					bk_close_done	= $b12b
=$86f0					gm_dev_format	= $86f0
=$5000					GM_WORKSPACE	= $5000
=$16					GM_DESK		= $16
=$6307					gm_alert_icon	= $6307
=$a66b					pm_active	= $a66b
=6					UI_VIEW80	= 6
=5					N_U_INTERFACES	= 5
=12					GM_MOP_PRINT	= 12
=$1c2c					N_FILL		= $1c2c
=$71fe					gm_restore_color= $71fe
=1					N_ABI_MAJOR	= 1
=6					WF_PREVXYWH	= 6
=$3dc0					NFILES		= $3dc0
=$7488					gm_ult_fullname	= $7488
=11					AE_OP_DCLICK	= 11
=$7b9c					gm_page_down	= $7b9c
=$624a					gm_wcall	= $624a
=$9492					ae_menu_copied	= $9492
=$76e1					gm_ucmd_at	= $76e1
=$750c					gm_fn_close	= $750c
=$61b0					gm_open_aesvc	= $61b0
=$620a					gm_open_now	= $620a
=$841d					gm_bad_chars	= $841d
=$6c86					gm_atype	= $6c86
=7					GM_MOP_RESTORE	= 7
=$99d8					gfx_glyph_empty	= $99d8
=$ace2					bk_dispatch	= $ace2
=$acb4					bk_protect_code	= $acb4
=$3d85					N_FDEVICE	= $3d85
=127					DC_LFN		= 127
=$879b					gm_win_sel	= $879b
=$6e1a					gm_delete	= $6e1a
=$12					N_SHORTIMAGE	= $12
=11					GM_MOP_DISKCOPY	= 11
=$1014					pk_entry	= $1014
=$1c20					N_ALLOC		= $1c20
=$a5e7					pm_delta	= $a5e7
=$8776					gm_divisor	= $8776
=$7654					gm_title_q	= $7654
=$702b					gm_refresh_next	= $702b
=$73a3					gm_upath_to_path= $73a3
=$1000					N_SYSLIMIT	= $1000
=$876c					gm_math4	= $876c
=$876b					gm_math3	= $876b
=$876a					gm_math2	= $876a
=$8701					gm_alen		= $8701
=$3d3b					N_UIBUSY	= $3d3b
=$6907					gm_scan_page	= $6907
=$6189					gm_aes_ready	= $6189
=$a63b					pm_place	= $a63b
=1					AE_MIRROR	= 1
=$3c00					NHANDLES	= $3c00
=$ad93					bk_compare_cookie= $ad93
=22					WM_CLOSED	= 22
=$9441					ae_km_keys	= $9441
=$6a87					gm_chunk_heap	= $6a87
=$81d5					gm_icon_bits	= $81d5
=$86cf					gm_s_nomodule2	= $86cf
=$abd3					vd_handle	= $abd3
=$9f7b					gfx_right_masks	= $9f7b
=$7aa1					gm_read_done	= $7aa1
=$6615					gm_deselect_icon= $6615
=$a9d2					bp_closed	= $a9d2
=$877b					gm_ix0		= $877b
=$877d					gm_ix1		= $877d
=$ace5					bk_service_return= $ace5
=$0020					WK_SIZER	= $0020
=$3d50					N_MHEADER	= $3d50
=$91e4					ae_attach	= $91e4
=$6cc8					gm_info_end	= $6cc8
=$9e8d					gfx_aligned_set	= $9e8d
=$986a					dc_text		= $986a
=$10ac					pk_extended	= $10ac
=$8622					gm_s_nosave	= $8622
=$6020					gm_start	= $6020
=$664d					gm_key		= $664d
=$10ad					pk_rejected	= $10ad
=$683f					gm_icon_drive	= $683f
=$a5ae					pm_button	= $a5ae
=2					AE_CAP_EVENT	= 2
=$6fab					gm_del_text_end	= $6fab
=$3d2e					N_BROWSERLEN	= $3d2e
=$6054					gm_loop		= $6054
=$9895					dc_iostatus	= $9895
=$8644					gm_mtoken	= $8644
=$aefc					bk_relative	= $aefc
=$a463					pm_close_return	= $a463
=$1070					pk_reject	= $1070
=$9ca9					gfx_glyph_ink	= $9ca9
=$7aa2					gm_work		= $7aa2
=$ac83					bk_callback	= $ac83
=$a5d0					pm_release	= $a5d0
=$3d2a					N_BROWSERFMT	= $3d2a
=$1c4a					N_FCLOSE	= $1c4a
=$7bb4					gm_scrolled	= $7bb4
=$6aef					gm_ins_outer	= $6aef
=$6c2a					gm_show_info	= $6c2a
=$995d					gfx_guard	= $995d
=$84fd					gm_suffix	= $84fd
=$9454					ae_menu_install	= $9454
=$8818					gm_bnow		= $8818
=$9a89					gfx_clip_compared= $9a89
=$6bfe					gm_view_done	= $6bfe
=$9f22					gfx_owner	= $9f22
=$8083					gm_times8	= $8083
=$7d3a					gm_select_entry	= $7d3a
=5					AE_OP_POST	= 5
=$a058					gfx_text_length	= $a058
=$7e82					gm_band		= $7e82
=$b03e					bk_load_more	= $b03e
=$740f					gm_ult_scan_next= $740f
=6					WS_FIND		= 6
=$6e69					gm_del_named	= $6e69
=3					AE_OP_STEP	= 3
=$10ae					pk_mask		= $10ae
=$8817					gm_banchor	= $8817
=$878b					gm_win_dev	= $878b
=$608f					gm_fatal	= $608f
=$7cb3					gm_fulled	= $7cb3
=$3d0e					N_FREE0		= $3d0e
=$3d0f					N_FREE1		= $3d0f
=$aa22					vd_poll		= $aa22
=$1c6b					N_VCLOSE	= $1c6b
=9					N_U_QUERY_COUNT	= 9
=$86e6					gm_digits	= $86e6
=$7644					gm_title_char	= $7644
=$a51e					pm_poll_return	= $a51e
=$6ad7					gm_rec_put	= $6ad7
=48					AE_CLICK_TICKS	= 48
=$a678					pm_down		= $a678
=$8702					gm_abuf		= $8702
=$837d					gm_s_used	= $837d
=$804f					gm_free_mem	= $804f
=$3d2b					N_BROWSERERROR	= $3d2b
=$7539					gm_ult_document	= $7539
=195					GM_MAX_ENTRIES	= 195
=$0004					WK_FULLER	= $0004
=$8814					gm_bi		= $8814
=$9c70					gfx_column	= $9c70
=$77a7					gm_document_launch= $77a7
=$8813					gm_bm		= $8813
=$6b3a					gm_next_gap	= $6b3a
=$3d9f					N_RCACHE	= $3d9f
=6					N_U_MAC		= 6
=$62bb					gm_am_row	= $62bb
=$9f50					gfx_band_left	= $9f50
=$1c2f					N_STATS		= $1c2f
=$85c3					gm_stop		= $85c3
=$aef6					bk_result	= $aef6
=$a67d					pm_step		= $a67d
=$9b05					gfx_clip_cell	= $9b05
=$9445					ae_km_dx	= $9445
=$9449					ae_km_dy	= $9449
=$86a7					gm_prt_sa	= $86a7
=$9218					ae_stream_taken	= $9218
=$3d28					N_ACTION	= $3d28
=$9c05					gfx_bitmap_row	= $9c05
=$abcc					vd_phase	= $abcc
=$80c9					gm_div		= $80c9
=8					WF_HSLIDE	= 8
=$9b96					gfx_failed	= $9b96
=$9f3b					gfx_remaining	= $9f3b
=$3d99					N_DCOUNT	= $3d99
=$1bf8					N_HEAPEPOCH	= $1bf8
=$9eaf					gfx_glyph_row	= $9eaf
=4					MU_M1		= 4
=$70f3					gm_drag_box	= $70f3
=4					N_U_POWER_B	= 4
=$77f2					gm_ult_peek	= $77f2
=$9f42					gfx_second	= $9f42
=3					N_U_POWER_A	= 3
=$66ac					gm_key_done	= $66ac
=$7372					gm_pw		= $7372
=$9263					ae_event	= $9263
=$9419					ae_km_y		= $9419
=$671b					gm_menu_options	= $671b
=$a69c					pm_shape	= $a69c
=$ab6c					vm_dirty	= $ab6c
=$750a					gm_fn_missing	= $750a
=16					GM_BELL		= 16
=$aee1					bk_file		= $aee1
=6					AE_OP_MENU	= 6
=32					AE_CAP_DCLICK	= 32
=$6dcb					gm_aput		= $6dcb
=$3d16					N_RESULT	= $3d16
=$64e3					gm_copy		= $64e3
=$a394					gfx_text_end	= $a394
=$9dcd					gfx_band_pixel	= $9dcd
=$ade2					bk_check_code	= $ade2
=$6420					gm_draw_icon	= $6420
=$625f					gm_n32_digit	= $625f
=$6eef					gm_del_many	= $6eef
=$6000					N_APPBASE	= $6000
=$85c2					gm_sslot	= $85c2
=2					GM_MOP_PREFS	= 2
=$83a4					gm_s_undone	= $83a4
=$ab9f					vm_first	= $ab9f
=$7fdc					gm_launcher	= $7fdc
=$6e4d					gm_del_copy	= $6e4d
=$abc0					bp_result	= $abc0
=$68ba					gm_df_found	= $68ba
=$6529					gm_label_clear	= $6529
=$81c3					gm_label_trash	= $81c3
=$8815					gm_ei		= $8815
=$9f23					gfx_handle	= $9f23
=$86dc					gm_new_icon	= $86dc
=$7513					gm_ult_open_entry= $7513
=$9f3d					gfx_right	= $9f3d
=$1c5c					N_FDRAW		= $1c5c
=$a684					pm_registers	= $a684
=$68be					gm_df_done	= $68be
=$7c8c					gm_wset_value	= $7c8c
=$6528					gm_icon_done	= $6528
=$3d9b					N_DOCKIND	= $3d9b
=$6f37					gm_del_all	= $6f37
=$8025					gm_close_slot	= $8025
=$8579					gm_s_usbfail	= $8579
=$97f4					dc_get_bad	= $97f4
=$86dd					gm_slot		= $86dd
=$abc3					bp_name		= $abc3
=$b0f7					bk_load_badarg	= $b0f7
=$a670					pm_x		= $a670
=$a672					pm_y		= $a672
=$63fb					gm_icons_clip_reset= $63fb
=$ada6					bk_platform	= $ada6
=$a61a					pm_delta_size	= $a61a
=$86ff					gm_total	= $86ff
=$a8aa					nk_saved_callback= $a8aa
=$83cd					gm_s_nodelete	= $83cd
=$3d37					N_UIKEY		= $3d37
=$3d9d					N_DOCRETURN	= $3d9d
=$8295					gm_menu		= $8295
=$b23a					bk_crc		= $b23a
=$69ab					gm_scan_fail	= $69ab
=$853f					gm_s_notusb	= $853f
=$71e6					gm_session_built= $71e6
=$acc3					bk_protect_parent= $acc3
=$109e					pk_pass		= $109e
=$3d01					N_PAGES		= $3d01
=$879f					gm_nsel		= $879f
=$8643					gm_mop		= $8643
=8					N_U_TIME	= 8
=$7117					gm_session_build= $7117
=$3d2d					N_BOOTDEVICE	= $3d2d
=$877e					gm_iy1		= $877e
=$877c					gm_iy0		= $877c
=$84b4					gm_full_alert	= $84b4
=$878f					gm_win_fmt	= $878f
=$9f4b					gfx_glyph_bounds= $9f4b
=$931c					ae_event_done	= $931c
=6					GM_MOP_COPY	= 6
=12					PM_JUMP		= 12
=$6419					gm_icon_next	= $6419
=$aee5					bk_cookie	= $aee5
=$7fd6					gm_launcher_leave= $7fd6
=$922f					ae_alert_read	= $922f
=$6f96					gm_del_text	= $6f96
=$84e3					gm_confirm	= $84e3
=$0040					WK_UPARROW	= $0040
=$7b64					gm_clip_empty	= $7b64
=$8807					gm_slot25	= $8807
=$94df					ae_ev_result	= $94df
=9					WF_VSLIDE	= 9
=$9822					dc_digit	= $9822
=$7e50					gm_each_call	= $7e50
=$91ea					ae_load		= $91ea
=$9cd6					gfx_set		= $9cd6
=$6dbf					gm_astr_src	= $6dbf
=$69b5					gm_sort_write	= $69b5
=$adb8					bk_bad_handle	= $adb8
=$75ca					gm_close_full	= $75ca
=$66dd					gm_menu_control	= $66dd
=$b238					bk_expected	= $b238
=$a964					bp_loaded	= $a964
=$10af					pk_masks	= $10af
=8					AE_CAP_WINDOW	= 8
=$4e00					N_UPATH		= $4e00
=$69aa					gm_scan_done	= $69aa
=$7d1e					gm_row_under	= $7d1e
=$a560					pm_left		= $a560
=$835c					gm_s_head	= $835c
=$9219					ae_alert_open	= $9219
=$7592					gm_close_or_up	= $7592
=4					GM_PRINTER	= 4
=$7f34					gm_band_done	= $7f34
=$7ffd					gm_slot_of	= $7ffd
=$661e					gm_repaint_icon_sel= $661e
=3					GM_USB		= 3
=$0080					WK_DNARROW	= $0080
=$9aed					gfx_clipped_bitmap= $9aed
=$3d08					N_OFFSET	= $3d08
=$a43c					pm_close	= $a43c
=$69cb					gm_write_chunk	= $69cb
=$614d					gm_select_surface= $614d
=$9760					dc_channels	= $9760
=$9f63					gfx_clip_full	= $9f63
=$98ce					sd_bell		= $98ce
=$7d6f					gm_toggle	= $7d6f
=1					WS_OPEN		= 1
=$1c26					N_READ		= $1c26
=1					gfx_track_dirty	= 1
=$7bba					gm_scroll_done	= $7bba
=$76c9					gm_ult_del_done	= $76c9
=$9f73					gfx_left_masks	= $9f73
=$7228					gm_module_run	= $7228
=$b077					bk_load_eof	= $b077
=$10ba					pk_end		= $10ba
=$3d12					N_READY		= $3d12
=$86f7					gm_m		= $86f7
=$abe8					vd_pointer_y	= $abe8
=1					N_U_HARDWARE	= 1
=$6341					gm_message	= $6341
=$81b1					gm_icon_label_hi= $81b1
=$6ad7					gm_rec_dst	= $6ad7
=$aa7d					bp_gate_failed	= $aa7d
=$9869					dc_length	= $9869
=$6b26					gm_ins_place	= $6b26
=$61af					gm_aes_failed	= $61af
=$a67a					pm_hit		= $a67a
=8					WS_SURFACE	= 8
=$8000					N_STAGELIMIT	= $8000
=$4a00					N_BROWSERPATH	= $4a00
=$63a4					gm_message_done	= $63a4
=$62b9					ae_present	= $62b9
=$6f51					gm_relist_slot	= $6f51
=$99dd					gfx_begin	= $99dd
=$7eb7					gm_band_loop	= $7eb7
=$3d24					N_EXITCODE	= $3d24
=$9a92					gfx_clip_start	= $9a92
=$8064					gm_select_mem_x	= $8064
=$85bb					gm_desk_color	= $85bb
=$944d					ae_km_click	= $944d
=$abce					vd_color	= $abce
=0					N_OK		= 0
=4					GM_WINDOWS	= 4
=$3d3c					N_UOP		= $3d3c
=$3d20					N_CURRENT	= $3d20
=$a66e					pm_pending	= $a66e
=0					GFX_TEXT_STORAGE= 0
=$abf3					ru_probe_live	= $abf3
=$1c3e					N_EXIT		= $1c3e
=$ab68					bp_argument	= $ab68
=$1c41					N_FOPEN		= $1c41
=$3d25					N_DOSCODE	= $3d25
=0					AE_OP_ATTACH	= 0
=$abbe					bp_prefix	= $abbe
=$86db					gm_icon_sel	= $86db
=$86d2					gm_surface	= $86d2
=$3d23					N_APPSTATE	= $3d23
=$8819					gm_batch	= $8819
=2					UI_MAXIMUM	= 2
=$9758					dc_io		= $9758
=$8608					gm_dclick	= $8608
=$94f3					ae_ev_first	= $94f3
=$a8ac					nk_filter_image	= $a8ac
=$a66d					pm_tick		= $a66d
=$aefd					bk_checked	= $aefd
=$73fa					gm_ult_read	= $73fa
=$9ed3					gfx_glyph_shifted= $9ed3
=$79d9					gm_rec_src	= $79d9
=$62f4					gm_alert	= $62f4
=$9f40					gfx_cover	= $9f40
=$9440					ae_km_done	= $9440
=$a679					pm_arm		= $a679
=$8946					gm_win_plen	= $8946
=$99b2					gfx_glyph_negative= $99b2
=10					GM_MOP_PRTSCR	= 10
=60					GM_REC_PRINTER	= 60
=$894a					gm_name		= $894a
=2					WS_CLOSE	= 2
=$a71c					nk_install	= $a71c
=$9a94					gfx_clip_replace= $9a94
=$aef2					bk_busy		= $aef2
=$9805					dc_restore	= $9805
=$16					N_MEXHAUSTED	= $16
=14985					SD_BELL_FREQ	= 14985
=$9497					ae_menu_set	= $9497
=$8774					gm_prod		= $8774
=$6bb4					gm_cmp_rev	= $6bb4
=$86a8					gm_lock_want	= $86a8
=$1c26					gfx_heap_read	= $1c26
=$aa51					bp_pointer	= $aa51
=$abcd					vd_live		= $abcd
=$6aae					gm_copy_rec	= $6aae
=1					N_BADARG	= 1
=$7031					gm_release	= $7031
=12					AE_OP_ACC	= 12
=$999c					gfx_glyph_origin= $999c
=$ab28					bp_open_source	= $ab28
=$a67c					pm_moved	= $a67c
=$9401					ae_km_left	= $9401
=13					GM_MOP_LOCK	= 13
=$1c23					N_FREE		= $1c23
=$aa87					bp_arguments	= $aa87
=$9a15					gfx_color_limits= $9a15
=$658b					gm_click	= $658b
=$7322					gm_prt_quiet	= $7322
=0					N_U_IDENTIFY	= 0
=$9b99					gfx_bitmap_setup= $9b99
=20					WM_REDRAW	= 20
=$80e9					gm_cells_hi0	= $80e9
=$7506					gm_fn_long	= $7506
=$3d98					N_DNEXT		= $3d98
=$8831					gm_rec		= $8831
=$65ec					gm_click_desktop= $65ec
=$1c53					N_REPLACE	= $1c53
=$94f5					ae_ev_window	= $94f5
=$8486					gm_drive_alert	= $8486
=$8178					gm_cards_name	= $8178
=$7485					gm_ult_scan_fail0= $7485
=$adaa					bk_invalid	= $adaa
=$a774					nk_close	= $a774
=$94fd					ae_pointer_buttons= $94fd
=$abc1					bp_carry	= $abc1
=$9c60					gfx_bitmap_loaded= $9c60
=$70ed					gm_drop_print	= $70ed
=$6b83					gm_cmp_name	= $6b83
=$7dd3					gm_bit_set	= $7dd3
=$86fb					gm_ins_val	= $86fb
=$3d9c					N_DOCTYPE	= $3d9c
=$9e15					gfx_band_store	= $9e15
=$9f83					gfx_rows	= $9f83
=$683e					gm_open_quiet	= $683e
=$3d13					N_KEYS		= $3d13
=96					GM_APP_PAGES	= 96
=$9aba					gfx_nonempty_x	= $9aba
=$93a4					ae_key_mouse	= $93a4
=$97f5					dc_get_end	= $97f5
=$853d					gm_target	= $853d
=$86e5					gm_ndig		= $86e5
=$aa59					bp_invoke	= $aa59
=0					PM_KEYS_OWNED	= 0
=$7376					gm_path_root	= $7376
=$86df					gm_fmt		= $86df
=$6ade					gm_gap_loop	= $6ade
=$5000					AE_DATA		= $5000
=$7326					gm_path_page	= $7326
=$6000					BK_BASE		= $6000
=$abd1					vd_base		= $abd1
=$9b5a					gfx_color_x	= $9b5a
=$6eee					gm_del_none	= $6eee
=$86bb					gm_s_nomodule	= $86bb
=$8769					gm_math		= $8769
=$86da					gm_start_error	= $86da
=$aeb6					bk_jump_tail	= $aeb6
=$8825					gm_mem1		= $8825
=$8821					gm_mem0		= $8821
=$882d					gm_mem3		= $882d
=$8829					gm_mem2		= $8829
=$85bd					gm_orect	= $85bd
=$8500					gm_s_unproven	= $8500
=$ada2					bk_nested	= $ada2
=8					AE_OP_WINDOW	= 8
=$768d					gm_ult_attr	= $768d
=$abe9					vs_reu		= $abe9
=$3de4					N_BOOTFORMAT	= $3de4
=0					BP_HISTORY	= 0
=$943b					ae_km_eaten	= $943b
=$1c68					N_VSHOW		= $1c68
=$11					N_IOERROR	= $11
=$9aa0					gfx_clip_keep	= $9aa0
=$9f16					gfx_x0		= $9f16
=$9f1a					gfx_x1		= $9f1a
=$8ad8					ae_callback	= $8ad8
=$3d38					N_UIWIDTH	= $3d38
=$9f21					gfx_bound	= $9f21
=$6bd6					gm_set_view	= $6bd6
=$83e5					gm_s_error	= $83e5
=$8361					gm_s_type	= $8361
=$adba					bk_finish	= $adba
=$66ad					gm_key_drive	= $66ad
=$6a7d					gm_chunk_size	= $6a7d
=$3d29					N_BROWSERDEV	= $3d29
=$6fae					gm_printable	= $6fae
=30					N_AESOWNER	= 30
=$3de5					N_CLIPBOARD	= $3de5
=$9997					gfx_glyph_failed= $9997
=$9d87					gfx_band_next	= $9d87
=$3d3a					N_UIERROR	= $3d3a
=$9ef4					gfx_restore_handle= $9ef4
=$6fc9					gm_del_head	= $6fc9
=$3da0					N_FNAME		= $3da0
=$6a1b					gm_chunk_fail	= $6a1b
=$6569					gm_icon_hit	= $6569
=$a952					vd_open		= $a952
=7					AE_MINOR	= 7
=$acf6					bk_enter	= $acf6
=$a773					nk_return	= $a773
=$70c6					gm_row_drop	= $70c6
=$9d59					gfx_xor_load	= $9d59
=$94fc					ae_pointer_y	= $94fc
=$94fa					ae_pointer_x	= $94fa
=$1c00					N_LOWLIMIT	= $1c00
=$7a59					gm_read_rows	= $7a59
=8					N_PLATFORM	= 8
=$7deb					gm_bit		= $7deb
=$6f70					gm_error_hex	= $6f70
=$7512					gm_fn_done	= $7512
=$a099					gfx_text_left	= $a099
=7					WS_FILL		= 7
=$9f3c					gfx_left	= $9f3c
=$3d0c					N_VALUE		= $3d0c
=$84e4					gm_editor_name	= $84e4
=$86ba					gm_mwanted	= $86ba
=32					N_APPOWNER	= 32
=$adae					bk_enter_failed	= $adae
=$9755					dc_open_failed	= $9755
=$615f					gm_bind		= $615f
=$13					N_LONGIMAGE	= $13
=$9b1a					gfx_clip_divide	= $9b1a
=$ae3c					bk_check_walk	= $ae3c
=$aa0f					bp_presented	= $aa0f
=$9384					ae_read_pointer	= $9384
=$a632					pm_delta_advance= $a632
=$9472					ae_menu_write	= $9472
=$61					GM_ICON_SELECTED= $61
=$9a7b					gfx_clip_intersect= $9a7b
=$86a6					gm_prt_dev	= $86a6
=12					WF_NEXTXYWH	= 12
=$7bca					gm_vslid	= $7bca
=$a66c					pm_seen		= $a66c
=$8698					gm_mop_module	= $8698
=29					N_ACCOWNER	= 29
=$816f					gm_aesvc_name	= $816f
=0					WS_CREATE	= 0
=$6bff					gm_view_fail	= $6bff
=$3d10					N_SLOTS		= $3d10
=$9d9b					gfx_band_failed	= $9d9b
=$a600					pm_delta_classify= $a600
=$9f1f					gfx_color	= $9f1f
=0					UI_LENGTH	= 0
=$876f					gm_rb		= $876f
=$84f4					gm_upnt		= $84f4
=$944f					ae_post		= $944f
=$9f33					gfx_operation	= $9f33
=10					WF_TOP		= 10
=$b195					bk_write_chunk	= $b195
=$8647					gm_mod_names	= $8647
=$6168					gm_aes_setup	= $6168
=$abc2					bp_error	= $abc2
=$84fc					gm_doc_kind	= $84fc
=$98c0					dc_saved	= $98c0
=$876e					gm_ra		= $876e
=$705b					gm_drag_loop	= $705b
=$9a5e					gfx_clip_high	= $9a5e
=$9715					dc_read		= $9715
=$1c3b					N_KEYIN		= $1c3b
=$9adf					gfx_glyph_unclipped= $9adf
=$a01d					gfx_text_advance= $a01d
=$7480					gm_ult_scan_fail= $7480
=$1c38					N_LAUNCH	= $1c38
=$6ab0					gm_rec_src2	= $6ab0
=$a680					pm_jumps	= $a680
=$86f8					gm_gap		= $86f8
=$86f1					gm_count	= $86f1
=$94a5					ae_session_read	= $94a5
=4					GM_KEYCLICK	= 4
=$9752					dc_close_failed	= $9752
=$9f39					gfx_xbyte	= $9f39
=$9893					dc_code2	= $9893
=$9a4e					gfx_clip_zero	= $9a4e
=$a55a					pm_right	= $a55a
=$8816					gm_bend		= $8816
=$a7a0					nk_codes	= $a7a0
=16					N_ABI_MINOR	= 16
=$7182					gm_session_window= $7182
=$8098					gm_mulrec	= $8098
=$ab1d					bp_iec_name	= $ab1d
=$7d5a					gm_select_index	= $7d5a
=$a67b					pm_event	= $a67b
=$7665					gm_not_usb	= $7665
=3					N_NOSLOT	= 3
=$91d9					ae_unload	= $91d9
=$15					N_CHANNELS	= $15
=$94b3					ae_dclick	= $94b3
=$3d27					N_APPERROR	= $3d27
=$3e00					N_BROWSERNAME	= $3e00
=$9ea6					gfx_aligned_write= $9ea6
=5					UI_VIEW40	= 5
=$3900					NPAGES1		= $3900
=$3800					NPAGES0		= $3800
=$9438					ae_km_set_y	= $9438
=$b147					bk_select_file	= $b147
=0					BP_STATE_STORAGE= 0
=$a66f					pm_sample_line	= $a66f
=$95fe					gm_paths	= $95fe
=$9f35					gfx_offset	= $9f35
=2					N_NOMEM		= 2
=$aedd					bk_handle	= $aedd
=$9868					dc_device	= $9868
=7					N_U_IP		= 7
=$9275					ae_event_sample	= $9275
=$8199					gm_icon_y	= $8199
=9					GM_REC_COUNT	= 9
=$86f3					gm_drag		= $86f3
=$881a					gm_s_items	= $881a
=$85a0					gm_s_usbhex	= $85a0
=$97f7					dc_close	= $97f7
=$aedc					bk_state	= $aedc
=$9c81					gfx_mask_last	= $9c81
=$9b3a					gfx_color_rows	= $9b3a
=$9e0f					gfx_band_set	= $9e0f
=$68b7					gm_df_next	= $68b7
=17					WF_DESKCOLOR	= 17
=$68bf					gm_df_none	= $68bf
=$1c65					N_MCLOSE	= $1c65
=$3a00					N_BUFFER	= $3a00
=$6a2f					gm_load_chunk	= $6a2f
=$3d97					N_DPAGE		= $3d97
=$61fa					gm_open_iec	= $61fa
=$86e0					gm_mbit		= $86e0
=$3d91					N_FBUSY		= $3d91
=$766e					gm_usb_error	= $766e
=$7873					gm_peek_done	= $7873
=$0800					WK_HSLIDE	= $0800
=$9f41					gfx_first	= $9f41
=$a67f					pm_columns	= $a67f
=$ac59					bk_return	= $ac59
=$6afb					gm_ins_inner	= $6afb
=$3d15					N_LASTKEY	= $3d15
=$7bbb					gm_max_top	= $7bbb
=$a013					gfx_text_saturate= $a013
=31					N_CLIPOWNER	= 31
=$adc6					bk_check_tails	= $adc6
=$98ca					dc_eoi		= $98ca
=40					DC_MAX		= 40
=$9764					dc_blocks_free	= $9764
=$8424					gm_about	= $8424
=$3d0a					N_COUNT		= $3d0a
=$8793					gm_win_count	= $8793
=$9f1c					gfx_y1		= $9f1c
=$9f18					gfx_y0		= $9f18
=$9f3f					gfx_old		= $9f3f
=$aef9					bk_saved_regs	= $aef9
=6					GM_GAP_COUNT	= 6
=$3d8b					N_FACTUAL	= $3d8b
=$6d15					gm_info_page	= $6d15
=$9b49					gfx_color_multiply= $9b49
=$abd2					vd_pages	= $abd2
=$b1ca					bk_crc_buffer	= $b1ca
=$3d92					N_FPOSITION	= $3d92
=$b222					bk_prefix	= $b222
=$6f63					gm_del_badname	= $6f63
=$6e25					gm_delete_slot	= $6e25
=$1c59					N_FEDIT		= $1c59
=$6bd3					gm_menu_view	= $6bd3
=$7386					gm_path_to_upath= $7386
=0					BP_MODE		= 0
=$a673					pm_old		= $a673
=$0c00					N_SYSBASE	= $0c00
=6					N_RANGE		= 6
=$6746					gm_open_selection= $6746
=$86f5					gm_vslot	= $86f5
=$7656					gm_title_ok	= $7656
=$6165					pm_find_hit	= $6165
=$3d80					N_FOWNER	= $3d80
=$815f					gm_hex_digits	= $815f
=$63bb					gm_redraw_desktop= $63bb
=$3d22					N_NAMELEN	= $3d22
=$662f					gm_redraw_icon_cells= $662f
=$a7aa					nk_saved_keys	= $a7aa
=$b0f2					bk_checksum	= $b0f2
=1					AE_MAJOR	= 1
=$a02a					gfx_load_glyph	= $a02a
=$9d5e					gfx_xor_store	= $9d5e
=$8797					gm_win_top	= $8797
=$abea					vs_token	= $abea
=$800c					gm_top_slot	= $800c
=$699c					gm_scan_end	= $699c
=$755e					gm_ult_rescan	= $755e
=$9897					dc_status_length= $9897
=7					AE_OP_MENU_SET	= 7
=$7870					gm_peek_close	= $7870
=5					N_WRONGOWNER	= 5
=$1c47					N_FWRITE	= $1c47
=24					WM_ARROWED	= 24
=$8767					gm_art		= $8767
=$97cb					dc_listed	= $97cb
=$0200					WK_LFARROW	= $0200
=$9c4b					gfx_read_row	= $9c4b
=$625a					gm_anum32	= $625a
=$aef5					bk_service	= $aef5
=$abd7					vd_saved	= $abd7
=$1c71					N_UCOMMAND	= $1c71
=$86f9					gm_gapi		= $86f9
=$1c44					N_FREAD		= $1c44
=$8106					gm_decimal4	= $8106
=$80f8					gm_decimal2	= $80f8
=$b23e					gm_end		= $b23e
=$94f2					ae_ev_key	= $94f2
=1					AE_POINTER	= 1
=$8392					gm_gaps		= $8392
=$8424					gm_bad_chars_end= $8424
=8					GM_NOOVERASK	= 8
=$b133					bk_close_source	= $b133
=4					WS_SET		= 4
=9					GM_MOP_NEWFOLDER= 9
=$aef8					bk_saved_rcr	= $aef8
=21					WM_TOPPED	= 21
=$6861					gm_drive_format	= $6861
=4					WF_WORKXYWH	= 4
=$a998					vd_close	= $a998
=0					pm_control_count= 0
=4					AE_CAP_MENU	= 4
=$98cd					dc_dollar	= $98cd
=27					WM_SIZED	= 27
=$aef3					bk_error	= $aef3
=$aee9					bk_current	= $aee9
=$85bc					gm_restoring	= $85bc
=$6a1c					gm_resort_slot	= $6a1c
=$942e					ae_km_up	= $942e
=$3d96					N_FFORMAT	= $3d96
=$4000					AC_BASE		= $4000
=2					AE_OP_ALERT	= 2
=$768e					gm_ult_delete	= $768e
=$0100					WK_VSLIDE	= $0100
=$614c					gm_setup_done	= $614c
=$a630					pm_no_delta	= $a630
=$9ff3					gfx_text_unknown= $9ff3
=$9e82					gfx_aligned_clear= $9e82
=$8604					gm_magic	= $8604
=$6739					gm_print_screen	= $6739
=64					GM_RECORD_SIZE	= 64
=25					WM_HSLID	= 25
=$9a43					gfx_clip_limit	= $9a43
=$84ac					gm_drive_alert_hex= $84ac
=$10					N_BADIMAGE	= $10
=$6bc1					gm_fa		= $6bc1
=$6bc5					gm_fb		= $6bc5
=$3d40					N_APPNAME	= $3d40
=$9ff5					gfx_text_code	= $9ff5
=$a43b					pm_install_return= $a43b
=$0008					WK_MOVER	= $0008
=$a04e					gfx_text_load	= $a04e
=$b0ed					bk_short_image	= $b0ed
=$86d6					gm_file		= $86d6
=$9fd5					gfx_text_failed	= $9fd5
=$876d					gm_t8		= $876d
=$1076					pk_restore_columns= $1076
=$9d04					gfx_write_row	= $9d04
=$9e9b					gfx_aligned_copy= $9e9b
=$63a5					gm_redraw_window= $63a5
=$1c50					N_DIRPAGE	= $1c50
=$b17f					bk_io_return	= $b17f
=10					MN_SELECTED	= 10
=$c000					AE_LIMIT	= $c000
=$3d1b					N_MSTATE	= $3d1b
=$a672					BP_POINTER_Y	= $a672
=$a670					BP_POINTER_X	= $a670
=$3f00					N_SOURCEPATH	= $3f00
=$9896					dc_byte		= $9896
=$1c56					N_WORKSPACE	= $1c56
=$1c2c					gfx_heap_fill	= $1c2c
=$6e2f					gm_delete_one	= $6e2f
=$819e					gm_icon_art	= $819e
=$7e59					gm_select_all	= $7e59
=$78c6					gm_suffix_no	= $78c6
=$a592					pm_top		= $a592
=$3d9a					N_DOCREQUEST	= $3d9a
=$73bf					gm_ult_open	= $73bf
=0					PM_KEYS_EXTERNAL= 0
=$a677					pm_buttons	= $a677
=$9cea					gfx_store	= $9cea
=10					GM_REC_WINDOWS	= 10
=3					WS_DELETE	= 3
=$3d1a					N_MERROR	= $3d1a
=$a66c					BP_POINTER_STATE= $a66c
=0					NK_SAVED_BUFFER	= 0
=64					AE_CAP_ACC	= 64
=$6402					gm_icons_done	= $6402
=$6f6c					gm_del_error	= $6f6c
=$94f4					ae_ev_tick	= $94f4
=$7349					gm_path_io	= $7349
=$74b9					gm_fn_found	= $74b9
=$98c9					dc_sa		= $98c9
=$65ad					gm_click_at	= $65ad
=$996c					gfx_rect	= $996c
=$97d6					dc_get		= $97d6
=$7f35					gm_band_row	= $7f35
=$3d03					N_PAGE		= $3d03
=$9f4f					gfx_band_allowed= $9f4f
=$66ca					gm_menu_choice	= $66ca
=1					UI_CARET	= 1
=$9e9d					gfx_aligned_copy_next= $9e9d
=$6237					gm_close_file	= $6237
=$6e81					gm_del_ask	= $6e81
=9					N_CORRUPT	= 9
=$8374					gm_s_files	= $8374
=$68c2					gm_scan		= $68c2
=$b0fc					bk_close	= $b0fc
=$aef0					bk_entry	= $aef0
=$a594					pm_set_y	= $a594
=$a563					pm_set_x	= $a563
=$9af7					gfx_store_clip_next= $9af7
=$a9eb					bp_return	= $a9eb
=$9a2b					gfx_clip_next	= $9a2b
=$a597					pm_hit_test	= $a597
=$838c					gm_s_ok		= $838c
=$9f37					gfx_span	= $9f37
=$6763					gm_open_icon	= $6763
=$10a9					pk_rejects	= $10a9
=$1c29					N_WRITE		= $1c29
=$62ee					gm_leave	= $62ee
=$a569					pm_vertical	= $a569
=$6ba3					gm_cmp_out	= $6ba3
=$85c1					gm_spos		= $85c1
=$1c29					gfx_heap_write	= $1c29
=$9f2b					gfx_clipped	= $9f2b
=$3d60					N_APPHEADER	= $3d60
=$aeee					bk_length	= $aeee
=16					MU_MESAG	= 16
=$16					GM_SELECTED	= $16
=$abb9					vm_pending	= $abb9
=$9d98					gfx_band_done	= $9d98
=$3d90					N_FSTATUS	= $3d90
=$79bc					gm_rows_done	= $79bc
=$94f6					ae_surface	= $94f6
=$9eec					gfx_select	= $9eec
=$c000					BK_LIMIT	= $c000
=$a059					gfx_text_buffer	= $a059
=$847e					gm_start_alert_hex= $847e
=$8398					gm_s_delete	= $8398
=$a9e2					bp_close_failed	= $a9e2
=$7058					gm_drag_track	= $7058
=$a09b					gfx_text_high	= $a09b
=$9642					dc_command	= $9642
=$1c35					N_RESERVE	= $1c35
=$86b9					gm_mloaded	= $86b9
=$9d7f					gfx_band_write	= $9d7f
=$8764					gm_cy		= $8764
=25					GM_BITS		= 25
=$7808					gm_peek		= $7808
=$9fb5					gfx_text	= $9fb5
=$9e93					gfx_aligned_store= $9e93
=$9d4a					gfx_band_xor	= $9d4a
=$81c9					gm_label_usb	= $81c9
=$6338					gm_alert_done	= $6338
=$8779					gm_ww		= $8779
=$9f34					gfx_y		= $9f34
=$96ea					dc_status_read	= $96ea
=$8778					gm_wy		= $8778
=$8777					gm_wx		= $8777
=$729a					gm_module_fail	= $729a
=$8d35					ae_state	= $8d35
=$b0e3					bk_bad_image	= $b0e3
=5					WF_CURRXYWH	= 5
=$b184					bk_select_code	= $b184
=$877a					gm_wh		= $877a
=$abbf					bp_started	= $abbf
=$6098					gm_fatal_text	= $6098
=$3d30					N_BROWSERPOS	= $3d30
=$9341					ae_wait_moved	= $9341
=$94fe					gm_path		= $94fe
=$6838					gm_open_fail	= $6838
=$0001					WK_NAME		= $0001
=2					GM_NOCOPYASK	= 2
=13					AE_OP_COUNT	= 13
=$804a					gm_free_slot	= $804a
=$14					N_CHECKSUM	= $14
=10					AE_OP_SESSION	= 10
=$ae65					bk_check_shape	= $ae65
=$7e05					gm_first_sel	= $7e05
=$3d04					N_HANDLE	= $3d04
=$6ce0					gm_info_icon	= $6ce0
=$9b1c					gfx_clip_shift	= $9b1c
=$93d9					ae_km_move	= $93d9
=$3d35					N_UIPTR		= $3d35
=$9ee5					gfx_glyph_second_visible= $9ee5
=$9e39					gfx_aligned_glyph= $9e39
=$78c8					gm_paint_window	= $78c8
=32					MU_TIMER	= 32
=$8700					AE_BASE		= $8700
=$7714					gm_iec_document	= $7714
=$abe6					vd_pointer_x	= $abe6
=$935b					ae_wait_time	= $935b
=$5000					gm_rows		= $5000
=$8846					gm_order	= $8846
=$3d81					N_FHANDLE	= $3d81
=$740a					gm_scan_ult	= $740a
=$7933					gm_paint_reset	= $7933
=$1068					pk_read_key	= $1068
=2					WF_NAME		= 2
=32					NSLOTS		= 32
=$9950					gfx_finish	= $9950
=$8768					gm_row		= $8768
=$0010					WK_INFO		= $0010
=$50					N_FIRST0	= $50
=$abf4					bp_backend_pending= $abf4
=$aef7					bk_carry	= $aef7
=$9caf					gfx_load	= $9caf
=$6fcd					gm_fail_head	= $6fcd
=$6db7					gm_astr		= $6db7
=$a58e					pm_bottom	= $a58e
=$6680					gm_key_move	= $6680
=$3d86					N_FNAMELEN	= $3d86
=11					WF_FIRSTXYWH	= 11
=$10ab					pk_columns	= $10ab
=$8a4a					aes		= $8a4a
=23					WM_FULLED	= 23
=$a499					pm_settling	= $a499
=$926f					ae_event_next	= $926f
=121					GM_PRT_LFN	= 121
=$6000					gm_image	= $6000
=$8762					gm_item		= $8762
=9					WS_OUTLINE	= 9
=$72cd					gm_ult_probe	= $72cd
=$9f53					gfx_clip_pixels	= $9f53
=160					pm_start	= 160
=$9dec					gfx_band_load	= $9dec
=$3d89					N_FCOUNT	= $3d89
=$c000					N_APPLIMIT	= $c000
=$6772					gm_open_drive	= $6772
=$6891					gm_df_scan	= $6891
=$9fb5					gfx_end		= $9fb5
=$10a7					pk_next		= $10a7
=$9de9					gfx_band_mask_ready= $9de9
=$1074					pk_accept	= $1074
=$b23c					bk_crc_left	= $b23c
=$abba					bp_file		= $abba
=$6c85					gm_aname_done	= $6c85
=$70f2					gm_release_done	= $70f2
=$b158					bk_read_chunk	= $b158
=$86f4					gm_view		= $86f4
=$a51f					pm_absent	= $a51f
=$9db9					gfx_band_masked	= $9db9
=$8142					gm_hex_error	= $8142
=$6fe6					gm_refresh_loop	= $6fe6
=0					GFX_FONT_COLUMNS= 0
=$785e					gm_peek_sheet	= $785e
=$3d02					N_BANK		= $3d02
=$9b2e					gfx_clip_defaults= $9b2e
=$76d2					gm_ult_del_error= $76d2
=2					N_U_DRIVES	= 2
=$4000					N_SERVICEBASE	= $4000
=$7c17					gm_repaint_all	= $7c17
=$3d21					N_DEVICE	= $3d21
=$86de					gm_dev		= $86de
=$676e					gm_open_none	= $676e
=$9f5b					gfx_clip_cells	= $9f5b
=$793b					gm_draw_rows	= $793b
=$661d					gm_click_done	= $661d
=1					GM_MOP_INFO	= 1
=$a466					pm_poll		= $a466
=$a09a					gfx_text_index	= $a09a
=$76c0					gm_ult_del_unknown= $76c0
=$b234					bk_count	= $b234
=$8763					gm_cx		= $8763
=$793a					gm_paint_done	= $793a
=$98f2					sd_click	= $98f2
=$1c6e					N_UQUERY	= $1c6e
=$9243					ae_alert_step	= $9243
=$3d17					N_MTOKEN	= $3d17
=$9cdf					gfx_copy	= $9cdf
=$aacb					bp_load		= $aacb
=$b23e					gm_module	= $b23e
=$1c4d					N_FRELEASE	= $1c4d
=$9ccb					gfx_clear	= $9ccb
=4					N_BADHANDLE	= 4
=$aef4					bk_operation	= $aef4
=$a9ae					bp_dispose	= $a9ae
=$b1e0					bk_crc_get	= $b1e0
=$995b					gfx_success	= $995b
=$693f					gm_scan_record	= $693f
=$abcc					bp_state	= $abcc
=$abcf					vd_fault	= $abcf
=$9f43					gfx_bits	= $9f43
=28					WM_MOVED	= 28
=3					GM_MOP_FORMAT	= 3
=$809a					gm_mul		= $809a
=$7e29					gm_each		= $7e29
=$9602					gm_rec_addr	= $9602
=$abf2					ru_active	= $abf2
=$9af0					gfx_empty	= $9af0
=$3d39					N_UIFLAGS	= $3d39
=$997e					gfx_glyph	= $997e
=$8614					gm_inf_scratch	= $8614
=$853e					gm_nlen		= $853e
=$94cb					ae_dirty	= $94cb
=$9376					ae_wait_done	= $9376
=$6403					gm_draw_icons	= $6403
=$86fc					gm_pos		= $86fc
=$609b					gm_surface_setup= $609b
=$87a3					gm_win_bits	= $87a3
=$3d00					N_OWNER		= $3d00
=21					GM_RECORD	= 21
=$aec0					bk_services	= $aec0
=$8184					gm_types	= $8184
=$3d11					N_BUSY		= $3d11
=$7940					gm_row_loop	= $7940
=$62a7					gm_dirty_from	= $62a7
=$86fe					gm_cmpb		= $86fe
=$6f94					gm_status_text	= $6f94
=$94a9					ae_session_write= $94a9
=$3d2c					N_APPFORMAT	= $3d2c
=$9f27					gfx_limits	= $9f27
=$9140					ae_detach	= $9140
=1					AE_CAP_ALERT	= 1
=$9e04					gfx_band_clear	= $9e04
=24					GM_CHUNK	= 24
=$1300					N_LOWBASE	= $1300
=$817d					gm_drive_title	= $817d
=$61					GM_PAPER	= $61
=$abe5					vd_pointer_visible= $abe5
=0					PM_SECONDARY	= 0
=$877f					gm_clip		= $877f
=5					GM_ICONS	= 5
=$04					N_FIRST1	= $04
=$aeed					bk_pages	= $aeed
=3					WF_INFO		= 3
=$9972					gfx_colors	= $9972
=$6b9e					gm_cmp_ordinal	= $6b9e
=9					AE_OP_SHUTDOWN	= 9
=$736e					gm_pr		= $736e
=$76d5					gm_ucmd		= $76d5
=$7bea					gm_scroll_to_selection= $7bea
=$1c32					N_RELEASE	= $1c32
=$6f91					gm_del_status	= $6f91
=$8773					gm_mul_b	= $8773
=$8772					gm_mul_a	= $8772
=$70ea					gm_drop		= $70ea
=$7da6					gm_select_set	= $7da6
=$6233					gm_open_bad	= $6233
=$6dd5					gm_anum		= $6dd5
=$aa1c					bp_ok		= $aa1c
=$8061					gm_select_mem	= $8061
=$9892					dc_code		= $9892
=$786d					gm_peek_kind	= $786d
=$7c35					gm_update_slider= $7c35
=$9f3e					gfx_mask	= $9f3e
=$7216					gm_file_select	= $7216
=$3d8d					N_FEOF		= $3d8d
=$6ba7					gm_cmp_raw	= $6ba7
=$9978					gfx_set_clip	= $9978
=$3d88					N_FTYPE		= $3d88
=$4f00					N_USTATUS	= $4f00
=$6596					gm_pointer_cell	= $6596
=$3d87					N_FMODE		= $3d87
=4					AE_OP_EVENT	= 4
=$3d26					N_IOSTATUS	= $3d26
=$8765					gm_i		= $8765
=$86f6					gm_k		= $86f6
=$8766					gm_j		= $8766
=$9867					dc_field_done	= $9867
=$86fd					gm_other	= $86fd
=$86e1					gm_q		= $86e1
=$86fa					gm_i2		= $86fa
=$9d9e					gfx_band_select	= $9d9e
=$6c71					gm_aname	= $6c71
=$7279					gm_module_call	= $7279
=$967f					dc_begin	= $967f
=$9208					ae_register	= $9208
=$ae64					bk_check_failed	= $ae64
=$6adc					gm_sort		= $6adc
=$8a4a					ae_call		= $8a4a
=8					MU_M2		= 8
=$9af5					gfx_store_clip	= $9af5
=$3d8e					N_FERROR	= $3d8e
=$85ac					gm_s_free	= $85ac
=$7b66					gm_arrowed	= $7b66
=$81bb					gm_label_9	= $81bb
=10					WS_TEXT		= 10
=$71e7					gm_session_save	= $71e7
=$a79f					nk_active	= $a79f
=$7626					gm_title_usb	= $7626
=$9898					dc_status	= $9898
=$9f1e					gfx_pen		= $9f1e
=7					N_REENTRANT	= 7
=$72e9					gm_prt_probe	= $72e9
=$765d					gm_title_end	= $765d
=$81ac					gm_icon_label_lo= $81ac
=$755b					gm_ult_enter	= $755b
=$66a5					gm_key_set	= $66a5
=$6d68					gm_info_sum	= $6d68
=$a675					pm_pots		= $a675
=$8609					gm_inf_name	= $8609
=$aba0					vm_rows		= $aba0
=$3d3d					N_UARG		= $3d3d
=$a9ec					vm_present	= $a9ec
=3					UI_BUFFER	= 3
=$7623					gm_title_set	= $7623
=$0002					WK_CLOSER	= $0002
=$9a55					gfx_clip_copy	= $9a55
=$6b41					gm_compare	= $6b41
=$930e					ae_event_fired	= $930e
=$9f3a					gfx_columns	= $9f3a
=5					GM_MOP_USBINFO	= 5
=$9f20					gfx_error	= $9f20
=$6aa3					gm_chunk_next	= $6aa3
=$5000					N_SERVICELIMIT	= $5000
=$7874					gm_text_suffix	= $7874
=$880b					gm_bitmask	= $880b
=$7fd5					gm_launch_fail	= $7fd5
=4					GM_MOP_CONTROL	= 4
=$9e70					gfx_aligned_ink	= $9e70
=$a394					pm_install	= $a394
=8					GM_MOP_SAVEDESK	= 8
=$7c8f					gm_wset_simple	= $7c8f
=$85c4					gm_session	= $85c4
=$8846					gm_dirpage	= $8846
=$8369					gm_s_blocks	= $8369
=$86a9					gm_lock_name	= $86a9
=$9828					dc_field_track	= $9828
=$94cf					ae_ev_params	= $94cf
=1					FO_PRESENT	= 1
=1					BP_TRACK_DIRTY	= 1
=$abf5					bk_call		= $abf5
=$6c73					gm_info_name	= $6c73
=$9eca					gfx_glyph_shift	= $9eca
=$83ed					gm_badname_alert= $83ed
=$6eb4					gm_del_go	= $6eb4
=26					WM_VSLID	= 26
=7					UI_FILTER	= 7
=$a9fb					vd_select	= $a9fb
=$86a5					gm_alert_default= $86a5
=$749e					gm_fn_next	= $749e
=32					BK_OWNER	= 32
=$81b6					gm_label_boot	= $81b6
=$7767					gm_usb_document	= $7767
=$9a07					gfx_pixel_limits= $9a07
=$a985					bp_open_failed	= $a985
=$6dec					gm_read_record	= $6dec
=$5000					gm_sortbuf	= $5000
=$a025					gfx_text_done	= $a025
=$a683					pm_init_saved	= $a683
=16					WF_VSLSIZE	= 16
=$acd0					bk_service_bad	= $acd0
=$84f8					gm_usht		= $84f8
=$aa20					bp_fault	= $aa20
=$7478					gm_ult_scan_done= $7478
=0					BP_SHARED_MEMORY= 0
=$946f					ae_menu_read	= $946f
=$b0d9					bk_load_success	= $b0d9
=$9894					dc_track	= $9894
=$6339					gm_alert_rows	= $6339
=$1c62					N_MCALL		= $1c62
=$81a3					gm_icon_on	= $81a3
=$698b					gm_scan_skip	= $698b
=$81cd					gm_label_printer= $81cd
=$9d20					gfx_band	= $9d20
=$ae62					bk_check_end	= $ae62
=1					MU_KEYBD	= 1
=$83e3					gm_s_bar	= $83e3
=$a682					pm_high		= $a682
=$3d2f					N_DESKTOPSEL	= $3d2f
=16					AE_CAP_SESSION	= 16
=$9a21					gfx_limits_y	= $9a21
=$b0e8					bk_long_image	= $b0e8
=$a530					pm_move		= $a530
=16					GM_PAGES	= 16
=16					AC_PAGES	= 16
=$86f2					gm_page		= $86f2
=$9910					gfx_bind	= $9910
=$9fe5					gfx_text_next	= $9fe5
=$8787					gm_win_handle	= $8787
=$6c0b					gm_view_checks	= $6c0b
=$7aa0					gm_read_none	= $7aa0
=$6fe1					gm_refresh_drive= $6fe1
=$3d8f					N_FDOS		= $3d8f
=$8455					gm_start_alert	= $8455
=$6cdd					gm_info_fail	= $6cdd
=$a981					bp_open_bad	= $a981
=$8783					gm_rect		= $8783
=$3d34					N_BROWSERNAME_LEN= $3d34
=$b236					bk_offset	= $b236
=$8770					gm_num		= $8770
=7					WF_FULLXYWH	= 7
=$98cb					dc_free		= $98cb
=$0400					WK_RTARROW	= $0400
=$614d					pm_select_surface= $614d
=$9f52					gfx_band_first	= $9f52
=$79bd					gm_rows_fail	= $79bd
=$9fd3					gfx_text_badarg	= $9fd3
=$9b30					gfx_clip_reset_next= $9b30
=0					NK_LOCAL_HELP	= 0
=$6bc9					gm_name_key	= $6bc9

;******  Return to file: src/native/gemdesk-dsk.asm

.b23e					gm_mod_dsk:
>b23e	4e 4d 4f 44			        .text "nmod"
>b242	01 01 0e 00			        .byte 1,1,14,0
>b246	b8 08				        .word gm_mod_dsk_end-gm_mod_dsk
>b248	00 00				        .word 0
>b24a	10 00				        .word dsk.entry-gm_mod_dsk
>b24c	00 00				        .word 0
.b24e					dsk
=118					SCMD = 118                      ; KERNAL files: the kernel uses 122..126, the printer 121
=117					SDATA = 117
=116					DCMD = 116
=115					DDATA = 115
.b24e					entry:
.b24e	ad 43 86	lda $8643	        lda gm_mop
.b251	c9 0d		cmp #$0d	        cmp #GM_MOP_LOCK
.b253	d0 03		bne $b258	        bne +
.b255	4c 67 b6	jmp $b667	        jmp lock
.b258					+
.b258	ae 3d 85	ldx $853d	        ldx gm_target
.b25b	20 3f 68	jsr $683f	        jsr gm_icon_drive
.b25e	ad de 86	lda $86de	        lda gm_dev
.b261	8d e2 ba	sta $bae2	        sta ddev
.b264	ad df 86	lda $86df	        lda gm_fmt
.b267	8d e3 ba	sta $bae3	        sta fmt
.b26a	ae db 86	ldx $86db	        ldx gm_icon_sel
.b26d	20 3f 68	jsr $683f	        jsr gm_icon_drive
.b270	ad de 86	lda $86de	        lda gm_dev
.b273	8d e1 ba	sta $bae1	        sta sdev
.b276	cd e2 ba	cmp $bae2	        cmp ddev
.b279	f0 66		beq $b2e1	        beq done                ; one drive under two icons
.b27b	ad df 86	lda $86df	        lda gm_fmt
.b27e	cd e3 ba	cmp $bae3	        cmp fmt
.b281	d0 04		bne $b287	        bne kinds
.b283	c9 03		cmp #$03	        cmp #3
.b285	90 09		bcc $b290	        bcc +
.b287					kinds:
.b287	a9 25		lda #$25	        lda #<s_kinds
.b289	a2 b9		ldx #$b9	        ldx #>s_kinds
.b28b	a0 01		ldy #$01	        ldy #1
.b28d	4c f4 62	jmp $62f4	        jmp gm_alert
.b290	aa		tax		+       tax
.b291	bd 1a b9	lda $b91a,x	        lda last_track,x
.b294	8d e4 ba	sta $bae4	        sta tracks
.b297	a9 00		lda #$00	        lda #0                  ; "[3][Copy the disk in drive 8|onto drive 9? Everything|on drive 9 is replaced.][Copy|Cancel]"
.b299	8d 01 87	sta $8701	        sta gm_alen
.b29c	a9 5b		lda #$5b	        lda #<s_ask
.b29e	a2 b9		ldx #$b9	        ldx #>s_ask
.b2a0	20 b7 6d	jsr $6db7	        jsr gm_astr
.b2a3	ad e1 ba	lda $bae1	        lda sdev
.b2a6	20 e2 b2	jsr $b2e2	        jsr put_device
.b2a9	a9 77		lda #$77	        lda #<s_onto
.b2ab	a2 b9		ldx #$b9	        ldx #>s_onto
.b2ad	20 b7 6d	jsr $6db7	        jsr gm_astr
.b2b0	ad e2 ba	lda $bae2	        lda ddev
.b2b3	20 e2 b2	jsr $b2e2	        jsr put_device
.b2b6	a9 a0		lda #$a0	        lda #<s_every
.b2b8	a2 b9		ldx #$b9	        ldx #>s_every
.b2ba	20 b7 6d	jsr $6db7	        jsr gm_astr
.b2bd	ad e2 ba	lda $bae2	        lda ddev
.b2c0	20 e2 b2	jsr $b2e2	        jsr put_device
.b2c3	a9 84		lda #$84	        lda #<s_replaced
.b2c5	a2 b9		ldx #$b9	        ldx #>s_replaced
.b2c7	20 b7 6d	jsr $6db7	        jsr gm_astr
.b2ca	a9 00		lda #$00	        lda #0
.b2cc	20 cb 6d	jsr $6dcb	        jsr gm_aput
.b2cf	a9 02		lda #$02	        lda #<gm_abuf
.b2d1	a2 87		ldx #$87	        ldx #>gm_abuf
.b2d3	a0 02		ldy #$02	        ldy #2                  ; Cancel is the default
.b2d5	20 f4 62	jsr $62f4	        jsr gm_alert
.b2d8	b0 07		bcs $b2e1	        bcs done
.b2da	ad 00 3a	lda $3a00	        lda N_BUFFER
.b2dd	c9 01		cmp #$01	        cmp #1
.b2df	f0 0c		beq $b2ed	        beq copy
.b2e1					done:
.b2e1	60		rts		        rts
.b2e2					put_device:
.b2e2	8d 70 87	sta $8770	        sta gm_num
.b2e5	a9 00		lda #$00	        lda #0
.b2e7	8d 71 87	sta $8771	        sta gm_num+1
.b2ea	4c d5 6d	jmp $6dd5	        jmp gm_anum
.b2ed					copy:
.b2ed	ad 91 3d	lda $3d91	        lda N_FBUSY             ; no kernel stream may hold either drive
.b2f0	0d 11 3d	ora $3d11	        ora N_BUSY
.b2f3	f0 03		beq $b2f8	        bne busy
.b2f5	4c 1a b4	jmp $b41a
.b2f8	a2 01		ldx #$01	        ldx #1
.b2fa	bd e0 3d	lda $3de0,x	-       lda NFCMDS,x
.b2fd	cd e1 ba	cmp $bae1	        cmp sdev
.b300	f0 f3		beq $b2f5	        beq busy
.b302	cd e2 ba	cmp $bae2	        cmp ddev
.b305	f0 ee		beq $b2f5	        beq busy
.b307	ca		dex		        dex
.b308	10 f0		bpl $b2fa	        bpl -
.b30a	20 3e b6	jsr $b63e	        jsr save_files
.b30d	ad e1 ba	lda $bae1	        lda sdev                ; each drive: the command channel, then a buffer
.b310	a2 76		ldx #$76	        ldx #SCMD
.b312	20 aa b4	jsr $b4aa	        jsr open_pair
.b315	90 03		bcc $b31a	        bcs failed
.b317	4c 4d b4	jmp $b44d
.b31a	ad e2 ba	lda $bae2	        lda ddev
.b31d	a2 74		ldx #$74	        ldx #DCMD
.b31f	20 aa b4	jsr $b4aa	        jsr open_pair
.b322	b0 f3		bcs $b317	        bcs failed
.b324	20 26 b8	jsr $b826	        jsr progress_open
.b327	a9 01		lda #$01	        lda #1
.b329	8d e5 ba	sta $bae5	        sta track
.b32c					track_loop:
.b32c	20 8e b8	jsr $b88e	        jsr progress_title
.b32f	ad e5 ba	lda $bae5	        lda track               ; sectors on this track
.b332	ae e3 ba	ldx $bae3	        ldx fmt
.b335	e0 02		cpx #$02	        cpx #2
.b337	d0 04		bne $b33d	        bne zones
.b339	a9 28		lda #$28	        lda #40                 ; D81: 40 on every track
.b33b	d0 13		bne $b350	        bne have_sectors
.b33d					zones:
.b33d	c9 24		cmp #$24	        cmp #36                 ; D64/D71: zones, the second side as the first
.b33f	90 02		bcc $b343	        bcc +
.b341	e9 23		sbc #$23	        sbc #35
.b343	a2 03		ldx #$03	+       ldx #3
.b345	dd 1d b9	cmp $b91d,x	-       cmp zone_start,x
.b348	b0 03		bcs $b34d	        bcs +
.b34a	ca		dex		        dex
.b34b	d0 f8		bne $b345	        bne -
.b34d	bd 21 b9	lda $b921,x	+       lda zone_sectors,x
.b350					have_sectors:
.b350	8d e7 ba	sta $bae7	        sta sectors
.b353	a9 00		lda #$00	        lda #0
.b355	8d e6 ba	sta $bae6	        sta sector
.b358					sector_loop:
.b358	a9 31		lda #$31	        lda #$31                ; source: U1
.b35a	a2 76		ldx #$76	        ldx #SCMD
.b35c	20 e8 b4	jsr $b4e8	        jsr u_command
.b35f	b0 b6		bcs $b317	        bcs failed
.b361	a2 75		ldx #$75	        ldx #SDATA
.b363	20 c6 ff	jsr $ffc6	        jsr $ffc6               ; CHKIN
.b366	90 03		bcc $b36b	        bcs no_answer
.b368	4c 44 b4	jmp $b444
.b36b	a9 00		lda #$00	        lda #0
.b36d	8d 09 b6	sta $b609	        sta index
.b370	20 cf ff	jsr $ffcf	-       jsr $ffcf               ; CHRIN
.b373	ac 09 b6	ldy $b609	        ldy index
.b376	99 00 54	sta $5400,y	        sta buffer,y
.b379	ee 09 b6	inc $b609	        inc index
.b37c	d0 f2		bne $b370	        bne -
.b37e	20 b8 b5	jsr $b5b8	        jsr end_transfer
.b381	b0 e5		bcs $b368	        bcs no_answer
.b383	a2 74		ldx #$74	        ldx #DCMD               ; target: B-P, the bytes, U2
.b385	a9 e8		lda #$e8	        lda #<s_bp
.b387	a0 b5		ldy #$b5	        ldy #>s_bp
.b389	20 15 b5	jsr $b515	        jsr fixed_command
.b38c	b0 89		bcs $b317	        bcs failed
.b38e	a2 73		ldx #$73	        ldx #DDATA
.b390	20 c9 ff	jsr $ffc9	        jsr $ffc9               ; CHKOUT
.b393	b0 d3		bcs $b368	        bcs no_answer
.b395	a9 00		lda #$00	        lda #0
.b397	8d 09 b6	sta $b609	        sta index
.b39a	ac 09 b6	ldy $b609	-       ldy index
.b39d	b9 00 54	lda $5400,y	        lda buffer,y
.b3a0	20 d2 ff	jsr $ffd2	        jsr $ffd2               ; CHROUT
.b3a3	ee 09 b6	inc $b609	        inc index
.b3a6	d0 f2		bne $b39a	        bne -
.b3a8	20 b8 b5	jsr $b5b8	        jsr end_transfer
.b3ab	b0 bb		bcs $b368	        bcs no_answer
.b3ad	a9 32		lda #$32	        lda #$32
.b3af	a2 74		ldx #$74	        ldx #DCMD
.b3b1	20 e8 b4	jsr $b4e8	        jsr u_command
.b3b4	90 03		bcc $b3b9	        bcs failed
.b3b6	4c 4d b4	jmp $b44d
.b3b9	a9 31		lda #$31	        lda #$31                ; and read back
.b3bb	a2 74		ldx #$74	        ldx #DCMD
.b3bd	20 e8 b4	jsr $b4e8	        jsr u_command
.b3c0	b0 f4		bcs $b3b6	        bcs failed
.b3c2	a2 73		ldx #$73	        ldx #DDATA
.b3c4	20 c6 ff	jsr $ffc6	        jsr $ffc6
.b3c7	b0 7b		bcs $b444	        bcs no_answer
.b3c9	a9 00		lda #$00	        lda #0
.b3cb	8d 09 b6	sta $b609	        sta index
.b3ce	8d e8 ba	sta $bae8	        sta differ
.b3d1	20 cf ff	jsr $ffcf	-       jsr $ffcf
.b3d4	ac 09 b6	ldy $b609	        ldy index
.b3d7	d9 00 54	cmp $5400,y	        cmp buffer,y
.b3da	f0 03		beq $b3df	        beq +
.b3dc	ee e8 ba	inc $bae8	        inc differ
.b3df	ee 09 b6	inc $b609	+       inc index
.b3e2	d0 ed		bne $b3d1	        bne -
.b3e4	20 b8 b5	jsr $b5b8	        jsr end_transfer
.b3e7	b0 5b		bcs $b444	        bcs no_answer
.b3e9	ad e8 ba	lda $bae8	        lda differ
.b3ec	d0 50		bne $b43e	        bne mismatch
.b3ee	ee e6 ba	inc $bae6	        inc sector
.b3f1	ad e6 ba	lda $bae6	        lda sector
.b3f4	cd e7 ba	cmp $bae7	        cmp sectors
.b3f7	b0 03		bcs $b3fc	        bcc sector_loop
.b3f9	4c 58 b3	jmp $b358
.b3fc	20 3b 1c	jsr $1c3b	        jsr N_KEYIN             ; Esc stops between tracks
.b3ff	c9 1b		cmp #$1b	        cmp #27
.b401	f0 20		beq $b423	        beq stopped
.b403	ee e5 ba	inc $bae5	        inc track
.b406	ad e4 ba	lda $bae4	        lda tracks
.b409	cd e5 ba	cmp $bae5	        cmp track
.b40c	90 03		bcc $b411	        bcs track_loop
.b40e	4c 2c b3	jmp $b32c
.b411	20 eb b7	jsr $b7eb	        jsr close_all           ; "[1][Disk copied and compared.][OK]"
.b414	a9 de		lda #$de	        lda #<s_done
.b416	a2 b9		ldx #$b9	        ldx #>s_done
.b418	d0 7c		bne $b496	        bne report
.b41a					busy:
.b41a	a9 b7		lda #$b7	        lda #<s_busy
.b41c	a2 b9		ldx #$b9	        ldx #>s_busy
.b41e	a0 01		ldy #$01	        ldy #1
.b420	4c f4 62	jmp $62f4	        jmp gm_alert
.b423					stopped:
.b423	20 eb b7	jsr $b7eb	        jsr close_all
.b426	a9 00		lda #$00	        lda #0
.b428	8d 01 87	sta $8701	        sta gm_alen
.b42b	a9 01		lda #$01	        lda #<s_stopped
.b42d	a2 ba		ldx #$ba	        ldx #>s_stopped
.b42f	20 b7 6d	jsr $6db7	        jsr gm_astr
.b432	ad e2 ba	lda $bae2	        lda ddev
.b435	20 e2 b2	jsr $b2e2	        jsr put_device
.b438	a9 1f		lda #$1f	        lda #<s_part
.b43a	a2 ba		ldx #$ba	        ldx #>s_part
.b43c	d0 45		bne $b483	        bne report_built
.b43e					mismatch:
.b43e	a9 62		lda #$62	        lda #<s_differs
.b440	a2 ba		ldx #$ba	        ldx #>s_differs
.b442	d0 0d		bne $b451	        bne failure
.b444					no_answer:
.b444	20 cc ff	jsr $ffcc	        jsr $ffcc
.b447	a9 f1		lda #$f1	        lda #<s_no_answer       ; "a drive did not answer."
.b449	a2 b5		ldx #$b5	        ldx #>s_no_answer
.b44b	d0 04		bne $b451	        bne failure
.b44d					failed:
.b44d	a9 1e		lda #$1e	        lda #<line
.b44f	a2 b6		ldx #$b6	        ldx #>line
.b451					failure:
.b451	48		pha		        pha
.b452	8a		txa		        txa
.b453	48		pha		        pha
.b454	20 eb b7	jsr $b7eb	        jsr close_all
.b457	a9 00		lda #$00	        lda #0
.b459	8d 01 87	sta $8701	        sta gm_alen
.b45c	a9 38		lda #$38	        lda #<s_failed
.b45e	a2 ba		ldx #$ba	        ldx #>s_failed
.b460	20 b7 6d	jsr $6db7	        jsr gm_astr
.b463	ad e5 ba	lda $bae5	        lda track
.b466	20 e2 b2	jsr $b2e2	        jsr put_device
.b469	a9 58		lda #$58	        lda #<s_sector
.b46b	a2 ba		ldx #$ba	        ldx #>s_sector
.b46d	20 b7 6d	jsr $6db7	        jsr gm_astr
.b470	ad e6 ba	lda $bae6	        lda sector
.b473	20 e2 b2	jsr $b2e2	        jsr put_device
.b476	a9 3a		lda #$3a	        lda #$3a
.b478	20 cb 6d	jsr $6dcb	        jsr gm_aput
.b47b	a9 7c		lda #$7c	        lda #$7c
.b47d	20 cb 6d	jsr $6dcb	        jsr gm_aput
.b480	68		pla		        pla
.b481	aa		tax		        tax
.b482	68		pla		        pla
.b483					report_built:
.b483	20 b7 6d	jsr $6db7	        jsr gm_astr
.b486	a9 82		lda #$82	        lda #<s_ok
.b488	a2 ba		ldx #$ba	        ldx #>s_ok
.b48a	20 b7 6d	jsr $6db7	        jsr gm_astr
.b48d	a9 00		lda #$00	        lda #0
.b48f	20 cb 6d	jsr $6dcb	        jsr gm_aput
.b492	a9 02		lda #$02	        lda #<gm_abuf
.b494	a2 87		ldx #$87	        ldx #>gm_abuf
.b496					report:
.b496	a0 01		ldy #$01	        ldy #1
.b498	20 f4 62	jsr $62f4	        jsr gm_alert
.b49b	ad e2 ba	lda $bae2	        lda ddev                ; the target's windows are listed again
.b49e	8d de 86	sta $86de	        sta gm_dev
.b4a1	ad e3 ba	lda $bae3	        lda fmt
.b4a4	8d df 86	sta $86df	        sta gm_fmt
.b4a7	4c e1 6f	jmp $6fe1	        jmp gm_refresh_drive

;******  Processing file: src/native/gemdesk-sector.inc

.b4aa					open_pair:
.b4aa	8d 0a b6	sta $b60a	        sta device
.b4ad	8e 0b b6	stx $b60b	        stx file
.b4b0	a9 0f		lda #$0f	        lda #15
.b4b2	20 c4 b4	jsr $b4c4	        jsr open
.b4b5	ce 0b b6	dec $b60b	        dec file
.b4b8	a9 02		lda #$02	        lda #2
.b4ba	20 c4 b4	jsr $b4c4	        jsr open
.b4bd	ae 0b b6	ldx $b60b	        ldx file
.b4c0	e8		inx		        inx
.b4c1	4c 58 b5	jmp $b558	        jmp status
.b4c4					open:
.b4c4	48		pha		        pha
.b4c5	a9 00		lda #$00	        lda #0
.b4c7	aa		tax		        tax
.b4c8	20 68 ff	jsr $ff68	        jsr $ff68               ; SETBNK
.b4cb	68		pla		        pla
.b4cc	a8		tay		        tay
.b4cd	ae 0a b6	ldx $b60a	        ldx device
.b4d0	ad 0b b6	lda $b60b	        lda file
.b4d3	20 ba ff	jsr $ffba	        jsr $ffba               ; SETLFS
.b4d6	c0 0f		cpy #$0f	        cpy #15
.b4d8	a9 00		lda #$00	        lda #0                  ; the command channel: no name (nothing is sent)
.b4da	b0 02		bcs $b4de	        bcs +
.b4dc	a9 01		lda #$01	        lda #1                  ; "#": any free buffer
.b4de	a2 f0		ldx #$f0	+       ldx #<s_hash
.b4e0	a0 b5		ldy #$b5	        ldy #>s_hash
.b4e2	20 bd ff	jsr $ffbd	        jsr $ffbd               ; SETNAM
.b4e5	4c c0 ff	jmp $ffc0	        jmp $ffc0               ; OPEN (a failure shows when the status is read)
.b4e8					u_command:
.b4e8	8e 0c b6	stx $b60c	        stx command_file
.b4eb	8d e2 b5	sta $b5e2	        sta u_text+1
.b4ee	a2 06		ldx #$06	        ldx #u_end-u_text-1
.b4f0	bd e1 b5	lda $b5e1,x	-       lda u_text,x
.b4f3	9d 0e b6	sta $b60e,x	        sta text,x
.b4f6	ca		dex		        dex
.b4f7	10 f7		bpl $b4f0	        bpl -
.b4f9	a9 07		lda #$07	        lda #u_end-u_text
.b4fb	8d 0d b6	sta $b60d	        sta length
.b4fe	ad e5 ba	lda $bae5	        lda track
.b501	20 c3 b5	jsr $b5c3	        jsr put_number
.b504	a9 20		lda #$20	        lda #$20
.b506	20 d7 b5	jsr $b5d7	        jsr put_char
.b509	ad e6 ba	lda $bae6	        lda sector
.b50c	20 c3 b5	jsr $b5c3	        jsr put_number
.b50f	ae 0c b6	ldx $b60c	        ldx command_file
.b512	4c 31 b5	jmp $b531	        jmp command
.b515					fixed_command:
.b515	8e 0c b6	stx $b60c	        stx command_file
.b518	8d 21 b5	sta $b521	        sta fc_read+1
.b51b	8c 22 b5	sty $b522	        sty fc_read+2
.b51e	a2 00		ldx #$00	        ldx #0
.b520					fc_read:
.b520	bd ff ff	lda $ffff,x	        lda $ffff,x
.b523	9d 0e b6	sta $b60e,x	        sta text,x
.b526	f0 03		beq $b52b	        beq +
.b528	e8		inx		        inx
.b529	d0 f5		bne $b520	        bne fc_read
.b52b	8e 0d b6	stx $b60d	+       stx length
.b52e	ae 0c b6	ldx $b60c	        ldx command_file
.b531					command:
.b531	8e 0c b6	stx $b60c	        stx command_file
.b534	20 c9 ff	jsr $ffc9	        jsr $ffc9               ; CHKOUT
.b537	b0 6d		bcs $b5a6	        bcs st_absent
.b539	a9 00		lda #$00	        lda #0
.b53b	8d 09 b6	sta $b609	        sta index
.b53e	ac 09 b6	ldy $b609	-       ldy index
.b541	b9 0e b6	lda $b60e,y	        lda text,y
.b544	20 d2 ff	jsr $ffd2	        jsr $ffd2
.b547	ee 09 b6	inc $b609	        inc index
.b54a	ad 09 b6	lda $b609	        lda index
.b54d	cd 0d b6	cmp $b60d	        cmp length
.b550	d0 ec		bne $b53e	        bne -
.b552	20 cc ff	jsr $ffcc	        jsr $ffcc               ; CLRCHN: the drive runs the command
.b555	ae 0c b6	ldx $b60c	        ldx command_file
.b558					status:
.b558	20 c6 ff	jsr $ffc6	        jsr $ffc6               ; CHKIN
.b55b	b0 49		bcs $b5a6	        bcs st_absent
.b55d	a9 00		lda #$00	        lda #0
.b55f	8d 0d b6	sta $b60d	        sta length
.b562	8d 09 b6	sta $b609	        sta index
.b565					st_next:
.b565	20 cf ff	jsr $ffcf	        jsr $ffcf
.b568	48		pha		        pha
.b569	20 b7 ff	jsr $ffb7	        jsr $ffb7               ; READST
.b56c	aa		tax		        tax
.b56d	68		pla		        pla
.b56e	c9 0d		cmp #$0d	        cmp #13
.b570	f0 15		beq $b587	        beq st_end
.b572	ac 0d b6	ldy $b60d	        ldy length
.b575	c0 1a		cpy #$1a	        cpy #26
.b577	b0 06		bcs $b57f	        bcs +                   ; (a longer line is cut to fit the alert)
.b579	99 1e b6	sta $b61e,y	        sta line,y
.b57c	ee 0d b6	inc $b60d	        inc length
.b57f	ee 09 b6	inc $b609	+       inc index
.b582	30 03		bmi $b587	        bmi st_end              ; 128 bytes without a CR: not a status line
.b584	8a		txa		        txa
.b585	f0 de		beq $b565	        beq st_next
.b587					st_end:
.b587	20 cc ff	jsr $ffcc	        jsr $ffcc
.b58a	ac 0d b6	ldy $b60d	        ldy length
.b58d	a9 00		lda #$00	        lda #0
.b58f	99 1e b6	sta $b61e,y	        sta line,y
.b592	c0 02		cpy #$02	        cpy #2
.b594	90 13		bcc $b5a9	        bcc st_bad
.b596	20 b7 ff	jsr $ffb7	        jsr $ffb7
.b599	29 83		and #$83	        and #$83                ; not present, or a timeout
.b59b	d0 0c		bne $b5a9	        bne st_bad
.b59d	ad 1e b6	lda $b61e	        lda line                ; the code: two digits
.b5a0	38		sec		        sec
.b5a1	e9 30		sbc #$30	        sbc #$30
.b5a3	c9 02		cmp #$02	        cmp #2                  ; 00..19: done
.b5a5	60		rts		        rts
.b5a6					st_absent:
.b5a6	20 cc ff	jsr $ffcc	        jsr $ffcc
.b5a9					st_bad:
.b5a9	a2 00		ldx #$00	        ldx #0
.b5ab	bd f1 b5	lda $b5f1,x	-       lda s_no_answer,x
.b5ae	9d 1e b6	sta $b61e,x	        sta line,x
.b5b1	f0 03		beq $b5b6	        beq +
.b5b3	e8		inx		        inx
.b5b4	d0 f5		bne $b5ab	        bne -
.b5b6	38		sec		+       sec
.b5b7	60		rts		        rts
.b5b8					end_transfer:
.b5b8	20 cc ff	jsr $ffcc	        jsr $ffcc
.b5bb	20 b7 ff	jsr $ffb7	        jsr $ffb7
.b5be	29 83		and #$83	        and #$83
.b5c0	c9 01		cmp #$01	        cmp #1
.b5c2	60		rts		        rts
.b5c3					put_number:
.b5c3	a2 2f		ldx #$2f	        ldx #$2f
.b5c5	38		sec		        sec
.b5c6	e8		inx		-       inx
.b5c7	e9 0a		sbc #$0a	        sbc #10
.b5c9	b0 fb		bcs $b5c6	        bcs -
.b5cb	69 3a		adc #$3a	        adc #$3a
.b5cd	48		pha		        pha
.b5ce	8a		txa		        txa
.b5cf	c9 30		cmp #$30	        cmp #$30
.b5d1	f0 03		beq $b5d6	        beq +
.b5d3	20 d7 b5	jsr $b5d7	        jsr put_char
.b5d6	68		pla		+       pla
.b5d7					put_char:
.b5d7	ac 0d b6	ldy $b60d	        ldy length
.b5da	99 0e b6	sta $b60e,y	        sta text,y
.b5dd	ee 0d b6	inc $b60d	        inc length
.b5e0	60		rts		        rts
>b5e1	55 31 3a 32 20 30 20		u_text: .byte $55,$31,$3a,$32,$20,$30,$20   ; U1:2 0
.b5e8					u_end:
>b5e8	42 2d 50 3a 32 20 30 00		s_bp: .byte $42,$2d,$50,$3a,$32,$20,$30,0   ; B-P:2 0
>b5f0	23				s_hash: .byte $23
>b5f1	61 20 64 72 69 76 65 20		s_no_answer: .byte 97,32,100,114,105,118,101,32,100,105,100,32,110,111,116,32,97,110,115,119,101,114,46,0   ; a drive did not answer.
>b5f9	64 69 64 20 6e 6f 74 20 61 6e 73 77 65 72 2e 00
>b609	00				index: .byte 0
>b60a	00				device: .byte 0
>b60b	00				file: .byte 0
>b60c	00				command_file: .byte 0
>b60d	00				length: .byte 0
>b60e	00 00 00 00 00 00 00 00		text: .fill 16,0
>b616	00 00 00 00 00 00 00 00
>b61e	00 00 00 00 00 00 00 00		line: .fill 32,0
>b626	00 00 00 00 00 00 00 00 00 00 00 00 00 00 00 00
>b636	00 00 00 00 00 00 00 00

;******  Return to file: src/native/gemdesk-dsk.asm

.b63e					save_files:
.b63e	a2 08		ldx #$08	        ldx #8
.b640	b5 b7		lda $b7,x	-       lda $b7,x
.b642	9d ea ba	sta $baea,x	        sta saved,x
.b645	ca		dex		        dex
.b646	10 f8		bpl $b640	        bpl -
.b648	a5 c6		lda $c6		        lda $c6
.b64a	8d f3 ba	sta $baf3	        sta saved+9
.b64d	a5 c7		lda $c7		        lda $c7
.b64f	8d f4 ba	sta $baf4	        sta saved+10
.b652	a5 9d		lda $9d		        lda $9d
.b654	8d f5 ba	sta $baf5	        sta saved+11
.b657	a9 00		lda #$00	        lda #0
.b659	85 9d		sta $9d		        sta $9d
.b65b	8d e5 ba	sta $bae5	        sta track
.b65e	8d e6 ba	sta $bae6	        sta sector
.b661	a9 01		lda #$01	        lda #1
.b663	8d e9 ba	sta $bae9	        sta opened
.b666	60		rts		        rts
.b667					lock:
.b667	ad a8 86	lda $86a8	        lda gm_lock_want
.b66a	29 40		and #$40	        and #$40
.b66c	8d dd ba	sta $badd	        sta lk_want
.b66f	a9 00		lda #$00	        lda #0
.b671	8d a8 86	sta $86a8	        sta gm_lock_want
.b674	8d e0 ba	sta $bae0	        sta lk_count
.b677	ae dd 86	ldx $86dd	        ldx gm_slot
.b67a	bd 8f 87	lda $878f,x	        lda gm_win_fmt,x
.b67d	8d e3 ba	sta $bae3	        sta fmt
.b680	bd 8b 87	lda $878b,x	        lda gm_win_dev,x
.b683	8d e1 ba	sta $bae1	        sta sdev
.b686	ae 91 3d	ldx $3d91	        ldx N_FBUSY             ; no kernel stream may hold the drive
.b689	d0 79		bne $b704	        bne lk_busy
.b68b	ae 11 3d	ldx $3d11	        ldx N_BUSY
.b68e	d0 74		bne $b704	        bne lk_busy
.b690	a2 01		ldx #$01	        ldx #1
.b692	dd e0 3d	cmp $3de0,x	-       cmp NFCMDS,x
.b695	f0 6d		beq $b704	        beq lk_busy
.b697	ca		dex		        dex
.b698	10 f8		bpl $b692	        bpl -
.b69a	20 3e b6	jsr $b63e	        jsr save_files
.b69d	ad e1 ba	lda $bae1	        lda sdev
.b6a0	a2 76		ldx #$76	        ldx #SCMD
.b6a2	20 aa b4	jsr $b4aa	        jsr open_pair
.b6a5	90 03		bcc $b6aa	        bcs lk_failed
.b6a7	4c 7c b7	jmp $b77c
.b6aa	a2 12		ldx #$12	        ldx #18                 ; the directory's first sector
.b6ac	a0 01		ldy #$01	        ldy #1
.b6ae	ad e3 ba	lda $bae3	        lda fmt
.b6b1	c9 02		cmp #$02	        cmp #2
.b6b3	d0 04		bne $b6b9	        bne +
.b6b5	a2 28		ldx #$28	        ldx #40
.b6b7	a0 03		ldy #$03	        ldy #3
.b6b9	8e e5 ba	stx $bae5	+       stx track
.b6bc	8c e6 ba	sty $bae6	        sty sector
.b6bf					lk_sector:
.b6bf	ee e0 ba	inc $bae0	        inc lk_count            ; (a D81 directory has 37 sectors)
.b6c2	ad e0 ba	lda $bae0	        lda lk_count
.b6c5	c9 28		cmp #$28	        cmp #40
.b6c7	b0 47		bcs $b710	        bcs lk_missing
.b6c9	20 bc b7	jsr $b7bc	        jsr lk_read
.b6cc	b0 d9		bcs $b6a7	        bcs lk_failed
.b6ce	a2 02		ldx #$02	        ldx #2                  ; each entry's type byte, 32 apart
.b6d0					lk_entry:
.b6d0	8e df ba	stx $badf	        stx lk_at
.b6d3	bd 00 54	lda $5400,x	        lda buffer,x
.b6d6	10 12		bpl $b6ea	        bpl lk_next             ; not a closed file
.b6d8	a0 00		ldy #$00	        ldy #0
.b6da	bd 03 54	lda $5403,x	-       lda buffer+3,x          ; the name, after the first block's address
.b6dd	d9 a9 86	cmp $86a9,y	        cmp gm_lock_name,y
.b6e0	d0 08		bne $b6ea	        bne lk_next
.b6e2	e8		inx		        inx
.b6e3	c8		iny		        iny
.b6e4	c0 10		cpy #$10	        cpy #16
.b6e6	d0 f2		bne $b6da	        bne -
.b6e8	f0 2c		beq $b716	        beq lk_found
.b6ea					lk_next:
.b6ea	ad df ba	lda $badf	        lda lk_at
.b6ed	18		clc		        clc
.b6ee	69 20		adc #$20	        adc #32
.b6f0	aa		tax		        tax
.b6f1	90 dd		bcc $b6d0	        bcc lk_entry
.b6f3	ad 00 54	lda $5400	        lda buffer              ; the next directory sector
.b6f6	f0 18		beq $b710	        beq lk_missing
.b6f8	8d e5 ba	sta $bae5	        sta track
.b6fb	ad 01 54	lda $5401	        lda buffer+1
.b6fe	8d e6 ba	sta $bae6	        sta sector
.b701	4c bf b6	jmp $b6bf	        jmp lk_sector
.b704					lk_busy:
.b704	a9 b7		lda #$b7	        lda #<s_busy
.b706	a2 b9		ldx #$b9	        ldx #>s_busy
.b708	a0 01		ldy #$01	        ldy #1
.b70a	20 f4 62	jsr $62f4	        jsr gm_alert
.b70d	4c ad b7	jmp $b7ad	        jmp lk_relist
.b710					lk_missing:
.b710	a9 a6		lda #$a6	        lda #<s_lk_missing
.b712	a2 ba		ldx #$ba	        ldx #>s_lk_missing
.b714	d0 6a		bne $b780	        bne lk_report
.b716					lk_found:
.b716	ae df ba	ldx $badf	        ldx lk_at
.b719	bd 00 54	lda $5400,x	        lda buffer,x
.b71c	29 bf		and #$bf	        and #$bf
.b71e	0d dd ba	ora $badd	        ora lk_want
.b721	9d 00 54	sta $5400,x	        sta buffer,x
.b724	8d de ba	sta $bade	        sta lk_type
.b727	a2 76		ldx #$76	        ldx #SCMD
.b729	a9 e8		lda #$e8	        lda #<s_bp
.b72b	a0 b5		ldy #$b5	        ldy #>s_bp
.b72d	20 15 b5	jsr $b515	        jsr fixed_command
.b730	b0 4a		bcs $b77c	        bcs lk_failed
.b732	a2 75		ldx #$75	        ldx #SDATA
.b734	20 c9 ff	jsr $ffc9	        jsr $ffc9               ; CHKOUT
.b737	b0 3d		bcs $b776	        bcs lk_absent
.b739	a9 00		lda #$00	        lda #0
.b73b	8d 09 b6	sta $b609	        sta index
.b73e	ac 09 b6	ldy $b609	-       ldy index
.b741	b9 00 54	lda $5400,y	        lda buffer,y
.b744	20 d2 ff	jsr $ffd2	        jsr $ffd2               ; CHROUT
.b747	ee 09 b6	inc $b609	        inc index
.b74a	d0 f2		bne $b73e	        bne -
.b74c	20 b8 b5	jsr $b5b8	        jsr end_transfer
.b74f	b0 28		bcs $b779	        bcs lk_quiet
.b751	a9 32		lda #$32	        lda #$32                ; U2
.b753	a2 76		ldx #$76	        ldx #SCMD
.b755	20 e8 b4	jsr $b4e8	        jsr u_command
.b758	b0 22		bcs $b77c	        bcs lk_failed
.b75a	20 bc b7	jsr $b7bc	        jsr lk_read             ; and read back
.b75d	b0 1d		bcs $b77c	        bcs lk_failed
.b75f	ae df ba	ldx $badf	        ldx lk_at
.b762	bd 00 54	lda $5400,x	        lda buffer,x
.b765	cd de ba	cmp $bade	        cmp lk_type
.b768	d0 06		bne $b770	        bne lk_unproven
.b76a	20 eb b7	jsr $b7eb	        jsr close_all
.b76d	4c ad b7	jmp $b7ad	        jmp lk_relist
.b770					lk_unproven:
.b770	a9 c2		lda #$c2	        lda #<s_lk_unproven
.b772	a2 ba		ldx #$ba	        ldx #>s_lk_unproven
.b774	d0 0a		bne $b780	        bne lk_report
.b776					lk_absent:
.b776	20 cc ff	jsr $ffcc	        jsr $ffcc
.b779					lk_quiet:
.b779	20 a9 b5	jsr $b5a9	        jsr st_bad              ; line = "a drive did not answer."
.b77c					lk_failed:
.b77c	a9 1e		lda #$1e	        lda #<line
.b77e	a2 b6		ldx #$b6	        ldx #>line
.b780					lk_report:
.b780	48		pha		        pha
.b781	8a		txa		        txa
.b782	48		pha		        pha
.b783	20 eb b7	jsr $b7eb	        jsr close_all
.b786	a9 00		lda #$00	        lda #0
.b788	8d 01 87	sta $8701	        sta gm_alen
.b78b	a9 88		lda #$88	        lda #<s_lk_head
.b78d	a2 ba		ldx #$ba	        ldx #>s_lk_head
.b78f	20 b7 6d	jsr $6db7	        jsr gm_astr
.b792	68		pla		        pla
.b793	aa		tax		        tax
.b794	68		pla		        pla
.b795	20 b7 6d	jsr $6db7	        jsr gm_astr
.b798	a9 82		lda #$82	        lda #<s_ok
.b79a	a2 ba		ldx #$ba	        ldx #>s_ok
.b79c	20 b7 6d	jsr $6db7	        jsr gm_astr
.b79f	a9 00		lda #$00	        lda #0
.b7a1	20 cb 6d	jsr $6dcb	        jsr gm_aput
.b7a4	a9 02		lda #$02	        lda #<gm_abuf
.b7a6	a2 87		ldx #$87	        ldx #>gm_abuf
.b7a8	a0 01		ldy #$01	        ldy #1
.b7aa	20 f4 62	jsr $62f4	        jsr gm_alert
.b7ad					lk_relist:
.b7ad	ad e1 ba	lda $bae1	        lda sdev
.b7b0	8d de 86	sta $86de	        sta gm_dev
.b7b3	ad e3 ba	lda $bae3	        lda fmt
.b7b6	8d df 86	sta $86df	        sta gm_fmt
.b7b9	4c e1 6f	jmp $6fe1	        jmp gm_refresh_drive
.b7bc					lk_read:
.b7bc	a9 31		lda #$31	        lda #$31
.b7be	a2 76		ldx #$76	        ldx #SCMD
.b7c0	20 e8 b4	jsr $b4e8	        jsr u_command
.b7c3	b0 25		bcs $b7ea	        bcs lk_read_done
.b7c5	a2 75		ldx #$75	        ldx #SDATA
.b7c7	20 c6 ff	jsr $ffc6	        jsr $ffc6               ; CHKIN
.b7ca	b0 18		bcs $b7e4	        bcs +
.b7cc	a9 00		lda #$00	        lda #0
.b7ce	8d 09 b6	sta $b609	        sta index
.b7d1	20 cf ff	jsr $ffcf	-       jsr $ffcf               ; CHRIN
.b7d4	ac 09 b6	ldy $b609	        ldy index
.b7d7	99 00 54	sta $5400,y	        sta buffer,y
.b7da	ee 09 b6	inc $b609	        inc index
.b7dd	d0 f2		bne $b7d1	        bne -
.b7df	20 b8 b5	jsr $b5b8	        jsr end_transfer
.b7e2	90 06		bcc $b7ea	        bcc lk_read_done
.b7e4	20 cc ff	jsr $ffcc	+       jsr $ffcc
.b7e7	4c a9 b5	jmp $b5a9	        jmp st_bad
.b7ea					lk_read_done:
.b7ea	60		rts		        rts
.b7eb					close_all:
.b7eb	20 b4 b8	jsr $b8b4	        jsr progress_close
.b7ee	ad e9 ba	lda $bae9	        lda opened
.b7f1	f0 32		beq $b825	        beq closed
.b7f3	a9 75		lda #$75	        lda #SDATA
.b7f5	20 c3 ff	jsr $ffc3	        jsr $ffc3
.b7f8	a9 73		lda #$73	        lda #DDATA
.b7fa	20 c3 ff	jsr $ffc3	        jsr $ffc3
.b7fd	a9 76		lda #$76	        lda #SCMD
.b7ff	20 c3 ff	jsr $ffc3	        jsr $ffc3
.b802	a9 74		lda #$74	        lda #DCMD
.b804	20 c3 ff	jsr $ffc3	        jsr $ffc3
.b807	a2 08		ldx #$08	        ldx #8
.b809	bd ea ba	lda $baea,x	-       lda saved,x
.b80c	95 b7		sta $b7,x	        sta $b7,x
.b80e	ca		dex		        dex
.b80f	10 f8		bpl $b809	        bpl -
.b811	ad f3 ba	lda $baf3	        lda saved+9
.b814	85 c6		sta $c6		        sta $c6
.b816	ad f4 ba	lda $baf4	        lda saved+10
.b819	85 c7		sta $c7		        sta $c7
.b81b	ad f5 ba	lda $baf5	        lda saved+11
.b81e	85 9d		sta $9d		        sta $9d
.b820	a9 00		lda #$00	        lda #0
.b822	8d e9 ba	sta $bae9	        sta opened
.b825					closed:
.b825	60		rts		        rts

;******  Processing file: src/native/gemdesk-progress.inc

=7					PW_X = 7
=10					PW_Y = 10
=26					PW_W = 26
=3					PW_H = 3
.b826					progress_open:
.b826	a9 00		lda #$00	        lda #WS_CREATE
.b828	8d 00 3a	sta $3a00	        sta N_BUFFER
.b82b	a9 01		lda #$01	        lda #<WK_NAME
.b82d	8d 02 3a	sta $3a02	        sta N_BUFFER+2
.b830	a9 00		lda #$00	        lda #>WK_NAME
.b832	8d 03 3a	sta $3a03	        sta N_BUFFER+3
.b835	20 77 b8	jsr $b877	        jsr pw_rect             ; (the full size: the rectangle it opens at)
.b838	20 4a 62	jsr $624a	        jsr gm_wcall
.b83b	b0 2c		bcs $b869	        bcs pw_none             ; no window free: the copy goes on without one
.b83d	ad 00 3a	lda $3a00	        lda N_BUFFER
.b840	8d f5 b8	sta $b8f5	        sta pw
.b843	20 8e b8	jsr $b88e	        jsr progress_title
.b846	a9 01		lda #$01	        lda #WS_OPEN
.b848	20 6a b8	jsr $b86a	        jsr pw_call
.b84b	20 74 b8	jsr $b874	        jsr pw_rect_at_2
.b84e	20 4a 62	jsr $624a	        jsr gm_wcall
.b851	a9 07		lda #$07	        lda #WS_FILL            ; its work row: paper
.b853	20 6a b8	jsr $b86a	        jsr pw_call
.b856	a9 00		lda #$00	        lda #0
.b858	8d 02 3a	sta $3a02	        sta N_BUFFER+2
.b85b	a9 61		lda #$61	        lda #GM_PAPER
.b85d	8d 03 3a	sta $3a03	        sta N_BUFFER+3
.b860	20 77 b8	jsr $b877	        jsr pw_rect
.b863	20 4a 62	jsr $624a	        jsr gm_wcall
.b866	4c b9 62	jmp $62b9	        jmp ae_present
.b869					pw_none:
.b869	60		rts		        rts
.b86a					pw_call:
.b86a	8d 00 3a	sta $3a00	        sta N_BUFFER
.b86d	ad f5 b8	lda $b8f5	        lda pw
.b870	8d 01 3a	sta $3a01	        sta N_BUFFER+1
.b873	60		rts		        rts
.b874					pw_rect_at_2:
.b874	a2 00		ldx #$00	        ldx #0
>b876	2c				        .byte $2c               ; (bit abs: skips the next ldx)
.b877					pw_rect:
.b877	a2 02		ldx #$02	        ldx #2
.b879	a9 07		lda #$07	        lda #PW_X
.b87b	9d 02 3a	sta $3a02,x	        sta N_BUFFER+2,x
.b87e	a9 0a		lda #$0a	        lda #PW_Y
.b880	9d 03 3a	sta $3a03,x	        sta N_BUFFER+3,x
.b883	a9 1a		lda #$1a	        lda #PW_W
.b885	9d 04 3a	sta $3a04,x	        sta N_BUFFER+4,x
.b888	a9 03		lda #$03	        lda #PW_H
.b88a	9d 05 3a	sta $3a05,x	        sta N_BUFFER+5,x
.b88d	60		rts		        rts
.b88e					progress_title:
.b88e	ad f5 b8	lda $b8f5	        lda pw
.b891	f0 d6		beq $b869	        beq pw_none
.b893	20 f6 b8	jsr $b8f6	        jsr progress_text
.b896	a9 04		lda #$04	        lda #WS_SET
.b898	20 6a b8	jsr $b86a	        jsr pw_call
.b89b	a9 02		lda #$02	        lda #WF_NAME
.b89d	8d 02 3a	sta $3a02	        sta N_BUFFER+2
.b8a0	a2 00		ldx #$00	        ldx #0
.b8a2	bd 02 87	lda $8702,x	-       lda gm_abuf,x
.b8a5	9d 03 3a	sta $3a03,x	        sta N_BUFFER+3,x
.b8a8	e8		inx		        inx
.b8a9	ec 01 87	cpx $8701	        cpx gm_alen
.b8ac	d0 f4		bne $b8a2	        bne -
.b8ae	20 4a 62	jsr $624a	        jsr gm_wcall
.b8b1	4c b9 62	jmp $62b9	        jmp ae_present
.b8b4					progress_close:
.b8b4	ad f5 b8	lda $b8f5	        lda pw
.b8b7	f0 b0		beq $b869	        beq pw_none
.b8b9	a9 02		lda #$02	        lda #WS_CLOSE
.b8bb	20 6a b8	jsr $b86a	        jsr pw_call
.b8be	20 4a 62	jsr $624a	        jsr gm_wcall
.b8c1	a9 03		lda #$03	        lda #WS_DELETE
.b8c3	20 6a b8	jsr $b86a	        jsr pw_call
.b8c6	20 4a 62	jsr $624a	        jsr gm_wcall
.b8c9	a9 00		lda #$00	        lda #0
.b8cb	8d f5 b8	sta $b8f5	        sta pw
.b8ce					pw_drain:
.b8ce	a9 30		lda #$30	        lda #MU_MESAG|MU_TIMER
.b8d0	8d cf 94	sta $94cf	        sta ae_ev_params
.b8d3	a9 00		lda #$00	        lda #0
.b8d5	8d dd 94	sta $94dd	        sta ae_ev_params+14
.b8d8	8d de 94	sta $94de	        sta ae_ev_params+15
.b8db	20 63 92	jsr $9263	        jsr ae_event
.b8de	b0 0d		bcs $b8ed	        bcs +
.b8e0	ad df 94	lda $94df	        lda ae_ev_result
.b8e3	29 10		and #$10	        and #MU_MESAG
.b8e5	f0 06		beq $b8ed	        beq +
.b8e7	20 41 63	jsr $6341	        jsr gm_message
.b8ea	4c ce b8	jmp $b8ce	        jmp pw_drain
.b8ed	a9 00		lda #$00	+       lda #0                  ; no timer left for the next wait: an alert's
.b8ef	8d cf 94	sta $94cf	        sta ae_ev_params        ; wait would otherwise wake on every jiffy
.b8f2	4c b9 62	jmp $62b9	        jmp ae_present
>b8f5	00				pw: .byte 0                     ; the progress window's handle, 0 when none

;******  Return to file: src/native/gemdesk-dsk.asm

.b8f6					progress_text:
.b8f6	a9 00		lda #$00	        lda #0
.b8f8	8d 01 87	sta $8701	        sta gm_alen
.b8fb	a9 74		lda #$74	        lda #<s_copying
.b8fd	a2 ba		ldx #$ba	        ldx #>s_copying
.b8ff	20 b7 6d	jsr $6db7	        jsr gm_astr
.b902	ad e5 ba	lda $bae5	        lda track
.b905	20 e2 b2	jsr $b2e2	        jsr put_device
.b908	a9 80		lda #$80	        lda #<s_of
.b90a	a2 ba		ldx #$ba	        ldx #>s_of
.b90c	20 b7 6d	jsr $6db7	        jsr gm_astr
.b90f	ad e4 ba	lda $bae4	        lda tracks
.b912	20 e2 b2	jsr $b2e2	        jsr put_device
.b915	a9 00		lda #$00	        lda #0
.b917	4c cb 6d	jmp $6dcb	        jmp gm_aput
>b91a	23 46 50			last_track: .byte 35,70,80
>b91d	01 12 19 1f			zone_start: .byte 1,18,25,31     ; D64 zones: tracks 1-17, 18-24, 25-30, 31-35
>b921	15 13 12 11			zone_sectors: .byte 21,19,18,17
>b925	5b 31 5d 5b 42 6f 74 68		s_kinds: .byte 91,49,93,91,66,111,116,104,32,100,114,105,118,101,115,32,109,117,115,116,32,104,111,108,100,124,116,104,101,32,115,97,109,101,32,107,105,110,100,32,111,102,32,100,105,115,107,46,93,91,79,75,93,0   ; [1][Both drives must hold|the same kind of disk.][OK]
>b92d	20 64 72 69 76 65 73 20 6d 75 73 74 20 68 6f 6c
>b93d	64 7c 74 68 65 20 73 61 6d 65 20 6b 69 6e 64 20
>b94d	6f 66 20 64 69 73 6b 2e 5d 5b 4f 4b 5d 00
>b95b	5b 33 5d 5b 43 6f 70 79		s_ask: .byte 91,51,93,91,67,111,112,121,32,116,104,101,32,100,105,115,107,32,105,110,32,100,114,105,118,101,32,0   ; [3][Copy the disk in drive
>b963	20 74 68 65 20 64 69 73 6b 20 69 6e 20 64 72 69
>b973	76 65 20 00
>b977	7c 6f 6e 74 6f 20 64 72		s_onto: .byte 124,111,110,116,111,32,100,114,105,118,101,32,0   ; |onto drive
>b97f	69 76 65 20 00
>b984	20 69 73 20 72 65 70 6c		s_replaced: .byte 32,105,115,32,114,101,112,108,97,99,101,100,46,93,91,67,111,112,121,124,67,97,110,99,101,108,93,0   ;  is replaced.][Copy|Cancel]
>b98c	61 63 65 64 2e 5d 5b 43 6f 70 79 7c 43 61 6e 63
>b99c	65 6c 5d 00
>b9a0	3f 20 45 76 65 72 79 74		s_every: .byte 63,32,69,118,101,114,121,116,104,105,110,103,124,111,110,32,100,114,105,118,101,32,0   ; ? Everything|on drive
>b9a8	68 69 6e 67 7c 6f 6e 20 64 72 69 76 65 20 00
>b9b7	5b 31 5d 5b 41 20 64 72		s_busy: .byte 91,49,93,91,65,32,100,114,105,118,101,32,105,115,32,105,110,32,117,115,101,59,124,116,114,121,32,97,103,97,105,110,46,93,91,79,75,93,0   ; [1][A drive is in use;|try again.][OK]
>b9bf	69 76 65 20 69 73 20 69 6e 20 75 73 65 3b 7c 74
>b9cf	72 79 20 61 67 61 69 6e 2e 5d 5b 4f 4b 5d 00
>b9de	5b 31 5d 5b 44 69 73 6b		s_done: .byte 91,49,93,91,68,105,115,107,32,99,111,112,105,101,100,32,97,110,100,32,99,111,109,112,97,114,101,100,46,93,91,79,75,93,0   ; [1][Disk copied and compared.][OK]
>b9e6	20 63 6f 70 69 65 64 20 61 6e 64 20 63 6f 6d 70
>b9f6	61 72 65 64 2e 5d 5b 4f 4b 5d 00
>ba01	5b 31 5d 5b 44 69 73 6b		s_stopped: .byte 91,49,93,91,68,105,115,107,32,99,111,112,121,32,115,116,111,112,112,101,100,46,124,68,114,105,118,101,32,0   ; [1][Disk copy stopped.|Drive
>ba09	20 63 6f 70 79 20 73 74 6f 70 70 65 64 2e 7c 44
>ba19	72 69 76 65 20 00
>ba1f	20 68 6f 6c 64 73 20 70		s_part: .byte 32,104,111,108,100,115,32,112,97,114,116,124,111,102,32,116,104,101,32,99,111,112,121,46,0   ;  holds part|of the copy.
>ba27	61 72 74 7c 6f 66 20 74 68 65 20 63 6f 70 79 2e
>ba37	00
>ba38	5b 33 5d 5b 44 69 73 6b		s_failed: .byte 91,51,93,91,68,105,115,107,32,99,111,112,121,32,115,116,111,112,112,101,100,32,97,116,124,116,114,97,99,107,32,0   ; [3][Disk copy stopped at|track
>ba40	20 63 6f 70 79 20 73 74 6f 70 70 65 64 20 61 74
>ba50	7c 74 72 61 63 6b 20 00
>ba58	2c 20 73 65 63 74 6f 72		s_sector: .byte 44,32,115,101,99,116,111,114,32,0   ; , sector
>ba60	20 00
>ba62	74 68 65 20 63 6f 70 79		s_differs: .byte 116,104,101,32,99,111,112,121,32,100,105,102,102,101,114,115,46,0   ; the copy differs.
>ba6a	20 64 69 66 66 65 72 73 2e 00
>ba74	43 6f 70 79 20 74 72 61		s_copying: .byte 67,111,112,121,32,116,114,97,99,107,32,0   ; Copy track
>ba7c	63 6b 20 00
>ba80	2f 00				s_of: .byte 47,0   ; /
>ba82	5d 5b 4f 4b 5d 00		s_ok: .byte 93,91,79,75,93,0   ; ][OK]
>ba88	5b 33 5d 5b 43 6f 75 6c		s_lk_head: .byte 91,51,93,91,67,111,117,108,100,32,110,111,116,32,115,101,116,32,114,101,97,100,45,111,110,108,121,58,124,0   ; [3][Could not set read-only:|
>ba90	64 20 6e 6f 74 20 73 65 74 20 72 65 61 64 2d 6f
>baa0	6e 6c 79 3a 7c 00
>baa6	69 74 20 69 73 20 6e 6f		s_lk_missing: .byte 105,116,32,105,115,32,110,111,116,32,105,110,32,116,104,101,32,100,105,114,101,99,116,111,114,121,46,0   ; it is not in the directory.
>baae	74 20 69 6e 20 74 68 65 20 64 69 72 65 63 74 6f
>babe	72 79 2e 00
>bac2	74 68 65 20 64 72 69 76		s_lk_unproven: .byte 116,104,101,32,100,114,105,118,101,32,100,105,100,32,110,111,116,32,107,101,101,112,32,105,116,46,0   ; the drive did not keep it.
>baca	65 20 64 69 64 20 6e 6f 74 20 6b 65 65 70 20 69
>bada	74 2e 00
>badd	00				lk_want: .byte 0
>bade	00				lk_type: .byte 0
>badf	00				lk_at: .byte 0
>bae0	00				lk_count: .byte 0
>bae1	00				sdev: .byte 0
>bae2	00				ddev: .byte 0
>bae3	00				fmt: .byte 0
>bae4	00				tracks: .byte 0
>bae5	00				track: .byte 0
>bae6	00				sector: .byte 0
>bae7	00				sectors: .byte 0
>bae8	00				differ: .byte 0
>bae9	00				opened: .byte 0
>baea	00 00 00 00 00 00 00 00		saved: .fill 12,0
>baf2	00 00 00 00
=21504					buffer = gm_sortbuf+1024         ; a sector (painting fills only the rows below 512)
.baf6					gm_mod_dsk_end:

;******  End of listing
