
; 64tass Turbo Assembler Macro V1.60.3243 listing file
; 64tass -a -B -b -I target/native-desktop -o target/native-desktop/gdfmt.bin -l target/native-desktop/gdfmt.sym -L target/native-desktop/gdfmt.lst src/native/gemdesk-fmt.asm
; Fri Oct  9 18:30:36 2026

;Offset	;Hex		;Monitor	;Source

;******  Processing input file: src/native/gemdesk-fmt.asm


;******  Processing file: target/native-desktop/gemdesk.sym

=$944e					ae_km_hold	= $944e
=$3d0d					N_ERROR		= $3d0d
=$aeb2					bk_fetch_tail	= $aeb2
=$acd5					bk_service_call	= $acd5
=2					MU_BUTTON	= 2
=$9924					gfx_bind_handle	= $9924
=$7ad3					gm_clip_to_rect	= $7ad3
=$81a8					gm_icon_dev_lo	= $81a8
=$b22a					bk_stub		= $b22a
=$75cd					gm_set_title	= $75cd
=$7ca3					gm_set_rect	= $7ca3
=$979d					dc_line		= $979d
=$7338					gm_path_store	= $7338
=15					WF_HSLSIZE	= 15
=$6263					gm_n32_bit	= $6263
=$85a8					gm_usb_title	= $85a8
=$a690					pm_saved	= $a690
=$1bf0					N_NMIGATE	= $1bf0
=16					AE_DATA_PAGES	= 16
=$3d9e					N_DOCRESUME	= $3d9e
=$931d					ae_event_wait	= $931d
=1					AE_OP_STATUS	= 1
=$5000					N_RELOCBASE	= $5000
=$614d					bp_select_surface= $614d
=8					UI_STATE_BYTES	= 8
=$99bd					gfx_glyph_add	= $99bd
=$975c					dc_bad		= $975c
=$3d3e					N_NMIPTR	= $3d3e
=$7b9f					gm_scroll_down	= $7b9f
=$6584					gm_hit_next	= $6584
=$9ca6					gfx_glyph_first	= $9ca6
=$1c5f					N_MLOAD		= $1c5f
=$79be					gm_format_row	= $79be
=5					WS_GET		= 5
=$7f60					gm_open_entry	= $7f60
=$3de0					NFCMDS		= $3de0
=$a09c					gfx_font	= $a09c
=$af00					bk_load		= $af00
=$b12b					bk_close_done	= $b12b
=$86f0					gm_dev_format	= $86f0
=$5000					GM_WORKSPACE	= $5000
=$16					GM_DESK		= $16
=$6307					gm_alert_icon	= $6307
=$a66b					pm_active	= $a66b
=6					UI_VIEW80	= 6
=5					N_U_INTERFACES	= 5
=12					GM_MOP_PRINT	= 12
=$1c2c					N_FILL		= $1c2c
=$71fe					gm_restore_color= $71fe
=1					N_ABI_MAJOR	= 1
=6					WF_PREVXYWH	= 6
=$3dc0					NFILES		= $3dc0
=$7488					gm_ult_fullname	= $7488
=11					AE_OP_DCLICK	= 11
=$7b9c					gm_page_down	= $7b9c
=$624a					gm_wcall	= $624a
=$9492					ae_menu_copied	= $9492
=$76e1					gm_ucmd_at	= $76e1
=$750c					gm_fn_close	= $750c
=$61b0					gm_open_aesvc	= $61b0
=$620a					gm_open_now	= $620a
=$841d					gm_bad_chars	= $841d
=$6c86					gm_atype	= $6c86
=7					GM_MOP_RESTORE	= 7
=$99d8					gfx_glyph_empty	= $99d8
=$ace2					bk_dispatch	= $ace2
=$acb4					bk_protect_code	= $acb4
=$3d85					N_FDEVICE	= $3d85
=127					DC_LFN		= 127
=$879b					gm_win_sel	= $879b
=$6e1a					gm_delete	= $6e1a
=$12					N_SHORTIMAGE	= $12
=11					GM_MOP_DISKCOPY	= 11
=$1014					pk_entry	= $1014
=$1c20					N_ALLOC		= $1c20
=$a5e7					pm_delta	= $a5e7
=$8776					gm_divisor	= $8776
=$7654					gm_title_q	= $7654
=$702b					gm_refresh_next	= $702b
=$73a3					gm_upath_to_path= $73a3
=$1000					N_SYSLIMIT	= $1000
=$876c					gm_math4	= $876c
=$876b					gm_math3	= $876b
=$876a					gm_math2	= $876a
=$8701					gm_alen		= $8701
=$3d3b					N_UIBUSY	= $3d3b
=$6907					gm_scan_page	= $6907
=$6189					gm_aes_ready	= $6189
=$a63b					pm_place	= $a63b
=1					AE_MIRROR	= 1
=$3c00					NHANDLES	= $3c00
=$ad93					bk_compare_cookie= $ad93
=22					WM_CLOSED	= 22
=$9441					ae_km_keys	= $9441
=$6a87					gm_chunk_heap	= $6a87
=$81d5					gm_icon_bits	= $81d5
=$86cf					gm_s_nomodule2	= $86cf
=$abd3					vd_handle	= $abd3
=$9f7b					gfx_right_masks	= $9f7b
=$7aa1					gm_read_done	= $7aa1
=$6615					gm_deselect_icon= $6615
=$a9d2					bp_closed	= $a9d2
=$877b					gm_ix0		= $877b
=$877d					gm_ix1		= $877d
=$ace5					bk_service_return= $ace5
=$0020					WK_SIZER	= $0020
=$3d50					N_MHEADER	= $3d50
=$91e4					ae_attach	= $91e4
=$6cc8					gm_info_end	= $6cc8
=$9e8d					gfx_aligned_set	= $9e8d
=$986a					dc_text		= $986a
=$10ac					pk_extended	= $10ac
=$8622					gm_s_nosave	= $8622
=$6020					gm_start	= $6020
=$664d					gm_key		= $664d
=$10ad					pk_rejected	= $10ad
=$683f					gm_icon_drive	= $683f
=$a5ae					pm_button	= $a5ae
=2					AE_CAP_EVENT	= 2
=$6fab					gm_del_text_end	= $6fab
=$3d2e					N_BROWSERLEN	= $3d2e
=$6054					gm_loop		= $6054
=$9895					dc_iostatus	= $9895
=$8644					gm_mtoken	= $8644
=$aefc					bk_relative	= $aefc
=$a463					pm_close_return	= $a463
=$1070					pk_reject	= $1070
=$9ca9					gfx_glyph_ink	= $9ca9
=$7aa2					gm_work		= $7aa2
=$ac83					bk_callback	= $ac83
=$a5d0					pm_release	= $a5d0
=$3d2a					N_BROWSERFMT	= $3d2a
=$1c4a					N_FCLOSE	= $1c4a
=$7bb4					gm_scrolled	= $7bb4
=$6aef					gm_ins_outer	= $6aef
=$6c2a					gm_show_info	= $6c2a
=$995d					gfx_guard	= $995d
=$84fd					gm_suffix	= $84fd
=$9454					ae_menu_install	= $9454
=$8818					gm_bnow		= $8818
=$9a89					gfx_clip_compared= $9a89
=$6bfe					gm_view_done	= $6bfe
=$9f22					gfx_owner	= $9f22
=$8083					gm_times8	= $8083
=$7d3a					gm_select_entry	= $7d3a
=5					AE_OP_POST	= 5
=$a058					gfx_text_length	= $a058
=$7e82					gm_band		= $7e82
=$b03e					bk_load_more	= $b03e
=$740f					gm_ult_scan_next= $740f
=6					WS_FIND		= 6
=$6e69					gm_del_named	= $6e69
=3					AE_OP_STEP	= 3
=$10ae					pk_mask		= $10ae
=$8817					gm_banchor	= $8817
=$878b					gm_win_dev	= $878b
=$608f					gm_fatal	= $608f
=$7cb3					gm_fulled	= $7cb3
=$3d0e					N_FREE0		= $3d0e
=$3d0f					N_FREE1		= $3d0f
=$aa22					vd_poll		= $aa22
=$1c6b					N_VCLOSE	= $1c6b
=9					N_U_QUERY_COUNT	= 9
=$86e6					gm_digits	= $86e6
=$7644					gm_title_char	= $7644
=$a51e					pm_poll_return	= $a51e
=$6ad7					gm_rec_put	= $6ad7
=48					AE_CLICK_TICKS	= 48
=$a678					pm_down		= $a678
=$8702					gm_abuf		= $8702
=$837d					gm_s_used	= $837d
=$804f					gm_free_mem	= $804f
=$3d2b					N_BROWSERERROR	= $3d2b
=$7539					gm_ult_document	= $7539
=195					GM_MAX_ENTRIES	= 195
=$0004					WK_FULLER	= $0004
=$8814					gm_bi		= $8814
=$9c70					gfx_column	= $9c70
=$77a7					gm_document_launch= $77a7
=$8813					gm_bm		= $8813
=$6b3a					gm_next_gap	= $6b3a
=$3d9f					N_RCACHE	= $3d9f
=6					N_U_MAC		= 6
=$62bb					gm_am_row	= $62bb
=$9f50					gfx_band_left	= $9f50
=$1c2f					N_STATS		= $1c2f
=$85c3					gm_stop		= $85c3
=$aef6					bk_result	= $aef6
=$a67d					pm_step		= $a67d
=$9b05					gfx_clip_cell	= $9b05
=$9445					ae_km_dx	= $9445
=$9449					ae_km_dy	= $9449
=$86a7					gm_prt_sa	= $86a7
=$9218					ae_stream_taken	= $9218
=$3d28					N_ACTION	= $3d28
=$9c05					gfx_bitmap_row	= $9c05
=$abcc					vd_phase	= $abcc
=$80c9					gm_div		= $80c9
=8					WF_HSLIDE	= 8
=$9b96					gfx_failed	= $9b96
=$9f3b					gfx_remaining	= $9f3b
=$3d99					N_DCOUNT	= $3d99
=$1bf8					N_HEAPEPOCH	= $1bf8
=$9eaf					gfx_glyph_row	= $9eaf
=4					MU_M1		= 4
=$70f3					gm_drag_box	= $70f3
=4					N_U_POWER_B	= 4
=$77f2					gm_ult_peek	= $77f2
=$9f42					gfx_second	= $9f42
=3					N_U_POWER_A	= 3
=$66ac					gm_key_done	= $66ac
=$7372					gm_pw		= $7372
=$9263					ae_event	= $9263
=$9419					ae_km_y		= $9419
=$671b					gm_menu_options	= $671b
=$a69c					pm_shape	= $a69c
=$ab6c					vm_dirty	= $ab6c
=$750a					gm_fn_missing	= $750a
=16					GM_BELL		= 16
=$aee1					bk_file		= $aee1
=6					AE_OP_MENU	= 6
=32					AE_CAP_DCLICK	= 32
=$6dcb					gm_aput		= $6dcb
=$3d16					N_RESULT	= $3d16
=$64e3					gm_copy		= $64e3
=$a394					gfx_text_end	= $a394
=$9dcd					gfx_band_pixel	= $9dcd
=$ade2					bk_check_code	= $ade2
=$6420					gm_draw_icon	= $6420
=$625f					gm_n32_digit	= $625f
=$6eef					gm_del_many	= $6eef
=$6000					N_APPBASE	= $6000
=$85c2					gm_sslot	= $85c2
=2					GM_MOP_PREFS	= 2
=$83a4					gm_s_undone	= $83a4
=$ab9f					vm_first	= $ab9f
=$7fdc					gm_launcher	= $7fdc
=$6e4d					gm_del_copy	= $6e4d
=$abc0					bp_result	= $abc0
=$68ba					gm_df_found	= $68ba
=$6529					gm_label_clear	= $6529
=$81c3					gm_label_trash	= $81c3
=$8815					gm_ei		= $8815
=$9f23					gfx_handle	= $9f23
=$86dc					gm_new_icon	= $86dc
=$7513					gm_ult_open_entry= $7513
=$9f3d					gfx_right	= $9f3d
=$1c5c					N_FDRAW		= $1c5c
=$a684					pm_registers	= $a684
=$68be					gm_df_done	= $68be
=$7c8c					gm_wset_value	= $7c8c
=$6528					gm_icon_done	= $6528
=$3d9b					N_DOCKIND	= $3d9b
=$6f37					gm_del_all	= $6f37
=$8025					gm_close_slot	= $8025
=$8579					gm_s_usbfail	= $8579
=$97f4					dc_get_bad	= $97f4
=$86dd					gm_slot		= $86dd
=$abc3					bp_name		= $abc3
=$b0f7					bk_load_badarg	= $b0f7
=$a670					pm_x		= $a670
=$a672					pm_y		= $a672
=$63fb					gm_icons_clip_reset= $63fb
=$ada6					bk_platform	= $ada6
=$a61a					pm_delta_size	= $a61a
=$86ff					gm_total	= $86ff
=$a8aa					nk_saved_callback= $a8aa
=$83cd					gm_s_nodelete	= $83cd
=$3d37					N_UIKEY		= $3d37
=$3d9d					N_DOCRETURN	= $3d9d
=$8295					gm_menu		= $8295
=$b23a					bk_crc		= $b23a
=$69ab					gm_scan_fail	= $69ab
=$853f					gm_s_notusb	= $853f
=$71e6					gm_session_built= $71e6
=$acc3					bk_protect_parent= $acc3
=$109e					pk_pass		= $109e
=$3d01					N_PAGES		= $3d01
=$879f					gm_nsel		= $879f
=$8643					gm_mop		= $8643
=8					N_U_TIME	= 8
=$7117					gm_session_build= $7117
=$3d2d					N_BOOTDEVICE	= $3d2d
=$877e					gm_iy1		= $877e
=$877c					gm_iy0		= $877c
=$84b4					gm_full_alert	= $84b4
=$878f					gm_win_fmt	= $878f
=$9f4b					gfx_glyph_bounds= $9f4b
=$931c					ae_event_done	= $931c
=6					GM_MOP_COPY	= 6
=12					PM_JUMP		= 12
=$6419					gm_icon_next	= $6419
=$aee5					bk_cookie	= $aee5
=$7fd6					gm_launcher_leave= $7fd6
=$922f					ae_alert_read	= $922f
=$6f96					gm_del_text	= $6f96
=$84e3					gm_confirm	= $84e3
=$0040					WK_UPARROW	= $0040
=$7b64					gm_clip_empty	= $7b64
=$8807					gm_slot25	= $8807
=$94df					ae_ev_result	= $94df
=9					WF_VSLIDE	= 9
=$9822					dc_digit	= $9822
=$7e50					gm_each_call	= $7e50
=$91ea					ae_load		= $91ea
=$9cd6					gfx_set		= $9cd6
=$6dbf					gm_astr_src	= $6dbf
=$69b5					gm_sort_write	= $69b5
=$adb8					bk_bad_handle	= $adb8
=$75ca					gm_close_full	= $75ca
=$66dd					gm_menu_control	= $66dd
=$b238					bk_expected	= $b238
=$a964					bp_loaded	= $a964
=$10af					pk_masks	= $10af
=8					AE_CAP_WINDOW	= 8
=$4e00					N_UPATH		= $4e00
=$69aa					gm_scan_done	= $69aa
=$7d1e					gm_row_under	= $7d1e
=$a560					pm_left		= $a560
=$835c					gm_s_head	= $835c
=$9219					ae_alert_open	= $9219
=$7592					gm_close_or_up	= $7592
=4					GM_PRINTER	= 4
=$7f34					gm_band_done	= $7f34
=$7ffd					gm_slot_of	= $7ffd
=$661e					gm_repaint_icon_sel= $661e
=3					GM_USB		= 3
=$0080					WK_DNARROW	= $0080
=$9aed					gfx_clipped_bitmap= $9aed
=$3d08					N_OFFSET	= $3d08
=$a43c					pm_close	= $a43c
=$69cb					gm_write_chunk	= $69cb
=$614d					gm_select_surface= $614d
=$9760					dc_channels	= $9760
=$9f63					gfx_clip_full	= $9f63
=$98ce					sd_bell		= $98ce
=$7d6f					gm_toggle	= $7d6f
=1					WS_OPEN		= 1
=$1c26					N_READ		= $1c26
=1					gfx_track_dirty	= 1
=$7bba					gm_scroll_done	= $7bba
=$76c9					gm_ult_del_done	= $76c9
=$9f73					gfx_left_masks	= $9f73
=$7228					gm_module_run	= $7228
=$b077					bk_load_eof	= $b077
=$10ba					pk_end		= $10ba
=$3d12					N_READY		= $3d12
=$86f7					gm_m		= $86f7
=$abe8					vd_pointer_y	= $abe8
=1					N_U_HARDWARE	= 1
=$6341					gm_message	= $6341
=$81b1					gm_icon_label_hi= $81b1
=$6ad7					gm_rec_dst	= $6ad7
=$aa7d					bp_gate_failed	= $aa7d
=$9869					dc_length	= $9869
=$6b26					gm_ins_place	= $6b26
=$61af					gm_aes_failed	= $61af
=$a67a					pm_hit		= $a67a
=8					WS_SURFACE	= 8
=$8000					N_STAGELIMIT	= $8000
=$4a00					N_BROWSERPATH	= $4a00
=$63a4					gm_message_done	= $63a4
=$62b9					ae_present	= $62b9
=$6f51					gm_relist_slot	= $6f51
=$99dd					gfx_begin	= $99dd
=$7eb7					gm_band_loop	= $7eb7
=$3d24					N_EXITCODE	= $3d24
=$9a92					gfx_clip_start	= $9a92
=$8064					gm_select_mem_x	= $8064
=$85bb					gm_desk_color	= $85bb
=$944d					ae_km_click	= $944d
=$abce					vd_color	= $abce
=0					N_OK		= 0
=4					GM_WINDOWS	= 4
=$3d3c					N_UOP		= $3d3c
=$3d20					N_CURRENT	= $3d20
=$a66e					pm_pending	= $a66e
=0					GFX_TEXT_STORAGE= 0
=$abf3					ru_probe_live	= $abf3
=$1c3e					N_EXIT		= $1c3e
=$ab68					bp_argument	= $ab68
=$1c41					N_FOPEN		= $1c41
=$3d25					N_DOSCODE	= $3d25
=0					AE_OP_ATTACH	= 0
=$abbe					bp_prefix	= $abbe
=$86db					gm_icon_sel	= $86db
=$86d2					gm_surface	= $86d2
=$3d23					N_APPSTATE	= $3d23
=$8819					gm_batch	= $8819
=2					UI_MAXIMUM	= 2
=$9758					dc_io		= $9758
=$8608					gm_dclick	= $8608
=$94f3					ae_ev_first	= $94f3
=$a8ac					nk_filter_image	= $a8ac
=$a66d					pm_tick		= $a66d
=$aefd					bk_checked	= $aefd
=$73fa					gm_ult_read	= $73fa
=$9ed3					gfx_glyph_shifted= $9ed3
=$79d9					gm_rec_src	= $79d9
=$62f4					gm_alert	= $62f4
=$9f40					gfx_cover	= $9f40
=$9440					ae_km_done	= $9440
=$a679					pm_arm		= $a679
=$8946					gm_win_plen	= $8946
=$99b2					gfx_glyph_negative= $99b2
=10					GM_MOP_PRTSCR	= 10
=60					GM_REC_PRINTER	= 60
=$894a					gm_name		= $894a
=2					WS_CLOSE	= 2
=$a71c					nk_install	= $a71c
=$9a94					gfx_clip_replace= $9a94
=$aef2					bk_busy		= $aef2
=$9805					dc_restore	= $9805
=$16					N_MEXHAUSTED	= $16
=14985					SD_BELL_FREQ	= 14985
=$9497					ae_menu_set	= $9497
=$8774					gm_prod		= $8774
=$6bb4					gm_cmp_rev	= $6bb4
=$86a8					gm_lock_want	= $86a8
=$1c26					gfx_heap_read	= $1c26
=$aa51					bp_pointer	= $aa51
=$abcd					vd_live		= $abcd
=$6aae					gm_copy_rec	= $6aae
=1					N_BADARG	= 1
=$7031					gm_release	= $7031
=12					AE_OP_ACC	= 12
=$999c					gfx_glyph_origin= $999c
=$ab28					bp_open_source	= $ab28
=$a67c					pm_moved	= $a67c
=$9401					ae_km_left	= $9401
=13					GM_MOP_LOCK	= 13
=$1c23					N_FREE		= $1c23
=$aa87					bp_arguments	= $aa87
=$9a15					gfx_color_limits= $9a15
=$658b					gm_click	= $658b
=$7322					gm_prt_quiet	= $7322
=0					N_U_IDENTIFY	= 0
=$9b99					gfx_bitmap_setup= $9b99
=20					WM_REDRAW	= 20
=$80e9					gm_cells_hi0	= $80e9
=$7506					gm_fn_long	= $7506
=$3d98					N_DNEXT		= $3d98
=$8831					gm_rec		= $8831
=$65ec					gm_click_desktop= $65ec
=$1c53					N_REPLACE	= $1c53
=$94f5					ae_ev_window	= $94f5
=$8486					gm_drive_alert	= $8486
=$8178					gm_cards_name	= $8178
=$7485					gm_ult_scan_fail0= $7485
=$adaa					bk_invalid	= $adaa
=$a774					nk_close	= $a774
=$94fd					ae_pointer_buttons= $94fd
=$abc1					bp_carry	= $abc1
=$9c60					gfx_bitmap_loaded= $9c60
=$70ed					gm_drop_print	= $70ed
=$6b83					gm_cmp_name	= $6b83
=$7dd3					gm_bit_set	= $7dd3
=$86fb					gm_ins_val	= $86fb
=$3d9c					N_DOCTYPE	= $3d9c
=$9e15					gfx_band_store	= $9e15
=$9f83					gfx_rows	= $9f83
=$683e					gm_open_quiet	= $683e
=$3d13					N_KEYS		= $3d13
=96					GM_APP_PAGES	= 96
=$9aba					gfx_nonempty_x	= $9aba
=$93a4					ae_key_mouse	= $93a4
=$97f5					dc_get_end	= $97f5
=$853d					gm_target	= $853d
=$86e5					gm_ndig		= $86e5
=$aa59					bp_invoke	= $aa59
=0					PM_KEYS_OWNED	= 0
=$7376					gm_path_root	= $7376
=$86df					gm_fmt		= $86df
=$6ade					gm_gap_loop	= $6ade
=$5000					AE_DATA		= $5000
=$7326					gm_path_page	= $7326
=$6000					BK_BASE		= $6000
=$abd1					vd_base		= $abd1
=$9b5a					gfx_color_x	= $9b5a
=$6eee					gm_del_none	= $6eee
=$86bb					gm_s_nomodule	= $86bb
=$8769					gm_math		= $8769
=$86da					gm_start_error	= $86da
=$aeb6					bk_jump_tail	= $aeb6
=$8825					gm_mem1		= $8825
=$8821					gm_mem0		= $8821
=$882d					gm_mem3		= $882d
=$8829					gm_mem2		= $8829
=$85bd					gm_orect	= $85bd
=$8500					gm_s_unproven	= $8500
=$ada2					bk_nested	= $ada2
=8					AE_OP_WINDOW	= 8
=$768d					gm_ult_attr	= $768d
=$abe9					vs_reu		= $abe9
=$3de4					N_BOOTFORMAT	= $3de4
=0					BP_HISTORY	= 0
=$943b					ae_km_eaten	= $943b
=$1c68					N_VSHOW		= $1c68
=$11					N_IOERROR	= $11
=$9aa0					gfx_clip_keep	= $9aa0
=$9f16					gfx_x0		= $9f16
=$9f1a					gfx_x1		= $9f1a
=$8ad8					ae_callback	= $8ad8
=$3d38					N_UIWIDTH	= $3d38
=$9f21					gfx_bound	= $9f21
=$6bd6					gm_set_view	= $6bd6
=$83e5					gm_s_error	= $83e5
=$8361					gm_s_type	= $8361
=$adba					bk_finish	= $adba
=$66ad					gm_key_drive	= $66ad
=$6a7d					gm_chunk_size	= $6a7d
=$3d29					N_BROWSERDEV	= $3d29
=$6fae					gm_printable	= $6fae
=30					N_AESOWNER	= 30
=$3de5					N_CLIPBOARD	= $3de5
=$9997					gfx_glyph_failed= $9997
=$9d87					gfx_band_next	= $9d87
=$3d3a					N_UIERROR	= $3d3a
=$9ef4					gfx_restore_handle= $9ef4
=$6fc9					gm_del_head	= $6fc9
=$3da0					N_FNAME		= $3da0
=$6a1b					gm_chunk_fail	= $6a1b
=$6569					gm_icon_hit	= $6569
=$a952					vd_open		= $a952
=7					AE_MINOR	= 7
=$acf6					bk_enter	= $acf6
=$a773					nk_return	= $a773
=$70c6					gm_row_drop	= $70c6
=$9d59					gfx_xor_load	= $9d59
=$94fc					ae_pointer_y	= $94fc
=$94fa					ae_pointer_x	= $94fa
=$1c00					N_LOWLIMIT	= $1c00
=$7a59					gm_read_rows	= $7a59
=8					N_PLATFORM	= 8
=$7deb					gm_bit		= $7deb
=$6f70					gm_error_hex	= $6f70
=$7512					gm_fn_done	= $7512
=$a099					gfx_text_left	= $a099
=7					WS_FILL		= 7
=$9f3c					gfx_left	= $9f3c
=$3d0c					N_VALUE		= $3d0c
=$84e4					gm_editor_name	= $84e4
=$86ba					gm_mwanted	= $86ba
=32					N_APPOWNER	= 32
=$adae					bk_enter_failed	= $adae
=$9755					dc_open_failed	= $9755
=$615f					gm_bind		= $615f
=$13					N_LONGIMAGE	= $13
=$9b1a					gfx_clip_divide	= $9b1a
=$ae3c					bk_check_walk	= $ae3c
=$aa0f					bp_presented	= $aa0f
=$9384					ae_read_pointer	= $9384
=$a632					pm_delta_advance= $a632
=$9472					ae_menu_write	= $9472
=$61					GM_ICON_SELECTED= $61
=$9a7b					gfx_clip_intersect= $9a7b
=$86a6					gm_prt_dev	= $86a6
=12					WF_NEXTXYWH	= 12
=$7bca					gm_vslid	= $7bca
=$a66c					pm_seen		= $a66c
=$8698					gm_mop_module	= $8698
=29					N_ACCOWNER	= 29
=$816f					gm_aesvc_name	= $816f
=0					WS_CREATE	= 0
=$6bff					gm_view_fail	= $6bff
=$3d10					N_SLOTS		= $3d10
=$9d9b					gfx_band_failed	= $9d9b
=$a600					pm_delta_classify= $a600
=$9f1f					gfx_color	= $9f1f
=0					UI_LENGTH	= 0
=$876f					gm_rb		= $876f
=$84f4					gm_upnt		= $84f4
=$944f					ae_post		= $944f
=$9f33					gfx_operation	= $9f33
=10					WF_TOP		= 10
=$b195					bk_write_chunk	= $b195
=$8647					gm_mod_names	= $8647
=$6168					gm_aes_setup	= $6168
=$abc2					bp_error	= $abc2
=$84fc					gm_doc_kind	= $84fc
=$98c0					dc_saved	= $98c0
=$876e					gm_ra		= $876e
=$705b					gm_drag_loop	= $705b
=$9a5e					gfx_clip_high	= $9a5e
=$9715					dc_read		= $9715
=$1c3b					N_KEYIN		= $1c3b
=$9adf					gfx_glyph_unclipped= $9adf
=$a01d					gfx_text_advance= $a01d
=$7480					gm_ult_scan_fail= $7480
=$1c38					N_LAUNCH	= $1c38
=$6ab0					gm_rec_src2	= $6ab0
=$a680					pm_jumps	= $a680
=$86f8					gm_gap		= $86f8
=$86f1					gm_count	= $86f1
=$94a5					ae_session_read	= $94a5
=4					GM_KEYCLICK	= 4
=$9752					dc_close_failed	= $9752
=$9f39					gfx_xbyte	= $9f39
=$9893					dc_code2	= $9893
=$9a4e					gfx_clip_zero	= $9a4e
=$a55a					pm_right	= $a55a
=$8816					gm_bend		= $8816
=$a7a0					nk_codes	= $a7a0
=16					N_ABI_MINOR	= 16
=$7182					gm_session_window= $7182
=$8098					gm_mulrec	= $8098
=$ab1d					bp_iec_name	= $ab1d
=$7d5a					gm_select_index	= $7d5a
=$a67b					pm_event	= $a67b
=$7665					gm_not_usb	= $7665
=3					N_NOSLOT	= 3
=$91d9					ae_unload	= $91d9
=$15					N_CHANNELS	= $15
=$94b3					ae_dclick	= $94b3
=$3d27					N_APPERROR	= $3d27
=$3e00					N_BROWSERNAME	= $3e00
=$9ea6					gfx_aligned_write= $9ea6
=5					UI_VIEW40	= 5
=$3900					NPAGES1		= $3900
=$3800					NPAGES0		= $3800
=$9438					ae_km_set_y	= $9438
=$b147					bk_select_file	= $b147
=0					BP_STATE_STORAGE= 0
=$a66f					pm_sample_line	= $a66f
=$95fe					gm_paths	= $95fe
=$9f35					gfx_offset	= $9f35
=2					N_NOMEM		= 2
=$aedd					bk_handle	= $aedd
=$9868					dc_device	= $9868
=7					N_U_IP		= 7
=$9275					ae_event_sample	= $9275
=$8199					gm_icon_y	= $8199
=9					GM_REC_COUNT	= 9
=$86f3					gm_drag		= $86f3
=$881a					gm_s_items	= $881a
=$85a0					gm_s_usbhex	= $85a0
=$97f7					dc_close	= $97f7
=$aedc					bk_state	= $aedc
=$9c81					gfx_mask_last	= $9c81
=$9b3a					gfx_color_rows	= $9b3a
=$9e0f					gfx_band_set	= $9e0f
=$68b7					gm_df_next	= $68b7
=17					WF_DESKCOLOR	= 17
=$68bf					gm_df_none	= $68bf
=$1c65					N_MCLOSE	= $1c65
=$3a00					N_BUFFER	= $3a00
=$6a2f					gm_load_chunk	= $6a2f
=$3d97					N_DPAGE		= $3d97
=$61fa					gm_open_iec	= $61fa
=$86e0					gm_mbit		= $86e0
=$3d91					N_FBUSY		= $3d91
=$766e					gm_usb_error	= $766e
=$7873					gm_peek_done	= $7873
=$0800					WK_HSLIDE	= $0800
=$9f41					gfx_first	= $9f41
=$a67f					pm_columns	= $a67f
=$ac59					bk_return	= $ac59
=$6afb					gm_ins_inner	= $6afb
=$3d15					N_LASTKEY	= $3d15
=$7bbb					gm_max_top	= $7bbb
=$a013					gfx_text_saturate= $a013
=31					N_CLIPOWNER	= 31
=$adc6					bk_check_tails	= $adc6
=$98ca					dc_eoi		= $98ca
=40					DC_MAX		= 40
=$9764					dc_blocks_free	= $9764
=$8424					gm_about	= $8424
=$3d0a					N_COUNT		= $3d0a
=$8793					gm_win_count	= $8793
=$9f1c					gfx_y1		= $9f1c
=$9f18					gfx_y0		= $9f18
=$9f3f					gfx_old		= $9f3f
=$aef9					bk_saved_regs	= $aef9
=6					GM_GAP_COUNT	= 6
=$3d8b					N_FACTUAL	= $3d8b
=$6d15					gm_info_page	= $6d15
=$9b49					gfx_color_multiply= $9b49
=$abd2					vd_pages	= $abd2
=$b1ca					bk_crc_buffer	= $b1ca
=$3d92					N_FPOSITION	= $3d92
=$b222					bk_prefix	= $b222
=$6f63					gm_del_badname	= $6f63
=$6e25					gm_delete_slot	= $6e25
=$1c59					N_FEDIT		= $1c59
=$6bd3					gm_menu_view	= $6bd3
=$7386					gm_path_to_upath= $7386
=0					BP_MODE		= 0
=$a673					pm_old		= $a673
=$0c00					N_SYSBASE	= $0c00
=6					N_RANGE		= 6
=$6746					gm_open_selection= $6746
=$86f5					gm_vslot	= $86f5
=$7656					gm_title_ok	= $7656
=$6165					pm_find_hit	= $6165
=$3d80					N_FOWNER	= $3d80
=$815f					gm_hex_digits	= $815f
=$63bb					gm_redraw_desktop= $63bb
=$3d22					N_NAMELEN	= $3d22
=$662f					gm_redraw_icon_cells= $662f
=$a7aa					nk_saved_keys	= $a7aa
=$b0f2					bk_checksum	= $b0f2
=1					AE_MAJOR	= 1
=$a02a					gfx_load_glyph	= $a02a
=$9d5e					gfx_xor_store	= $9d5e
=$8797					gm_win_top	= $8797
=$abea					vs_token	= $abea
=$800c					gm_top_slot	= $800c
=$699c					gm_scan_end	= $699c
=$755e					gm_ult_rescan	= $755e
=$9897					dc_status_length= $9897
=7					AE_OP_MENU_SET	= 7
=$7870					gm_peek_close	= $7870
=5					N_WRONGOWNER	= 5
=$1c47					N_FWRITE	= $1c47
=24					WM_ARROWED	= 24
=$8767					gm_art		= $8767
=$97cb					dc_listed	= $97cb
=$0200					WK_LFARROW	= $0200
=$9c4b					gfx_read_row	= $9c4b
=$625a					gm_anum32	= $625a
=$aef5					bk_service	= $aef5
=$abd7					vd_saved	= $abd7
=$1c71					N_UCOMMAND	= $1c71
=$86f9					gm_gapi		= $86f9
=$1c44					N_FREAD		= $1c44
=$8106					gm_decimal4	= $8106
=$80f8					gm_decimal2	= $80f8
=$b23e					gm_end		= $b23e
=$94f2					ae_ev_key	= $94f2
=1					AE_POINTER	= 1
=$8392					gm_gaps		= $8392
=$8424					gm_bad_chars_end= $8424
=8					GM_NOOVERASK	= 8
=$b133					bk_close_source	= $b133
=4					WS_SET		= 4
=9					GM_MOP_NEWFOLDER= 9
=$aef8					bk_saved_rcr	= $aef8
=21					WM_TOPPED	= 21
=$6861					gm_drive_format	= $6861
=4					WF_WORKXYWH	= 4
=$a998					vd_close	= $a998
=0					pm_control_count= 0
=4					AE_CAP_MENU	= 4
=$98cd					dc_dollar	= $98cd
=27					WM_SIZED	= 27
=$aef3					bk_error	= $aef3
=$aee9					bk_current	= $aee9
=$85bc					gm_restoring	= $85bc
=$6a1c					gm_resort_slot	= $6a1c
=$942e					ae_km_up	= $942e
=$3d96					N_FFORMAT	= $3d96
=$4000					AC_BASE		= $4000
=2					AE_OP_ALERT	= 2
=$768e					gm_ult_delete	= $768e
=$0100					WK_VSLIDE	= $0100
=$614c					gm_setup_done	= $614c
=$a630					pm_no_delta	= $a630
=$9ff3					gfx_text_unknown= $9ff3
=$9e82					gfx_aligned_clear= $9e82
=$8604					gm_magic	= $8604
=$6739					gm_print_screen	= $6739
=64					GM_RECORD_SIZE	= 64
=25					WM_HSLID	= 25
=$9a43					gfx_clip_limit	= $9a43
=$84ac					gm_drive_alert_hex= $84ac
=$10					N_BADIMAGE	= $10
=$6bc1					gm_fa		= $6bc1
=$6bc5					gm_fb		= $6bc5
=$3d40					N_APPNAME	= $3d40
=$9ff5					gfx_text_code	= $9ff5
=$a43b					pm_install_return= $a43b
=$0008					WK_MOVER	= $0008
=$a04e					gfx_text_load	= $a04e
=$b0ed					bk_short_image	= $b0ed
=$86d6					gm_file		= $86d6
=$9fd5					gfx_text_failed	= $9fd5
=$876d					gm_t8		= $876d
=$1076					pk_restore_columns= $1076
=$9d04					gfx_write_row	= $9d04
=$9e9b					gfx_aligned_copy= $9e9b
=$63a5					gm_redraw_window= $63a5
=$1c50					N_DIRPAGE	= $1c50
=$b17f					bk_io_return	= $b17f
=10					MN_SELECTED	= 10
=$c000					AE_LIMIT	= $c000
=$3d1b					N_MSTATE	= $3d1b
=$a672					BP_POINTER_Y	= $a672
=$a670					BP_POINTER_X	= $a670
=$3f00					N_SOURCEPATH	= $3f00
=$9896					dc_byte		= $9896
=$1c56					N_WORKSPACE	= $1c56
=$1c2c					gfx_heap_fill	= $1c2c
=$6e2f					gm_delete_one	= $6e2f
=$819e					gm_icon_art	= $819e
=$7e59					gm_select_all	= $7e59
=$78c6					gm_suffix_no	= $78c6
=$a592					pm_top		= $a592
=$3d9a					N_DOCREQUEST	= $3d9a
=$73bf					gm_ult_open	= $73bf
=0					PM_KEYS_EXTERNAL= 0
=$a677					pm_buttons	= $a677
=$9cea					gfx_store	= $9cea
=10					GM_REC_WINDOWS	= 10
=3					WS_DELETE	= 3
=$3d1a					N_MERROR	= $3d1a
=$a66c					BP_POINTER_STATE= $a66c
=0					NK_SAVED_BUFFER	= 0
=64					AE_CAP_ACC	= 64
=$6402					gm_icons_done	= $6402
=$6f6c					gm_del_error	= $6f6c
=$94f4					ae_ev_tick	= $94f4
=$7349					gm_path_io	= $7349
=$74b9					gm_fn_found	= $74b9
=$98c9					dc_sa		= $98c9
=$65ad					gm_click_at	= $65ad
=$996c					gfx_rect	= $996c
=$97d6					dc_get		= $97d6
=$7f35					gm_band_row	= $7f35
=$3d03					N_PAGE		= $3d03
=$9f4f					gfx_band_allowed= $9f4f
=$66ca					gm_menu_choice	= $66ca
=1					UI_CARET	= 1
=$9e9d					gfx_aligned_copy_next= $9e9d
=$6237					gm_close_file	= $6237
=$6e81					gm_del_ask	= $6e81
=9					N_CORRUPT	= 9
=$8374					gm_s_files	= $8374
=$68c2					gm_scan		= $68c2
=$b0fc					bk_close	= $b0fc
=$aef0					bk_entry	= $aef0
=$a594					pm_set_y	= $a594
=$a563					pm_set_x	= $a563
=$9af7					gfx_store_clip_next= $9af7
=$a9eb					bp_return	= $a9eb
=$9a2b					gfx_clip_next	= $9a2b
=$a597					pm_hit_test	= $a597
=$838c					gm_s_ok		= $838c
=$9f37					gfx_span	= $9f37
=$6763					gm_open_icon	= $6763
=$10a9					pk_rejects	= $10a9
=$1c29					N_WRITE		= $1c29
=$62ee					gm_leave	= $62ee
=$a569					pm_vertical	= $a569
=$6ba3					gm_cmp_out	= $6ba3
=$85c1					gm_spos		= $85c1
=$1c29					gfx_heap_write	= $1c29
=$9f2b					gfx_clipped	= $9f2b
=$3d60					N_APPHEADER	= $3d60
=$aeee					bk_length	= $aeee
=16					MU_MESAG	= 16
=$16					GM_SELECTED	= $16
=$abb9					vm_pending	= $abb9
=$9d98					gfx_band_done	= $9d98
=$3d90					N_FSTATUS	= $3d90
=$79bc					gm_rows_done	= $79bc
=$94f6					ae_surface	= $94f6
=$9eec					gfx_select	= $9eec
=$c000					BK_LIMIT	= $c000
=$a059					gfx_text_buffer	= $a059
=$847e					gm_start_alert_hex= $847e
=$8398					gm_s_delete	= $8398
=$a9e2					bp_close_failed	= $a9e2
=$7058					gm_drag_track	= $7058
=$a09b					gfx_text_high	= $a09b
=$9642					dc_command	= $9642
=$1c35					N_RESERVE	= $1c35
=$86b9					gm_mloaded	= $86b9
=$9d7f					gfx_band_write	= $9d7f
=$8764					gm_cy		= $8764
=25					GM_BITS		= 25
=$7808					gm_peek		= $7808
=$9fb5					gfx_text	= $9fb5
=$9e93					gfx_aligned_store= $9e93
=$9d4a					gfx_band_xor	= $9d4a
=$81c9					gm_label_usb	= $81c9
=$6338					gm_alert_done	= $6338
=$8779					gm_ww		= $8779
=$9f34					gfx_y		= $9f34
=$96ea					dc_status_read	= $96ea
=$8778					gm_wy		= $8778
=$8777					gm_wx		= $8777
=$729a					gm_module_fail	= $729a
=$8d35					ae_state	= $8d35
=$b0e3					bk_bad_image	= $b0e3
=5					WF_CURRXYWH	= 5
=$b184					bk_select_code	= $b184
=$877a					gm_wh		= $877a
=$abbf					bp_started	= $abbf
=$6098					gm_fatal_text	= $6098
=$3d30					N_BROWSERPOS	= $3d30
=$9341					ae_wait_moved	= $9341
=$94fe					gm_path		= $94fe
=$6838					gm_open_fail	= $6838
=$0001					WK_NAME		= $0001
=2					GM_NOCOPYASK	= 2
=13					AE_OP_COUNT	= 13
=$804a					gm_free_slot	= $804a
=$14					N_CHECKSUM	= $14
=10					AE_OP_SESSION	= 10
=$ae65					bk_check_shape	= $ae65
=$7e05					gm_first_sel	= $7e05
=$3d04					N_HANDLE	= $3d04
=$6ce0					gm_info_icon	= $6ce0
=$9b1c					gfx_clip_shift	= $9b1c
=$93d9					ae_km_move	= $93d9
=$3d35					N_UIPTR		= $3d35
=$9ee5					gfx_glyph_second_visible= $9ee5
=$9e39					gfx_aligned_glyph= $9e39
=$78c8					gm_paint_window	= $78c8
=32					MU_TIMER	= 32
=$8700					AE_BASE		= $8700
=$7714					gm_iec_document	= $7714
=$abe6					vd_pointer_x	= $abe6
=$935b					ae_wait_time	= $935b
=$5000					gm_rows		= $5000
=$8846					gm_order	= $8846
=$3d81					N_FHANDLE	= $3d81
=$740a					gm_scan_ult	= $740a
=$7933					gm_paint_reset	= $7933
=$1068					pk_read_key	= $1068
=2					WF_NAME		= 2
=32					NSLOTS		= 32
=$9950					gfx_finish	= $9950
=$8768					gm_row		= $8768
=$0010					WK_INFO		= $0010
=$50					N_FIRST0	= $50
=$abf4					bp_backend_pending= $abf4
=$aef7					bk_carry	= $aef7
=$9caf					gfx_load	= $9caf
=$6fcd					gm_fail_head	= $6fcd
=$6db7					gm_astr		= $6db7
=$a58e					pm_bottom	= $a58e
=$6680					gm_key_move	= $6680
=$3d86					N_FNAMELEN	= $3d86
=11					WF_FIRSTXYWH	= 11
=$10ab					pk_columns	= $10ab
=$8a4a					aes		= $8a4a
=23					WM_FULLED	= 23
=$a499					pm_settling	= $a499
=$926f					ae_event_next	= $926f
=121					GM_PRT_LFN	= 121
=$6000					gm_image	= $6000
=$8762					gm_item		= $8762
=9					WS_OUTLINE	= 9
=$72cd					gm_ult_probe	= $72cd
=$9f53					gfx_clip_pixels	= $9f53
=160					pm_start	= 160
=$9dec					gfx_band_load	= $9dec
=$3d89					N_FCOUNT	= $3d89
=$c000					N_APPLIMIT	= $c000
=$6772					gm_open_drive	= $6772
=$6891					gm_df_scan	= $6891
=$9fb5					gfx_end		= $9fb5
=$10a7					pk_next		= $10a7
=$9de9					gfx_band_mask_ready= $9de9
=$1074					pk_accept	= $1074
=$b23c					bk_crc_left	= $b23c
=$abba					bp_file		= $abba
=$6c85					gm_aname_done	= $6c85
=$70f2					gm_release_done	= $70f2
=$b158					bk_read_chunk	= $b158
=$86f4					gm_view		= $86f4
=$a51f					pm_absent	= $a51f
=$9db9					gfx_band_masked	= $9db9
=$8142					gm_hex_error	= $8142
=$6fe6					gm_refresh_loop	= $6fe6
=0					GFX_FONT_COLUMNS= 0
=$785e					gm_peek_sheet	= $785e
=$3d02					N_BANK		= $3d02
=$9b2e					gfx_clip_defaults= $9b2e
=$76d2					gm_ult_del_error= $76d2
=2					N_U_DRIVES	= 2
=$4000					N_SERVICEBASE	= $4000
=$7c17					gm_repaint_all	= $7c17
=$3d21					N_DEVICE	= $3d21
=$86de					gm_dev		= $86de
=$676e					gm_open_none	= $676e
=$9f5b					gfx_clip_cells	= $9f5b
=$793b					gm_draw_rows	= $793b
=$661d					gm_click_done	= $661d
=1					GM_MOP_INFO	= 1
=$a466					pm_poll		= $a466
=$a09a					gfx_text_index	= $a09a
=$76c0					gm_ult_del_unknown= $76c0
=$b234					bk_count	= $b234
=$8763					gm_cx		= $8763
=$793a					gm_paint_done	= $793a
=$98f2					sd_click	= $98f2
=$1c6e					N_UQUERY	= $1c6e
=$9243					ae_alert_step	= $9243
=$3d17					N_MTOKEN	= $3d17
=$9cdf					gfx_copy	= $9cdf
=$aacb					bp_load		= $aacb
=$b23e					gm_module	= $b23e
=$1c4d					N_FRELEASE	= $1c4d
=$9ccb					gfx_clear	= $9ccb
=4					N_BADHANDLE	= 4
=$aef4					bk_operation	= $aef4
=$a9ae					bp_dispose	= $a9ae
=$b1e0					bk_crc_get	= $b1e0
=$995b					gfx_success	= $995b
=$693f					gm_scan_record	= $693f
=$abcc					bp_state	= $abcc
=$abcf					vd_fault	= $abcf
=$9f43					gfx_bits	= $9f43
=28					WM_MOVED	= 28
=3					GM_MOP_FORMAT	= 3
=$809a					gm_mul		= $809a
=$7e29					gm_each		= $7e29
=$9602					gm_rec_addr	= $9602
=$abf2					ru_active	= $abf2
=$9af0					gfx_empty	= $9af0
=$3d39					N_UIFLAGS	= $3d39
=$997e					gfx_glyph	= $997e
=$8614					gm_inf_scratch	= $8614
=$853e					gm_nlen		= $853e
=$94cb					ae_dirty	= $94cb
=$9376					ae_wait_done	= $9376
=$6403					gm_draw_icons	= $6403
=$86fc					gm_pos		= $86fc
=$609b					gm_surface_setup= $609b
=$87a3					gm_win_bits	= $87a3
=$3d00					N_OWNER		= $3d00
=21					GM_RECORD	= 21
=$aec0					bk_services	= $aec0
=$8184					gm_types	= $8184
=$3d11					N_BUSY		= $3d11
=$7940					gm_row_loop	= $7940
=$62a7					gm_dirty_from	= $62a7
=$86fe					gm_cmpb		= $86fe
=$6f94					gm_status_text	= $6f94
=$94a9					ae_session_write= $94a9
=$3d2c					N_APPFORMAT	= $3d2c
=$9f27					gfx_limits	= $9f27
=$9140					ae_detach	= $9140
=1					AE_CAP_ALERT	= 1
=$9e04					gfx_band_clear	= $9e04
=24					GM_CHUNK	= 24
=$1300					N_LOWBASE	= $1300
=$817d					gm_drive_title	= $817d
=$61					GM_PAPER	= $61
=$abe5					vd_pointer_visible= $abe5
=0					PM_SECONDARY	= 0
=$877f					gm_clip		= $877f
=5					GM_ICONS	= 5
=$04					N_FIRST1	= $04
=$aeed					bk_pages	= $aeed
=3					WF_INFO		= 3
=$9972					gfx_colors	= $9972
=$6b9e					gm_cmp_ordinal	= $6b9e
=9					AE_OP_SHUTDOWN	= 9
=$736e					gm_pr		= $736e
=$76d5					gm_ucmd		= $76d5
=$7bea					gm_scroll_to_selection= $7bea
=$1c32					N_RELEASE	= $1c32
=$6f91					gm_del_status	= $6f91
=$8773					gm_mul_b	= $8773
=$8772					gm_mul_a	= $8772
=$70ea					gm_drop		= $70ea
=$7da6					gm_select_set	= $7da6
=$6233					gm_open_bad	= $6233
=$6dd5					gm_anum		= $6dd5
=$aa1c					bp_ok		= $aa1c
=$8061					gm_select_mem	= $8061
=$9892					dc_code		= $9892
=$786d					gm_peek_kind	= $786d
=$7c35					gm_update_slider= $7c35
=$9f3e					gfx_mask	= $9f3e
=$7216					gm_file_select	= $7216
=$3d8d					N_FEOF		= $3d8d
=$6ba7					gm_cmp_raw	= $6ba7
=$9978					gfx_set_clip	= $9978
=$3d88					N_FTYPE		= $3d88
=$4f00					N_USTATUS	= $4f00
=$6596					gm_pointer_cell	= $6596
=$3d87					N_FMODE		= $3d87
=4					AE_OP_EVENT	= 4
=$3d26					N_IOSTATUS	= $3d26
=$8765					gm_i		= $8765
=$86f6					gm_k		= $86f6
=$8766					gm_j		= $8766
=$9867					dc_field_done	= $9867
=$86fd					gm_other	= $86fd
=$86e1					gm_q		= $86e1
=$86fa					gm_i2		= $86fa
=$9d9e					gfx_band_select	= $9d9e
=$6c71					gm_aname	= $6c71
=$7279					gm_module_call	= $7279
=$967f					dc_begin	= $967f
=$9208					ae_register	= $9208
=$ae64					bk_check_failed	= $ae64
=$6adc					gm_sort		= $6adc
=$8a4a					ae_call		= $8a4a
=8					MU_M2		= 8
=$9af5					gfx_store_clip	= $9af5
=$3d8e					N_FERROR	= $3d8e
=$85ac					gm_s_free	= $85ac
=$7b66					gm_arrowed	= $7b66
=$81bb					gm_label_9	= $81bb
=10					WS_TEXT		= 10
=$71e7					gm_session_save	= $71e7
=$a79f					nk_active	= $a79f
=$7626					gm_title_usb	= $7626
=$9898					dc_status	= $9898
=$9f1e					gfx_pen		= $9f1e
=7					N_REENTRANT	= 7
=$72e9					gm_prt_probe	= $72e9
=$765d					gm_title_end	= $765d
=$81ac					gm_icon_label_lo= $81ac
=$755b					gm_ult_enter	= $755b
=$66a5					gm_key_set	= $66a5
=$6d68					gm_info_sum	= $6d68
=$a675					pm_pots		= $a675
=$8609					gm_inf_name	= $8609
=$aba0					vm_rows		= $aba0
=$3d3d					N_UARG		= $3d3d
=$a9ec					vm_present	= $a9ec
=3					UI_BUFFER	= 3
=$7623					gm_title_set	= $7623
=$0002					WK_CLOSER	= $0002
=$9a55					gfx_clip_copy	= $9a55
=$6b41					gm_compare	= $6b41
=$930e					ae_event_fired	= $930e
=$9f3a					gfx_columns	= $9f3a
=5					GM_MOP_USBINFO	= 5
=$9f20					gfx_error	= $9f20
=$6aa3					gm_chunk_next	= $6aa3
=$5000					N_SERVICELIMIT	= $5000
=$7874					gm_text_suffix	= $7874
=$880b					gm_bitmask	= $880b
=$7fd5					gm_launch_fail	= $7fd5
=4					GM_MOP_CONTROL	= 4
=$9e70					gfx_aligned_ink	= $9e70
=$a394					pm_install	= $a394
=8					GM_MOP_SAVEDESK	= 8
=$7c8f					gm_wset_simple	= $7c8f
=$85c4					gm_session	= $85c4
=$8846					gm_dirpage	= $8846
=$8369					gm_s_blocks	= $8369
=$86a9					gm_lock_name	= $86a9
=$9828					dc_field_track	= $9828
=$94cf					ae_ev_params	= $94cf
=1					FO_PRESENT	= 1
=1					BP_TRACK_DIRTY	= 1
=$abf5					bk_call		= $abf5
=$6c73					gm_info_name	= $6c73
=$9eca					gfx_glyph_shift	= $9eca
=$83ed					gm_badname_alert= $83ed
=$6eb4					gm_del_go	= $6eb4
=26					WM_VSLID	= 26
=7					UI_FILTER	= 7
=$a9fb					vd_select	= $a9fb
=$86a5					gm_alert_default= $86a5
=$749e					gm_fn_next	= $749e
=32					BK_OWNER	= 32
=$81b6					gm_label_boot	= $81b6
=$7767					gm_usb_document	= $7767
=$9a07					gfx_pixel_limits= $9a07
=$a985					bp_open_failed	= $a985
=$6dec					gm_read_record	= $6dec
=$5000					gm_sortbuf	= $5000
=$a025					gfx_text_done	= $a025
=$a683					pm_init_saved	= $a683
=16					WF_VSLSIZE	= 16
=$acd0					bk_service_bad	= $acd0
=$84f8					gm_usht		= $84f8
=$aa20					bp_fault	= $aa20
=$7478					gm_ult_scan_done= $7478
=0					BP_SHARED_MEMORY= 0
=$946f					ae_menu_read	= $946f
=$b0d9					bk_load_success	= $b0d9
=$9894					dc_track	= $9894
=$6339					gm_alert_rows	= $6339
=$1c62					N_MCALL		= $1c62
=$81a3					gm_icon_on	= $81a3
=$698b					gm_scan_skip	= $698b
=$81cd					gm_label_printer= $81cd
=$9d20					gfx_band	= $9d20
=$ae62					bk_check_end	= $ae62
=1					MU_KEYBD	= 1
=$83e3					gm_s_bar	= $83e3
=$a682					pm_high		= $a682
=$3d2f					N_DESKTOPSEL	= $3d2f
=16					AE_CAP_SESSION	= 16
=$9a21					gfx_limits_y	= $9a21
=$b0e8					bk_long_image	= $b0e8
=$a530					pm_move		= $a530
=16					GM_PAGES	= 16
=16					AC_PAGES	= 16
=$86f2					gm_page		= $86f2
=$9910					gfx_bind	= $9910
=$9fe5					gfx_text_next	= $9fe5
=$8787					gm_win_handle	= $8787
=$6c0b					gm_view_checks	= $6c0b
=$7aa0					gm_read_none	= $7aa0
=$6fe1					gm_refresh_drive= $6fe1
=$3d8f					N_FDOS		= $3d8f
=$8455					gm_start_alert	= $8455
=$6cdd					gm_info_fail	= $6cdd
=$a981					bp_open_bad	= $a981
=$8783					gm_rect		= $8783
=$3d34					N_BROWSERNAME_LEN= $3d34
=$b236					bk_offset	= $b236
=$8770					gm_num		= $8770
=7					WF_FULLXYWH	= 7
=$98cb					dc_free		= $98cb
=$0400					WK_RTARROW	= $0400
=$614d					pm_select_surface= $614d
=$9f52					gfx_band_first	= $9f52
=$79bd					gm_rows_fail	= $79bd
=$9fd3					gfx_text_badarg	= $9fd3
=$9b30					gfx_clip_reset_next= $9b30
=0					NK_LOCAL_HELP	= 0
=$6bc9					gm_name_key	= $6bc9

;******  Return to file: src/native/gemdesk-fmt.asm

.b23e					gm_mod_fmt:
>b23e	4e 4d 4f 44			        .text "nmod"
>b242	01 01 0e 00			        .byte 1,1,14,0
>b246	62 0d				        .word gm_mod_fmt_end-gm_mod_fmt
>b248	00 00				        .word 0
>b24a	10 00				        .word fmt.entry-gm_mod_fmt
>b24c	00 00				        .word 0
.b24e					fmt
.b24e					entry:
.b24e	a2 03		ldx #$03	        ldx #3                  ; forms draw on the desktop's surface
.b250	bd d2 86	lda $86d2,x	-       lda gm_surface,x
.b253	9d 5e bf	sta $bf5e,x	        sta fo_surface,x
.b256	ca		dex		        dex
.b257	10 f7		bpl $b250	        bpl -
.b259	4c 90 b2	jmp $b290	        jmp gm_format
.b25c					gm_form:
.b25c	8d 8e b2	sta $b28e	        sta gm_form_ptr
.b25f	8e 8f b2	stx $b28f	        stx gm_form_ptr+1
.b262	20 5f 61	jsr $615f	        jsr gm_bind
.b265	b0 1e		bcs $b285	        bcs gm_form_done
.b267	20 2e 9b	jsr $9b2e	        jsr gfx_clip_defaults
.b26a	ad 8e b2	lda $b28e	        lda gm_form_ptr
.b26d	ae 8f b2	ldx $b28f	        ldx gm_form_ptr+1
.b270	20 4c b6	jsr $b64c	        jsr fo_open
.b273	b0 10		bcs $b285	        bcs gm_form_done
.b275	20 38 b7	jsr $b738	        jsr fo_do
.b278	b0 0c		bcs $b286	        bcs gm_form_close_error
.b27a	8d 8d b2	sta $b28d	        sta gm_form_exit
.b27d	20 05 b7	jsr $b705	        jsr fo_close
.b280	b0 03		bcs $b285	        bcs gm_form_done
.b282	ad 8d b2	lda $b28d	        lda gm_form_exit
.b285					gm_form_done:
.b285	60		rts		        rts
.b286					gm_form_close_error:
.b286	48		pha		        pha
.b287	20 05 b7	jsr $b705	        jsr fo_close
.b28a	68		pla		        pla
.b28b	38		sec		        sec
.b28c	60		rts		        rts
>b28d	00				gm_form_exit: .byte 0
>b28e	00 00				gm_form_ptr: .word 0
.b290					gm_format:
.b290	a9 00		lda #$00	        lda #0
.b292	8d ab b4	sta $b4ab	        sta gm_fname_field      ; empty name and ID each time
.b295	8d c4 b4	sta $b4c4	        sta gm_fid_field
.b298	8d b3 b4	sta $b4b3	        sta gm_fname_buf
.b29b	8d cc b4	sta $b4cc	        sta gm_fid_buf
.b29e	a9 01		lda #$01	        lda #FOS_SELECTED
.b2a0	8d e6 b4	sta $b4e6	        sta gm_format_form+5+2*8+2
.b2a3	a9 00		lda #$00	        lda #0
.b2a5	8d ee b4	sta $b4ee	        sta gm_format_form+5+3*8+2
.b2a8	a9 cf		lda #$cf	        lda #<gm_format_form
.b2aa	a2 b4		ldx #$b4	        ldx #>gm_format_form
.b2ac	20 5c b2	jsr $b25c	        jsr gm_form
.b2af	90 03		bcc $b2b4	        bcc +
.b2b1	4c ff 6b	jmp $6bff	        jmp gm_view_fail
.b2b4	c9 08		cmp #$08	+       cmp #8                  ; Format
.b2b6	f0 03		beq $b2bb	        bne gm_format_done
.b2b8	4c a5 b3	jmp $b3a5
.b2bb	ae ab b4	ldx $b4ab	        ldx gm_fname_field
.b2be	d0 03		bne $b2c3	        beq gm_format_bad       ; a disk needs a name
.b2c0	4c a6 b3	jmp $b3a6
.b2c3	ad c4 b4	lda $b4c4	        lda gm_fid_field
.b2c6	f0 f8		beq $b2c0	        beq gm_format_bad
.b2c8	a9 08		lda #$08	        lda #8                  ; the chosen drive
.b2ca	ae ee b4	ldx $b4ee	        ldx gm_format_form+5+3*8+2
.b2cd	f0 02		beq $b2d1	        beq +
.b2cf	a9 09		lda #$09	        lda #9
.b2d1	8d 68 98	sta $9868	+       sta dc_device
.b2d4	8d de 86	sta $86de	        sta gm_dev
.b2d7	ae e4 3d	ldx $3de4	        ldx N_BOOTFORMAT        ; the geometry its icon opens it in, so its
.b2da	cd 2d 3d	cmp $3d2d	        cmp N_BOOTDEVICE        ; windows are the ones listed again
.b2dd	f0 04		beq $b2e3	        beq +
.b2df	20 61 68	jsr $6861	        jsr gm_drive_format
.b2e2	aa		tax		        tax
.b2e3	8e df 86	stx $86df	+       stx gm_fmt
.b2e6	ad de 86	lda $86de	        lda gm_dev
.b2e9	18		clc		        clc                     ; "[3][Format drive 8?|Every file on it|will be erased.][Format|Cancel]"
.b2ea	69 30		adc #$30	        adc #$30
.b2ec	8d ac b5	sta $b5ac	        sta gm_format_ask_drive
.b2ef	a9 9b		lda #$9b	        lda #<gm_format_ask
.b2f1	a2 b5		ldx #$b5	        ldx #>gm_format_ask
.b2f3	a0 02		ldy #$02	        ldy #2
.b2f5	20 f4 62	jsr $62f4	        jsr gm_alert
.b2f8	b0 be		bcs $b2b8	        bcs gm_format_done
.b2fa	ad 00 3a	lda $3a00	        lda N_BUFFER
.b2fd	c9 01		cmp #$01	        cmp #1
.b2ff	d0 b7		bne $b2b8	        bne gm_format_done
.b301	a0 03		ldy #$03	        ldy #3                  ; N0:NAME,ID
.b303	a2 00		ldx #$00	        ldx #0
.b305	bd b3 b4	lda $b4b3,x	-       lda gm_fname_buf,x
.b308	99 6a 98	sta $986a,y	        sta dc_text,y
.b30b	c8		iny		        iny
.b30c	e8		inx		        inx
.b30d	ec ab b4	cpx $b4ab	        cpx gm_fname_field
.b310	d0 f3		bne $b305	        bne -
.b312	a9 2c		lda #$2c	        lda #$2c
.b314	99 6a 98	sta $986a,y	        sta dc_text,y
.b317	c8		iny		        iny
.b318	a2 00		ldx #$00	        ldx #0
.b31a	bd cc b4	lda $b4cc,x	-       lda gm_fid_buf,x
.b31d	99 6a 98	sta $986a,y	        sta dc_text,y
.b320	c8		iny		        iny
.b321	e8		inx		        inx
.b322	ec c4 b4	cpx $b4c4	        cpx gm_fid_field
.b325	d0 f3		bne $b31a	        bne -
.b327	8c 69 98	sty $9869	        sty dc_length
.b32a	a9 4e		lda #$4e	        lda #$4e
.b32c	8d 6a 98	sta $986a	        sta dc_text
.b32f	a9 30		lda #$30	        lda #$30
.b331	8d 6b 98	sta $986b	        sta dc_text+1
.b334	a9 3a		lda #$3a	        lda #$3a
.b336	8d 6c 98	sta $986c	        sta dc_text+2
.b339	20 c8 b3	jsr $b3c8	        jsr progress_open       ; "Formatting disk" while the drive works
.b33c	20 42 96	jsr $9642	        jsr dc_command
.b33f	08		php		        php
.b340	48		pha		        pha
.b341	20 56 b4	jsr $b456	        jsr progress_close
.b344	68		pla		        pla
.b345	28		plp		        plp
.b346	b0 67		bcs $b3af	        bcs gm_format_error
.b348	c9 00		cmp #$00	        cmp #0
.b34a	d0 6a		bne $b3b6	        bne gm_format_status
.b34c	20 64 97	jsr $9764	        jsr dc_blocks_free      ; the new disk's listing, read back
.b34f	08		php		        php
.b350	ad cb 98	lda $98cb	        lda dc_free
.b353	8d a9 b4	sta $b4a9	        sta gm_fmt_free
.b356	ad cc 98	lda $98cc	        lda dc_free+1
.b359	8d aa b4	sta $b4aa	        sta gm_fmt_free+1
.b35c	20 e1 6f	jsr $6fe1	        jsr gm_refresh_drive
.b35f	28		plp		        plp
.b360	b0 3a		bcs $b39c	        bcs gm_format_unread
.b362	a9 00		lda #$00	        lda #0                  ; "[1][Drive 9 is formatted:|664 blocks free.][OK]"
.b364	8d 01 87	sta $8701	        sta gm_alen
.b367	a9 f0		lda #$f0	        lda #<gm_s_formatted
.b369	a2 b5		ldx #$b5	        ldx #>gm_s_formatted
.b36b	20 b7 6d	jsr $6db7	        jsr gm_astr
.b36e	ad de 86	lda $86de	        lda gm_dev
.b371	09 30		ora #$30	        ora #$30
.b373	20 cb 6d	jsr $6dcb	        jsr gm_aput
.b376	a9 fb		lda #$fb	        lda #<gm_s_formatted2
.b378	a2 b5		ldx #$b5	        ldx #>gm_s_formatted2
.b37a	20 b7 6d	jsr $6db7	        jsr gm_astr
.b37d	ad a9 b4	lda $b4a9	        lda gm_fmt_free
.b380	8d 70 87	sta $8770	        sta gm_num
.b383	ad aa b4	lda $b4aa	        lda gm_fmt_free+1
.b386	8d 71 87	sta $8771	        sta gm_num+1
.b389	20 d5 6d	jsr $6dd5	        jsr gm_anum
.b38c	a9 0b		lda #$0b	        lda #<gm_s_formatted3
.b38e	a2 b6		ldx #$b6	        ldx #>gm_s_formatted3
.b390	20 b7 6d	jsr $6db7	        jsr gm_astr
.b393	a9 02		lda #$02	        lda #<gm_abuf
.b395	a2 87		ldx #$87	        ldx #>gm_abuf
.b397	a0 01		ldy #$01	        ldy #1
.b399	4c f4 62	jmp $62f4	        jmp gm_alert
.b39c					gm_format_unread:
.b39c	a9 1e		lda #$1e	        lda #<gm_s_unread
.b39e	a2 b6		ldx #$b6	        ldx #>gm_s_unread
.b3a0	a0 01		ldy #$01	        ldy #1
.b3a2	4c f4 62	jmp $62f4	        jmp gm_alert
.b3a5					gm_format_done:
.b3a5	60		rts		        rts
.b3a6					gm_format_bad:
.b3a6	a9 73		lda #$73	        lda #<gm_format_need
.b3a8	a2 b5		ldx #$b5	        ldx #>gm_format_need
.b3aa	a0 01		ldy #$01	        ldy #1
.b3ac	4c f4 62	jmp $62f4	        jmp gm_alert
.b3af					gm_format_error:
.b3af	48		pha		        pha
.b3b0	20 bc b3	jsr $b3bc	        jsr gm_format_head
.b3b3	4c 70 6f	jmp $6f70	        jmp gm_error_hex
.b3b6					gm_format_status:
.b3b6	20 bc b3	jsr $b3bc	        jsr gm_format_head
.b3b9	4c 94 6f	jmp $6f94	        jmp gm_status_text
.b3bc					gm_format_head:
.b3bc	a9 00		lda #$00	        lda #0
.b3be	8d 01 87	sta $8701	        sta gm_alen
.b3c1	a9 53		lda #$53	        lda #<gm_s_noformat
.b3c3	a2 b5		ldx #$b5	        ldx #>gm_s_noformat
.b3c5	4c b7 6d	jmp $6db7	        jmp gm_astr

;******  Processing file: src/native/gemdesk-progress.inc

=7					PW_X = 7
=10					PW_Y = 10
=26					PW_W = 26
=3					PW_H = 3
.b3c8					progress_open:
.b3c8	a9 00		lda #$00	        lda #WS_CREATE
.b3ca	8d 00 3a	sta $3a00	        sta N_BUFFER
.b3cd	a9 01		lda #$01	        lda #<WK_NAME
.b3cf	8d 02 3a	sta $3a02	        sta N_BUFFER+2
.b3d2	a9 00		lda #$00	        lda #>WK_NAME
.b3d4	8d 03 3a	sta $3a03	        sta N_BUFFER+3
.b3d7	20 19 b4	jsr $b419	        jsr pw_rect             ; (the full size: the rectangle it opens at)
.b3da	20 4a 62	jsr $624a	        jsr gm_wcall
.b3dd	b0 2c		bcs $b40b	        bcs pw_none             ; no window free: the copy goes on without one
.b3df	ad 00 3a	lda $3a00	        lda N_BUFFER
.b3e2	8d 97 b4	sta $b497	        sta pw
.b3e5	20 30 b4	jsr $b430	        jsr progress_title
.b3e8	a9 01		lda #$01	        lda #WS_OPEN
.b3ea	20 0c b4	jsr $b40c	        jsr pw_call
.b3ed	20 16 b4	jsr $b416	        jsr pw_rect_at_2
.b3f0	20 4a 62	jsr $624a	        jsr gm_wcall
.b3f3	a9 07		lda #$07	        lda #WS_FILL            ; its work row: paper
.b3f5	20 0c b4	jsr $b40c	        jsr pw_call
.b3f8	a9 00		lda #$00	        lda #0
.b3fa	8d 02 3a	sta $3a02	        sta N_BUFFER+2
.b3fd	a9 61		lda #$61	        lda #GM_PAPER
.b3ff	8d 03 3a	sta $3a03	        sta N_BUFFER+3
.b402	20 19 b4	jsr $b419	        jsr pw_rect
.b405	20 4a 62	jsr $624a	        jsr gm_wcall
.b408	4c b9 62	jmp $62b9	        jmp ae_present
.b40b					pw_none:
.b40b	60		rts		        rts
.b40c					pw_call:
.b40c	8d 00 3a	sta $3a00	        sta N_BUFFER
.b40f	ad 97 b4	lda $b497	        lda pw
.b412	8d 01 3a	sta $3a01	        sta N_BUFFER+1
.b415	60		rts		        rts
.b416					pw_rect_at_2:
.b416	a2 00		ldx #$00	        ldx #0
>b418	2c				        .byte $2c               ; (bit abs: skips the next ldx)
.b419					pw_rect:
.b419	a2 02		ldx #$02	        ldx #2
.b41b	a9 07		lda #$07	        lda #PW_X
.b41d	9d 02 3a	sta $3a02,x	        sta N_BUFFER+2,x
.b420	a9 0a		lda #$0a	        lda #PW_Y
.b422	9d 03 3a	sta $3a03,x	        sta N_BUFFER+3,x
.b425	a9 1a		lda #$1a	        lda #PW_W
.b427	9d 04 3a	sta $3a04,x	        sta N_BUFFER+4,x
.b42a	a9 03		lda #$03	        lda #PW_H
.b42c	9d 05 3a	sta $3a05,x	        sta N_BUFFER+5,x
.b42f	60		rts		        rts
.b430					progress_title:
.b430	ad 97 b4	lda $b497	        lda pw
.b433	f0 d6		beq $b40b	        beq pw_none
.b435	20 98 b4	jsr $b498	        jsr progress_text
.b438	a9 04		lda #$04	        lda #WS_SET
.b43a	20 0c b4	jsr $b40c	        jsr pw_call
.b43d	a9 02		lda #$02	        lda #WF_NAME
.b43f	8d 02 3a	sta $3a02	        sta N_BUFFER+2
.b442	a2 00		ldx #$00	        ldx #0
.b444	bd 02 87	lda $8702,x	-       lda gm_abuf,x
.b447	9d 03 3a	sta $3a03,x	        sta N_BUFFER+3,x
.b44a	e8		inx		        inx
.b44b	ec 01 87	cpx $8701	        cpx gm_alen
.b44e	d0 f4		bne $b444	        bne -
.b450	20 4a 62	jsr $624a	        jsr gm_wcall
.b453	4c b9 62	jmp $62b9	        jmp ae_present
.b456					progress_close:
.b456	ad 97 b4	lda $b497	        lda pw
.b459	f0 b0		beq $b40b	        beq pw_none
.b45b	a9 02		lda #$02	        lda #WS_CLOSE
.b45d	20 0c b4	jsr $b40c	        jsr pw_call
.b460	20 4a 62	jsr $624a	        jsr gm_wcall
.b463	a9 03		lda #$03	        lda #WS_DELETE
.b465	20 0c b4	jsr $b40c	        jsr pw_call
.b468	20 4a 62	jsr $624a	        jsr gm_wcall
.b46b	a9 00		lda #$00	        lda #0
.b46d	8d 97 b4	sta $b497	        sta pw
.b470					pw_drain:
.b470	a9 30		lda #$30	        lda #MU_MESAG|MU_TIMER
.b472	8d cf 94	sta $94cf	        sta ae_ev_params
.b475	a9 00		lda #$00	        lda #0
.b477	8d dd 94	sta $94dd	        sta ae_ev_params+14
.b47a	8d de 94	sta $94de	        sta ae_ev_params+15
.b47d	20 63 92	jsr $9263	        jsr ae_event
.b480	b0 0d		bcs $b48f	        bcs +
.b482	ad df 94	lda $94df	        lda ae_ev_result
.b485	29 10		and #$10	        and #MU_MESAG
.b487	f0 06		beq $b48f	        beq +
.b489	20 41 63	jsr $6341	        jsr gm_message
.b48c	4c 70 b4	jmp $b470	        jmp pw_drain
.b48f	a9 00		lda #$00	+       lda #0                  ; no timer left for the next wait: an alert's
.b491	8d cf 94	sta $94cf	        sta ae_ev_params        ; wait would otherwise wake on every jiffy
.b494	4c b9 62	jmp $62b9	        jmp ae_present
>b497	00				pw: .byte 0                     ; the progress window's handle, 0 when none

;******  Return to file: src/native/gemdesk-fmt.asm

.b498					progress_text:
.b498	a9 00		lda #$00	        lda #0
.b49a	8d 01 87	sta $8701	        sta gm_alen
.b49d	a9 e0		lda #$e0	        lda #<gm_s_formatting
.b49f	a2 b5		ldx #$b5	        ldx #>gm_s_formatting
.b4a1	20 b7 6d	jsr $6db7	        jsr gm_astr
.b4a4	a9 00		lda #$00	        lda #0
.b4a6	4c cb 6d	jmp $6dcb	        jmp gm_aput
>b4a9	00 00				gm_fmt_free: .word 0
>b4ab	00 00 10			gm_fname_field: .byte 0,0,16    ; N_FEDIT records: disk name and ID (IEC filename filter)
>b4ae	b3 b4				        .word gm_fname_buf
>b4b0	00 00 03			        .byte 0,0,3
>b4b3	00 00 00 00 00 00 00 00		gm_fname_buf: .fill 17,0
>b4bb	00 00 00 00 00 00 00 00 00
>b4c4	00 00 02			gm_fid_field: .byte 0,0,2
>b4c7	cc b4				        .word gm_fid_buf
>b4c9	00 00 03			        .byte 0,0,3
>b4cc	00 00 00			gm_fid_buf: .fill 3,0
>b4cf	ff 00 1e 0b 0a			gm_format_form: .byte $ff,0,30,11,10
>b4d4	01 00 00 02 01 14		        .byte FOT_TEXT,0,0,2,1,20
>b4da	31 b5				        .word gm_t_format
>b4dc	01 00 00 02 03 06		        .byte FOT_TEXT,0,0,2,3,6
>b4e2	3d b5				        .word gm_t_drive
>b4e4	04 10 00 09 03 05		        .byte FOT_RADIO,$10,0,9,3,5
>b4ea	44 b5				        .word gm_t_8
>b4ec	04 10 00 0f 03 05		        .byte FOT_RADIO,$10,0,15,3,5
>b4f2	46 b5				        .word gm_t_9
>b4f4	01 00 00 02 04 05		        .byte FOT_TEXT,0,0,2,4,5
>b4fa	24 b5				        .word gm_t_name
>b4fc	05 00 00 09 04 11		        .byte FOT_FIELD,0,0,9,4,17
>b502	ab b4				        .word gm_fname_field
>b504	01 00 00 02 05 03		        .byte FOT_TEXT,0,0,2,5,3
>b50a	48 b5				        .word gm_t_id
>b50c	05 00 00 09 05 03		        .byte FOT_FIELD,0,0,9,5,3
>b512	c4 b4				        .word gm_fid_field
>b514	02 03 00 06 08 0a		        .byte FOT_BUTTON,FOF_DEFAULT|FOF_EXIT,0,6,8,10
>b51a	4c b5				        .word gm_t_formatb
>b51c	02 06 00 12 08 08		        .byte FOT_BUTTON,FOF_CANCEL|FOF_EXIT,0,18,8,8
>b522	2a b5				        .word gm_t_cancel
>b524	4e 61 6d 65 3a 00		gm_t_name: .byte 78,97,109,101,58,0   ; Name:
>b52a	43 61 6e 63 65 6c 00		gm_t_cancel: .byte 67,97,110,99,101,108,0   ; Cancel
>b531	46 6f 72 6d 61 74 20 64		gm_t_format: .byte 70,111,114,109,97,116,32,100,105,115,107,0   ; Format disk
>b539	69 73 6b 00
>b53d	44 72 69 76 65 3a 00		gm_t_drive: .byte 68,114,105,118,101,58,0   ; Drive:
>b544	38 00				gm_t_8: .byte 56,0   ; 8
>b546	39 00				gm_t_9: .byte 57,0   ; 9
>b548	49 44 3a 00			gm_t_id: .byte 73,68,58,0   ; ID:
>b54c	46 6f 72 6d 61 74 00		gm_t_formatb: .byte 70,111,114,109,97,116,0   ; Format
>b553	5b 33 5d 5b 43 6f 75 6c		gm_s_noformat: .byte 91,51,93,91,67,111,117,108,100,32,110,111,116,32,102,111,114,109,97,116,32,116,104,101,32,100,105,115,107,46,124,0   ; [3][Could not format the disk.|
>b55b	64 20 6e 6f 74 20 66 6f 72 6d 61 74 20 74 68 65
>b56b	20 64 69 73 6b 2e 7c 00
>b573	5b 31 5d 5b 41 20 64 69		gm_format_need: .byte 91,49,93,91,65,32,100,105,115,107,32,110,101,101,100,115,32,97,32,110,97,109,101,124,97,110,100,32,97,110,32,73,68,46,93,91,79,75,93,0   ; [1][A disk needs a name|and an ID.][OK]
>b57b	73 6b 20 6e 65 65 64 73 20 61 20 6e 61 6d 65 7c
>b58b	61 6e 64 20 61 6e 20 49 44 2e 5d 5b 4f 4b 5d 00
>b59b	5b 33 5d 5b 46 6f 72 6d		gm_format_ask: .byte 91,51,93,91,70,111,114,109,97,116,32,100,114,105,118,101,32
>b5a3	61 74 20 64 72 69 76 65 20
>b5ac	38				gm_format_ask_drive: .byte 56
>b5ad	3f 7c 45 76 65 72 79 20		        .byte 63,124,69,118,101,114,121,32,102,105,108,101,32,111,110,32,105,116,124,119,105,108,108,32,98,101,32,101,114,97,115,101,100,46,93,91,70,111,114,109,97,116,124,67,97,110,99,101,108,93,0
>b5b5	66 69 6c 65 20 6f 6e 20 69 74 7c 77 69 6c 6c 20
>b5c5	62 65 20 65 72 61 73 65 64 2e 5d 5b 46 6f 72 6d
>b5d5	61 74 7c 43 61 6e 63 65 6c 5d 00
>b5e0	46 6f 72 6d 61 74 74 69		gm_s_formatting: .byte 70,111,114,109,97,116,116,105,110,103,32,100,105,115,107,0   ; Formatting disk
>b5e8	6e 67 20 64 69 73 6b 00
>b5f0	5b 31 5d 5b 44 72 69 76		gm_s_formatted: .byte 91,49,93,91,68,114,105,118,101,32,0   ; [1][Drive
>b5f8	65 20 00
>b5fb	20 69 73 20 66 6f 72 6d		gm_s_formatted2: .byte 32,105,115,32,102,111,114,109,97,116,116,101,100,58,124,0   ;  is formatted:|
>b603	61 74 74 65 64 3a 7c 00
>b60b	20 62 6c 6f 63 6b 73 20		gm_s_formatted3: .byte 32,98,108,111,99,107,115,32,102,114,101,101,46,93,91,79,75,93,0   ;  blocks free.][OK]
>b613	66 72 65 65 2e 5d 5b 4f 4b 5d 00
>b61e	5b 33 5d 5b 54 68 65 20		gm_s_unread: .byte 91,51,93,91,84,104,101,32,110,101,119,32,100,105,115,107,32,99,111,117,108,100,124,110,111,116,32,98,101,32,114,101,97,100,32,98,97,99,107,46,93,91,79,75,93,0   ; [3][The new disk could|not be read back.][OK]
>b626	6e 65 77 20 64 69 73 6b 20 63 6f 75 6c 64 7c 6e
>b636	6f 74 20 62 65 20 72 65 61 64 20 62 61 63 6b 2e
>b646	5d 5b 4f 4b 5d 00

;******  Processing file: src/native/forms.inc

=1					FOT_TEXT = 1
=2					FOT_BUTTON = 2
=3					FOT_CHECK = 3
=4					FOT_RADIO = 4
=5					FOT_FIELD = 5
=1					FOF_DEFAULT = 1                  ; flags
=2					FOF_EXIT = 2
=4					FOF_CANCEL = 4
=1					FOS_SELECTED = 1                 ; state
=2					FOS_DISABLED = 2
=$61					FOC_PAPER = $61
=$07					FOC_FOCUS = $07
=$c1					FOC_GREY = $c1
=32					FOT_MAX_OBJECTS = 32
.b64c					fo_open:
.b64c	8d 66 bf	sta $bf66	        sta fo_ptr
.b64f	8e 67 bf	stx $bf67	        stx fo_ptr+1
.b652	8d 5b b6	sta $b65b	        sta fo_hdr+1
.b655	8e 5c b6	stx $b65c	        stx fo_hdr+2
.b658	a0 04		ldy #$04	        ldy #4
.b65a					fo_hdr:
.b65a	b9 ff ff	lda $ffff,y	        lda $ffff,y
.b65d	99 68 bf	sta $bf68,y	        sta fo_x,y
.b660	88		dey		        dey
.b661	10 f7		bpl $b65a	        bpl fo_hdr
.b663	ad 6c bf	lda $bf6c	        lda fo_n
.b666	d0 03		bne $b66b	        beq fo_bad
.b668	4c 01 b7	jmp $b701
.b66b	c9 21		cmp #$21	        cmp #FOT_MAX_OBJECTS+1
.b66d	b0 f9		bcs $b668	        bcs fo_bad
.b66f	ad 6a bf	lda $bf6a	        lda fo_w
.b672	c9 03		cmp #$03	        cmp #3
.b674	90 f2		bcc $b668	        bcc fo_bad
.b676	c9 27		cmp #$27	        cmp #39
.b678	b0 ee		bcs $b668	        bcs fo_bad
.b67a	ad 6b bf	lda $bf6b	        lda fo_h
.b67d	c9 03		cmp #$03	        cmp #3
.b67f	90 e7		bcc $b668	        bcc fo_bad
.b681	c9 18		cmp #$18	        cmp #24
.b683	b0 7c		bcs $b701	        bcs fo_bad
.b685	ad 68 bf	lda $bf68	        lda fo_x
.b688	c9 ff		cmp #$ff	        cmp #$ff
.b68a	d0 18		bne $b6a4	        bne fo_placed
.b68c	a9 28		lda #$28	        lda #40                 ; centred below the menu bar
.b68e	38		sec		        sec
.b68f	ed 6a bf	sbc $bf6a	        sbc fo_w
.b692	4a		lsr a		        lsr
.b693	8d 68 bf	sta $bf68	        sta fo_x
.b696	a9 19		lda #$19	        lda #25
.b698	38		sec		        sec
.b699	ed 6b bf	sbc $bf6b	        sbc fo_h
.b69c	4a		lsr a		        lsr
.b69d	d0 02		bne $b6a1	        bne +
.b69f	a9 01		lda #$01	        lda #1
.b6a1	8d 69 bf	sta $bf69	+       sta fo_y
.b6a4					fo_placed:
.b6a4	ad 69 bf	lda $bf69	        lda fo_y
.b6a7	f0 58		beq $b701	        beq fo_bad
.b6a9	18		clc		        clc
.b6aa	6d 6b bf	adc $bf6b	        adc fo_h
.b6ad	c9 1a		cmp #$1a	        cmp #26
.b6af	b0 50		bcs $b701	        bcs fo_bad
.b6b1	ad 68 bf	lda $bf68	        lda fo_x
.b6b4	18		clc		        clc
.b6b5	6d 6a bf	adc $bf6a	        adc fo_w
.b6b8	c9 29		cmp #$29	        cmp #41
.b6ba	b0 45		bcs $b701	        bcs fo_bad
.b6bc	20 96 bd	jsr $bd96	        jsr fo_transfer_alloc   ; save the cells under the form
.b6bf	b0 35		bcs $b6f6	        bcs fo_open_done
.b6c1	a2 00		ldx #$00	        ldx #0                  ; fields: caret at the end
.b6c3					fo_init_fields:
.b6c3	8e 79 bf	stx $bf79	        stx fo_i
.b6c6	20 e7 b9	jsr $b9e7	        jsr fo_fetch
.b6c9	ad 6d bf	lda $bf6d	        lda fo_type
.b6cc	c9 05		cmp #$05	        cmp #FOT_FIELD
.b6ce	d0 0d		bne $b6dd	        bne +
.b6d0	20 39 ba	jsr $ba39	        jsr fo_uiptr
.b6d3	a9 00		lda #$00	        lda #0
.b6d5	8d 37 3d	sta $3d37	        sta N_UIKEY
.b6d8	20 59 1c	jsr $1c59	        jsr N_FEDIT
.b6db	b0 1a		bcs $b6f7	        bcs fo_open_free
.b6dd	ae 79 bf	ldx $bf79	+       ldx fo_i
.b6e0	e8		inx		        inx
.b6e1	ec 6c bf	cpx $bf6c	        cpx fo_n
.b6e4	d0 dd		bne $b6c3	        bne fo_init_fields
.b6e6	a9 ff		lda #$ff	        lda #$ff
.b6e8	8d 78 bf	sta $bf78	        sta fo_focus
.b6eb	a9 01		lda #$01	        lda #1                  ; a press held from before is not a click
.b6ed	8d 80 bf	sta $bf80	        sta fo_prev_button
.b6f0	20 51 b9	jsr $b951	        jsr fo_next
.b6f3	20 46 ba	jsr $ba46	        jsr fo_draw_all
.b6f6					fo_open_done:
.b6f6	60		rts		        rts
.b6f7					fo_open_free:
.b6f7	48		pha		        pha
.b6f8	20 03 bf	jsr $bf03	        jsr fo_select_save
.b6fb	20 23 1c	jsr $1c23	        jsr N_FREE
.b6fe	68		pla		        pla
.b6ff	38		sec		        sec
.b700	60		rts		        rts
.b701					fo_bad:
.b701	a9 01		lda #$01	        lda #N_BADARG
.b703	38		sec		        sec
.b704	60		rts		        rts
.b705					fo_close:
.b705	a9 01		lda #$01	        lda #1                  ; saved copy -> surface
.b707	20 f2 bd	jsr $bdf2	        jsr fo_transfer
.b70a	08		php		        php
.b70b	48		pha		        pha
.b70c	20 18 b7	jsr $b718	        jsr fo_mark_rows        ; a raw copy, unseen by the graphics core's tracking
.b70f	20 03 bf	jsr $bf03	        jsr fo_select_save
.b712	20 23 1c	jsr $1c23	        jsr N_FREE
.b715	68		pla		        pla
.b716	28		plp		        plp
.b717	60		rts		        rts
.b718					fo_mark_rows:
.b718	ae 69 bf	ldx $bf69	        ldx fo_y
.b71b	ac 6b bf	ldy $bf6b	        ldy fo_h
.b71e	f0 0c		beq $b72c	        beq +
.b720	a9 01		lda #$01	        lda #1
.b722	8d b9 ab	sta $abb9	        sta vm_pending
.b725	9d a0 ab	sta $aba0,x	-       sta vm_rows,x
.b728	e8		inx		        inx
.b729	88		dey		        dey
.b72a	d0 f9		bne $b725	        bne -
.b72c	60		rts		+       rts
.b72d					fo_redraw:
.b72d	20 94 ba	jsr $ba94	        jsr fo_draw_obj
.b730	08		php		        php
.b731	48		pha		        pha
.b732	20 2e 9b	jsr $9b2e	        jsr gfx_clip_defaults
.b735	68		pla		        pla
.b736	28		plp		        plp
.b737	60		rts		        rts
.b738					fo_do:
.b738	20 b9 62	jsr $62b9	        jsr ae_present          ; the app's VDC mirror: rows the dialog redrew
.b73b	a9 01		lda #$01	        lda #1
.b73d	8d 12 3d	sta $3d12	        sta N_READY
.b740	20 3b 1c	jsr $1c3b	        jsr N_KEYIN
.b743	a2 00		ldx #$00	        ldx #0
.b745	8e 12 3d	stx $3d12	        stx N_READY
.b748	8d 7e bf	sta $bf7e	        sta fo_key
.b74b	20 66 a4	jsr $a466	        jsr pm_poll
.b74e	a2 00		ldx #$00	        ldx #0                  ; a press is a change from up to down
.b750	ad 77 a6	lda $a677	        lda pm_buttons
.b753	f0 06		beq $b75b	        beq +
.b755	ad 80 bf	lda $bf80	        lda fo_prev_button
.b758	d0 01		bne $b75b	        bne +
.b75a	e8		inx		        inx
.b75b	8e 7f bf	stx $bf7f	+       stx fo_press
.b75e	ad 77 a6	lda $a677	        lda pm_buttons
.b761	f0 02		beq $b765	        beq +
.b763	a9 01		lda #$01	        lda #1
.b765	8d 80 bf	sta $bf80	+       sta fo_prev_button
.b768	ad 7e bf	lda $bf7e	        lda fo_key
.b76b	f0 05		beq $b772	        beq +
.b76d	20 ae b7	jsr $b7ae	        jsr fo_key_act
.b770	b0 0a		bcs $b77c	        bcs fo_do_result
.b772	ad 7f bf	lda $bf7f	+       lda fo_press
.b775	f0 c1		beq $b738	        beq fo_do
.b777	20 57 b8	jsr $b857	        jsr fo_click
.b77a	90 bc		bcc $b738	        bcc fo_do
.b77c					fo_do_result:
.b77c	ad 77 a6	lda $a677	-       lda pm_buttons          ; left with the pointer: the press ends here, at
.b77f	f0 13		beq $b794	        beq +                   ; its release, so the caller never sees it
.b781	a9 01		lda #$01	        lda #1
.b783	8d 12 3d	sta $3d12	        sta N_READY
.b786	20 3b 1c	jsr $1c3b	        jsr N_KEYIN             ; (idle; a key typed meanwhile is dropped)
.b789	a2 00		ldx #$00	        ldx #0
.b78b	8e 12 3d	stx $3d12	        stx N_READY
.b78e	20 66 a4	jsr $a466	        jsr pm_poll
.b791	4c 7c b7	jmp $b77c	        jmp -
.b794	ad 81 bf	lda $bf81	+       lda fo_exit
.b797	c9 ff		cmp #$ff	        cmp #$ff
.b799	f0 02		beq $b79d	        beq +
.b79b	18		clc		        clc
.b79c	60		rts		        rts
.b79d	ad 82 bf	lda $bf82	+       lda fo_error
.b7a0	38		sec		        sec
.b7a1	60		rts		        rts
.b7a2					fo_fail:
.b7a2	8d 82 bf	sta $bf82	        sta fo_error
.b7a5	a9 ff		lda #$ff	        lda #$ff
.b7a7	8d 81 bf	sta $bf81	        sta fo_exit
.b7aa	38		sec		        sec
.b7ab	60		rts		        rts
.b7ac					fo_continue:
.b7ac	18		clc		        clc
.b7ad	60		rts		        rts
.b7ae					fo_key_act:
.b7ae	c9 1b		cmp #$1b	        cmp #27                 ; Esc: the cancel object
.b7b0	d0 05		bne $b7b7	        bne +
.b7b2	a9 04		lda #$04	        lda #FOF_CANCEL
.b7b4	4c 2c b8	jmp $b82c	        jmp fo_press_flagged
.b7b7	c9 0d		cmp #$0d	+       cmp #13
.b7b9	d0 1c		bne $b7d7	        bne +
.b7bb	ae 78 bf	ldx $bf78	        ldx fo_focus            ; Return: the focused button, else the default
.b7be	e0 ff		cpx #$ff	        cpx #$ff
.b7c0	f0 10		beq $b7d2	        beq fo_return_default
.b7c2	20 e7 b9	jsr $b9e7	        jsr fo_fetch
.b7c5	ad 6d bf	lda $bf6d	        lda fo_type
.b7c8	c9 02		cmp #$02	        cmp #FOT_BUTTON
.b7ca	d0 06		bne $b7d2	        bne fo_return_default
.b7cc	ae 78 bf	ldx $bf78	        ldx fo_focus
.b7cf	4c bc b8	jmp $b8bc	        jmp fo_act
.b7d2					fo_return_default:
.b7d2	a9 01		lda #$01	        lda #FOF_DEFAULT
.b7d4	4c 2c b8	jmp $b82c	        jmp fo_press_flagged
.b7d7	c9 09		cmp #$09	+       cmp #9                  ; Tab, cursor down: next
.b7d9	f0 0e		beq $b7e9	        beq fo_key_next
.b7db	c9 11		cmp #$11	        cmp #$11
.b7dd	f0 0a		beq $b7e9	        beq fo_key_next
.b7df	c9 91		cmp #$91	        cmp #$91
.b7e1	d0 0d		bne $b7f0	        bne fo_key_other
.b7e3	20 7d b9	jsr $b97d	        jsr fo_prev
.b7e6	4c ec b7	jmp $b7ec	        jmp fo_focus_moved
.b7e9					fo_key_next:
.b7e9	20 51 b9	jsr $b951	        jsr fo_next
.b7ec					fo_focus_moved:
.b7ec	b0 b4		bcs $b7a2	        bcs fo_fail
.b7ee	18		clc		        clc
.b7ef	60		rts		        rts
.b7f0					fo_key_other:
.b7f0	ae 78 bf	ldx $bf78	        ldx fo_focus
.b7f3	e0 ff		cpx #$ff	        cpx #$ff
.b7f5	f0 b5		beq $b7ac	        beq fo_continue
.b7f7	20 e7 b9	jsr $b9e7	        jsr fo_fetch
.b7fa	ad 6d bf	lda $bf6d	        lda fo_type
.b7fd	c9 05		cmp #$05	        cmp #FOT_FIELD
.b7ff	f0 0d		beq $b80e	        beq fo_edit
.b801	ad 7e bf	lda $bf7e	        lda fo_key              ; Space acts on the focused object
.b804	c9 20		cmp #$20	        cmp #32
.b806	d0 a4		bne $b7ac	        bne fo_continue
.b808	ae 78 bf	ldx $bf78	        ldx fo_focus
.b80b	4c bc b8	jmp $b8bc	        jmp fo_act
.b80e					fo_edit:
.b80e	20 39 ba	jsr $ba39	        jsr fo_uiptr
.b811	ad 7e bf	lda $bf7e	        lda fo_key
.b814	8d 37 3d	sta $3d37	        sta N_UIKEY
.b817	20 59 1c	jsr $1c59	        jsr N_FEDIT
.b81a	b0 86		bcs $b7a2	        bcs fo_fail
.b81c	ae 78 bf	ldx $bf78	        ldx fo_focus
.b81f	20 94 ba	jsr $ba94	        jsr fo_draw_obj
.b822	90 03		bcc $b827	        bcs fo_fail
.b824	4c a2 b7	jmp $b7a2
.b827	20 2e 9b	jsr $9b2e	        jsr gfx_clip_defaults
.b82a	18		clc		        clc
.b82b	60		rts		        rts
.b82c					fo_press_flagged:
.b82c	8d 7d bf	sta $bf7d	        sta fo_flag
.b82f	a2 00		ldx #$00	        ldx #0
.b831	8e 79 bf	stx $bf79	-       stx fo_i
.b834	20 e7 b9	jsr $b9e7	        jsr fo_fetch
.b837	ad 6e bf	lda $bf6e	        lda fo_flags
.b83a	2d 7d bf	and $bf7d	        and fo_flag
.b83d	f0 0d		beq $b84c	        beq +
.b83f	ad 6f bf	lda $bf6f	        lda fo_state
.b842	29 02		and #$02	        and #FOS_DISABLED
.b844	d0 06		bne $b84c	        bne +
.b846	ae 79 bf	ldx $bf79	        ldx fo_i
.b849	4c bc b8	jmp $b8bc	        jmp fo_act
.b84c	ae 79 bf	ldx $bf79	+       ldx fo_i
.b84f	e8		inx		        inx
.b850	ec 6c bf	cpx $bf6c	        cpx fo_n
.b853	d0 dc		bne $b831	        bne -
.b855	18		clc		        clc
.b856	60		rts		        rts
.b857					fo_click:
.b857	ad 71 a6	lda $a671	        lda pm_x+1              ; pointer cell
.b85a	4a		lsr a		        lsr
.b85b	ad 70 a6	lda $a670	        lda pm_x
.b85e	6a		ror a		        ror
.b85f	4a		lsr a		        lsr
.b860	4a		lsr a		        lsr
.b861	8d 84 bf	sta $bf84	        sta fo_cx
.b864	ad 72 a6	lda $a672	        lda pm_y
.b867	4a		lsr a		        lsr
.b868	4a		lsr a		        lsr
.b869	4a		lsr a		        lsr
.b86a	8d 85 bf	sta $bf85	        sta fo_cy
.b86d	a2 00		ldx #$00	        ldx #0
.b86f					fo_hit:
.b86f	8e 79 bf	stx $bf79	        stx fo_i
.b872	20 e7 b9	jsr $b9e7	        jsr fo_fetch
.b875	20 d1 b9	jsr $b9d1	        jsr fo_focusable
.b878	90 34		bcc $b8ae	        bcc fo_hit_next
.b87a	ad 84 bf	lda $bf84	        lda fo_cx
.b87d	38		sec		        sec
.b87e	ed 75 bf	sbc $bf75	        sbc fo_ax
.b881	90 2b		bcc $b8ae	        bcc fo_hit_next
.b883	cd 72 bf	cmp $bf72	        cmp fo_ow
.b886	b0 26		bcs $b8ae	        bcs fo_hit_next
.b888	ad 85 bf	lda $bf85	        lda fo_cy
.b88b	38		sec		        sec
.b88c	ed 76 bf	sbc $bf76	        sbc fo_ay
.b88f	90 1d		bcc $b8ae	        bcc fo_hit_next
.b891	cd 77 bf	cmp $bf77	        cmp fo_rows
.b894	b0 18		bcs $b8ae	        bcs fo_hit_next
.b896	ae 79 bf	ldx $bf79	        ldx fo_i
.b899	20 a5 b9	jsr $b9a5	        jsr fo_set_focus
.b89c	b0 1b		bcs $b8b9	        bcs fo_click_fail
.b89e	ad 6d bf	lda $bf6d	        lda fo_type
.b8a1	c9 05		cmp #$05	        cmp #FOT_FIELD
.b8a3	d0 03		bne $b8a8	        beq fo_continue
.b8a5	4c ac b7	jmp $b7ac
.b8a8	ae 79 bf	ldx $bf79	        ldx fo_i
.b8ab	4c bc b8	jmp $b8bc	        jmp fo_act
.b8ae					fo_hit_next:
.b8ae	ae 79 bf	ldx $bf79	        ldx fo_i
.b8b1	e8		inx		        inx
.b8b2	ec 6c bf	cpx $bf6c	        cpx fo_n
.b8b5	d0 b8		bne $b86f	        bne fo_hit
.b8b7	18		clc		        clc
.b8b8	60		rts		        rts
.b8b9					fo_click_fail:
.b8b9	4c a2 b7	jmp $b7a2	        jmp fo_fail
.b8bc					fo_act:
.b8bc	8e 79 bf	stx $bf79	        stx fo_i
.b8bf	20 e7 b9	jsr $b9e7	        jsr fo_fetch
.b8c2	ad 6f bf	lda $bf6f	        lda fo_state
.b8c5	29 02		and #$02	        and #FOS_DISABLED
.b8c7	d0 dc		bne $b8a5	        bne fo_continue
.b8c9	ad 6d bf	lda $bf6d	        lda fo_type
.b8cc	c9 02		cmp #$02	        cmp #FOT_BUTTON
.b8ce	d0 0f		bne $b8df	        bne +
.b8d0	ad 6e bf	lda $bf6e	        lda fo_flags
.b8d3	29 06		and #$06	        and #FOF_EXIT|FOF_CANCEL
.b8d5	f0 ce		beq $b8a5	        beq fo_continue
.b8d7	ad 79 bf	lda $bf79	        lda fo_i
.b8da	8d 81 bf	sta $bf81	        sta fo_exit
.b8dd	38		sec		        sec
.b8de	60		rts		        rts
.b8df	c9 03		cmp #$03	+       cmp #FOT_CHECK
.b8e1	d0 13		bne $b8f6	        bne +
.b8e3	ad 6f bf	lda $bf6f	        lda fo_state
.b8e6	49 01		eor #$01	        eor #FOS_SELECTED
.b8e8	20 30 ba	jsr $ba30	        jsr fo_put_state
.b8eb	ae 79 bf	ldx $bf79	        ldx fo_i
.b8ee	20 94 ba	jsr $ba94	        jsr fo_draw_obj
.b8f1	b0 5b		bcs $b94e	        bcs fo_act_fail
.b8f3	4c 49 b9	jmp $b949	        jmp fo_act_done
.b8f6	c9 04		cmp #$04	+       cmp #FOT_RADIO
.b8f8	d0 ab		bne $b8a5	        bne fo_continue
.b8fa	ad 6e bf	lda $bf6e	        lda fo_flags
.b8fd	29 f0		and #$f0	        and #$f0
.b8ff	8d 7d bf	sta $bf7d	        sta fo_flag             ; the group
.b902	ad 79 bf	lda $bf79	        lda fo_i
.b905	8d 7b bf	sta $bf7b	        sta fo_target
.b908	a2 00		ldx #$00	        ldx #0
.b90a					fo_radio_loop:
.b90a	8e 79 bf	stx $bf79	        stx fo_i
.b90d	20 e7 b9	jsr $b9e7	        jsr fo_fetch
.b910	ad 6d bf	lda $bf6d	        lda fo_type
.b913	c9 04		cmp #$04	        cmp #FOT_RADIO
.b915	d0 29		bne $b940	        bne fo_radio_next
.b917	ad 6e bf	lda $bf6e	        lda fo_flags
.b91a	29 f0		and #$f0	        and #$f0
.b91c	cd 7d bf	cmp $bf7d	        cmp fo_flag
.b91f	d0 1f		bne $b940	        bne fo_radio_next
.b921	ad 6f bf	lda $bf6f	        lda fo_state
.b924	29 fe		and #$fe	        and #255-FOS_SELECTED
.b926	ae 79 bf	ldx $bf79	        ldx fo_i
.b929	ec 7b bf	cpx $bf7b	        cpx fo_target
.b92c	d0 02		bne $b930	        bne +
.b92e	09 01		ora #$01	        ora #FOS_SELECTED
.b930	cd 6f bf	cmp $bf6f	+       cmp fo_state
.b933	f0 0b		beq $b940	        beq fo_radio_next
.b935	20 30 ba	jsr $ba30	        jsr fo_put_state
.b938	ae 79 bf	ldx $bf79	        ldx fo_i
.b93b	20 94 ba	jsr $ba94	        jsr fo_draw_obj
.b93e	b0 0e		bcs $b94e	        bcs fo_act_fail
.b940					fo_radio_next:
.b940	ae 79 bf	ldx $bf79	        ldx fo_i
.b943	e8		inx		        inx
.b944	ec 6c bf	cpx $bf6c	        cpx fo_n
.b947	d0 c1		bne $b90a	        bne fo_radio_loop
.b949					fo_act_done:
.b949	20 2e 9b	jsr $9b2e	        jsr gfx_clip_defaults
.b94c	18		clc		        clc
.b94d	60		rts		        rts
.b94e					fo_act_fail:
.b94e	4c a2 b7	jmp $b7a2	        jmp fo_fail
.b951					fo_next:
.b951	ae 78 bf	ldx $bf78	        ldx fo_focus
.b954	ad 6c bf	lda $bf6c	        lda fo_n
.b957	8d 7c bf	sta $bf7c	        sta fo_count
.b95a	e8		inx		-       inx
.b95b	ec 6c bf	cpx $bf6c	        cpx fo_n
.b95e	90 02		bcc $b962	        bcc +
.b960	a2 00		ldx #$00	        ldx #0
.b962	8e 79 bf	stx $bf79	+       stx fo_i
.b965	20 e7 b9	jsr $b9e7	        jsr fo_fetch
.b968	20 d1 b9	jsr $b9d1	        jsr fo_focusable
.b96b	b0 0a		bcs $b977	        bcs +
.b96d	ae 79 bf	ldx $bf79	        ldx fo_i
.b970	ce 7c bf	dec $bf7c	        dec fo_count
.b973	d0 e5		bne $b95a	        bne -
.b975	18		clc		        clc
.b976	60		rts		        rts
.b977	ae 79 bf	ldx $bf79	+       ldx fo_i
.b97a	4c a5 b9	jmp $b9a5	        jmp fo_set_focus
.b97d					fo_prev:
.b97d	ae 78 bf	ldx $bf78	        ldx fo_focus
.b980	ad 6c bf	lda $bf6c	        lda fo_n
.b983	8d 7c bf	sta $bf7c	        sta fo_count
.b986	ca		dex		-       dex
.b987	10 04		bpl $b98d	        bpl +
.b989	ae 6c bf	ldx $bf6c	        ldx fo_n
.b98c	ca		dex		        dex
.b98d	8e 79 bf	stx $bf79	+       stx fo_i
.b990	20 e7 b9	jsr $b9e7	        jsr fo_fetch
.b993	20 d1 b9	jsr $b9d1	        jsr fo_focusable
.b996	b0 0a		bcs $b9a2	        bcs +
.b998	ae 79 bf	ldx $bf79	        ldx fo_i
.b99b	ce 7c bf	dec $bf7c	        dec fo_count
.b99e	d0 e6		bne $b986	        bne -
.b9a0	18		clc		        clc
.b9a1	60		rts		        rts
.b9a2	ae 79 bf	ldx $bf79	+       ldx fo_i
.b9a5					fo_set_focus:
.b9a5	ad 78 bf	lda $bf78	        lda fo_focus
.b9a8	8e 78 bf	stx $bf78	        stx fo_focus
.b9ab	cd 78 bf	cmp $bf78	        cmp fo_focus
.b9ae	f0 12		beq $b9c2	        beq fo_focus_same
.b9b0	c9 ff		cmp #$ff	        cmp #$ff
.b9b2	f0 06		beq $b9ba	        beq +
.b9b4	aa		tax		        tax
.b9b5	20 94 ba	jsr $ba94	        jsr fo_draw_obj
.b9b8	b0 0c		bcs $b9c6	        bcs fo_focus_done
.b9ba	ae 78 bf	ldx $bf78	+       ldx fo_focus
.b9bd	20 94 ba	jsr $ba94	        jsr fo_draw_obj
.b9c0	b0 04		bcs $b9c6	        bcs fo_focus_done
.b9c2					fo_focus_same:
.b9c2	20 2e 9b	jsr $9b2e	        jsr gfx_clip_defaults
.b9c5	18		clc		        clc
.b9c6					fo_focus_done:
.b9c6	08		php		        php
.b9c7	48		pha		        pha
.b9c8	ae 79 bf	ldx $bf79	        ldx fo_i                ; callers expect fo_o to be this object
.b9cb	20 e7 b9	jsr $b9e7	        jsr fo_fetch
.b9ce	68		pla		        pla
.b9cf	28		plp		        plp
.b9d0	60		rts		        rts
.b9d1					fo_focusable:
.b9d1	ad 6d bf	lda $bf6d	        lda fo_type
.b9d4	c9 02		cmp #$02	        cmp #FOT_BUTTON
.b9d6	90 0d		bcc $b9e5	        bcc +
.b9d8	c9 06		cmp #$06	        cmp #FOT_FIELD+1
.b9da	b0 09		bcs $b9e5	        bcs +
.b9dc	ad 6f bf	lda $bf6f	        lda fo_state
.b9df	29 02		and #$02	        and #FOS_DISABLED
.b9e1	d0 02		bne $b9e5	        bne +
.b9e3	38		sec		        sec
.b9e4	60		rts		        rts
.b9e5	18		clc		+       clc
.b9e6	60		rts		        rts
.b9e7					fo_fetch:
.b9e7	8a		txa		        txa
.b9e8	0a		asl a		        asl
.b9e9	0a		asl a		        asl
.b9ea	0a		asl a		        asl
.b9eb	18		clc		        clc
.b9ec	69 05		adc #$05	        adc #5
.b9ee	18		clc		        clc
.b9ef	6d 66 bf	adc $bf66	        adc fo_ptr
.b9f2	8d 06 ba	sta $ba06	        sta fo_obj_rd+1
.b9f5	8d 36 ba	sta $ba36	        sta fo_obj_wr+1
.b9f8	ad 67 bf	lda $bf67	        lda fo_ptr+1
.b9fb	69 00		adc #$00	        adc #0
.b9fd	8d 07 ba	sta $ba07	        sta fo_obj_rd+2
.ba00	8d 37 ba	sta $ba37	        sta fo_obj_wr+2
.ba03	a0 07		ldy #$07	        ldy #7
.ba05					fo_obj_rd:
.ba05	b9 ff ff	lda $ffff,y	        lda $ffff,y
.ba08	99 6d bf	sta $bf6d,y	        sta fo_type,y
.ba0b	88		dey		        dey
.ba0c	10 f7		bpl $ba05	        bpl fo_obj_rd
.ba0e	ad 68 bf	lda $bf68	        lda fo_x
.ba11	18		clc		        clc
.ba12	6d 70 bf	adc $bf70	        adc fo_ox
.ba15	8d 75 bf	sta $bf75	        sta fo_ax
.ba18	ad 69 bf	lda $bf69	        lda fo_y
.ba1b	18		clc		        clc
.ba1c	6d 71 bf	adc $bf71	        adc fo_oy
.ba1f	8d 76 bf	sta $bf76	        sta fo_ay
.ba22	a0 01		ldy #$01	        ldy #1
.ba24	ad 6d bf	lda $bf6d	        lda fo_type
.ba27	c9 02		cmp #$02	        cmp #FOT_BUTTON
.ba29	d0 01		bne $ba2c	        bne +
.ba2b	c8		iny		        iny
.ba2c	8c 77 bf	sty $bf77	+       sty fo_rows
.ba2f	60		rts		        rts
.ba30					fo_put_state:
.ba30	8d 6f bf	sta $bf6f	        sta fo_state
.ba33	a0 02		ldy #$02	        ldy #2
.ba35					fo_obj_wr:
.ba35	99 ff ff	sta $ffff,y	        sta $ffff,y
.ba38	60		rts		        rts
.ba39					fo_uiptr:
.ba39	ad 73 bf	lda $bf73	        lda fo_spec
.ba3c	8d 35 3d	sta $3d35	        sta N_UIPTR
.ba3f	ad 74 bf	lda $bf74	        lda fo_spec+1
.ba42	8d 36 3d	sta $3d36	        sta N_UIPTR+1
.ba45	60		rts		        rts
.ba46					fo_draw_all:
.ba46	ad 68 bf	lda $bf68	        lda fo_x
.ba49	8d 86 bf	sta $bf86	        sta fo_c0x
.ba4c	18		clc		        clc
.ba4d	6d 6a bf	adc $bf6a	        adc fo_w
.ba50	8d 88 bf	sta $bf88	        sta fo_c1x
.ba53	ad 69 bf	lda $bf69	        lda fo_y
.ba56	8d 87 bf	sta $bf87	        sta fo_c0y
.ba59	18		clc		        clc
.ba5a	6d 6b bf	adc $bf6b	        adc fo_h
.ba5d	8d 89 bf	sta $bf89	        sta fo_c1y
.ba60	a2 00		ldx #$00	        ldx #0
.ba62	8e 8a bf	stx $bf8a	-       stx fo_inset
.ba65	8a		txa		        txa
.ba66	29 01		and #$01	        and #1                  ; insets 0 2 4 clear, 1 3 ink
.ba68	20 03 bd	jsr $bd03	        jsr fo_box
.ba6b	b0 26		bcs $ba93	        bcs fo_draw_done
.ba6d	ae 8a bf	ldx $bf8a	        ldx fo_inset
.ba70	e8		inx		        inx
.ba71	e0 05		cpx #$05	        cpx #5
.ba73	d0 ed		bne $ba62	        bne -
.ba75	a9 61		lda #$61	        lda #FOC_PAPER
.ba77	20 55 bd	jsr $bd55	        jsr fo_cells
.ba7a	b0 17		bcs $ba93	        bcs fo_draw_done
.ba7c	a2 00		ldx #$00	        ldx #0
.ba7e	8e 7a bf	stx $bf7a	-       stx fo_j
.ba81	20 94 ba	jsr $ba94	        jsr fo_draw_obj
.ba84	b0 0d		bcs $ba93	        bcs fo_draw_done
.ba86	ae 7a bf	ldx $bf7a	        ldx fo_j
.ba89	e8		inx		        inx
.ba8a	ec 6c bf	cpx $bf6c	        cpx fo_n
.ba8d	d0 ef		bne $ba7e	        bne -
.ba8f	20 2e 9b	jsr $9b2e	        jsr gfx_clip_defaults
.ba92	18		clc		        clc
.ba93					fo_draw_done:
.ba93	60		rts		        rts
.ba94					fo_draw_obj:
.ba94	8e 79 bf	stx $bf79	        stx fo_i
.ba97	20 e7 b9	jsr $b9e7	        jsr fo_fetch
.ba9a	a9 61		lda #$61	        lda #FOC_PAPER           ; its colour
.ba9c	8d 83 bf	sta $bf83	        sta fo_color
.ba9f	ad 6f bf	lda $bf6f	        lda fo_state
.baa2	29 02		and #$02	        and #FOS_DISABLED
.baa4	f0 07		beq $baad	        beq +
.baa6	a9 c1		lda #$c1	        lda #FOC_GREY
.baa8	8d 83 bf	sta $bf83	        sta fo_color
.baab	d0 14		bne $bac1	        bne ++
.baad	ad 79 bf	lda $bf79	+       lda fo_i
.bab0	cd 78 bf	cmp $bf78	        cmp fo_focus
.bab3	d0 0c		bne $bac1	        bne +
.bab5	ad 6d bf	lda $bf6d	        lda fo_type
.bab8	c9 05		cmp #$05	        cmp #FOT_FIELD           ; a field shows focus at its caret only
.baba	f0 05		beq $bac1	        beq +
.babc	a9 07		lda #$07	        lda #FOC_FOCUS
.babe	8d 83 bf	sta $bf83	        sta fo_color
.bac1	ad 75 bf	lda $bf75	+       lda fo_ax               ; its cells, cleared
.bac4	8d 86 bf	sta $bf86	        sta fo_c0x
.bac7	18		clc		        clc
.bac8	6d 72 bf	adc $bf72	        adc fo_ow
.bacb	8d 88 bf	sta $bf88	        sta fo_c1x
.bace	ad 76 bf	lda $bf76	        lda fo_ay
.bad1	8d 87 bf	sta $bf87	        sta fo_c0y
.bad4	18		clc		        clc
.bad5	6d 77 bf	adc $bf77	        adc fo_rows
.bad8	8d 89 bf	sta $bf89	        sta fo_c1y
.badb	a9 00		lda #$00	        lda #0
.badd	8d 8a bf	sta $bf8a	        sta fo_inset
.bae0	20 03 bd	jsr $bd03	        jsr fo_box              ; A = 0: clear
.bae3	b0 ae		bcs $ba93	        bcs fo_draw_done
.bae5	ad 6d bf	lda $bf6d	        lda fo_type
.bae8	c9 02		cmp #$02	        cmp #FOT_BUTTON
.baea	f0 1d		beq $bb09	        beq fo_draw_button
.baec	c9 03		cmp #$03	        cmp #FOT_CHECK
.baee	f0 77		beq $bb67	        beq fo_draw_toggle
.baf0	c9 04		cmp #$04	        cmp #FOT_RADIO
.baf2	f0 73		beq $bb67	        beq fo_draw_toggle
.baf4	c9 05		cmp #$05	        cmp #FOT_FIELD
.baf6	d0 03		bne $bafb	        bne +
.baf8	4c c2 bb	jmp $bbc2	        jmp fo_draw_field
.bafb	20 bb bc	jsr $bcbb	+       jsr fo_label            ; text
.bafe	ad 75 bf	lda $bf75	        lda fo_ax
.bb01	20 df bc	jsr $bcdf	        jsr fo_text_at_row
.bb04	b0 8d		bcs $ba93	        bcs fo_draw_done
.bb06	4c bb bb	jmp $bbbb	        jmp fo_draw_colors
.bb09					fo_draw_button:
.bb09	a9 01		lda #$01	        lda #1                  ; a one-pixel frame; the default has two
.bb0b	20 03 bd	jsr $bd03	        jsr fo_box
.bb0e	b0 83		bcs $ba93	        bcs fo_draw_done
.bb10	ee 8a bf	inc $bf8a	        inc fo_inset
.bb13	a9 00		lda #$00	        lda #0
.bb15	20 03 bd	jsr $bd03	        jsr fo_box
.bb18	90 03		bcc $bb1d	        bcs fo_draw_done
.bb1a	4c 93 ba	jmp $ba93
.bb1d	ad 6e bf	lda $bf6e	        lda fo_flags
.bb20	29 01		and #$01	        and #FOF_DEFAULT
.bb22	f0 11		beq $bb35	        beq +
.bb24	a9 01		lda #$01	        lda #1
.bb26	20 03 bd	jsr $bd03	        jsr fo_box
.bb29	b0 ef		bcs $bb1a	        bcs fo_draw_done
.bb2b	ee 8a bf	inc $bf8a	        inc fo_inset
.bb2e	a9 00		lda #$00	        lda #0
.bb30	20 03 bd	jsr $bd03	        jsr fo_box
.bb33	b0 e5		bcs $bb1a	        bcs fo_draw_done
.bb35	20 bb bc	jsr $bcbb	+       jsr fo_label            ; centred label, 4 pixels down
.bb38	ad 72 bf	lda $bf72	        lda fo_ow
.bb3b	38		sec		        sec
.bb3c	ed 58 a0	sbc $a058	        sbc gfx_text_length
.bb3f	4a		lsr a		        lsr
.bb40	18		clc		        clc
.bb41	6d 75 bf	adc $bf75	        adc fo_ax
.bb44	20 81 bd	jsr $bd81	        jsr fo_times8
.bb47	8d 16 9f	sta $9f16	        sta gfx_x0
.bb4a	8e 17 9f	stx $9f17	        stx gfx_x0+1
.bb4d	ad 76 bf	lda $bf76	        lda fo_ay
.bb50	20 81 bd	jsr $bd81	        jsr fo_times8
.bb53	18		clc		        clc
.bb54	69 04		adc #$04	        adc #4
.bb56	8d 18 9f	sta $9f18	        sta gfx_y0
.bb59	8a		txa		        txa
.bb5a	69 00		adc #$00	        adc #0
.bb5c	8d 19 9f	sta $9f19	        sta gfx_y0+1
.bb5f	20 f4 bc	jsr $bcf4	        jsr fo_text
.bb62	b0 5d		bcs $bbc1	        bcs fo_draw_fail
.bb64	4c bb bb	jmp $bbbb	        jmp fo_draw_colors
.bb67					fo_draw_toggle:
.bb67	ad 6f bf	lda $bf6f	        lda fo_state            ; glyph: box or circle, empty or marked
.bb6a	29 01		and #$01	        and #FOS_SELECTED
.bb6c	8d 8b bf	sta $bf8b	        sta fo_t8
.bb6f	ad 6d bf	lda $bf6d	        lda fo_type
.bb72	38		sec		        sec
.bb73	e9 03		sbc #$03	        sbc #FOT_CHECK
.bb75	0a		asl a		        asl
.bb76	0d 8b bf	ora $bf8b	        ora fo_t8
.bb79	0a		asl a		        asl
.bb7a	0a		asl a		        asl
.bb7b	0a		asl a		        asl
.bb7c	a8		tay		        tay
.bb7d	a2 00		ldx #$00	        ldx #0
.bb7f	b9 3e bf	lda $bf3e,y	-       lda fo_glyphs,y
.bb82	9d 43 9f	sta $9f43,x	        sta gfx_bits,x
.bb85	c8		iny		        iny
.bb86	e8		inx		        inx
.bb87	e0 08		cpx #$08	        cpx #8
.bb89	d0 f4		bne $bb7f	        bne -
.bb8b	ad 75 bf	lda $bf75	        lda fo_ax
.bb8e	20 81 bd	jsr $bd81	        jsr fo_times8
.bb91	8d 16 9f	sta $9f16	        sta gfx_x0
.bb94	8e 17 9f	stx $9f17	        stx gfx_x0+1
.bb97	ad 76 bf	lda $bf76	        lda fo_ay
.bb9a	20 81 bd	jsr $bd81	        jsr fo_times8
.bb9d	8d 18 9f	sta $9f18	        sta gfx_y0
.bba0	8e 19 9f	stx $9f19	        stx gfx_y0+1
.bba3	a9 03		lda #$03	        lda #3
.bba5	8d 1e 9f	sta $9f1e	        sta gfx_pen
.bba8	20 7e 99	jsr $997e	        jsr gfx_glyph
.bbab	b0 14		bcs $bbc1	        bcs fo_draw_fail
.bbad	20 bb bc	jsr $bcbb	        jsr fo_label
.bbb0	ad 75 bf	lda $bf75	        lda fo_ax
.bbb3	18		clc		        clc
.bbb4	69 02		adc #$02	        adc #2
.bbb6	20 df bc	jsr $bcdf	        jsr fo_text_at_row
.bbb9	b0 06		bcs $bbc1	        bcs fo_draw_fail
.bbbb					fo_draw_colors:
.bbbb	ad 83 bf	lda $bf83	        lda fo_color
.bbbe	4c 55 bd	jmp $bd55	        jmp fo_cells
.bbc1					fo_draw_fail:
.bbc1	60		rts		        rts
.bbc2					fo_draw_field:
.bbc2	ad 73 bf	lda $bf73	        lda fo_spec             ; record: length, caret, max, buffer, view
.bbc5	8d d7 bb	sta $bbd7	        sta fo_rec_rd+1
.bbc8	8d 09 bc	sta $bc09	        sta fo_rec_wr+1
.bbcb	ad 74 bf	lda $bf74	        lda fo_spec+1
.bbce	8d d8 bb	sta $bbd8	        sta fo_rec_rd+2
.bbd1	8d 0a bc	sta $bc0a	        sta fo_rec_wr+2
.bbd4	a0 05		ldy #$05	        ldy #5
.bbd6					fo_rec_rd:
.bbd6	b9 ff ff	lda $ffff,y	        lda $ffff,y
.bbd9	99 9a bf	sta $bf9a,y	        sta fo_rec,y
.bbdc	88		dey		        dey
.bbdd	10 f7		bpl $bbd6	        bpl fo_rec_rd
.bbdf	ad 9b bf	lda $bf9b	        lda fo_rec+1            ; keep the caret inside the view
.bbe2	cd 9f bf	cmp $bf9f	        cmp fo_rec+5
.bbe5	b0 03		bcs $bbea	        bcs +
.bbe7	8d 9f bf	sta $bf9f	        sta fo_rec+5
.bbea	ad 9b bf	lda $bf9b	+       lda fo_rec+1
.bbed	38		sec		        sec
.bbee	ed 9f bf	sbc $bf9f	        sbc fo_rec+5
.bbf1	cd 72 bf	cmp $bf72	        cmp fo_ow
.bbf4	90 0d		bcc $bc03	        bcc +
.bbf6	ad 9b bf	lda $bf9b	        lda fo_rec+1
.bbf9	38		sec		        sec
.bbfa	ed 72 bf	sbc $bf72	        sbc fo_ow
.bbfd	18		clc		        clc
.bbfe	69 01		adc #$01	        adc #1
.bc00	8d 9f bf	sta $bf9f	        sta fo_rec+5
.bc03	ad 9f bf	lda $bf9f	+       lda fo_rec+5
.bc06	a0 05		ldy #$05	        ldy #5
.bc08					fo_rec_wr:
.bc08	99 ff ff	sta $ffff,y	        sta $ffff,y
.bc0b	ad 9d bf	lda $bf9d	        lda fo_rec+3            ; the visible bytes
.bc0e	18		clc		        clc
.bc0f	6d 9f bf	adc $bf9f	        adc fo_rec+5
.bc12	8d 38 bc	sta $bc38	        sta fo_buf_rd+1
.bc15	ad 9e bf	lda $bf9e	        lda fo_rec+4
.bc18	69 00		adc #$00	        adc #0
.bc1a	8d 39 bc	sta $bc39	        sta fo_buf_rd+2
.bc1d	ad 9a bf	lda $bf9a	        lda fo_rec
.bc20	38		sec		        sec
.bc21	ed 9f bf	sbc $bf9f	        sbc fo_rec+5
.bc24	b0 02		bcs $bc28	        bcs +
.bc26	a9 00		lda #$00	        lda #0
.bc28	cd 72 bf	cmp $bf72	+       cmp fo_ow
.bc2b	90 03		bcc $bc30	        bcc +
.bc2d	ad 72 bf	lda $bf72	        lda fo_ow
.bc30	8d 58 a0	sta $a058	+       sta gfx_text_length
.bc33	a0 00		ldy #$00	        ldy #0
.bc35	f0 07		beq $bc3e	        beq fo_buf_test
.bc37					fo_buf_rd:
.bc37	b9 ff ff	lda $ffff,y	        lda $ffff,y
.bc3a	99 59 a0	sta $a059,y	        sta gfx_text_buffer,y
.bc3d	c8		iny		        iny
.bc3e					fo_buf_test:
.bc3e	cc 58 a0	cpy $a058	        cpy gfx_text_length
.bc41	d0 f4		bne $bc37	        bne fo_buf_rd
.bc43	ad 75 bf	lda $bf75	        lda fo_ax
.bc46	20 df bc	jsr $bcdf	        jsr fo_text_at_row
.bc49	b0 6f		bcs $bcba	        bcs fo_field_done
.bc4b	a9 01		lda #$01	        lda #1                  ; underline: the cells' last pixel row
.bc4d	8d 1e 9f	sta $9f1e	        sta gfx_pen
.bc50	ad 75 bf	lda $bf75	        lda fo_ax
.bc53	20 81 bd	jsr $bd81	        jsr fo_times8
.bc56	8d 16 9f	sta $9f16	        sta gfx_x0
.bc59	8e 17 9f	stx $9f17	        stx gfx_x0+1
.bc5c	ad 88 bf	lda $bf88	        lda fo_c1x
.bc5f	20 81 bd	jsr $bd81	        jsr fo_times8
.bc62	8d 1a 9f	sta $9f1a	        sta gfx_x1
.bc65	8e 1b 9f	stx $9f1b	        stx gfx_x1+1
.bc68	ad 76 bf	lda $bf76	        lda fo_ay
.bc6b	20 81 bd	jsr $bd81	        jsr fo_times8
.bc6e	18		clc		        clc
.bc6f	69 07		adc #$07	        adc #7
.bc71	8d 18 9f	sta $9f18	        sta gfx_y0
.bc74	8a		txa		        txa
.bc75	69 00		adc #$00	        adc #0
.bc77	8d 19 9f	sta $9f19	        sta gfx_y0+1
.bc7a	ad 18 9f	lda $9f18	        lda gfx_y0
.bc7d	18		clc		        clc
.bc7e	69 01		adc #$01	        adc #1
.bc80	8d 1c 9f	sta $9f1c	        sta gfx_y1
.bc83	ad 19 9f	lda $9f19	        lda gfx_y0+1
.bc86	69 00		adc #$00	        adc #0
.bc88	8d 1d 9f	sta $9f1d	        sta gfx_y1+1
.bc8b	20 6c 99	jsr $996c	        jsr gfx_rect
.bc8e	b0 2a		bcs $bcba	        bcs fo_field_done
.bc90	ad 83 bf	lda $bf83	        lda fo_color
.bc93	20 55 bd	jsr $bd55	        jsr fo_cells
.bc96	b0 22		bcs $bcba	        bcs fo_field_done
.bc98	ad 79 bf	lda $bf79	        lda fo_i                ; focused: the caret cell
.bc9b	cd 78 bf	cmp $bf78	        cmp fo_focus
.bc9e	d0 19		bne $bcb9	        bne fo_field_ok
.bca0	ad 9b bf	lda $bf9b	        lda fo_rec+1
.bca3	38		sec		        sec
.bca4	ed 9f bf	sbc $bf9f	        sbc fo_rec+5
.bca7	18		clc		        clc
.bca8	6d 75 bf	adc $bf75	        adc fo_ax
.bcab	8d 86 bf	sta $bf86	        sta fo_c0x
.bcae	8d 88 bf	sta $bf88	        sta fo_c1x
.bcb1	ee 88 bf	inc $bf88	        inc fo_c1x
.bcb4	a9 07		lda #$07	        lda #FOC_FOCUS
.bcb6	4c 55 bd	jmp $bd55	        jmp fo_cells
.bcb9					fo_field_ok:
.bcb9	18		clc		        clc
.bcba					fo_field_done:
.bcba	60		rts		        rts
.bcbb					fo_label:
.bcbb	ad 73 bf	lda $bf73	        lda fo_spec
.bcbe	8d ca bc	sta $bcca	        sta fo_label_rd+1
.bcc1	ad 74 bf	lda $bf74	        lda fo_spec+1
.bcc4	8d cb bc	sta $bccb	        sta fo_label_rd+2
.bcc7	a0 00		ldy #$00	        ldy #0
.bcc9					fo_label_rd:
.bcc9	b9 ff ff	lda $ffff,y	        lda $ffff,y
.bccc	f0 0d		beq $bcdb	        beq +
.bcce	99 59 a0	sta $a059,y	        sta gfx_text_buffer,y
.bcd1	c8		iny		        iny
.bcd2	cc 72 bf	cpy $bf72	        cpy fo_ow
.bcd5	b0 04		bcs $bcdb	        bcs +
.bcd7	c0 26		cpy #$26	        cpy #38
.bcd9	d0 ee		bne $bcc9	        bne fo_label_rd
.bcdb	8c 58 a0	sty $a058	+       sty gfx_text_length
.bcde	60		rts		        rts
.bcdf					fo_text_at_row:
.bcdf	20 81 bd	jsr $bd81	        jsr fo_times8
.bce2	8d 16 9f	sta $9f16	        sta gfx_x0
.bce5	8e 17 9f	stx $9f17	        stx gfx_x0+1
.bce8	ad 76 bf	lda $bf76	        lda fo_ay
.bceb	20 81 bd	jsr $bd81	        jsr fo_times8
.bcee	8d 18 9f	sta $9f18	        sta gfx_y0
.bcf1	8e 19 9f	stx $9f19	        stx gfx_y0+1
.bcf4					fo_text:
.bcf4	ad 58 a0	lda $a058	        lda gfx_text_length
.bcf7	f0 08		beq $bd01	        beq +
.bcf9	a9 01		lda #$01	        lda #1
.bcfb	8d 1e 9f	sta $9f1e	        sta gfx_pen
.bcfe	4c b5 9f	jmp $9fb5	        jmp gfx_text
.bd01	18		clc		+       clc
.bd02	60		rts		        rts
.bd03					fo_box:
.bd03	8d 1e 9f	sta $9f1e	        sta gfx_pen
.bd06	ad 86 bf	lda $bf86	        lda fo_c0x
.bd09	20 81 bd	jsr $bd81	        jsr fo_times8
.bd0c	18		clc		        clc
.bd0d	6d 8a bf	adc $bf8a	        adc fo_inset
.bd10	8d 16 9f	sta $9f16	        sta gfx_x0
.bd13	8a		txa		        txa
.bd14	69 00		adc #$00	        adc #0
.bd16	8d 17 9f	sta $9f17	        sta gfx_x0+1
.bd19	ad 87 bf	lda $bf87	        lda fo_c0y
.bd1c	20 81 bd	jsr $bd81	        jsr fo_times8
.bd1f	18		clc		        clc
.bd20	6d 8a bf	adc $bf8a	        adc fo_inset
.bd23	8d 18 9f	sta $9f18	        sta gfx_y0
.bd26	8a		txa		        txa
.bd27	69 00		adc #$00	        adc #0
.bd29	8d 19 9f	sta $9f19	        sta gfx_y0+1
.bd2c	ad 88 bf	lda $bf88	        lda fo_c1x
.bd2f	20 81 bd	jsr $bd81	        jsr fo_times8
.bd32	38		sec		        sec
.bd33	ed 8a bf	sbc $bf8a	        sbc fo_inset
.bd36	8d 1a 9f	sta $9f1a	        sta gfx_x1
.bd39	8a		txa		        txa
.bd3a	e9 00		sbc #$00	        sbc #0
.bd3c	8d 1b 9f	sta $9f1b	        sta gfx_x1+1
.bd3f	ad 89 bf	lda $bf89	        lda fo_c1y
.bd42	20 81 bd	jsr $bd81	        jsr fo_times8
.bd45	38		sec		        sec
.bd46	ed 8a bf	sbc $bf8a	        sbc fo_inset
.bd49	8d 1c 9f	sta $9f1c	        sta gfx_y1
.bd4c	8a		txa		        txa
.bd4d	e9 00		sbc #$00	        sbc #0
.bd4f	8d 1d 9f	sta $9f1d	        sta gfx_y1+1
.bd52	4c 6c 99	jmp $996c	        jmp gfx_rect
.bd55					fo_cells:
.bd55	8d 1f 9f	sta $9f1f	        sta gfx_color
.bd58	a9 00		lda #$00	        lda #0
.bd5a	8d 17 9f	sta $9f17	        sta gfx_x0+1
.bd5d	8d 1b 9f	sta $9f1b	        sta gfx_x1+1
.bd60	8d 19 9f	sta $9f19	        sta gfx_y0+1
.bd63	8d 1d 9f	sta $9f1d	        sta gfx_y1+1
.bd66	ad 86 bf	lda $bf86	        lda fo_c0x
.bd69	8d 16 9f	sta $9f16	        sta gfx_x0
.bd6c	ad 88 bf	lda $bf88	        lda fo_c1x
.bd6f	8d 1a 9f	sta $9f1a	        sta gfx_x1
.bd72	ad 87 bf	lda $bf87	        lda fo_c0y
.bd75	8d 18 9f	sta $9f18	        sta gfx_y0
.bd78	ad 89 bf	lda $bf89	        lda fo_c1y
.bd7b	8d 1c 9f	sta $9f1c	        sta gfx_y1
.bd7e	4c 72 99	jmp $9972	        jmp gfx_colors
.bd81					fo_times8:
.bd81	a2 00		ldx #$00	        ldx #0
.bd83	8e 8b bf	stx $bf8b	        stx fo_t8
.bd86	0a		asl a		        asl
.bd87	2e 8b bf	rol $bf8b	        rol fo_t8
.bd8a	0a		asl a		        asl
.bd8b	2e 8b bf	rol $bf8b	        rol fo_t8
.bd8e	0a		asl a		        asl
.bd8f	2e 8b bf	rol $bf8b	        rol fo_t8
.bd92	ae 8b bf	ldx $bf8b	        ldx fo_t8
.bd95	60		rts		        rts
.bd96					fo_transfer_alloc:
.bd96	ad 6a bf	lda $bf6a	        lda fo_w
.bd99	ae 6b bf	ldx $bf6b	        ldx fo_h
.bd9c	20 15 bf	jsr $bf15	        jsr fo_mul              ; cells
.bd9f	ad 98 bf	lda $bf98	        lda fo_prod             ; *9 = *8 + *1
.bda2	8d 94 bf	sta $bf94	        sta fo_bytes
.bda5	ad 99 bf	lda $bf99	        lda fo_prod+1
.bda8	8d 95 bf	sta $bf95	        sta fo_bytes+1
.bdab	a2 03		ldx #$03	        ldx #3
.bdad	0e 98 bf	asl $bf98	-       asl fo_prod
.bdb0	2e 99 bf	rol $bf99	        rol fo_prod+1
.bdb3	ca		dex		        dex
.bdb4	d0 f7		bne $bdad	        bne -
.bdb6	ad 98 bf	lda $bf98	        lda fo_prod
.bdb9	18		clc		        clc
.bdba	6d 94 bf	adc $bf94	        adc fo_bytes
.bdbd	ad 99 bf	lda $bf99	        lda fo_prod+1
.bdc0	6d 95 bf	adc $bf95	        adc fo_bytes+1
.bdc3	18		clc		        clc
.bdc4	69 01		adc #$01	        adc #1                  ; pages, rounded up
.bdc6	8d 01 3d	sta $3d01	        sta N_PAGES
.bdc9	ad 20 3d	lda $3d20	        lda N_CURRENT
.bdcc	8d 00 3d	sta $3d00	        sta N_OWNER
.bdcf	a9 ff		lda #$ff	        lda #$ff
.bdd1	8d 02 3d	sta $3d02	        sta N_BANK
.bdd4	20 20 1c	jsr $1c20	        jsr N_ALLOC
.bdd7	90 03		bcc $bddc	        bcs fo_transfer_done
.bdd9	4c 86 be	jmp $be86
.bddc	a2 03		ldx #$03	        ldx #3
.bdde	bd 04 3d	lda $3d04,x	-       lda N_HANDLE,x
.bde1	9d 62 bf	sta $bf62,x	        sta fo_save,x
.bde4	ca		dex		        dex
.bde5	10 f7		bpl $bdde	        bpl -
.bde7	a9 00		lda #$00	        lda #0
.bde9	20 f2 bd	jsr $bdf2	        jsr fo_transfer
.bdec	90 03		bcc $bdf1	        bcc +
.bdee	4c f7 b6	jmp $b6f7	        jmp fo_open_free
.bdf1	60		rts		+       rts
.bdf2					fo_transfer:
.bdf2	8d 8c bf	sta $bf8c	        sta fo_dir
.bdf5	a9 00		lda #$00	        lda #0
.bdf7	8d 8d bf	sta $bf8d	        sta fo_row
.bdfa	8d 90 bf	sta $bf90	        sta fo_soff
.bdfd	8d 91 bf	sta $bf91	        sta fo_soff+1
.be00					fo_transfer_row:
.be00	ad 69 bf	lda $bf69	        lda fo_y                ; bitmap: (y+row)*320 + x*8
.be03	18		clc		        clc
.be04	6d 8d bf	adc $bf8d	        adc fo_row
.be07	8d 85 bf	sta $bf85	        sta fo_cy
.be0a	a9 00		lda #$00	        lda #0
.be0c	8d 8f bf	sta $bf8f	        sta fo_boff+1
.be0f	ad 85 bf	lda $bf85	        lda fo_cy               ; *64
.be12	a2 06		ldx #$06	        ldx #6
.be14	0a		asl a		-       asl
.be15	2e 8f bf	rol $bf8f	        rol fo_boff+1
.be18	ca		dex		        dex
.be19	d0 f9		bne $be14	        bne -
.be1b	8d 8e bf	sta $bf8e	        sta fo_boff
.be1e	ad 8f bf	lda $bf8f	        lda fo_boff+1           ; + *256
.be21	18		clc		        clc
.be22	6d 85 bf	adc $bf85	        adc fo_cy
.be25	8d 8f bf	sta $bf8f	        sta fo_boff+1
.be28	ad 68 bf	lda $bf68	        lda fo_x
.be2b	20 81 bd	jsr $bd81	        jsr fo_times8
.be2e	18		clc		        clc
.be2f	6d 8e bf	adc $bf8e	        adc fo_boff
.be32	8d 8e bf	sta $bf8e	        sta fo_boff
.be35	8a		txa		        txa
.be36	6d 8f bf	adc $bf8f	        adc fo_boff+1
.be39	8d 8f bf	sta $bf8f	        sta fo_boff+1
.be3c	ad 6a bf	lda $bf6a	        lda fo_w                ; w*8 bytes
.be3f	20 81 bd	jsr $bd81	        jsr fo_times8
.be42	8d 92 bf	sta $bf92	        sta fo_len
.be45	8e 93 bf	stx $bf93	        stx fo_len+1
.be48	20 87 be	jsr $be87	        jsr fo_copy_run
.be4b	b0 39		bcs $be86	        bcs fo_transfer_done
.be4d	ad 85 bf	lda $bf85	        lda fo_cy               ; colours: 8192 + (y+row)*40 + x
.be50	a2 28		ldx #$28	        ldx #40
.be52	20 15 bf	jsr $bf15	        jsr fo_mul
.be55	ad 98 bf	lda $bf98	        lda fo_prod
.be58	18		clc		        clc
.be59	6d 68 bf	adc $bf68	        adc fo_x
.be5c	8d 8e bf	sta $bf8e	        sta fo_boff
.be5f	ad 99 bf	lda $bf99	        lda fo_prod+1
.be62	69 20		adc #$20	        adc #$20
.be64	8d 8f bf	sta $bf8f	        sta fo_boff+1
.be67	ad 6a bf	lda $bf6a	        lda fo_w
.be6a	8d 92 bf	sta $bf92	        sta fo_len
.be6d	a9 00		lda #$00	        lda #0
.be6f	8d 93 bf	sta $bf93	        sta fo_len+1
.be72	20 87 be	jsr $be87	        jsr fo_copy_run
.be75	b0 0f		bcs $be86	        bcs fo_transfer_done
.be77	ee 8d bf	inc $bf8d	        inc fo_row
.be7a	ad 8d bf	lda $bf8d	        lda fo_row
.be7d	cd 6b bf	cmp $bf6b	        cmp fo_h
.be80	f0 03		beq $be85	        bne fo_transfer_row
.be82	4c 00 be	jmp $be00
.be85	18		clc		        clc
.be86					fo_transfer_done:
.be86	60		rts		        rts
.be87					fo_copy_run:
.be87	ad 8c bf	lda $bf8c	        lda fo_dir
.be8a	d0 17		bne $bea3	        bne +
.be8c	20 f6 be	jsr $bef6	        jsr fo_select_surface   ; surface -> buffer -> copy
.be8f	20 ce be	jsr $bece	        jsr fo_at_surface
.be92	20 26 1c	jsr $1c26	        jsr N_READ
.be95	b0 36		bcs $becd	        bcs fo_run_done
.be97	20 03 bf	jsr $bf03	        jsr fo_select_save
.be9a	20 dd be	jsr $bedd	        jsr fo_at_save
.be9d	20 29 1c	jsr $1c29	        jsr N_WRITE
.bea0	4c b7 be	jmp $beb7	        jmp fo_run_next
.bea3	20 03 bf	jsr $bf03	+       jsr fo_select_save      ; copy -> buffer -> surface
.bea6	20 dd be	jsr $bedd	        jsr fo_at_save
.bea9	20 26 1c	jsr $1c26	        jsr N_READ
.beac	b0 1f		bcs $becd	        bcs fo_run_done
.beae	20 f6 be	jsr $bef6	        jsr fo_select_surface
.beb1	20 ce be	jsr $bece	        jsr fo_at_surface
.beb4	20 29 1c	jsr $1c29	        jsr N_WRITE
.beb7					fo_run_next:
.beb7	b0 14		bcs $becd	        bcs fo_run_done
.beb9	ad 90 bf	lda $bf90	        lda fo_soff
.bebc	18		clc		        clc
.bebd	6d 92 bf	adc $bf92	        adc fo_len
.bec0	8d 90 bf	sta $bf90	        sta fo_soff
.bec3	ad 91 bf	lda $bf91	        lda fo_soff+1
.bec6	6d 93 bf	adc $bf93	        adc fo_len+1
.bec9	8d 91 bf	sta $bf91	        sta fo_soff+1
.becc	18		clc		        clc
.becd					fo_run_done:
.becd	60		rts		        rts
.bece					fo_at_surface:
.bece	ad 8e bf	lda $bf8e	        lda fo_boff
.bed1	8d 08 3d	sta $3d08	        sta N_OFFSET
.bed4	ad 8f bf	lda $bf8f	        lda fo_boff+1
.bed7	8d 09 3d	sta $3d09	        sta N_OFFSET+1
.beda	4c e9 be	jmp $bee9	        jmp fo_count_len
.bedd					fo_at_save:
.bedd	ad 90 bf	lda $bf90	        lda fo_soff
.bee0	8d 08 3d	sta $3d08	        sta N_OFFSET
.bee3	ad 91 bf	lda $bf91	        lda fo_soff+1
.bee6	8d 09 3d	sta $3d09	        sta N_OFFSET+1
.bee9					fo_count_len:
.bee9	ad 92 bf	lda $bf92	        lda fo_len
.beec	8d 0a 3d	sta $3d0a	        sta N_COUNT
.beef	ad 93 bf	lda $bf93	        lda fo_len+1
.bef2	8d 0b 3d	sta $3d0b	        sta N_COUNT+1
.bef5	60		rts		        rts
.bef6					fo_select_surface:
.bef6	a2 03		ldx #$03	        ldx #3
.bef8	bd 5e bf	lda $bf5e,x	-       lda fo_surface,x
.befb	9d 04 3d	sta $3d04,x	        sta N_HANDLE,x
.befe	ca		dex		        dex
.beff	10 f7		bpl $bef8	        bpl -
.bf01	30 0b		bmi $bf0e	        bmi fo_owner
.bf03					fo_select_save:
.bf03	a2 03		ldx #$03	        ldx #3
.bf05	bd 62 bf	lda $bf62,x	-       lda fo_save,x
.bf08	9d 04 3d	sta $3d04,x	        sta N_HANDLE,x
.bf0b	ca		dex		        dex
.bf0c	10 f7		bpl $bf05	        bpl -
.bf0e					fo_owner:
.bf0e	ad 20 3d	lda $3d20	        lda N_CURRENT
.bf11	8d 00 3d	sta $3d00	        sta N_OWNER
.bf14	60		rts		        rts
.bf15					fo_mul:
.bf15	8d 96 bf	sta $bf96	        sta fo_mul_a
.bf18	8e 97 bf	stx $bf97	        stx fo_mul_b
.bf1b	a9 00		lda #$00	        lda #0
.bf1d	8d 98 bf	sta $bf98	        sta fo_prod
.bf20	8d 99 bf	sta $bf99	        sta fo_prod+1
.bf23	a2 08		ldx #$08	        ldx #8
.bf25	4e 97 bf	lsr $bf97	-       lsr fo_mul_b
.bf28	90 0a		bcc $bf34	        bcc +
.bf2a	18		clc		        clc
.bf2b	ad 99 bf	lda $bf99	        lda fo_prod+1
.bf2e	6d 96 bf	adc $bf96	        adc fo_mul_a
.bf31	8d 99 bf	sta $bf99	        sta fo_prod+1
.bf34	6e 99 bf	ror $bf99	+       ror fo_prod+1
.bf37	6e 98 bf	ror $bf98	        ror fo_prod
.bf3a	ca		dex		        dex
.bf3b	d0 e8		bne $bf25	        bne -
.bf3d	60		rts		        rts
.bf3e					fo_glyphs:
>bf3e	ff 81 81 81 81 81 81 ff		        .byte $ff,$81,$81,$81,$81,$81,$81,$ff
>bf46	ff c3 a5 99 99 a5 c3 ff		        .byte $ff,$c3,$a5,$99,$99,$a5,$c3,$ff
>bf4e	3c 42 81 81 81 81 42 3c		        .byte $3c,$42,$81,$81,$81,$81,$42,$3c
>bf56	3c 42 99 bd bd 99 42 3c		        .byte $3c,$42,$99,$bd,$bd,$99,$42,$3c
>bf5e	00 00 00 00			fo_surface: .fill 4,0
>bf62	00 00 00 00			fo_save: .fill 4,0
>bf66	00 00				fo_ptr: .word 0
>bf68	00				fo_x: .byte 0                   ; header copy: x, y, w, h, n
>bf69	00				fo_y: .byte 0
>bf6a	00				fo_w: .byte 0
>bf6b	00				fo_h: .byte 0
>bf6c	00				fo_n: .byte 0
>bf6d	00				fo_type: .byte 0                ; fetched object: 8 bytes
>bf6e	00				fo_flags: .byte 0
>bf6f	00				fo_state: .byte 0
>bf70	00				fo_ox: .byte 0
>bf71	00				fo_oy: .byte 0
>bf72	00				fo_ow: .byte 0
>bf73	00 00				fo_spec: .word 0
>bf75	00				fo_ax: .byte 0
>bf76	00				fo_ay: .byte 0
>bf77	00				fo_rows: .byte 0
>bf78	ff				fo_focus: .byte $ff
>bf79	00				fo_i: .byte 0
>bf7a	00				fo_j: .byte 0
>bf7b	00				fo_target: .byte 0
>bf7c	00				fo_count: .byte 0
>bf7d	00				fo_flag: .byte 0
>bf7e	00				fo_key: .byte 0
>bf7f	00				fo_press: .byte 0
>bf80	00				fo_prev_button: .byte 0
>bf81	00				fo_exit: .byte 0
>bf82	00				fo_error: .byte 0
>bf83	00				fo_color: .byte 0
>bf84	00				fo_cx: .byte 0
>bf85	00				fo_cy: .byte 0
>bf86	00				fo_c0x: .byte 0
>bf87	00				fo_c0y: .byte 0
>bf88	00				fo_c1x: .byte 0
>bf89	00				fo_c1y: .byte 0
>bf8a	00				fo_inset: .byte 0
>bf8b	00				fo_t8: .byte 0
>bf8c	00				fo_dir: .byte 0
>bf8d	00				fo_row: .byte 0
>bf8e	00 00				fo_boff: .word 0
>bf90	00 00				fo_soff: .word 0
>bf92	00 00				fo_len: .word 0
>bf94	00 00				fo_bytes: .word 0
>bf96	00				fo_mul_a: .byte 0
>bf97	00				fo_mul_b: .byte 0
>bf98	00 00				fo_prod: .word 0
>bf9a	00 00 00 00 00 00		fo_rec: .fill 6,0

;******  Return to file: src/native/gemdesk-fmt.asm

.bfa0					gm_mod_fmt_end:

;******  End of listing
