
; 64tass Turbo Assembler Macro V1.60.3243 listing file
; 64tass -a -B -b -I target/native-desktop -o target/native-desktop/gdnew.bin -l target/native-desktop/gdnew.sym -L target/native-desktop/gdnew.lst src/native/gemdesk-new.asm
; Fri Oct  9 18:30:36 2026

;Offset	;Hex		;Monitor	;Source

;******  Processing input file: src/native/gemdesk-new.asm


;******  Processing file: target/native-desktop/gemdesk.sym

=$944e					ae_km_hold	= $944e
=$3d0d					N_ERROR		= $3d0d
=$aeb2					bk_fetch_tail	= $aeb2
=$acd5					bk_service_call	= $acd5
=2					MU_BUTTON	= 2
=$9924					gfx_bind_handle	= $9924
=$7ad3					gm_clip_to_rect	= $7ad3
=$81a8					gm_icon_dev_lo	= $81a8
=$b22a					bk_stub		= $b22a
=$75cd					gm_set_title	= $75cd
=$7ca3					gm_set_rect	= $7ca3
=$979d					dc_line		= $979d
=$7338					gm_path_store	= $7338
=15					WF_HSLSIZE	= 15
=$6263					gm_n32_bit	= $6263
=$85a8					gm_usb_title	= $85a8
=$a690					pm_saved	= $a690
=$1bf0					N_NMIGATE	= $1bf0
=16					AE_DATA_PAGES	= 16
=$3d9e					N_DOCRESUME	= $3d9e
=$931d					ae_event_wait	= $931d
=1					AE_OP_STATUS	= 1
=$5000					N_RELOCBASE	= $5000
=$614d					bp_select_surface= $614d
=8					UI_STATE_BYTES	= 8
=$99bd					gfx_glyph_add	= $99bd
=$975c					dc_bad		= $975c
=$3d3e					N_NMIPTR	= $3d3e
=$7b9f					gm_scroll_down	= $7b9f
=$6584					gm_hit_next	= $6584
=$9ca6					gfx_glyph_first	= $9ca6
=$1c5f					N_MLOAD		= $1c5f
=$79be					gm_format_row	= $79be
=5					WS_GET		= 5
=$7f60					gm_open_entry	= $7f60
=$3de0					NFCMDS		= $3de0
=$a09c					gfx_font	= $a09c
=$af00					bk_load		= $af00
=$b12b					bk_close_done	= $b12b
=$86f0					gm_dev_format	= $86f0
=$5000					GM_WORKSPACE	= $5000
=$16					GM_DESK		= $16
=$6307					gm_alert_icon	= $6307
=$a66b					pm_active	= $a66b
=6					UI_VIEW80	= 6
=5					N_U_INTERFACES	= 5
=12					GM_MOP_PRINT	= 12
=$1c2c					N_FILL		= $1c2c
=$71fe					gm_restore_color= $71fe
=1					N_ABI_MAJOR	= 1
=6					WF_PREVXYWH	= 6
=$3dc0					NFILES		= $3dc0
=$7488					gm_ult_fullname	= $7488
=11					AE_OP_DCLICK	= 11
=$7b9c					gm_page_down	= $7b9c
=$624a					gm_wcall	= $624a
=$9492					ae_menu_copied	= $9492
=$76e1					gm_ucmd_at	= $76e1
=$750c					gm_fn_close	= $750c
=$61b0					gm_open_aesvc	= $61b0
=$620a					gm_open_now	= $620a
=$841d					gm_bad_chars	= $841d
=$6c86					gm_atype	= $6c86
=7					GM_MOP_RESTORE	= 7
=$99d8					gfx_glyph_empty	= $99d8
=$ace2					bk_dispatch	= $ace2
=$acb4					bk_protect_code	= $acb4
=$3d85					N_FDEVICE	= $3d85
=127					DC_LFN		= 127
=$879b					gm_win_sel	= $879b
=$6e1a					gm_delete	= $6e1a
=$12					N_SHORTIMAGE	= $12
=11					GM_MOP_DISKCOPY	= 11
=$1014					pk_entry	= $1014
=$1c20					N_ALLOC		= $1c20
=$a5e7					pm_delta	= $a5e7
=$8776					gm_divisor	= $8776
=$7654					gm_title_q	= $7654
=$702b					gm_refresh_next	= $702b
=$73a3					gm_upath_to_path= $73a3
=$1000					N_SYSLIMIT	= $1000
=$876c					gm_math4	= $876c
=$876b					gm_math3	= $876b
=$876a					gm_math2	= $876a
=$8701					gm_alen		= $8701
=$3d3b					N_UIBUSY	= $3d3b
=$6907					gm_scan_page	= $6907
=$6189					gm_aes_ready	= $6189
=$a63b					pm_place	= $a63b
=1					AE_MIRROR	= 1
=$3c00					NHANDLES	= $3c00
=$ad93					bk_compare_cookie= $ad93
=22					WM_CLOSED	= 22
=$9441					ae_km_keys	= $9441
=$6a87					gm_chunk_heap	= $6a87
=$81d5					gm_icon_bits	= $81d5
=$86cf					gm_s_nomodule2	= $86cf
=$abd3					vd_handle	= $abd3
=$9f7b					gfx_right_masks	= $9f7b
=$7aa1					gm_read_done	= $7aa1
=$6615					gm_deselect_icon= $6615
=$a9d2					bp_closed	= $a9d2
=$877b					gm_ix0		= $877b
=$877d					gm_ix1		= $877d
=$ace5					bk_service_return= $ace5
=$0020					WK_SIZER	= $0020
=$3d50					N_MHEADER	= $3d50
=$91e4					ae_attach	= $91e4
=$6cc8					gm_info_end	= $6cc8
=$9e8d					gfx_aligned_set	= $9e8d
=$986a					dc_text		= $986a
=$10ac					pk_extended	= $10ac
=$8622					gm_s_nosave	= $8622
=$6020					gm_start	= $6020
=$664d					gm_key		= $664d
=$10ad					pk_rejected	= $10ad
=$683f					gm_icon_drive	= $683f
=$a5ae					pm_button	= $a5ae
=2					AE_CAP_EVENT	= 2
=$6fab					gm_del_text_end	= $6fab
=$3d2e					N_BROWSERLEN	= $3d2e
=$6054					gm_loop		= $6054
=$9895					dc_iostatus	= $9895
=$8644					gm_mtoken	= $8644
=$aefc					bk_relative	= $aefc
=$a463					pm_close_return	= $a463
=$1070					pk_reject	= $1070
=$9ca9					gfx_glyph_ink	= $9ca9
=$7aa2					gm_work		= $7aa2
=$ac83					bk_callback	= $ac83
=$a5d0					pm_release	= $a5d0
=$3d2a					N_BROWSERFMT	= $3d2a
=$1c4a					N_FCLOSE	= $1c4a
=$7bb4					gm_scrolled	= $7bb4
=$6aef					gm_ins_outer	= $6aef
=$6c2a					gm_show_info	= $6c2a
=$995d					gfx_guard	= $995d
=$84fd					gm_suffix	= $84fd
=$9454					ae_menu_install	= $9454
=$8818					gm_bnow		= $8818
=$9a89					gfx_clip_compared= $9a89
=$6bfe					gm_view_done	= $6bfe
=$9f22					gfx_owner	= $9f22
=$8083					gm_times8	= $8083
=$7d3a					gm_select_entry	= $7d3a
=5					AE_OP_POST	= 5
=$a058					gfx_text_length	= $a058
=$7e82					gm_band		= $7e82
=$b03e					bk_load_more	= $b03e
=$740f					gm_ult_scan_next= $740f
=6					WS_FIND		= 6
=$6e69					gm_del_named	= $6e69
=3					AE_OP_STEP	= 3
=$10ae					pk_mask		= $10ae
=$8817					gm_banchor	= $8817
=$878b					gm_win_dev	= $878b
=$608f					gm_fatal	= $608f
=$7cb3					gm_fulled	= $7cb3
=$3d0e					N_FREE0		= $3d0e
=$3d0f					N_FREE1		= $3d0f
=$aa22					vd_poll		= $aa22
=$1c6b					N_VCLOSE	= $1c6b
=9					N_U_QUERY_COUNT	= 9
=$86e6					gm_digits	= $86e6
=$7644					gm_title_char	= $7644
=$a51e					pm_poll_return	= $a51e
=$6ad7					gm_rec_put	= $6ad7
=48					AE_CLICK_TICKS	= 48
=$a678					pm_down		= $a678
=$8702					gm_abuf		= $8702
=$837d					gm_s_used	= $837d
=$804f					gm_free_mem	= $804f
=$3d2b					N_BROWSERERROR	= $3d2b
=$7539					gm_ult_document	= $7539
=195					GM_MAX_ENTRIES	= 195
=$0004					WK_FULLER	= $0004
=$8814					gm_bi		= $8814
=$9c70					gfx_column	= $9c70
=$77a7					gm_document_launch= $77a7
=$8813					gm_bm		= $8813
=$6b3a					gm_next_gap	= $6b3a
=$3d9f					N_RCACHE	= $3d9f
=6					N_U_MAC		= 6
=$62bb					gm_am_row	= $62bb
=$9f50					gfx_band_left	= $9f50
=$1c2f					N_STATS		= $1c2f
=$85c3					gm_stop		= $85c3
=$aef6					bk_result	= $aef6
=$a67d					pm_step		= $a67d
=$9b05					gfx_clip_cell	= $9b05
=$9445					ae_km_dx	= $9445
=$9449					ae_km_dy	= $9449
=$86a7					gm_prt_sa	= $86a7
=$9218					ae_stream_taken	= $9218
=$3d28					N_ACTION	= $3d28
=$9c05					gfx_bitmap_row	= $9c05
=$abcc					vd_phase	= $abcc
=$80c9					gm_div		= $80c9
=8					WF_HSLIDE	= 8
=$9b96					gfx_failed	= $9b96
=$9f3b					gfx_remaining	= $9f3b
=$3d99					N_DCOUNT	= $3d99
=$1bf8					N_HEAPEPOCH	= $1bf8
=$9eaf					gfx_glyph_row	= $9eaf
=4					MU_M1		= 4
=$70f3					gm_drag_box	= $70f3
=4					N_U_POWER_B	= 4
=$77f2					gm_ult_peek	= $77f2
=$9f42					gfx_second	= $9f42
=3					N_U_POWER_A	= 3
=$66ac					gm_key_done	= $66ac
=$7372					gm_pw		= $7372
=$9263					ae_event	= $9263
=$9419					ae_km_y		= $9419
=$671b					gm_menu_options	= $671b
=$a69c					pm_shape	= $a69c
=$ab6c					vm_dirty	= $ab6c
=$750a					gm_fn_missing	= $750a
=16					GM_BELL		= 16
=$aee1					bk_file		= $aee1
=6					AE_OP_MENU	= 6
=32					AE_CAP_DCLICK	= 32
=$6dcb					gm_aput		= $6dcb
=$3d16					N_RESULT	= $3d16
=$64e3					gm_copy		= $64e3
=$a394					gfx_text_end	= $a394
=$9dcd					gfx_band_pixel	= $9dcd
=$ade2					bk_check_code	= $ade2
=$6420					gm_draw_icon	= $6420
=$625f					gm_n32_digit	= $625f
=$6eef					gm_del_many	= $6eef
=$6000					N_APPBASE	= $6000
=$85c2					gm_sslot	= $85c2
=2					GM_MOP_PREFS	= 2
=$83a4					gm_s_undone	= $83a4
=$ab9f					vm_first	= $ab9f
=$7fdc					gm_launcher	= $7fdc
=$6e4d					gm_del_copy	= $6e4d
=$abc0					bp_result	= $abc0
=$68ba					gm_df_found	= $68ba
=$6529					gm_label_clear	= $6529
=$81c3					gm_label_trash	= $81c3
=$8815					gm_ei		= $8815
=$9f23					gfx_handle	= $9f23
=$86dc					gm_new_icon	= $86dc
=$7513					gm_ult_open_entry= $7513
=$9f3d					gfx_right	= $9f3d
=$1c5c					N_FDRAW		= $1c5c
=$a684					pm_registers	= $a684
=$68be					gm_df_done	= $68be
=$7c8c					gm_wset_value	= $7c8c
=$6528					gm_icon_done	= $6528
=$3d9b					N_DOCKIND	= $3d9b
=$6f37					gm_del_all	= $6f37
=$8025					gm_close_slot	= $8025
=$8579					gm_s_usbfail	= $8579
=$97f4					dc_get_bad	= $97f4
=$86dd					gm_slot		= $86dd
=$abc3					bp_name		= $abc3
=$b0f7					bk_load_badarg	= $b0f7
=$a670					pm_x		= $a670
=$a672					pm_y		= $a672
=$63fb					gm_icons_clip_reset= $63fb
=$ada6					bk_platform	= $ada6
=$a61a					pm_delta_size	= $a61a
=$86ff					gm_total	= $86ff
=$a8aa					nk_saved_callback= $a8aa
=$83cd					gm_s_nodelete	= $83cd
=$3d37					N_UIKEY		= $3d37
=$3d9d					N_DOCRETURN	= $3d9d
=$8295					gm_menu		= $8295
=$b23a					bk_crc		= $b23a
=$69ab					gm_scan_fail	= $69ab
=$853f					gm_s_notusb	= $853f
=$71e6					gm_session_built= $71e6
=$acc3					bk_protect_parent= $acc3
=$109e					pk_pass		= $109e
=$3d01					N_PAGES		= $3d01
=$879f					gm_nsel		= $879f
=$8643					gm_mop		= $8643
=8					N_U_TIME	= 8
=$7117					gm_session_build= $7117
=$3d2d					N_BOOTDEVICE	= $3d2d
=$877e					gm_iy1		= $877e
=$877c					gm_iy0		= $877c
=$84b4					gm_full_alert	= $84b4
=$878f					gm_win_fmt	= $878f
=$9f4b					gfx_glyph_bounds= $9f4b
=$931c					ae_event_done	= $931c
=6					GM_MOP_COPY	= 6
=12					PM_JUMP		= 12
=$6419					gm_icon_next	= $6419
=$aee5					bk_cookie	= $aee5
=$7fd6					gm_launcher_leave= $7fd6
=$922f					ae_alert_read	= $922f
=$6f96					gm_del_text	= $6f96
=$84e3					gm_confirm	= $84e3
=$0040					WK_UPARROW	= $0040
=$7b64					gm_clip_empty	= $7b64
=$8807					gm_slot25	= $8807
=$94df					ae_ev_result	= $94df
=9					WF_VSLIDE	= 9
=$9822					dc_digit	= $9822
=$7e50					gm_each_call	= $7e50
=$91ea					ae_load		= $91ea
=$9cd6					gfx_set		= $9cd6
=$6dbf					gm_astr_src	= $6dbf
=$69b5					gm_sort_write	= $69b5
=$adb8					bk_bad_handle	= $adb8
=$75ca					gm_close_full	= $75ca
=$66dd					gm_menu_control	= $66dd
=$b238					bk_expected	= $b238
=$a964					bp_loaded	= $a964
=$10af					pk_masks	= $10af
=8					AE_CAP_WINDOW	= 8
=$4e00					N_UPATH		= $4e00
=$69aa					gm_scan_done	= $69aa
=$7d1e					gm_row_under	= $7d1e
=$a560					pm_left		= $a560
=$835c					gm_s_head	= $835c
=$9219					ae_alert_open	= $9219
=$7592					gm_close_or_up	= $7592
=4					GM_PRINTER	= 4
=$7f34					gm_band_done	= $7f34
=$7ffd					gm_slot_of	= $7ffd
=$661e					gm_repaint_icon_sel= $661e
=3					GM_USB		= 3
=$0080					WK_DNARROW	= $0080
=$9aed					gfx_clipped_bitmap= $9aed
=$3d08					N_OFFSET	= $3d08
=$a43c					pm_close	= $a43c
=$69cb					gm_write_chunk	= $69cb
=$614d					gm_select_surface= $614d
=$9760					dc_channels	= $9760
=$9f63					gfx_clip_full	= $9f63
=$98ce					sd_bell		= $98ce
=$7d6f					gm_toggle	= $7d6f
=1					WS_OPEN		= 1
=$1c26					N_READ		= $1c26
=1					gfx_track_dirty	= 1
=$7bba					gm_scroll_done	= $7bba
=$76c9					gm_ult_del_done	= $76c9
=$9f73					gfx_left_masks	= $9f73
=$7228					gm_module_run	= $7228
=$b077					bk_load_eof	= $b077
=$10ba					pk_end		= $10ba
=$3d12					N_READY		= $3d12
=$86f7					gm_m		= $86f7
=$abe8					vd_pointer_y	= $abe8
=1					N_U_HARDWARE	= 1
=$6341					gm_message	= $6341
=$81b1					gm_icon_label_hi= $81b1
=$6ad7					gm_rec_dst	= $6ad7
=$aa7d					bp_gate_failed	= $aa7d
=$9869					dc_length	= $9869
=$6b26					gm_ins_place	= $6b26
=$61af					gm_aes_failed	= $61af
=$a67a					pm_hit		= $a67a
=8					WS_SURFACE	= 8
=$8000					N_STAGELIMIT	= $8000
=$4a00					N_BROWSERPATH	= $4a00
=$63a4					gm_message_done	= $63a4
=$62b9					ae_present	= $62b9
=$6f51					gm_relist_slot	= $6f51
=$99dd					gfx_begin	= $99dd
=$7eb7					gm_band_loop	= $7eb7
=$3d24					N_EXITCODE	= $3d24
=$9a92					gfx_clip_start	= $9a92
=$8064					gm_select_mem_x	= $8064
=$85bb					gm_desk_color	= $85bb
=$944d					ae_km_click	= $944d
=$abce					vd_color	= $abce
=0					N_OK		= 0
=4					GM_WINDOWS	= 4
=$3d3c					N_UOP		= $3d3c
=$3d20					N_CURRENT	= $3d20
=$a66e					pm_pending	= $a66e
=0					GFX_TEXT_STORAGE= 0
=$abf3					ru_probe_live	= $abf3
=$1c3e					N_EXIT		= $1c3e
=$ab68					bp_argument	= $ab68
=$1c41					N_FOPEN		= $1c41
=$3d25					N_DOSCODE	= $3d25
=0					AE_OP_ATTACH	= 0
=$abbe					bp_prefix	= $abbe
=$86db					gm_icon_sel	= $86db
=$86d2					gm_surface	= $86d2
=$3d23					N_APPSTATE	= $3d23
=$8819					gm_batch	= $8819
=2					UI_MAXIMUM	= 2
=$9758					dc_io		= $9758
=$8608					gm_dclick	= $8608
=$94f3					ae_ev_first	= $94f3
=$a8ac					nk_filter_image	= $a8ac
=$a66d					pm_tick		= $a66d
=$aefd					bk_checked	= $aefd
=$73fa					gm_ult_read	= $73fa
=$9ed3					gfx_glyph_shifted= $9ed3
=$79d9					gm_rec_src	= $79d9
=$62f4					gm_alert	= $62f4
=$9f40					gfx_cover	= $9f40
=$9440					ae_km_done	= $9440
=$a679					pm_arm		= $a679
=$8946					gm_win_plen	= $8946
=$99b2					gfx_glyph_negative= $99b2
=10					GM_MOP_PRTSCR	= 10
=60					GM_REC_PRINTER	= 60
=$894a					gm_name		= $894a
=2					WS_CLOSE	= 2
=$a71c					nk_install	= $a71c
=$9a94					gfx_clip_replace= $9a94
=$aef2					bk_busy		= $aef2
=$9805					dc_restore	= $9805
=$16					N_MEXHAUSTED	= $16
=14985					SD_BELL_FREQ	= 14985
=$9497					ae_menu_set	= $9497
=$8774					gm_prod		= $8774
=$6bb4					gm_cmp_rev	= $6bb4
=$86a8					gm_lock_want	= $86a8
=$1c26					gfx_heap_read	= $1c26
=$aa51					bp_pointer	= $aa51
=$abcd					vd_live		= $abcd
=$6aae					gm_copy_rec	= $6aae
=1					N_BADARG	= 1
=$7031					gm_release	= $7031
=12					AE_OP_ACC	= 12
=$999c					gfx_glyph_origin= $999c
=$ab28					bp_open_source	= $ab28
=$a67c					pm_moved	= $a67c
=$9401					ae_km_left	= $9401
=13					GM_MOP_LOCK	= 13
=$1c23					N_FREE		= $1c23
=$aa87					bp_arguments	= $aa87
=$9a15					gfx_color_limits= $9a15
=$658b					gm_click	= $658b
=$7322					gm_prt_quiet	= $7322
=0					N_U_IDENTIFY	= 0
=$9b99					gfx_bitmap_setup= $9b99
=20					WM_REDRAW	= 20
=$80e9					gm_cells_hi0	= $80e9
=$7506					gm_fn_long	= $7506
=$3d98					N_DNEXT		= $3d98
=$8831					gm_rec		= $8831
=$65ec					gm_click_desktop= $65ec
=$1c53					N_REPLACE	= $1c53
=$94f5					ae_ev_window	= $94f5
=$8486					gm_drive_alert	= $8486
=$8178					gm_cards_name	= $8178
=$7485					gm_ult_scan_fail0= $7485
=$adaa					bk_invalid	= $adaa
=$a774					nk_close	= $a774
=$94fd					ae_pointer_buttons= $94fd
=$abc1					bp_carry	= $abc1
=$9c60					gfx_bitmap_loaded= $9c60
=$70ed					gm_drop_print	= $70ed
=$6b83					gm_cmp_name	= $6b83
=$7dd3					gm_bit_set	= $7dd3
=$86fb					gm_ins_val	= $86fb
=$3d9c					N_DOCTYPE	= $3d9c
=$9e15					gfx_band_store	= $9e15
=$9f83					gfx_rows	= $9f83
=$683e					gm_open_quiet	= $683e
=$3d13					N_KEYS		= $3d13
=96					GM_APP_PAGES	= 96
=$9aba					gfx_nonempty_x	= $9aba
=$93a4					ae_key_mouse	= $93a4
=$97f5					dc_get_end	= $97f5
=$853d					gm_target	= $853d
=$86e5					gm_ndig		= $86e5
=$aa59					bp_invoke	= $aa59
=0					PM_KEYS_OWNED	= 0
=$7376					gm_path_root	= $7376
=$86df					gm_fmt		= $86df
=$6ade					gm_gap_loop	= $6ade
=$5000					AE_DATA		= $5000
=$7326					gm_path_page	= $7326
=$6000					BK_BASE		= $6000
=$abd1					vd_base		= $abd1
=$9b5a					gfx_color_x	= $9b5a
=$6eee					gm_del_none	= $6eee
=$86bb					gm_s_nomodule	= $86bb
=$8769					gm_math		= $8769
=$86da					gm_start_error	= $86da
=$aeb6					bk_jump_tail	= $aeb6
=$8825					gm_mem1		= $8825
=$8821					gm_mem0		= $8821
=$882d					gm_mem3		= $882d
=$8829					gm_mem2		= $8829
=$85bd					gm_orect	= $85bd
=$8500					gm_s_unproven	= $8500
=$ada2					bk_nested	= $ada2
=8					AE_OP_WINDOW	= 8
=$768d					gm_ult_attr	= $768d
=$abe9					vs_reu		= $abe9
=$3de4					N_BOOTFORMAT	= $3de4
=0					BP_HISTORY	= 0
=$943b					ae_km_eaten	= $943b
=$1c68					N_VSHOW		= $1c68
=$11					N_IOERROR	= $11
=$9aa0					gfx_clip_keep	= $9aa0
=$9f16					gfx_x0		= $9f16
=$9f1a					gfx_x1		= $9f1a
=$8ad8					ae_callback	= $8ad8
=$3d38					N_UIWIDTH	= $3d38
=$9f21					gfx_bound	= $9f21
=$6bd6					gm_set_view	= $6bd6
=$83e5					gm_s_error	= $83e5
=$8361					gm_s_type	= $8361
=$adba					bk_finish	= $adba
=$66ad					gm_key_drive	= $66ad
=$6a7d					gm_chunk_size	= $6a7d
=$3d29					N_BROWSERDEV	= $3d29
=$6fae					gm_printable	= $6fae
=30					N_AESOWNER	= 30
=$3de5					N_CLIPBOARD	= $3de5
=$9997					gfx_glyph_failed= $9997
=$9d87					gfx_band_next	= $9d87
=$3d3a					N_UIERROR	= $3d3a
=$9ef4					gfx_restore_handle= $9ef4
=$6fc9					gm_del_head	= $6fc9
=$3da0					N_FNAME		= $3da0
=$6a1b					gm_chunk_fail	= $6a1b
=$6569					gm_icon_hit	= $6569
=$a952					vd_open		= $a952
=7					AE_MINOR	= 7
=$acf6					bk_enter	= $acf6
=$a773					nk_return	= $a773
=$70c6					gm_row_drop	= $70c6
=$9d59					gfx_xor_load	= $9d59
=$94fc					ae_pointer_y	= $94fc
=$94fa					ae_pointer_x	= $94fa
=$1c00					N_LOWLIMIT	= $1c00
=$7a59					gm_read_rows	= $7a59
=8					N_PLATFORM	= 8
=$7deb					gm_bit		= $7deb
=$6f70					gm_error_hex	= $6f70
=$7512					gm_fn_done	= $7512
=$a099					gfx_text_left	= $a099
=7					WS_FILL		= 7
=$9f3c					gfx_left	= $9f3c
=$3d0c					N_VALUE		= $3d0c
=$84e4					gm_editor_name	= $84e4
=$86ba					gm_mwanted	= $86ba
=32					N_APPOWNER	= 32
=$adae					bk_enter_failed	= $adae
=$9755					dc_open_failed	= $9755
=$615f					gm_bind		= $615f
=$13					N_LONGIMAGE	= $13
=$9b1a					gfx_clip_divide	= $9b1a
=$ae3c					bk_check_walk	= $ae3c
=$aa0f					bp_presented	= $aa0f
=$9384					ae_read_pointer	= $9384
=$a632					pm_delta_advance= $a632
=$9472					ae_menu_write	= $9472
=$61					GM_ICON_SELECTED= $61
=$9a7b					gfx_clip_intersect= $9a7b
=$86a6					gm_prt_dev	= $86a6
=12					WF_NEXTXYWH	= 12
=$7bca					gm_vslid	= $7bca
=$a66c					pm_seen		= $a66c
=$8698					gm_mop_module	= $8698
=29					N_ACCOWNER	= 29
=$816f					gm_aesvc_name	= $816f
=0					WS_CREATE	= 0
=$6bff					gm_view_fail	= $6bff
=$3d10					N_SLOTS		= $3d10
=$9d9b					gfx_band_failed	= $9d9b
=$a600					pm_delta_classify= $a600
=$9f1f					gfx_color	= $9f1f
=0					UI_LENGTH	= 0
=$876f					gm_rb		= $876f
=$84f4					gm_upnt		= $84f4
=$944f					ae_post		= $944f
=$9f33					gfx_operation	= $9f33
=10					WF_TOP		= 10
=$b195					bk_write_chunk	= $b195
=$8647					gm_mod_names	= $8647
=$6168					gm_aes_setup	= $6168
=$abc2					bp_error	= $abc2
=$84fc					gm_doc_kind	= $84fc
=$98c0					dc_saved	= $98c0
=$876e					gm_ra		= $876e
=$705b					gm_drag_loop	= $705b
=$9a5e					gfx_clip_high	= $9a5e
=$9715					dc_read		= $9715
=$1c3b					N_KEYIN		= $1c3b
=$9adf					gfx_glyph_unclipped= $9adf
=$a01d					gfx_text_advance= $a01d
=$7480					gm_ult_scan_fail= $7480
=$1c38					N_LAUNCH	= $1c38
=$6ab0					gm_rec_src2	= $6ab0
=$a680					pm_jumps	= $a680
=$86f8					gm_gap		= $86f8
=$86f1					gm_count	= $86f1
=$94a5					ae_session_read	= $94a5
=4					GM_KEYCLICK	= 4
=$9752					dc_close_failed	= $9752
=$9f39					gfx_xbyte	= $9f39
=$9893					dc_code2	= $9893
=$9a4e					gfx_clip_zero	= $9a4e
=$a55a					pm_right	= $a55a
=$8816					gm_bend		= $8816
=$a7a0					nk_codes	= $a7a0
=16					N_ABI_MINOR	= 16
=$7182					gm_session_window= $7182
=$8098					gm_mulrec	= $8098
=$ab1d					bp_iec_name	= $ab1d
=$7d5a					gm_select_index	= $7d5a
=$a67b					pm_event	= $a67b
=$7665					gm_not_usb	= $7665
=3					N_NOSLOT	= 3
=$91d9					ae_unload	= $91d9
=$15					N_CHANNELS	= $15
=$94b3					ae_dclick	= $94b3
=$3d27					N_APPERROR	= $3d27
=$3e00					N_BROWSERNAME	= $3e00
=$9ea6					gfx_aligned_write= $9ea6
=5					UI_VIEW40	= 5
=$3900					NPAGES1		= $3900
=$3800					NPAGES0		= $3800
=$9438					ae_km_set_y	= $9438
=$b147					bk_select_file	= $b147
=0					BP_STATE_STORAGE= 0
=$a66f					pm_sample_line	= $a66f
=$95fe					gm_paths	= $95fe
=$9f35					gfx_offset	= $9f35
=2					N_NOMEM		= 2
=$aedd					bk_handle	= $aedd
=$9868					dc_device	= $9868
=7					N_U_IP		= 7
=$9275					ae_event_sample	= $9275
=$8199					gm_icon_y	= $8199
=9					GM_REC_COUNT	= 9
=$86f3					gm_drag		= $86f3
=$881a					gm_s_items	= $881a
=$85a0					gm_s_usbhex	= $85a0
=$97f7					dc_close	= $97f7
=$aedc					bk_state	= $aedc
=$9c81					gfx_mask_last	= $9c81
=$9b3a					gfx_color_rows	= $9b3a
=$9e0f					gfx_band_set	= $9e0f
=$68b7					gm_df_next	= $68b7
=17					WF_DESKCOLOR	= 17
=$68bf					gm_df_none	= $68bf
=$1c65					N_MCLOSE	= $1c65
=$3a00					N_BUFFER	= $3a00
=$6a2f					gm_load_chunk	= $6a2f
=$3d97					N_DPAGE		= $3d97
=$61fa					gm_open_iec	= $61fa
=$86e0					gm_mbit		= $86e0
=$3d91					N_FBUSY		= $3d91
=$766e					gm_usb_error	= $766e
=$7873					gm_peek_done	= $7873
=$0800					WK_HSLIDE	= $0800
=$9f41					gfx_first	= $9f41
=$a67f					pm_columns	= $a67f
=$ac59					bk_return	= $ac59
=$6afb					gm_ins_inner	= $6afb
=$3d15					N_LASTKEY	= $3d15
=$7bbb					gm_max_top	= $7bbb
=$a013					gfx_text_saturate= $a013
=31					N_CLIPOWNER	= 31
=$adc6					bk_check_tails	= $adc6
=$98ca					dc_eoi		= $98ca
=40					DC_MAX		= 40
=$9764					dc_blocks_free	= $9764
=$8424					gm_about	= $8424
=$3d0a					N_COUNT		= $3d0a
=$8793					gm_win_count	= $8793
=$9f1c					gfx_y1		= $9f1c
=$9f18					gfx_y0		= $9f18
=$9f3f					gfx_old		= $9f3f
=$aef9					bk_saved_regs	= $aef9
=6					GM_GAP_COUNT	= 6
=$3d8b					N_FACTUAL	= $3d8b
=$6d15					gm_info_page	= $6d15
=$9b49					gfx_color_multiply= $9b49
=$abd2					vd_pages	= $abd2
=$b1ca					bk_crc_buffer	= $b1ca
=$3d92					N_FPOSITION	= $3d92
=$b222					bk_prefix	= $b222
=$6f63					gm_del_badname	= $6f63
=$6e25					gm_delete_slot	= $6e25
=$1c59					N_FEDIT		= $1c59
=$6bd3					gm_menu_view	= $6bd3
=$7386					gm_path_to_upath= $7386
=0					BP_MODE		= 0
=$a673					pm_old		= $a673
=$0c00					N_SYSBASE	= $0c00
=6					N_RANGE		= 6
=$6746					gm_open_selection= $6746
=$86f5					gm_vslot	= $86f5
=$7656					gm_title_ok	= $7656
=$6165					pm_find_hit	= $6165
=$3d80					N_FOWNER	= $3d80
=$815f					gm_hex_digits	= $815f
=$63bb					gm_redraw_desktop= $63bb
=$3d22					N_NAMELEN	= $3d22
=$662f					gm_redraw_icon_cells= $662f
=$a7aa					nk_saved_keys	= $a7aa
=$b0f2					bk_checksum	= $b0f2
=1					AE_MAJOR	= 1
=$a02a					gfx_load_glyph	= $a02a
=$9d5e					gfx_xor_store	= $9d5e
=$8797					gm_win_top	= $8797
=$abea					vs_token	= $abea
=$800c					gm_top_slot	= $800c
=$699c					gm_scan_end	= $699c
=$755e					gm_ult_rescan	= $755e
=$9897					dc_status_length= $9897
=7					AE_OP_MENU_SET	= 7
=$7870					gm_peek_close	= $7870
=5					N_WRONGOWNER	= 5
=$1c47					N_FWRITE	= $1c47
=24					WM_ARROWED	= 24
=$8767					gm_art		= $8767
=$97cb					dc_listed	= $97cb
=$0200					WK_LFARROW	= $0200
=$9c4b					gfx_read_row	= $9c4b
=$625a					gm_anum32	= $625a
=$aef5					bk_service	= $aef5
=$abd7					vd_saved	= $abd7
=$1c71					N_UCOMMAND	= $1c71
=$86f9					gm_gapi		= $86f9
=$1c44					N_FREAD		= $1c44
=$8106					gm_decimal4	= $8106
=$80f8					gm_decimal2	= $80f8
=$b23e					gm_end		= $b23e
=$94f2					ae_ev_key	= $94f2
=1					AE_POINTER	= 1
=$8392					gm_gaps		= $8392
=$8424					gm_bad_chars_end= $8424
=8					GM_NOOVERASK	= 8
=$b133					bk_close_source	= $b133
=4					WS_SET		= 4
=9					GM_MOP_NEWFOLDER= 9
=$aef8					bk_saved_rcr	= $aef8
=21					WM_TOPPED	= 21
=$6861					gm_drive_format	= $6861
=4					WF_WORKXYWH	= 4
=$a998					vd_close	= $a998
=0					pm_control_count= 0
=4					AE_CAP_MENU	= 4
=$98cd					dc_dollar	= $98cd
=27					WM_SIZED	= 27
=$aef3					bk_error	= $aef3
=$aee9					bk_current	= $aee9
=$85bc					gm_restoring	= $85bc
=$6a1c					gm_resort_slot	= $6a1c
=$942e					ae_km_up	= $942e
=$3d96					N_FFORMAT	= $3d96
=$4000					AC_BASE		= $4000
=2					AE_OP_ALERT	= 2
=$768e					gm_ult_delete	= $768e
=$0100					WK_VSLIDE	= $0100
=$614c					gm_setup_done	= $614c
=$a630					pm_no_delta	= $a630
=$9ff3					gfx_text_unknown= $9ff3
=$9e82					gfx_aligned_clear= $9e82
=$8604					gm_magic	= $8604
=$6739					gm_print_screen	= $6739
=64					GM_RECORD_SIZE	= 64
=25					WM_HSLID	= 25
=$9a43					gfx_clip_limit	= $9a43
=$84ac					gm_drive_alert_hex= $84ac
=$10					N_BADIMAGE	= $10
=$6bc1					gm_fa		= $6bc1
=$6bc5					gm_fb		= $6bc5
=$3d40					N_APPNAME	= $3d40
=$9ff5					gfx_text_code	= $9ff5
=$a43b					pm_install_return= $a43b
=$0008					WK_MOVER	= $0008
=$a04e					gfx_text_load	= $a04e
=$b0ed					bk_short_image	= $b0ed
=$86d6					gm_file		= $86d6
=$9fd5					gfx_text_failed	= $9fd5
=$876d					gm_t8		= $876d
=$1076					pk_restore_columns= $1076
=$9d04					gfx_write_row	= $9d04
=$9e9b					gfx_aligned_copy= $9e9b
=$63a5					gm_redraw_window= $63a5
=$1c50					N_DIRPAGE	= $1c50
=$b17f					bk_io_return	= $b17f
=10					MN_SELECTED	= 10
=$c000					AE_LIMIT	= $c000
=$3d1b					N_MSTATE	= $3d1b
=$a672					BP_POINTER_Y	= $a672
=$a670					BP_POINTER_X	= $a670
=$3f00					N_SOURCEPATH	= $3f00
=$9896					dc_byte		= $9896
=$1c56					N_WORKSPACE	= $1c56
=$1c2c					gfx_heap_fill	= $1c2c
=$6e2f					gm_delete_one	= $6e2f
=$819e					gm_icon_art	= $819e
=$7e59					gm_select_all	= $7e59
=$78c6					gm_suffix_no	= $78c6
=$a592					pm_top		= $a592
=$3d9a					N_DOCREQUEST	= $3d9a
=$73bf					gm_ult_open	= $73bf
=0					PM_KEYS_EXTERNAL= 0
=$a677					pm_buttons	= $a677
=$9cea					gfx_store	= $9cea
=10					GM_REC_WINDOWS	= 10
=3					WS_DELETE	= 3
=$3d1a					N_MERROR	= $3d1a
=$a66c					BP_POINTER_STATE= $a66c
=0					NK_SAVED_BUFFER	= 0
=64					AE_CAP_ACC	= 64
=$6402					gm_icons_done	= $6402
=$6f6c					gm_del_error	= $6f6c
=$94f4					ae_ev_tick	= $94f4
=$7349					gm_path_io	= $7349
=$74b9					gm_fn_found	= $74b9
=$98c9					dc_sa		= $98c9
=$65ad					gm_click_at	= $65ad
=$996c					gfx_rect	= $996c
=$97d6					dc_get		= $97d6
=$7f35					gm_band_row	= $7f35
=$3d03					N_PAGE		= $3d03
=$9f4f					gfx_band_allowed= $9f4f
=$66ca					gm_menu_choice	= $66ca
=1					UI_CARET	= 1
=$9e9d					gfx_aligned_copy_next= $9e9d
=$6237					gm_close_file	= $6237
=$6e81					gm_del_ask	= $6e81
=9					N_CORRUPT	= 9
=$8374					gm_s_files	= $8374
=$68c2					gm_scan		= $68c2
=$b0fc					bk_close	= $b0fc
=$aef0					bk_entry	= $aef0
=$a594					pm_set_y	= $a594
=$a563					pm_set_x	= $a563
=$9af7					gfx_store_clip_next= $9af7
=$a9eb					bp_return	= $a9eb
=$9a2b					gfx_clip_next	= $9a2b
=$a597					pm_hit_test	= $a597
=$838c					gm_s_ok		= $838c
=$9f37					gfx_span	= $9f37
=$6763					gm_open_icon	= $6763
=$10a9					pk_rejects	= $10a9
=$1c29					N_WRITE		= $1c29
=$62ee					gm_leave	= $62ee
=$a569					pm_vertical	= $a569
=$6ba3					gm_cmp_out	= $6ba3
=$85c1					gm_spos		= $85c1
=$1c29					gfx_heap_write	= $1c29
=$9f2b					gfx_clipped	= $9f2b
=$3d60					N_APPHEADER	= $3d60
=$aeee					bk_length	= $aeee
=16					MU_MESAG	= 16
=$16					GM_SELECTED	= $16
=$abb9					vm_pending	= $abb9
=$9d98					gfx_band_done	= $9d98
=$3d90					N_FSTATUS	= $3d90
=$79bc					gm_rows_done	= $79bc
=$94f6					ae_surface	= $94f6
=$9eec					gfx_select	= $9eec
=$c000					BK_LIMIT	= $c000
=$a059					gfx_text_buffer	= $a059
=$847e					gm_start_alert_hex= $847e
=$8398					gm_s_delete	= $8398
=$a9e2					bp_close_failed	= $a9e2
=$7058					gm_drag_track	= $7058
=$a09b					gfx_text_high	= $a09b
=$9642					dc_command	= $9642
=$1c35					N_RESERVE	= $1c35
=$86b9					gm_mloaded	= $86b9
=$9d7f					gfx_band_write	= $9d7f
=$8764					gm_cy		= $8764
=25					GM_BITS		= 25
=$7808					gm_peek		= $7808
=$9fb5					gfx_text	= $9fb5
=$9e93					gfx_aligned_store= $9e93
=$9d4a					gfx_band_xor	= $9d4a
=$81c9					gm_label_usb	= $81c9
=$6338					gm_alert_done	= $6338
=$8779					gm_ww		= $8779
=$9f34					gfx_y		= $9f34
=$96ea					dc_status_read	= $96ea
=$8778					gm_wy		= $8778
=$8777					gm_wx		= $8777
=$729a					gm_module_fail	= $729a
=$8d35					ae_state	= $8d35
=$b0e3					bk_bad_image	= $b0e3
=5					WF_CURRXYWH	= 5
=$b184					bk_select_code	= $b184
=$877a					gm_wh		= $877a
=$abbf					bp_started	= $abbf
=$6098					gm_fatal_text	= $6098
=$3d30					N_BROWSERPOS	= $3d30
=$9341					ae_wait_moved	= $9341
=$94fe					gm_path		= $94fe
=$6838					gm_open_fail	= $6838
=$0001					WK_NAME		= $0001
=2					GM_NOCOPYASK	= 2
=13					AE_OP_COUNT	= 13
=$804a					gm_free_slot	= $804a
=$14					N_CHECKSUM	= $14
=10					AE_OP_SESSION	= 10
=$ae65					bk_check_shape	= $ae65
=$7e05					gm_first_sel	= $7e05
=$3d04					N_HANDLE	= $3d04
=$6ce0					gm_info_icon	= $6ce0
=$9b1c					gfx_clip_shift	= $9b1c
=$93d9					ae_km_move	= $93d9
=$3d35					N_UIPTR		= $3d35
=$9ee5					gfx_glyph_second_visible= $9ee5
=$9e39					gfx_aligned_glyph= $9e39
=$78c8					gm_paint_window	= $78c8
=32					MU_TIMER	= 32
=$8700					AE_BASE		= $8700
=$7714					gm_iec_document	= $7714
=$abe6					vd_pointer_x	= $abe6
=$935b					ae_wait_time	= $935b
=$5000					gm_rows		= $5000
=$8846					gm_order	= $8846
=$3d81					N_FHANDLE	= $3d81
=$740a					gm_scan_ult	= $740a
=$7933					gm_paint_reset	= $7933
=$1068					pk_read_key	= $1068
=2					WF_NAME		= 2
=32					NSLOTS		= 32
=$9950					gfx_finish	= $9950
=$8768					gm_row		= $8768
=$0010					WK_INFO		= $0010
=$50					N_FIRST0	= $50
=$abf4					bp_backend_pending= $abf4
=$aef7					bk_carry	= $aef7
=$9caf					gfx_load	= $9caf
=$6fcd					gm_fail_head	= $6fcd
=$6db7					gm_astr		= $6db7
=$a58e					pm_bottom	= $a58e
=$6680					gm_key_move	= $6680
=$3d86					N_FNAMELEN	= $3d86
=11					WF_FIRSTXYWH	= 11
=$10ab					pk_columns	= $10ab
=$8a4a					aes		= $8a4a
=23					WM_FULLED	= 23
=$a499					pm_settling	= $a499
=$926f					ae_event_next	= $926f
=121					GM_PRT_LFN	= 121
=$6000					gm_image	= $6000
=$8762					gm_item		= $8762
=9					WS_OUTLINE	= 9
=$72cd					gm_ult_probe	= $72cd
=$9f53					gfx_clip_pixels	= $9f53
=160					pm_start	= 160
=$9dec					gfx_band_load	= $9dec
=$3d89					N_FCOUNT	= $3d89
=$c000					N_APPLIMIT	= $c000
=$6772					gm_open_drive	= $6772
=$6891					gm_df_scan	= $6891
=$9fb5					gfx_end		= $9fb5
=$10a7					pk_next		= $10a7
=$9de9					gfx_band_mask_ready= $9de9
=$1074					pk_accept	= $1074
=$b23c					bk_crc_left	= $b23c
=$abba					bp_file		= $abba
=$6c85					gm_aname_done	= $6c85
=$70f2					gm_release_done	= $70f2
=$b158					bk_read_chunk	= $b158
=$86f4					gm_view		= $86f4
=$a51f					pm_absent	= $a51f
=$9db9					gfx_band_masked	= $9db9
=$8142					gm_hex_error	= $8142
=$6fe6					gm_refresh_loop	= $6fe6
=0					GFX_FONT_COLUMNS= 0
=$785e					gm_peek_sheet	= $785e
=$3d02					N_BANK		= $3d02
=$9b2e					gfx_clip_defaults= $9b2e
=$76d2					gm_ult_del_error= $76d2
=2					N_U_DRIVES	= 2
=$4000					N_SERVICEBASE	= $4000
=$7c17					gm_repaint_all	= $7c17
=$3d21					N_DEVICE	= $3d21
=$86de					gm_dev		= $86de
=$676e					gm_open_none	= $676e
=$9f5b					gfx_clip_cells	= $9f5b
=$793b					gm_draw_rows	= $793b
=$661d					gm_click_done	= $661d
=1					GM_MOP_INFO	= 1
=$a466					pm_poll		= $a466
=$a09a					gfx_text_index	= $a09a
=$76c0					gm_ult_del_unknown= $76c0
=$b234					bk_count	= $b234
=$8763					gm_cx		= $8763
=$793a					gm_paint_done	= $793a
=$98f2					sd_click	= $98f2
=$1c6e					N_UQUERY	= $1c6e
=$9243					ae_alert_step	= $9243
=$3d17					N_MTOKEN	= $3d17
=$9cdf					gfx_copy	= $9cdf
=$aacb					bp_load		= $aacb
=$b23e					gm_module	= $b23e
=$1c4d					N_FRELEASE	= $1c4d
=$9ccb					gfx_clear	= $9ccb
=4					N_BADHANDLE	= 4
=$aef4					bk_operation	= $aef4
=$a9ae					bp_dispose	= $a9ae
=$b1e0					bk_crc_get	= $b1e0
=$995b					gfx_success	= $995b
=$693f					gm_scan_record	= $693f
=$abcc					bp_state	= $abcc
=$abcf					vd_fault	= $abcf
=$9f43					gfx_bits	= $9f43
=28					WM_MOVED	= 28
=3					GM_MOP_FORMAT	= 3
=$809a					gm_mul		= $809a
=$7e29					gm_each		= $7e29
=$9602					gm_rec_addr	= $9602
=$abf2					ru_active	= $abf2
=$9af0					gfx_empty	= $9af0
=$3d39					N_UIFLAGS	= $3d39
=$997e					gfx_glyph	= $997e
=$8614					gm_inf_scratch	= $8614
=$853e					gm_nlen		= $853e
=$94cb					ae_dirty	= $94cb
=$9376					ae_wait_done	= $9376
=$6403					gm_draw_icons	= $6403
=$86fc					gm_pos		= $86fc
=$609b					gm_surface_setup= $609b
=$87a3					gm_win_bits	= $87a3
=$3d00					N_OWNER		= $3d00
=21					GM_RECORD	= 21
=$aec0					bk_services	= $aec0
=$8184					gm_types	= $8184
=$3d11					N_BUSY		= $3d11
=$7940					gm_row_loop	= $7940
=$62a7					gm_dirty_from	= $62a7
=$86fe					gm_cmpb		= $86fe
=$6f94					gm_status_text	= $6f94
=$94a9					ae_session_write= $94a9
=$3d2c					N_APPFORMAT	= $3d2c
=$9f27					gfx_limits	= $9f27
=$9140					ae_detach	= $9140
=1					AE_CAP_ALERT	= 1
=$9e04					gfx_band_clear	= $9e04
=24					GM_CHUNK	= 24
=$1300					N_LOWBASE	= $1300
=$817d					gm_drive_title	= $817d
=$61					GM_PAPER	= $61
=$abe5					vd_pointer_visible= $abe5
=0					PM_SECONDARY	= 0
=$877f					gm_clip		= $877f
=5					GM_ICONS	= 5
=$04					N_FIRST1	= $04
=$aeed					bk_pages	= $aeed
=3					WF_INFO		= 3
=$9972					gfx_colors	= $9972
=$6b9e					gm_cmp_ordinal	= $6b9e
=9					AE_OP_SHUTDOWN	= 9
=$736e					gm_pr		= $736e
=$76d5					gm_ucmd		= $76d5
=$7bea					gm_scroll_to_selection= $7bea
=$1c32					N_RELEASE	= $1c32
=$6f91					gm_del_status	= $6f91
=$8773					gm_mul_b	= $8773
=$8772					gm_mul_a	= $8772
=$70ea					gm_drop		= $70ea
=$7da6					gm_select_set	= $7da6
=$6233					gm_open_bad	= $6233
=$6dd5					gm_anum		= $6dd5
=$aa1c					bp_ok		= $aa1c
=$8061					gm_select_mem	= $8061
=$9892					dc_code		= $9892
=$786d					gm_peek_kind	= $786d
=$7c35					gm_update_slider= $7c35
=$9f3e					gfx_mask	= $9f3e
=$7216					gm_file_select	= $7216
=$3d8d					N_FEOF		= $3d8d
=$6ba7					gm_cmp_raw	= $6ba7
=$9978					gfx_set_clip	= $9978
=$3d88					N_FTYPE		= $3d88
=$4f00					N_USTATUS	= $4f00
=$6596					gm_pointer_cell	= $6596
=$3d87					N_FMODE		= $3d87
=4					AE_OP_EVENT	= 4
=$3d26					N_IOSTATUS	= $3d26
=$8765					gm_i		= $8765
=$86f6					gm_k		= $86f6
=$8766					gm_j		= $8766
=$9867					dc_field_done	= $9867
=$86fd					gm_other	= $86fd
=$86e1					gm_q		= $86e1
=$86fa					gm_i2		= $86fa
=$9d9e					gfx_band_select	= $9d9e
=$6c71					gm_aname	= $6c71
=$7279					gm_module_call	= $7279
=$967f					dc_begin	= $967f
=$9208					ae_register	= $9208
=$ae64					bk_check_failed	= $ae64
=$6adc					gm_sort		= $6adc
=$8a4a					ae_call		= $8a4a
=8					MU_M2		= 8
=$9af5					gfx_store_clip	= $9af5
=$3d8e					N_FERROR	= $3d8e
=$85ac					gm_s_free	= $85ac
=$7b66					gm_arrowed	= $7b66
=$81bb					gm_label_9	= $81bb
=10					WS_TEXT		= 10
=$71e7					gm_session_save	= $71e7
=$a79f					nk_active	= $a79f
=$7626					gm_title_usb	= $7626
=$9898					dc_status	= $9898
=$9f1e					gfx_pen		= $9f1e
=7					N_REENTRANT	= 7
=$72e9					gm_prt_probe	= $72e9
=$765d					gm_title_end	= $765d
=$81ac					gm_icon_label_lo= $81ac
=$755b					gm_ult_enter	= $755b
=$66a5					gm_key_set	= $66a5
=$6d68					gm_info_sum	= $6d68
=$a675					pm_pots		= $a675
=$8609					gm_inf_name	= $8609
=$aba0					vm_rows		= $aba0
=$3d3d					N_UARG		= $3d3d
=$a9ec					vm_present	= $a9ec
=3					UI_BUFFER	= 3
=$7623					gm_title_set	= $7623
=$0002					WK_CLOSER	= $0002
=$9a55					gfx_clip_copy	= $9a55
=$6b41					gm_compare	= $6b41
=$930e					ae_event_fired	= $930e
=$9f3a					gfx_columns	= $9f3a
=5					GM_MOP_USBINFO	= 5
=$9f20					gfx_error	= $9f20
=$6aa3					gm_chunk_next	= $6aa3
=$5000					N_SERVICELIMIT	= $5000
=$7874					gm_text_suffix	= $7874
=$880b					gm_bitmask	= $880b
=$7fd5					gm_launch_fail	= $7fd5
=4					GM_MOP_CONTROL	= 4
=$9e70					gfx_aligned_ink	= $9e70
=$a394					pm_install	= $a394
=8					GM_MOP_SAVEDESK	= 8
=$7c8f					gm_wset_simple	= $7c8f
=$85c4					gm_session	= $85c4
=$8846					gm_dirpage	= $8846
=$8369					gm_s_blocks	= $8369
=$86a9					gm_lock_name	= $86a9
=$9828					dc_field_track	= $9828
=$94cf					ae_ev_params	= $94cf
=1					FO_PRESENT	= 1
=1					BP_TRACK_DIRTY	= 1
=$abf5					bk_call		= $abf5
=$6c73					gm_info_name	= $6c73
=$9eca					gfx_glyph_shift	= $9eca
=$83ed					gm_badname_alert= $83ed
=$6eb4					gm_del_go	= $6eb4
=26					WM_VSLID	= 26
=7					UI_FILTER	= 7
=$a9fb					vd_select	= $a9fb
=$86a5					gm_alert_default= $86a5
=$749e					gm_fn_next	= $749e
=32					BK_OWNER	= 32
=$81b6					gm_label_boot	= $81b6
=$7767					gm_usb_document	= $7767
=$9a07					gfx_pixel_limits= $9a07
=$a985					bp_open_failed	= $a985
=$6dec					gm_read_record	= $6dec
=$5000					gm_sortbuf	= $5000
=$a025					gfx_text_done	= $a025
=$a683					pm_init_saved	= $a683
=16					WF_VSLSIZE	= 16
=$acd0					bk_service_bad	= $acd0
=$84f8					gm_usht		= $84f8
=$aa20					bp_fault	= $aa20
=$7478					gm_ult_scan_done= $7478
=0					BP_SHARED_MEMORY= 0
=$946f					ae_menu_read	= $946f
=$b0d9					bk_load_success	= $b0d9
=$9894					dc_track	= $9894
=$6339					gm_alert_rows	= $6339
=$1c62					N_MCALL		= $1c62
=$81a3					gm_icon_on	= $81a3
=$698b					gm_scan_skip	= $698b
=$81cd					gm_label_printer= $81cd
=$9d20					gfx_band	= $9d20
=$ae62					bk_check_end	= $ae62
=1					MU_KEYBD	= 1
=$83e3					gm_s_bar	= $83e3
=$a682					pm_high		= $a682
=$3d2f					N_DESKTOPSEL	= $3d2f
=16					AE_CAP_SESSION	= 16
=$9a21					gfx_limits_y	= $9a21
=$b0e8					bk_long_image	= $b0e8
=$a530					pm_move		= $a530
=16					GM_PAGES	= 16
=16					AC_PAGES	= 16
=$86f2					gm_page		= $86f2
=$9910					gfx_bind	= $9910
=$9fe5					gfx_text_next	= $9fe5
=$8787					gm_win_handle	= $8787
=$6c0b					gm_view_checks	= $6c0b
=$7aa0					gm_read_none	= $7aa0
=$6fe1					gm_refresh_drive= $6fe1
=$3d8f					N_FDOS		= $3d8f
=$8455					gm_start_alert	= $8455
=$6cdd					gm_info_fail	= $6cdd
=$a981					bp_open_bad	= $a981
=$8783					gm_rect		= $8783
=$3d34					N_BROWSERNAME_LEN= $3d34
=$b236					bk_offset	= $b236
=$8770					gm_num		= $8770
=7					WF_FULLXYWH	= 7
=$98cb					dc_free		= $98cb
=$0400					WK_RTARROW	= $0400
=$614d					pm_select_surface= $614d
=$9f52					gfx_band_first	= $9f52
=$79bd					gm_rows_fail	= $79bd
=$9fd3					gfx_text_badarg	= $9fd3
=$9b30					gfx_clip_reset_next= $9b30
=0					NK_LOCAL_HELP	= 0
=$6bc9					gm_name_key	= $6bc9

;******  Return to file: src/native/gemdesk-new.asm

.b23e					gm_mod_new:
>b23e	4e 4d 4f 44			        .text "nmod"
>b242	01 01 0e 00			        .byte 1,1,14,0
>b246	98 0b				        .word gm_mod_new_end-gm_mod_new
>b248	00 00				        .word 0
>b24a	10 00				        .word new.entry-gm_mod_new
>b24c	00 00				        .word 0
.b24e					new
.b24e					entry:
.b24e	a2 03		ldx #$03	        ldx #3                  ; forms draw on the desktop's surface
.b250	bd d2 86	lda $86d2,x	-       lda gm_surface,x
.b253	9d 94 bd	sta $bd94,x	        sta fo_surface,x
.b256	ca		dex		        dex
.b257	10 f7		bpl $b250	        bpl -
.b259	4c 90 b2	jmp $b290	        jmp gm_newfolder
.b25c					gm_form:
.b25c	8d 8e b2	sta $b28e	        sta gm_form_ptr
.b25f	8e 8f b2	stx $b28f	        stx gm_form_ptr+1
.b262	20 5f 61	jsr $615f	        jsr gm_bind
.b265	b0 1e		bcs $b285	        bcs gm_form_done
.b267	20 2e 9b	jsr $9b2e	        jsr gfx_clip_defaults
.b26a	ad 8e b2	lda $b28e	        lda gm_form_ptr
.b26d	ae 8f b2	ldx $b28f	        ldx gm_form_ptr+1
.b270	20 82 b4	jsr $b482	        jsr fo_open
.b273	b0 10		bcs $b285	        bcs gm_form_done
.b275	20 6e b5	jsr $b56e	        jsr fo_do
.b278	b0 0c		bcs $b286	        bcs gm_form_close_error
.b27a	8d 8d b2	sta $b28d	        sta gm_form_exit
.b27d	20 3b b5	jsr $b53b	        jsr fo_close
.b280	b0 03		bcs $b285	        bcs gm_form_done
.b282	ad 8d b2	lda $b28d	        lda gm_form_exit
.b285					gm_form_done:
.b285	60		rts		        rts
.b286					gm_form_close_error:
.b286	48		pha		        pha
.b287	20 3b b5	jsr $b53b	        jsr fo_close
.b28a	68		pla		        pla
.b28b	38		sec		        sec
.b28c	60		rts		        rts
>b28d	00				gm_form_exit: .byte 0
>b28e	00 00				gm_form_ptr: .word 0
.b290					gm_newfolder:
.b290	20 0c 80	jsr $800c	        jsr gm_top_slot
.b293	b0 0a		bcs $b29f	        bcs gm_nf_notusb
.b295	8e dd 86	stx $86dd	        stx gm_slot
.b298	bd 8f 87	lda $878f,x	        lda gm_win_fmt,x
.b29b	c9 03		cmp #$03	        cmp #3
.b29d	f0 09		beq $b2a8	        beq +
.b29f					gm_nf_notusb:
.b29f	a9 c7		lda #$c7	        lda #<gm_s_nf_usb
.b2a1	a2 b3		ldx #$b3	        ldx #>gm_s_nf_usb
.b2a3	a0 01		ldy #$01	        ldy #1
.b2a5	4c f4 62	jmp $62f4	        jmp gm_alert
.b2a8	a9 00		lda #$00	+       lda #0
.b2aa	8d 58 b3	sta $b358	        sta gm_nf_field
.b2ad	a9 89		lda #$89	        lda #<gm_nf_form
.b2af	a2 b3		ldx #$b3	        ldx #>gm_nf_form
.b2b1	20 5c b2	jsr $b25c	        jsr gm_form
.b2b4	90 03		bcc $b2b9	        bcc +
.b2b6	4c ff 6b	jmp $6bff	        jmp gm_view_fail
.b2b9	c9 02		cmp #$02	+       cmp #2                  ; Create (object 2)
.b2bb	f0 03		beq $b2c0	        bne gm_nf_done
.b2bd	4c 57 b3	jmp $b357
.b2c0	ae 58 b3	ldx $b358	        ldx gm_nf_field         ; the name
.b2c3	f0 6d		beq $b332	        beq gm_nf_bad
.b2c5	bd 5f b3	lda $b35f,x	        lda gm_nf_buf-1,x
.b2c8	c9 20		cmp #$20	        cmp #$20
.b2ca	f0 66		beq $b332	        beq gm_nf_bad
.b2cc	c9 2e		cmp #$2e	        cmp #$2e
.b2ce	f0 62		beq $b332	        beq gm_nf_bad
.b2d0	ca		dex		        dex
.b2d1					gm_nf_char:
.b2d1	bd 60 b3	lda $b360,x	        lda gm_nf_buf,x
.b2d4	c9 20		cmp #$20	        cmp #$20
.b2d6	90 5a		bcc $b332	        bcc gm_nf_bad
.b2d8	c9 7f		cmp #$7f	        cmp #$7f
.b2da	b0 56		bcs $b332	        bcs gm_nf_bad
.b2dc	a0 08		ldy #$08	        ldy #gm_nf_forbidden_end-gm_nf_forbidden-1
.b2de					gm_nf_forbid:
.b2de	d9 80 b3	cmp $b380,y	        cmp gm_nf_forbidden,y
.b2e1	f0 4f		beq $b332	        beq gm_nf_bad
.b2e3	88		dey		        dey
.b2e4	10 f8		bpl $b2de	        bpl gm_nf_forbid
.b2e6	ca		dex		        dex
.b2e7	10 e8		bpl $b2d1	        bpl gm_nf_char
.b2e9	20 86 73	jsr $7386	        jsr gm_path_to_upath    ; the window's folder, '/', the name
.b2ec	ae 86 3d	ldx $3d86	        ldx N_FNAMELEN
.b2ef	bd ff 4d	lda $4dff,x	        lda N_UPATH-1,x
.b2f2	c9 2f		cmp #$2f	        cmp #$2f
.b2f4	f0 06		beq $b2fc	        beq +
.b2f6	a9 2f		lda #$2f	        lda #$2f
.b2f8	9d 00 4e	sta $4e00,x	        sta N_UPATH,x
.b2fb	e8		inx		        inx
.b2fc	a0 00		ldy #$00	+       ldy #0
.b2fe	b9 60 b3	lda $b360,y	-       lda gm_nf_buf,y
.b301	9d 00 4e	sta $4e00,x	        sta N_UPATH,x
.b304	e8		inx		        inx
.b305	f0 2b		beq $b332	        beq gm_nf_bad           ; past 255 bytes
.b307	c8		iny		        iny
.b308	cc 58 b3	cpy $b358	        cpy gm_nf_field
.b30b	d0 f1		bne $b2fe	        bne -
.b30d	8e 86 3d	stx $3d86	        stx N_FNAMELEN
.b310	a9 16		lda #$16	        lda #$16                ; CREATE_DIR
.b312	20 d5 76	jsr $76d5	        jsr gm_ucmd
.b315	b0 24		bcs $b33b	        bcs gm_nf_failed
.b317	ad 8b 3d	lda $3d8b	        lda N_FACTUAL
.b31a	0d 8c 3d	ora $3d8c	        ora N_FACTUAL+1
.b31d	d0 2c		bne $b34b	        bne gm_nf_unproven
.b31f	a9 08		lda #$08	        lda #$08                ; FILE_STAT: a directory now
.b321	20 d5 76	jsr $76d5	        jsr gm_ucmd
.b324	b0 25		bcs $b34b	        bcs gm_nf_unproven
.b326	ad 0b 3a	lda $3a0b	        lda N_BUFFER+11
.b329	29 18		and #$18	        and #$18
.b32b	c9 10		cmp #$10	        cmp #$10
.b32d	d0 1c		bne $b34b	        bne gm_nf_unproven
.b32f	4c 5e 75	jmp $755e	        jmp gm_ult_rescan
.b332					gm_nf_bad:
.b332	a9 f5		lda #$f5	        lda #<gm_s_nf_bad
.b334	a2 b3		ldx #$b3	        ldx #>gm_s_nf_bad
.b336	a0 01		ldy #$01	        ldy #1
.b338	4c f4 62	jmp $62f4	        jmp gm_alert
.b33b					gm_nf_failed:
.b33b	48		pha		        pha
.b33c	a9 00		lda #$00	        lda #0
.b33e	8d 01 87	sta $8701	        sta gm_alen
.b341	a9 25		lda #$25	        lda #<gm_s_nf_failed
.b343	a2 b4		ldx #$b4	        ldx #>gm_s_nf_failed
.b345	20 b7 6d	jsr $6db7	        jsr gm_astr
.b348	4c 70 6f	jmp $6f70	        jmp gm_error_hex
.b34b					gm_nf_unproven:
.b34b	a9 45		lda #$45	        lda #<gm_s_nf_unproven
.b34d	a2 b4		ldx #$b4	        ldx #>gm_s_nf_unproven
.b34f	a0 01		ldy #$01	        ldy #1
.b351	20 f4 62	jsr $62f4	        jsr gm_alert
.b354	4c 5e 75	jmp $755e	        jmp gm_ult_rescan
.b357					gm_nf_done:
.b357	60		rts		        rts
>b358	00 00 1f			gm_nf_field: .byte 0,0,31       ; N_FEDIT record: length, caret, maximum,
>b35b	60 b3				        .word gm_nf_buf         ; buffer, 40/80-column views, no filter
>b35d	00 00 00			        .byte 0,0,0
>b360	00 00 00 00 00 00 00 00		gm_nf_buf: .fill 32,0
>b368	00 00 00 00 00 00 00 00 00 00 00 00 00 00 00 00
>b378	00 00 00 00 00 00 00 00
>b380	22 2f 5c 3a 3c 3e 2a 3f		gm_nf_forbidden: .byte $22,$2f,$5c,$3a,$3c,$3e,$2a,$3f,$7c
>b388	7c
.b389					gm_nf_forbidden_end:
>b389	ff 00 1e 09 04			gm_nf_form: .byte $ff,0,30,9,4
>b38e	01 00 00 02 01 14		        .byte FOT_TEXT,0,0,2,1,20
>b394	ae b3				        .word gm_t_newfolder
>b396	05 00 00 02 03 1a		        .byte FOT_FIELD,0,0,2,3,26
>b39c	58 b3				        .word gm_nf_field
>b39e	02 03 00 06 06 0a		        .byte FOT_BUTTON,FOF_DEFAULT|FOF_EXIT,0,6,6,10
>b3a4	b9 b3				        .word gm_t_create
>b3a6	02 06 00 12 06 08		        .byte FOT_BUTTON,FOF_CANCEL|FOF_EXIT,0,18,6,8
>b3ac	c0 b3				        .word gm_t_nf_cancel
>b3ae	4e 65 77 20 46 6f 6c 64		gm_t_newfolder: .byte 78,101,119,32,70,111,108,100,101,114,0   ; New Folder
>b3b6	65 72 00
>b3b9	43 72 65 61 74 65 00		gm_t_create: .byte 67,114,101,97,116,101,0   ; Create
>b3c0	43 61 6e 63 65 6c 00		gm_t_nf_cancel: .byte 67,97,110,99,101,108,0   ; Cancel
>b3c7	5b 31 5d 5b 4e 65 77 20		gm_s_nf_usb: .byte 91,49,93,91,78,101,119,32,102,111,108,100,101,114,115,32,97,114,101,32,109,97,100,101
>b3cf	66 6f 6c 64 65 72 73 20 61 72 65 20 6d 61 64 65
>b3df	7c 69 6e 20 55 53 42 20		        .byte 124,105,110,32,85,83,66,32,119,105,110,100,111,119,115,46,93,91,79,75,93,0   ; [1][New folders are made|in USB windows.][OK]
>b3e7	77 69 6e 64 6f 77 73 2e 5d 5b 4f 4b 5d 00
>b3f5	5b 31 5d 5b 54 68 61 74		gm_s_nf_bad: .byte 91,49,93,91,84,104,97,116,32,110,97,109,101,32,99,97,110,110,111,116,32,98,101,124
>b3fd	20 6e 61 6d 65 20 63 61 6e 6e 6f 74 20 62 65 7c
>b40d	75 73 65 64 20 66 6f 72		        .byte 117,115,101,100,32,102,111,114,32,97,32,102,111,108,100,101,114,46,93,91,79,75,93,0   ; [1][That name cannot be|used for a folder.][OK]
>b415	20 61 20 66 6f 6c 64 65 72 2e 5d 5b 4f 4b 5d 00
>b425	5b 33 5d 5b 43 6f 75 6c		gm_s_nf_failed: .byte 91,51,93,91,67,111,117,108,100,32,110,111,116,32,109,97,107,101,32,116,104,101,124,102
>b42d	64 20 6e 6f 74 20 6d 61 6b 65 20 74 68 65 7c 66
>b43d	6f 6c 64 65 72 3a 20 00		        .byte 111,108,100,101,114,58,32,0   ; [3][Could not make the|folder:
>b445	5b 33 5d 5b 54 68 65 20		gm_s_nf_unproven: .byte 91,51,93,91,84,104,101,32,100,114,105,118,101,32,100,105,100,32,110,111,116,124,99,111
>b44d	64 72 69 76 65 20 64 69 64 20 6e 6f 74 7c 63 6f
>b45d	6e 66 69 72 6d 20 74 68		        .byte 110,102,105,114,109,32,116,104,101,32,102,111,108,100,101,114,59,124,115,101,101,32,116,104
>b465	65 20 66 6f 6c 64 65 72 3b 7c 73 65 65 20 74 68
>b475	65 20 6c 69 73 74 2e 5d		        .byte 101,32,108,105,115,116,46,93,91,79,75,93,0   ; [3][The drive did not|confirm the folder;|see the list.][OK]
>b47d	5b 4f 4b 5d 00

;******  Processing file: src/native/forms.inc

=1					FOT_TEXT = 1
=2					FOT_BUTTON = 2
=3					FOT_CHECK = 3
=4					FOT_RADIO = 4
=5					FOT_FIELD = 5
=1					FOF_DEFAULT = 1                  ; flags
=2					FOF_EXIT = 2
=4					FOF_CANCEL = 4
=1					FOS_SELECTED = 1                 ; state
=2					FOS_DISABLED = 2
=$61					FOC_PAPER = $61
=$07					FOC_FOCUS = $07
=$c1					FOC_GREY = $c1
=32					FOT_MAX_OBJECTS = 32
.b482					fo_open:
.b482	8d 9c bd	sta $bd9c	        sta fo_ptr
.b485	8e 9d bd	stx $bd9d	        stx fo_ptr+1
.b488	8d 91 b4	sta $b491	        sta fo_hdr+1
.b48b	8e 92 b4	stx $b492	        stx fo_hdr+2
.b48e	a0 04		ldy #$04	        ldy #4
.b490					fo_hdr:
.b490	b9 ff ff	lda $ffff,y	        lda $ffff,y
.b493	99 9e bd	sta $bd9e,y	        sta fo_x,y
.b496	88		dey		        dey
.b497	10 f7		bpl $b490	        bpl fo_hdr
.b499	ad a2 bd	lda $bda2	        lda fo_n
.b49c	d0 03		bne $b4a1	        beq fo_bad
.b49e	4c 37 b5	jmp $b537
.b4a1	c9 21		cmp #$21	        cmp #FOT_MAX_OBJECTS+1
.b4a3	b0 f9		bcs $b49e	        bcs fo_bad
.b4a5	ad a0 bd	lda $bda0	        lda fo_w
.b4a8	c9 03		cmp #$03	        cmp #3
.b4aa	90 f2		bcc $b49e	        bcc fo_bad
.b4ac	c9 27		cmp #$27	        cmp #39
.b4ae	b0 ee		bcs $b49e	        bcs fo_bad
.b4b0	ad a1 bd	lda $bda1	        lda fo_h
.b4b3	c9 03		cmp #$03	        cmp #3
.b4b5	90 e7		bcc $b49e	        bcc fo_bad
.b4b7	c9 18		cmp #$18	        cmp #24
.b4b9	b0 7c		bcs $b537	        bcs fo_bad
.b4bb	ad 9e bd	lda $bd9e	        lda fo_x
.b4be	c9 ff		cmp #$ff	        cmp #$ff
.b4c0	d0 18		bne $b4da	        bne fo_placed
.b4c2	a9 28		lda #$28	        lda #40                 ; centred below the menu bar
.b4c4	38		sec		        sec
.b4c5	ed a0 bd	sbc $bda0	        sbc fo_w
.b4c8	4a		lsr a		        lsr
.b4c9	8d 9e bd	sta $bd9e	        sta fo_x
.b4cc	a9 19		lda #$19	        lda #25
.b4ce	38		sec		        sec
.b4cf	ed a1 bd	sbc $bda1	        sbc fo_h
.b4d2	4a		lsr a		        lsr
.b4d3	d0 02		bne $b4d7	        bne +
.b4d5	a9 01		lda #$01	        lda #1
.b4d7	8d 9f bd	sta $bd9f	+       sta fo_y
.b4da					fo_placed:
.b4da	ad 9f bd	lda $bd9f	        lda fo_y
.b4dd	f0 58		beq $b537	        beq fo_bad
.b4df	18		clc		        clc
.b4e0	6d a1 bd	adc $bda1	        adc fo_h
.b4e3	c9 1a		cmp #$1a	        cmp #26
.b4e5	b0 50		bcs $b537	        bcs fo_bad
.b4e7	ad 9e bd	lda $bd9e	        lda fo_x
.b4ea	18		clc		        clc
.b4eb	6d a0 bd	adc $bda0	        adc fo_w
.b4ee	c9 29		cmp #$29	        cmp #41
.b4f0	b0 45		bcs $b537	        bcs fo_bad
.b4f2	20 cc bb	jsr $bbcc	        jsr fo_transfer_alloc   ; save the cells under the form
.b4f5	b0 35		bcs $b52c	        bcs fo_open_done
.b4f7	a2 00		ldx #$00	        ldx #0                  ; fields: caret at the end
.b4f9					fo_init_fields:
.b4f9	8e af bd	stx $bdaf	        stx fo_i
.b4fc	20 1d b8	jsr $b81d	        jsr fo_fetch
.b4ff	ad a3 bd	lda $bda3	        lda fo_type
.b502	c9 05		cmp #$05	        cmp #FOT_FIELD
.b504	d0 0d		bne $b513	        bne +
.b506	20 6f b8	jsr $b86f	        jsr fo_uiptr
.b509	a9 00		lda #$00	        lda #0
.b50b	8d 37 3d	sta $3d37	        sta N_UIKEY
.b50e	20 59 1c	jsr $1c59	        jsr N_FEDIT
.b511	b0 1a		bcs $b52d	        bcs fo_open_free
.b513	ae af bd	ldx $bdaf	+       ldx fo_i
.b516	e8		inx		        inx
.b517	ec a2 bd	cpx $bda2	        cpx fo_n
.b51a	d0 dd		bne $b4f9	        bne fo_init_fields
.b51c	a9 ff		lda #$ff	        lda #$ff
.b51e	8d ae bd	sta $bdae	        sta fo_focus
.b521	a9 01		lda #$01	        lda #1                  ; a press held from before is not a click
.b523	8d b6 bd	sta $bdb6	        sta fo_prev_button
.b526	20 87 b7	jsr $b787	        jsr fo_next
.b529	20 7c b8	jsr $b87c	        jsr fo_draw_all
.b52c					fo_open_done:
.b52c	60		rts		        rts
.b52d					fo_open_free:
.b52d	48		pha		        pha
.b52e	20 39 bd	jsr $bd39	        jsr fo_select_save
.b531	20 23 1c	jsr $1c23	        jsr N_FREE
.b534	68		pla		        pla
.b535	38		sec		        sec
.b536	60		rts		        rts
.b537					fo_bad:
.b537	a9 01		lda #$01	        lda #N_BADARG
.b539	38		sec		        sec
.b53a	60		rts		        rts
.b53b					fo_close:
.b53b	a9 01		lda #$01	        lda #1                  ; saved copy -> surface
.b53d	20 28 bc	jsr $bc28	        jsr fo_transfer
.b540	08		php		        php
.b541	48		pha		        pha
.b542	20 4e b5	jsr $b54e	        jsr fo_mark_rows        ; a raw copy, unseen by the graphics core's tracking
.b545	20 39 bd	jsr $bd39	        jsr fo_select_save
.b548	20 23 1c	jsr $1c23	        jsr N_FREE
.b54b	68		pla		        pla
.b54c	28		plp		        plp
.b54d	60		rts		        rts
.b54e					fo_mark_rows:
.b54e	ae 9f bd	ldx $bd9f	        ldx fo_y
.b551	ac a1 bd	ldy $bda1	        ldy fo_h
.b554	f0 0c		beq $b562	        beq +
.b556	a9 01		lda #$01	        lda #1
.b558	8d b9 ab	sta $abb9	        sta vm_pending
.b55b	9d a0 ab	sta $aba0,x	-       sta vm_rows,x
.b55e	e8		inx		        inx
.b55f	88		dey		        dey
.b560	d0 f9		bne $b55b	        bne -
.b562	60		rts		+       rts
.b563					fo_redraw:
.b563	20 ca b8	jsr $b8ca	        jsr fo_draw_obj
.b566	08		php		        php
.b567	48		pha		        pha
.b568	20 2e 9b	jsr $9b2e	        jsr gfx_clip_defaults
.b56b	68		pla		        pla
.b56c	28		plp		        plp
.b56d	60		rts		        rts
.b56e					fo_do:
.b56e	20 b9 62	jsr $62b9	        jsr ae_present          ; the app's VDC mirror: rows the dialog redrew
.b571	a9 01		lda #$01	        lda #1
.b573	8d 12 3d	sta $3d12	        sta N_READY
.b576	20 3b 1c	jsr $1c3b	        jsr N_KEYIN
.b579	a2 00		ldx #$00	        ldx #0
.b57b	8e 12 3d	stx $3d12	        stx N_READY
.b57e	8d b4 bd	sta $bdb4	        sta fo_key
.b581	20 66 a4	jsr $a466	        jsr pm_poll
.b584	a2 00		ldx #$00	        ldx #0                  ; a press is a change from up to down
.b586	ad 77 a6	lda $a677	        lda pm_buttons
.b589	f0 06		beq $b591	        beq +
.b58b	ad b6 bd	lda $bdb6	        lda fo_prev_button
.b58e	d0 01		bne $b591	        bne +
.b590	e8		inx		        inx
.b591	8e b5 bd	stx $bdb5	+       stx fo_press
.b594	ad 77 a6	lda $a677	        lda pm_buttons
.b597	f0 02		beq $b59b	        beq +
.b599	a9 01		lda #$01	        lda #1
.b59b	8d b6 bd	sta $bdb6	+       sta fo_prev_button
.b59e	ad b4 bd	lda $bdb4	        lda fo_key
.b5a1	f0 05		beq $b5a8	        beq +
.b5a3	20 e4 b5	jsr $b5e4	        jsr fo_key_act
.b5a6	b0 0a		bcs $b5b2	        bcs fo_do_result
.b5a8	ad b5 bd	lda $bdb5	+       lda fo_press
.b5ab	f0 c1		beq $b56e	        beq fo_do
.b5ad	20 8d b6	jsr $b68d	        jsr fo_click
.b5b0	90 bc		bcc $b56e	        bcc fo_do
.b5b2					fo_do_result:
.b5b2	ad 77 a6	lda $a677	-       lda pm_buttons          ; left with the pointer: the press ends here, at
.b5b5	f0 13		beq $b5ca	        beq +                   ; its release, so the caller never sees it
.b5b7	a9 01		lda #$01	        lda #1
.b5b9	8d 12 3d	sta $3d12	        sta N_READY
.b5bc	20 3b 1c	jsr $1c3b	        jsr N_KEYIN             ; (idle; a key typed meanwhile is dropped)
.b5bf	a2 00		ldx #$00	        ldx #0
.b5c1	8e 12 3d	stx $3d12	        stx N_READY
.b5c4	20 66 a4	jsr $a466	        jsr pm_poll
.b5c7	4c b2 b5	jmp $b5b2	        jmp -
.b5ca	ad b7 bd	lda $bdb7	+       lda fo_exit
.b5cd	c9 ff		cmp #$ff	        cmp #$ff
.b5cf	f0 02		beq $b5d3	        beq +
.b5d1	18		clc		        clc
.b5d2	60		rts		        rts
.b5d3	ad b8 bd	lda $bdb8	+       lda fo_error
.b5d6	38		sec		        sec
.b5d7	60		rts		        rts
.b5d8					fo_fail:
.b5d8	8d b8 bd	sta $bdb8	        sta fo_error
.b5db	a9 ff		lda #$ff	        lda #$ff
.b5dd	8d b7 bd	sta $bdb7	        sta fo_exit
.b5e0	38		sec		        sec
.b5e1	60		rts		        rts
.b5e2					fo_continue:
.b5e2	18		clc		        clc
.b5e3	60		rts		        rts
.b5e4					fo_key_act:
.b5e4	c9 1b		cmp #$1b	        cmp #27                 ; Esc: the cancel object
.b5e6	d0 05		bne $b5ed	        bne +
.b5e8	a9 04		lda #$04	        lda #FOF_CANCEL
.b5ea	4c 62 b6	jmp $b662	        jmp fo_press_flagged
.b5ed	c9 0d		cmp #$0d	+       cmp #13
.b5ef	d0 1c		bne $b60d	        bne +
.b5f1	ae ae bd	ldx $bdae	        ldx fo_focus            ; Return: the focused button, else the default
.b5f4	e0 ff		cpx #$ff	        cpx #$ff
.b5f6	f0 10		beq $b608	        beq fo_return_default
.b5f8	20 1d b8	jsr $b81d	        jsr fo_fetch
.b5fb	ad a3 bd	lda $bda3	        lda fo_type
.b5fe	c9 02		cmp #$02	        cmp #FOT_BUTTON
.b600	d0 06		bne $b608	        bne fo_return_default
.b602	ae ae bd	ldx $bdae	        ldx fo_focus
.b605	4c f2 b6	jmp $b6f2	        jmp fo_act
.b608					fo_return_default:
.b608	a9 01		lda #$01	        lda #FOF_DEFAULT
.b60a	4c 62 b6	jmp $b662	        jmp fo_press_flagged
.b60d	c9 09		cmp #$09	+       cmp #9                  ; Tab, cursor down: next
.b60f	f0 0e		beq $b61f	        beq fo_key_next
.b611	c9 11		cmp #$11	        cmp #$11
.b613	f0 0a		beq $b61f	        beq fo_key_next
.b615	c9 91		cmp #$91	        cmp #$91
.b617	d0 0d		bne $b626	        bne fo_key_other
.b619	20 b3 b7	jsr $b7b3	        jsr fo_prev
.b61c	4c 22 b6	jmp $b622	        jmp fo_focus_moved
.b61f					fo_key_next:
.b61f	20 87 b7	jsr $b787	        jsr fo_next
.b622					fo_focus_moved:
.b622	b0 b4		bcs $b5d8	        bcs fo_fail
.b624	18		clc		        clc
.b625	60		rts		        rts
.b626					fo_key_other:
.b626	ae ae bd	ldx $bdae	        ldx fo_focus
.b629	e0 ff		cpx #$ff	        cpx #$ff
.b62b	f0 b5		beq $b5e2	        beq fo_continue
.b62d	20 1d b8	jsr $b81d	        jsr fo_fetch
.b630	ad a3 bd	lda $bda3	        lda fo_type
.b633	c9 05		cmp #$05	        cmp #FOT_FIELD
.b635	f0 0d		beq $b644	        beq fo_edit
.b637	ad b4 bd	lda $bdb4	        lda fo_key              ; Space acts on the focused object
.b63a	c9 20		cmp #$20	        cmp #32
.b63c	d0 a4		bne $b5e2	        bne fo_continue
.b63e	ae ae bd	ldx $bdae	        ldx fo_focus
.b641	4c f2 b6	jmp $b6f2	        jmp fo_act
.b644					fo_edit:
.b644	20 6f b8	jsr $b86f	        jsr fo_uiptr
.b647	ad b4 bd	lda $bdb4	        lda fo_key
.b64a	8d 37 3d	sta $3d37	        sta N_UIKEY
.b64d	20 59 1c	jsr $1c59	        jsr N_FEDIT
.b650	b0 86		bcs $b5d8	        bcs fo_fail
.b652	ae ae bd	ldx $bdae	        ldx fo_focus
.b655	20 ca b8	jsr $b8ca	        jsr fo_draw_obj
.b658	90 03		bcc $b65d	        bcs fo_fail
.b65a	4c d8 b5	jmp $b5d8
.b65d	20 2e 9b	jsr $9b2e	        jsr gfx_clip_defaults
.b660	18		clc		        clc
.b661	60		rts		        rts
.b662					fo_press_flagged:
.b662	8d b3 bd	sta $bdb3	        sta fo_flag
.b665	a2 00		ldx #$00	        ldx #0
.b667	8e af bd	stx $bdaf	-       stx fo_i
.b66a	20 1d b8	jsr $b81d	        jsr fo_fetch
.b66d	ad a4 bd	lda $bda4	        lda fo_flags
.b670	2d b3 bd	and $bdb3	        and fo_flag
.b673	f0 0d		beq $b682	        beq +
.b675	ad a5 bd	lda $bda5	        lda fo_state
.b678	29 02		and #$02	        and #FOS_DISABLED
.b67a	d0 06		bne $b682	        bne +
.b67c	ae af bd	ldx $bdaf	        ldx fo_i
.b67f	4c f2 b6	jmp $b6f2	        jmp fo_act
.b682	ae af bd	ldx $bdaf	+       ldx fo_i
.b685	e8		inx		        inx
.b686	ec a2 bd	cpx $bda2	        cpx fo_n
.b689	d0 dc		bne $b667	        bne -
.b68b	18		clc		        clc
.b68c	60		rts		        rts
.b68d					fo_click:
.b68d	ad 71 a6	lda $a671	        lda pm_x+1              ; pointer cell
.b690	4a		lsr a		        lsr
.b691	ad 70 a6	lda $a670	        lda pm_x
.b694	6a		ror a		        ror
.b695	4a		lsr a		        lsr
.b696	4a		lsr a		        lsr
.b697	8d ba bd	sta $bdba	        sta fo_cx
.b69a	ad 72 a6	lda $a672	        lda pm_y
.b69d	4a		lsr a		        lsr
.b69e	4a		lsr a		        lsr
.b69f	4a		lsr a		        lsr
.b6a0	8d bb bd	sta $bdbb	        sta fo_cy
.b6a3	a2 00		ldx #$00	        ldx #0
.b6a5					fo_hit:
.b6a5	8e af bd	stx $bdaf	        stx fo_i
.b6a8	20 1d b8	jsr $b81d	        jsr fo_fetch
.b6ab	20 07 b8	jsr $b807	        jsr fo_focusable
.b6ae	90 34		bcc $b6e4	        bcc fo_hit_next
.b6b0	ad ba bd	lda $bdba	        lda fo_cx
.b6b3	38		sec		        sec
.b6b4	ed ab bd	sbc $bdab	        sbc fo_ax
.b6b7	90 2b		bcc $b6e4	        bcc fo_hit_next
.b6b9	cd a8 bd	cmp $bda8	        cmp fo_ow
.b6bc	b0 26		bcs $b6e4	        bcs fo_hit_next
.b6be	ad bb bd	lda $bdbb	        lda fo_cy
.b6c1	38		sec		        sec
.b6c2	ed ac bd	sbc $bdac	        sbc fo_ay
.b6c5	90 1d		bcc $b6e4	        bcc fo_hit_next
.b6c7	cd ad bd	cmp $bdad	        cmp fo_rows
.b6ca	b0 18		bcs $b6e4	        bcs fo_hit_next
.b6cc	ae af bd	ldx $bdaf	        ldx fo_i
.b6cf	20 db b7	jsr $b7db	        jsr fo_set_focus
.b6d2	b0 1b		bcs $b6ef	        bcs fo_click_fail
.b6d4	ad a3 bd	lda $bda3	        lda fo_type
.b6d7	c9 05		cmp #$05	        cmp #FOT_FIELD
.b6d9	d0 03		bne $b6de	        beq fo_continue
.b6db	4c e2 b5	jmp $b5e2
.b6de	ae af bd	ldx $bdaf	        ldx fo_i
.b6e1	4c f2 b6	jmp $b6f2	        jmp fo_act
.b6e4					fo_hit_next:
.b6e4	ae af bd	ldx $bdaf	        ldx fo_i
.b6e7	e8		inx		        inx
.b6e8	ec a2 bd	cpx $bda2	        cpx fo_n
.b6eb	d0 b8		bne $b6a5	        bne fo_hit
.b6ed	18		clc		        clc
.b6ee	60		rts		        rts
.b6ef					fo_click_fail:
.b6ef	4c d8 b5	jmp $b5d8	        jmp fo_fail
.b6f2					fo_act:
.b6f2	8e af bd	stx $bdaf	        stx fo_i
.b6f5	20 1d b8	jsr $b81d	        jsr fo_fetch
.b6f8	ad a5 bd	lda $bda5	        lda fo_state
.b6fb	29 02		and #$02	        and #FOS_DISABLED
.b6fd	d0 dc		bne $b6db	        bne fo_continue
.b6ff	ad a3 bd	lda $bda3	        lda fo_type
.b702	c9 02		cmp #$02	        cmp #FOT_BUTTON
.b704	d0 0f		bne $b715	        bne +
.b706	ad a4 bd	lda $bda4	        lda fo_flags
.b709	29 06		and #$06	        and #FOF_EXIT|FOF_CANCEL
.b70b	f0 ce		beq $b6db	        beq fo_continue
.b70d	ad af bd	lda $bdaf	        lda fo_i
.b710	8d b7 bd	sta $bdb7	        sta fo_exit
.b713	38		sec		        sec
.b714	60		rts		        rts
.b715	c9 03		cmp #$03	+       cmp #FOT_CHECK
.b717	d0 13		bne $b72c	        bne +
.b719	ad a5 bd	lda $bda5	        lda fo_state
.b71c	49 01		eor #$01	        eor #FOS_SELECTED
.b71e	20 66 b8	jsr $b866	        jsr fo_put_state
.b721	ae af bd	ldx $bdaf	        ldx fo_i
.b724	20 ca b8	jsr $b8ca	        jsr fo_draw_obj
.b727	b0 5b		bcs $b784	        bcs fo_act_fail
.b729	4c 7f b7	jmp $b77f	        jmp fo_act_done
.b72c	c9 04		cmp #$04	+       cmp #FOT_RADIO
.b72e	d0 ab		bne $b6db	        bne fo_continue
.b730	ad a4 bd	lda $bda4	        lda fo_flags
.b733	29 f0		and #$f0	        and #$f0
.b735	8d b3 bd	sta $bdb3	        sta fo_flag             ; the group
.b738	ad af bd	lda $bdaf	        lda fo_i
.b73b	8d b1 bd	sta $bdb1	        sta fo_target
.b73e	a2 00		ldx #$00	        ldx #0
.b740					fo_radio_loop:
.b740	8e af bd	stx $bdaf	        stx fo_i
.b743	20 1d b8	jsr $b81d	        jsr fo_fetch
.b746	ad a3 bd	lda $bda3	        lda fo_type
.b749	c9 04		cmp #$04	        cmp #FOT_RADIO
.b74b	d0 29		bne $b776	        bne fo_radio_next
.b74d	ad a4 bd	lda $bda4	        lda fo_flags
.b750	29 f0		and #$f0	        and #$f0
.b752	cd b3 bd	cmp $bdb3	        cmp fo_flag
.b755	d0 1f		bne $b776	        bne fo_radio_next
.b757	ad a5 bd	lda $bda5	        lda fo_state
.b75a	29 fe		and #$fe	        and #255-FOS_SELECTED
.b75c	ae af bd	ldx $bdaf	        ldx fo_i
.b75f	ec b1 bd	cpx $bdb1	        cpx fo_target
.b762	d0 02		bne $b766	        bne +
.b764	09 01		ora #$01	        ora #FOS_SELECTED
.b766	cd a5 bd	cmp $bda5	+       cmp fo_state
.b769	f0 0b		beq $b776	        beq fo_radio_next
.b76b	20 66 b8	jsr $b866	        jsr fo_put_state
.b76e	ae af bd	ldx $bdaf	        ldx fo_i
.b771	20 ca b8	jsr $b8ca	        jsr fo_draw_obj
.b774	b0 0e		bcs $b784	        bcs fo_act_fail
.b776					fo_radio_next:
.b776	ae af bd	ldx $bdaf	        ldx fo_i
.b779	e8		inx		        inx
.b77a	ec a2 bd	cpx $bda2	        cpx fo_n
.b77d	d0 c1		bne $b740	        bne fo_radio_loop
.b77f					fo_act_done:
.b77f	20 2e 9b	jsr $9b2e	        jsr gfx_clip_defaults
.b782	18		clc		        clc
.b783	60		rts		        rts
.b784					fo_act_fail:
.b784	4c d8 b5	jmp $b5d8	        jmp fo_fail
.b787					fo_next:
.b787	ae ae bd	ldx $bdae	        ldx fo_focus
.b78a	ad a2 bd	lda $bda2	        lda fo_n
.b78d	8d b2 bd	sta $bdb2	        sta fo_count
.b790	e8		inx		-       inx
.b791	ec a2 bd	cpx $bda2	        cpx fo_n
.b794	90 02		bcc $b798	        bcc +
.b796	a2 00		ldx #$00	        ldx #0
.b798	8e af bd	stx $bdaf	+       stx fo_i
.b79b	20 1d b8	jsr $b81d	        jsr fo_fetch
.b79e	20 07 b8	jsr $b807	        jsr fo_focusable
.b7a1	b0 0a		bcs $b7ad	        bcs +
.b7a3	ae af bd	ldx $bdaf	        ldx fo_i
.b7a6	ce b2 bd	dec $bdb2	        dec fo_count
.b7a9	d0 e5		bne $b790	        bne -
.b7ab	18		clc		        clc
.b7ac	60		rts		        rts
.b7ad	ae af bd	ldx $bdaf	+       ldx fo_i
.b7b0	4c db b7	jmp $b7db	        jmp fo_set_focus
.b7b3					fo_prev:
.b7b3	ae ae bd	ldx $bdae	        ldx fo_focus
.b7b6	ad a2 bd	lda $bda2	        lda fo_n
.b7b9	8d b2 bd	sta $bdb2	        sta fo_count
.b7bc	ca		dex		-       dex
.b7bd	10 04		bpl $b7c3	        bpl +
.b7bf	ae a2 bd	ldx $bda2	        ldx fo_n
.b7c2	ca		dex		        dex
.b7c3	8e af bd	stx $bdaf	+       stx fo_i
.b7c6	20 1d b8	jsr $b81d	        jsr fo_fetch
.b7c9	20 07 b8	jsr $b807	        jsr fo_focusable
.b7cc	b0 0a		bcs $b7d8	        bcs +
.b7ce	ae af bd	ldx $bdaf	        ldx fo_i
.b7d1	ce b2 bd	dec $bdb2	        dec fo_count
.b7d4	d0 e6		bne $b7bc	        bne -
.b7d6	18		clc		        clc
.b7d7	60		rts		        rts
.b7d8	ae af bd	ldx $bdaf	+       ldx fo_i
.b7db					fo_set_focus:
.b7db	ad ae bd	lda $bdae	        lda fo_focus
.b7de	8e ae bd	stx $bdae	        stx fo_focus
.b7e1	cd ae bd	cmp $bdae	        cmp fo_focus
.b7e4	f0 12		beq $b7f8	        beq fo_focus_same
.b7e6	c9 ff		cmp #$ff	        cmp #$ff
.b7e8	f0 06		beq $b7f0	        beq +
.b7ea	aa		tax		        tax
.b7eb	20 ca b8	jsr $b8ca	        jsr fo_draw_obj
.b7ee	b0 0c		bcs $b7fc	        bcs fo_focus_done
.b7f0	ae ae bd	ldx $bdae	+       ldx fo_focus
.b7f3	20 ca b8	jsr $b8ca	        jsr fo_draw_obj
.b7f6	b0 04		bcs $b7fc	        bcs fo_focus_done
.b7f8					fo_focus_same:
.b7f8	20 2e 9b	jsr $9b2e	        jsr gfx_clip_defaults
.b7fb	18		clc		        clc
.b7fc					fo_focus_done:
.b7fc	08		php		        php
.b7fd	48		pha		        pha
.b7fe	ae af bd	ldx $bdaf	        ldx fo_i                ; callers expect fo_o to be this object
.b801	20 1d b8	jsr $b81d	        jsr fo_fetch
.b804	68		pla		        pla
.b805	28		plp		        plp
.b806	60		rts		        rts
.b807					fo_focusable:
.b807	ad a3 bd	lda $bda3	        lda fo_type
.b80a	c9 02		cmp #$02	        cmp #FOT_BUTTON
.b80c	90 0d		bcc $b81b	        bcc +
.b80e	c9 06		cmp #$06	        cmp #FOT_FIELD+1
.b810	b0 09		bcs $b81b	        bcs +
.b812	ad a5 bd	lda $bda5	        lda fo_state
.b815	29 02		and #$02	        and #FOS_DISABLED
.b817	d0 02		bne $b81b	        bne +
.b819	38		sec		        sec
.b81a	60		rts		        rts
.b81b	18		clc		+       clc
.b81c	60		rts		        rts
.b81d					fo_fetch:
.b81d	8a		txa		        txa
.b81e	0a		asl a		        asl
.b81f	0a		asl a		        asl
.b820	0a		asl a		        asl
.b821	18		clc		        clc
.b822	69 05		adc #$05	        adc #5
.b824	18		clc		        clc
.b825	6d 9c bd	adc $bd9c	        adc fo_ptr
.b828	8d 3c b8	sta $b83c	        sta fo_obj_rd+1
.b82b	8d 6c b8	sta $b86c	        sta fo_obj_wr+1
.b82e	ad 9d bd	lda $bd9d	        lda fo_ptr+1
.b831	69 00		adc #$00	        adc #0
.b833	8d 3d b8	sta $b83d	        sta fo_obj_rd+2
.b836	8d 6d b8	sta $b86d	        sta fo_obj_wr+2
.b839	a0 07		ldy #$07	        ldy #7
.b83b					fo_obj_rd:
.b83b	b9 ff ff	lda $ffff,y	        lda $ffff,y
.b83e	99 a3 bd	sta $bda3,y	        sta fo_type,y
.b841	88		dey		        dey
.b842	10 f7		bpl $b83b	        bpl fo_obj_rd
.b844	ad 9e bd	lda $bd9e	        lda fo_x
.b847	18		clc		        clc
.b848	6d a6 bd	adc $bda6	        adc fo_ox
.b84b	8d ab bd	sta $bdab	        sta fo_ax
.b84e	ad 9f bd	lda $bd9f	        lda fo_y
.b851	18		clc		        clc
.b852	6d a7 bd	adc $bda7	        adc fo_oy
.b855	8d ac bd	sta $bdac	        sta fo_ay
.b858	a0 01		ldy #$01	        ldy #1
.b85a	ad a3 bd	lda $bda3	        lda fo_type
.b85d	c9 02		cmp #$02	        cmp #FOT_BUTTON
.b85f	d0 01		bne $b862	        bne +
.b861	c8		iny		        iny
.b862	8c ad bd	sty $bdad	+       sty fo_rows
.b865	60		rts		        rts
.b866					fo_put_state:
.b866	8d a5 bd	sta $bda5	        sta fo_state
.b869	a0 02		ldy #$02	        ldy #2
.b86b					fo_obj_wr:
.b86b	99 ff ff	sta $ffff,y	        sta $ffff,y
.b86e	60		rts		        rts
.b86f					fo_uiptr:
.b86f	ad a9 bd	lda $bda9	        lda fo_spec
.b872	8d 35 3d	sta $3d35	        sta N_UIPTR
.b875	ad aa bd	lda $bdaa	        lda fo_spec+1
.b878	8d 36 3d	sta $3d36	        sta N_UIPTR+1
.b87b	60		rts		        rts
.b87c					fo_draw_all:
.b87c	ad 9e bd	lda $bd9e	        lda fo_x
.b87f	8d bc bd	sta $bdbc	        sta fo_c0x
.b882	18		clc		        clc
.b883	6d a0 bd	adc $bda0	        adc fo_w
.b886	8d be bd	sta $bdbe	        sta fo_c1x
.b889	ad 9f bd	lda $bd9f	        lda fo_y
.b88c	8d bd bd	sta $bdbd	        sta fo_c0y
.b88f	18		clc		        clc
.b890	6d a1 bd	adc $bda1	        adc fo_h
.b893	8d bf bd	sta $bdbf	        sta fo_c1y
.b896	a2 00		ldx #$00	        ldx #0
.b898	8e c0 bd	stx $bdc0	-       stx fo_inset
.b89b	8a		txa		        txa
.b89c	29 01		and #$01	        and #1                  ; insets 0 2 4 clear, 1 3 ink
.b89e	20 39 bb	jsr $bb39	        jsr fo_box
.b8a1	b0 26		bcs $b8c9	        bcs fo_draw_done
.b8a3	ae c0 bd	ldx $bdc0	        ldx fo_inset
.b8a6	e8		inx		        inx
.b8a7	e0 05		cpx #$05	        cpx #5
.b8a9	d0 ed		bne $b898	        bne -
.b8ab	a9 61		lda #$61	        lda #FOC_PAPER
.b8ad	20 8b bb	jsr $bb8b	        jsr fo_cells
.b8b0	b0 17		bcs $b8c9	        bcs fo_draw_done
.b8b2	a2 00		ldx #$00	        ldx #0
.b8b4	8e b0 bd	stx $bdb0	-       stx fo_j
.b8b7	20 ca b8	jsr $b8ca	        jsr fo_draw_obj
.b8ba	b0 0d		bcs $b8c9	        bcs fo_draw_done
.b8bc	ae b0 bd	ldx $bdb0	        ldx fo_j
.b8bf	e8		inx		        inx
.b8c0	ec a2 bd	cpx $bda2	        cpx fo_n
.b8c3	d0 ef		bne $b8b4	        bne -
.b8c5	20 2e 9b	jsr $9b2e	        jsr gfx_clip_defaults
.b8c8	18		clc		        clc
.b8c9					fo_draw_done:
.b8c9	60		rts		        rts
.b8ca					fo_draw_obj:
.b8ca	8e af bd	stx $bdaf	        stx fo_i
.b8cd	20 1d b8	jsr $b81d	        jsr fo_fetch
.b8d0	a9 61		lda #$61	        lda #FOC_PAPER           ; its colour
.b8d2	8d b9 bd	sta $bdb9	        sta fo_color
.b8d5	ad a5 bd	lda $bda5	        lda fo_state
.b8d8	29 02		and #$02	        and #FOS_DISABLED
.b8da	f0 07		beq $b8e3	        beq +
.b8dc	a9 c1		lda #$c1	        lda #FOC_GREY
.b8de	8d b9 bd	sta $bdb9	        sta fo_color
.b8e1	d0 14		bne $b8f7	        bne ++
.b8e3	ad af bd	lda $bdaf	+       lda fo_i
.b8e6	cd ae bd	cmp $bdae	        cmp fo_focus
.b8e9	d0 0c		bne $b8f7	        bne +
.b8eb	ad a3 bd	lda $bda3	        lda fo_type
.b8ee	c9 05		cmp #$05	        cmp #FOT_FIELD           ; a field shows focus at its caret only
.b8f0	f0 05		beq $b8f7	        beq +
.b8f2	a9 07		lda #$07	        lda #FOC_FOCUS
.b8f4	8d b9 bd	sta $bdb9	        sta fo_color
.b8f7	ad ab bd	lda $bdab	+       lda fo_ax               ; its cells, cleared
.b8fa	8d bc bd	sta $bdbc	        sta fo_c0x
.b8fd	18		clc		        clc
.b8fe	6d a8 bd	adc $bda8	        adc fo_ow
.b901	8d be bd	sta $bdbe	        sta fo_c1x
.b904	ad ac bd	lda $bdac	        lda fo_ay
.b907	8d bd bd	sta $bdbd	        sta fo_c0y
.b90a	18		clc		        clc
.b90b	6d ad bd	adc $bdad	        adc fo_rows
.b90e	8d bf bd	sta $bdbf	        sta fo_c1y
.b911	a9 00		lda #$00	        lda #0
.b913	8d c0 bd	sta $bdc0	        sta fo_inset
.b916	20 39 bb	jsr $bb39	        jsr fo_box              ; A = 0: clear
.b919	b0 ae		bcs $b8c9	        bcs fo_draw_done
.b91b	ad a3 bd	lda $bda3	        lda fo_type
.b91e	c9 02		cmp #$02	        cmp #FOT_BUTTON
.b920	f0 1d		beq $b93f	        beq fo_draw_button
.b922	c9 03		cmp #$03	        cmp #FOT_CHECK
.b924	f0 77		beq $b99d	        beq fo_draw_toggle
.b926	c9 04		cmp #$04	        cmp #FOT_RADIO
.b928	f0 73		beq $b99d	        beq fo_draw_toggle
.b92a	c9 05		cmp #$05	        cmp #FOT_FIELD
.b92c	d0 03		bne $b931	        bne +
.b92e	4c f8 b9	jmp $b9f8	        jmp fo_draw_field
.b931	20 f1 ba	jsr $baf1	+       jsr fo_label            ; text
.b934	ad ab bd	lda $bdab	        lda fo_ax
.b937	20 15 bb	jsr $bb15	        jsr fo_text_at_row
.b93a	b0 8d		bcs $b8c9	        bcs fo_draw_done
.b93c	4c f1 b9	jmp $b9f1	        jmp fo_draw_colors
.b93f					fo_draw_button:
.b93f	a9 01		lda #$01	        lda #1                  ; a one-pixel frame; the default has two
.b941	20 39 bb	jsr $bb39	        jsr fo_box
.b944	b0 83		bcs $b8c9	        bcs fo_draw_done
.b946	ee c0 bd	inc $bdc0	        inc fo_inset
.b949	a9 00		lda #$00	        lda #0
.b94b	20 39 bb	jsr $bb39	        jsr fo_box
.b94e	90 03		bcc $b953	        bcs fo_draw_done
.b950	4c c9 b8	jmp $b8c9
.b953	ad a4 bd	lda $bda4	        lda fo_flags
.b956	29 01		and #$01	        and #FOF_DEFAULT
.b958	f0 11		beq $b96b	        beq +
.b95a	a9 01		lda #$01	        lda #1
.b95c	20 39 bb	jsr $bb39	        jsr fo_box
.b95f	b0 ef		bcs $b950	        bcs fo_draw_done
.b961	ee c0 bd	inc $bdc0	        inc fo_inset
.b964	a9 00		lda #$00	        lda #0
.b966	20 39 bb	jsr $bb39	        jsr fo_box
.b969	b0 e5		bcs $b950	        bcs fo_draw_done
.b96b	20 f1 ba	jsr $baf1	+       jsr fo_label            ; centred label, 4 pixels down
.b96e	ad a8 bd	lda $bda8	        lda fo_ow
.b971	38		sec		        sec
.b972	ed 58 a0	sbc $a058	        sbc gfx_text_length
.b975	4a		lsr a		        lsr
.b976	18		clc		        clc
.b977	6d ab bd	adc $bdab	        adc fo_ax
.b97a	20 b7 bb	jsr $bbb7	        jsr fo_times8
.b97d	8d 16 9f	sta $9f16	        sta gfx_x0
.b980	8e 17 9f	stx $9f17	        stx gfx_x0+1
.b983	ad ac bd	lda $bdac	        lda fo_ay
.b986	20 b7 bb	jsr $bbb7	        jsr fo_times8
.b989	18		clc		        clc
.b98a	69 04		adc #$04	        adc #4
.b98c	8d 18 9f	sta $9f18	        sta gfx_y0
.b98f	8a		txa		        txa
.b990	69 00		adc #$00	        adc #0
.b992	8d 19 9f	sta $9f19	        sta gfx_y0+1
.b995	20 2a bb	jsr $bb2a	        jsr fo_text
.b998	b0 5d		bcs $b9f7	        bcs fo_draw_fail
.b99a	4c f1 b9	jmp $b9f1	        jmp fo_draw_colors
.b99d					fo_draw_toggle:
.b99d	ad a5 bd	lda $bda5	        lda fo_state            ; glyph: box or circle, empty or marked
.b9a0	29 01		and #$01	        and #FOS_SELECTED
.b9a2	8d c1 bd	sta $bdc1	        sta fo_t8
.b9a5	ad a3 bd	lda $bda3	        lda fo_type
.b9a8	38		sec		        sec
.b9a9	e9 03		sbc #$03	        sbc #FOT_CHECK
.b9ab	0a		asl a		        asl
.b9ac	0d c1 bd	ora $bdc1	        ora fo_t8
.b9af	0a		asl a		        asl
.b9b0	0a		asl a		        asl
.b9b1	0a		asl a		        asl
.b9b2	a8		tay		        tay
.b9b3	a2 00		ldx #$00	        ldx #0
.b9b5	b9 74 bd	lda $bd74,y	-       lda fo_glyphs,y
.b9b8	9d 43 9f	sta $9f43,x	        sta gfx_bits,x
.b9bb	c8		iny		        iny
.b9bc	e8		inx		        inx
.b9bd	e0 08		cpx #$08	        cpx #8
.b9bf	d0 f4		bne $b9b5	        bne -
.b9c1	ad ab bd	lda $bdab	        lda fo_ax
.b9c4	20 b7 bb	jsr $bbb7	        jsr fo_times8
.b9c7	8d 16 9f	sta $9f16	        sta gfx_x0
.b9ca	8e 17 9f	stx $9f17	        stx gfx_x0+1
.b9cd	ad ac bd	lda $bdac	        lda fo_ay
.b9d0	20 b7 bb	jsr $bbb7	        jsr fo_times8
.b9d3	8d 18 9f	sta $9f18	        sta gfx_y0
.b9d6	8e 19 9f	stx $9f19	        stx gfx_y0+1
.b9d9	a9 03		lda #$03	        lda #3
.b9db	8d 1e 9f	sta $9f1e	        sta gfx_pen
.b9de	20 7e 99	jsr $997e	        jsr gfx_glyph
.b9e1	b0 14		bcs $b9f7	        bcs fo_draw_fail
.b9e3	20 f1 ba	jsr $baf1	        jsr fo_label
.b9e6	ad ab bd	lda $bdab	        lda fo_ax
.b9e9	18		clc		        clc
.b9ea	69 02		adc #$02	        adc #2
.b9ec	20 15 bb	jsr $bb15	        jsr fo_text_at_row
.b9ef	b0 06		bcs $b9f7	        bcs fo_draw_fail
.b9f1					fo_draw_colors:
.b9f1	ad b9 bd	lda $bdb9	        lda fo_color
.b9f4	4c 8b bb	jmp $bb8b	        jmp fo_cells
.b9f7					fo_draw_fail:
.b9f7	60		rts		        rts
.b9f8					fo_draw_field:
.b9f8	ad a9 bd	lda $bda9	        lda fo_spec             ; record: length, caret, max, buffer, view
.b9fb	8d 0d ba	sta $ba0d	        sta fo_rec_rd+1
.b9fe	8d 3f ba	sta $ba3f	        sta fo_rec_wr+1
.ba01	ad aa bd	lda $bdaa	        lda fo_spec+1
.ba04	8d 0e ba	sta $ba0e	        sta fo_rec_rd+2
.ba07	8d 40 ba	sta $ba40	        sta fo_rec_wr+2
.ba0a	a0 05		ldy #$05	        ldy #5
.ba0c					fo_rec_rd:
.ba0c	b9 ff ff	lda $ffff,y	        lda $ffff,y
.ba0f	99 d0 bd	sta $bdd0,y	        sta fo_rec,y
.ba12	88		dey		        dey
.ba13	10 f7		bpl $ba0c	        bpl fo_rec_rd
.ba15	ad d1 bd	lda $bdd1	        lda fo_rec+1            ; keep the caret inside the view
.ba18	cd d5 bd	cmp $bdd5	        cmp fo_rec+5
.ba1b	b0 03		bcs $ba20	        bcs +
.ba1d	8d d5 bd	sta $bdd5	        sta fo_rec+5
.ba20	ad d1 bd	lda $bdd1	+       lda fo_rec+1
.ba23	38		sec		        sec
.ba24	ed d5 bd	sbc $bdd5	        sbc fo_rec+5
.ba27	cd a8 bd	cmp $bda8	        cmp fo_ow
.ba2a	90 0d		bcc $ba39	        bcc +
.ba2c	ad d1 bd	lda $bdd1	        lda fo_rec+1
.ba2f	38		sec		        sec
.ba30	ed a8 bd	sbc $bda8	        sbc fo_ow
.ba33	18		clc		        clc
.ba34	69 01		adc #$01	        adc #1
.ba36	8d d5 bd	sta $bdd5	        sta fo_rec+5
.ba39	ad d5 bd	lda $bdd5	+       lda fo_rec+5
.ba3c	a0 05		ldy #$05	        ldy #5
.ba3e					fo_rec_wr:
.ba3e	99 ff ff	sta $ffff,y	        sta $ffff,y
.ba41	ad d3 bd	lda $bdd3	        lda fo_rec+3            ; the visible bytes
.ba44	18		clc		        clc
.ba45	6d d5 bd	adc $bdd5	        adc fo_rec+5
.ba48	8d 6e ba	sta $ba6e	        sta fo_buf_rd+1
.ba4b	ad d4 bd	lda $bdd4	        lda fo_rec+4
.ba4e	69 00		adc #$00	        adc #0
.ba50	8d 6f ba	sta $ba6f	        sta fo_buf_rd+2
.ba53	ad d0 bd	lda $bdd0	        lda fo_rec
.ba56	38		sec		        sec
.ba57	ed d5 bd	sbc $bdd5	        sbc fo_rec+5
.ba5a	b0 02		bcs $ba5e	        bcs +
.ba5c	a9 00		lda #$00	        lda #0
.ba5e	cd a8 bd	cmp $bda8	+       cmp fo_ow
.ba61	90 03		bcc $ba66	        bcc +
.ba63	ad a8 bd	lda $bda8	        lda fo_ow
.ba66	8d 58 a0	sta $a058	+       sta gfx_text_length
.ba69	a0 00		ldy #$00	        ldy #0
.ba6b	f0 07		beq $ba74	        beq fo_buf_test
.ba6d					fo_buf_rd:
.ba6d	b9 ff ff	lda $ffff,y	        lda $ffff,y
.ba70	99 59 a0	sta $a059,y	        sta gfx_text_buffer,y
.ba73	c8		iny		        iny
.ba74					fo_buf_test:
.ba74	cc 58 a0	cpy $a058	        cpy gfx_text_length
.ba77	d0 f4		bne $ba6d	        bne fo_buf_rd
.ba79	ad ab bd	lda $bdab	        lda fo_ax
.ba7c	20 15 bb	jsr $bb15	        jsr fo_text_at_row
.ba7f	b0 6f		bcs $baf0	        bcs fo_field_done
.ba81	a9 01		lda #$01	        lda #1                  ; underline: the cells' last pixel row
.ba83	8d 1e 9f	sta $9f1e	        sta gfx_pen
.ba86	ad ab bd	lda $bdab	        lda fo_ax
.ba89	20 b7 bb	jsr $bbb7	        jsr fo_times8
.ba8c	8d 16 9f	sta $9f16	        sta gfx_x0
.ba8f	8e 17 9f	stx $9f17	        stx gfx_x0+1
.ba92	ad be bd	lda $bdbe	        lda fo_c1x
.ba95	20 b7 bb	jsr $bbb7	        jsr fo_times8
.ba98	8d 1a 9f	sta $9f1a	        sta gfx_x1
.ba9b	8e 1b 9f	stx $9f1b	        stx gfx_x1+1
.ba9e	ad ac bd	lda $bdac	        lda fo_ay
.baa1	20 b7 bb	jsr $bbb7	        jsr fo_times8
.baa4	18		clc		        clc
.baa5	69 07		adc #$07	        adc #7
.baa7	8d 18 9f	sta $9f18	        sta gfx_y0
.baaa	8a		txa		        txa
.baab	69 00		adc #$00	        adc #0
.baad	8d 19 9f	sta $9f19	        sta gfx_y0+1
.bab0	ad 18 9f	lda $9f18	        lda gfx_y0
.bab3	18		clc		        clc
.bab4	69 01		adc #$01	        adc #1
.bab6	8d 1c 9f	sta $9f1c	        sta gfx_y1
.bab9	ad 19 9f	lda $9f19	        lda gfx_y0+1
.babc	69 00		adc #$00	        adc #0
.babe	8d 1d 9f	sta $9f1d	        sta gfx_y1+1
.bac1	20 6c 99	jsr $996c	        jsr gfx_rect
.bac4	b0 2a		bcs $baf0	        bcs fo_field_done
.bac6	ad b9 bd	lda $bdb9	        lda fo_color
.bac9	20 8b bb	jsr $bb8b	        jsr fo_cells
.bacc	b0 22		bcs $baf0	        bcs fo_field_done
.bace	ad af bd	lda $bdaf	        lda fo_i                ; focused: the caret cell
.bad1	cd ae bd	cmp $bdae	        cmp fo_focus
.bad4	d0 19		bne $baef	        bne fo_field_ok
.bad6	ad d1 bd	lda $bdd1	        lda fo_rec+1
.bad9	38		sec		        sec
.bada	ed d5 bd	sbc $bdd5	        sbc fo_rec+5
.badd	18		clc		        clc
.bade	6d ab bd	adc $bdab	        adc fo_ax
.bae1	8d bc bd	sta $bdbc	        sta fo_c0x
.bae4	8d be bd	sta $bdbe	        sta fo_c1x
.bae7	ee be bd	inc $bdbe	        inc fo_c1x
.baea	a9 07		lda #$07	        lda #FOC_FOCUS
.baec	4c 8b bb	jmp $bb8b	        jmp fo_cells
.baef					fo_field_ok:
.baef	18		clc		        clc
.baf0					fo_field_done:
.baf0	60		rts		        rts
.baf1					fo_label:
.baf1	ad a9 bd	lda $bda9	        lda fo_spec
.baf4	8d 00 bb	sta $bb00	        sta fo_label_rd+1
.baf7	ad aa bd	lda $bdaa	        lda fo_spec+1
.bafa	8d 01 bb	sta $bb01	        sta fo_label_rd+2
.bafd	a0 00		ldy #$00	        ldy #0
.baff					fo_label_rd:
.baff	b9 ff ff	lda $ffff,y	        lda $ffff,y
.bb02	f0 0d		beq $bb11	        beq +
.bb04	99 59 a0	sta $a059,y	        sta gfx_text_buffer,y
.bb07	c8		iny		        iny
.bb08	cc a8 bd	cpy $bda8	        cpy fo_ow
.bb0b	b0 04		bcs $bb11	        bcs +
.bb0d	c0 26		cpy #$26	        cpy #38
.bb0f	d0 ee		bne $baff	        bne fo_label_rd
.bb11	8c 58 a0	sty $a058	+       sty gfx_text_length
.bb14	60		rts		        rts
.bb15					fo_text_at_row:
.bb15	20 b7 bb	jsr $bbb7	        jsr fo_times8
.bb18	8d 16 9f	sta $9f16	        sta gfx_x0
.bb1b	8e 17 9f	stx $9f17	        stx gfx_x0+1
.bb1e	ad ac bd	lda $bdac	        lda fo_ay
.bb21	20 b7 bb	jsr $bbb7	        jsr fo_times8
.bb24	8d 18 9f	sta $9f18	        sta gfx_y0
.bb27	8e 19 9f	stx $9f19	        stx gfx_y0+1
.bb2a					fo_text:
.bb2a	ad 58 a0	lda $a058	        lda gfx_text_length
.bb2d	f0 08		beq $bb37	        beq +
.bb2f	a9 01		lda #$01	        lda #1
.bb31	8d 1e 9f	sta $9f1e	        sta gfx_pen
.bb34	4c b5 9f	jmp $9fb5	        jmp gfx_text
.bb37	18		clc		+       clc
.bb38	60		rts		        rts
.bb39					fo_box:
.bb39	8d 1e 9f	sta $9f1e	        sta gfx_pen
.bb3c	ad bc bd	lda $bdbc	        lda fo_c0x
.bb3f	20 b7 bb	jsr $bbb7	        jsr fo_times8
.bb42	18		clc		        clc
.bb43	6d c0 bd	adc $bdc0	        adc fo_inset
.bb46	8d 16 9f	sta $9f16	        sta gfx_x0
.bb49	8a		txa		        txa
.bb4a	69 00		adc #$00	        adc #0
.bb4c	8d 17 9f	sta $9f17	        sta gfx_x0+1
.bb4f	ad bd bd	lda $bdbd	        lda fo_c0y
.bb52	20 b7 bb	jsr $bbb7	        jsr fo_times8
.bb55	18		clc		        clc
.bb56	6d c0 bd	adc $bdc0	        adc fo_inset
.bb59	8d 18 9f	sta $9f18	        sta gfx_y0
.bb5c	8a		txa		        txa
.bb5d	69 00		adc #$00	        adc #0
.bb5f	8d 19 9f	sta $9f19	        sta gfx_y0+1
.bb62	ad be bd	lda $bdbe	        lda fo_c1x
.bb65	20 b7 bb	jsr $bbb7	        jsr fo_times8
.bb68	38		sec		        sec
.bb69	ed c0 bd	sbc $bdc0	        sbc fo_inset
.bb6c	8d 1a 9f	sta $9f1a	        sta gfx_x1
.bb6f	8a		txa		        txa
.bb70	e9 00		sbc #$00	        sbc #0
.bb72	8d 1b 9f	sta $9f1b	        sta gfx_x1+1
.bb75	ad bf bd	lda $bdbf	        lda fo_c1y
.bb78	20 b7 bb	jsr $bbb7	        jsr fo_times8
.bb7b	38		sec		        sec
.bb7c	ed c0 bd	sbc $bdc0	        sbc fo_inset
.bb7f	8d 1c 9f	sta $9f1c	        sta gfx_y1
.bb82	8a		txa		        txa
.bb83	e9 00		sbc #$00	        sbc #0
.bb85	8d 1d 9f	sta $9f1d	        sta gfx_y1+1
.bb88	4c 6c 99	jmp $996c	        jmp gfx_rect
.bb8b					fo_cells:
.bb8b	8d 1f 9f	sta $9f1f	        sta gfx_color
.bb8e	a9 00		lda #$00	        lda #0
.bb90	8d 17 9f	sta $9f17	        sta gfx_x0+1
.bb93	8d 1b 9f	sta $9f1b	        sta gfx_x1+1
.bb96	8d 19 9f	sta $9f19	        sta gfx_y0+1
.bb99	8d 1d 9f	sta $9f1d	        sta gfx_y1+1
.bb9c	ad bc bd	lda $bdbc	        lda fo_c0x
.bb9f	8d 16 9f	sta $9f16	        sta gfx_x0
.bba2	ad be bd	lda $bdbe	        lda fo_c1x
.bba5	8d 1a 9f	sta $9f1a	        sta gfx_x1
.bba8	ad bd bd	lda $bdbd	        lda fo_c0y
.bbab	8d 18 9f	sta $9f18	        sta gfx_y0
.bbae	ad bf bd	lda $bdbf	        lda fo_c1y
.bbb1	8d 1c 9f	sta $9f1c	        sta gfx_y1
.bbb4	4c 72 99	jmp $9972	        jmp gfx_colors
.bbb7					fo_times8:
.bbb7	a2 00		ldx #$00	        ldx #0
.bbb9	8e c1 bd	stx $bdc1	        stx fo_t8
.bbbc	0a		asl a		        asl
.bbbd	2e c1 bd	rol $bdc1	        rol fo_t8
.bbc0	0a		asl a		        asl
.bbc1	2e c1 bd	rol $bdc1	        rol fo_t8
.bbc4	0a		asl a		        asl
.bbc5	2e c1 bd	rol $bdc1	        rol fo_t8
.bbc8	ae c1 bd	ldx $bdc1	        ldx fo_t8
.bbcb	60		rts		        rts
.bbcc					fo_transfer_alloc:
.bbcc	ad a0 bd	lda $bda0	        lda fo_w
.bbcf	ae a1 bd	ldx $bda1	        ldx fo_h
.bbd2	20 4b bd	jsr $bd4b	        jsr fo_mul              ; cells
.bbd5	ad ce bd	lda $bdce	        lda fo_prod             ; *9 = *8 + *1
.bbd8	8d ca bd	sta $bdca	        sta fo_bytes
.bbdb	ad cf bd	lda $bdcf	        lda fo_prod+1
.bbde	8d cb bd	sta $bdcb	        sta fo_bytes+1
.bbe1	a2 03		ldx #$03	        ldx #3
.bbe3	0e ce bd	asl $bdce	-       asl fo_prod
.bbe6	2e cf bd	rol $bdcf	        rol fo_prod+1
.bbe9	ca		dex		        dex
.bbea	d0 f7		bne $bbe3	        bne -
.bbec	ad ce bd	lda $bdce	        lda fo_prod
.bbef	18		clc		        clc
.bbf0	6d ca bd	adc $bdca	        adc fo_bytes
.bbf3	ad cf bd	lda $bdcf	        lda fo_prod+1
.bbf6	6d cb bd	adc $bdcb	        adc fo_bytes+1
.bbf9	18		clc		        clc
.bbfa	69 01		adc #$01	        adc #1                  ; pages, rounded up
.bbfc	8d 01 3d	sta $3d01	        sta N_PAGES
.bbff	ad 20 3d	lda $3d20	        lda N_CURRENT
.bc02	8d 00 3d	sta $3d00	        sta N_OWNER
.bc05	a9 ff		lda #$ff	        lda #$ff
.bc07	8d 02 3d	sta $3d02	        sta N_BANK
.bc0a	20 20 1c	jsr $1c20	        jsr N_ALLOC
.bc0d	90 03		bcc $bc12	        bcs fo_transfer_done
.bc0f	4c bc bc	jmp $bcbc
.bc12	a2 03		ldx #$03	        ldx #3
.bc14	bd 04 3d	lda $3d04,x	-       lda N_HANDLE,x
.bc17	9d 98 bd	sta $bd98,x	        sta fo_save,x
.bc1a	ca		dex		        dex
.bc1b	10 f7		bpl $bc14	        bpl -
.bc1d	a9 00		lda #$00	        lda #0
.bc1f	20 28 bc	jsr $bc28	        jsr fo_transfer
.bc22	90 03		bcc $bc27	        bcc +
.bc24	4c 2d b5	jmp $b52d	        jmp fo_open_free
.bc27	60		rts		+       rts
.bc28					fo_transfer:
.bc28	8d c2 bd	sta $bdc2	        sta fo_dir
.bc2b	a9 00		lda #$00	        lda #0
.bc2d	8d c3 bd	sta $bdc3	        sta fo_row
.bc30	8d c6 bd	sta $bdc6	        sta fo_soff
.bc33	8d c7 bd	sta $bdc7	        sta fo_soff+1
.bc36					fo_transfer_row:
.bc36	ad 9f bd	lda $bd9f	        lda fo_y                ; bitmap: (y+row)*320 + x*8
.bc39	18		clc		        clc
.bc3a	6d c3 bd	adc $bdc3	        adc fo_row
.bc3d	8d bb bd	sta $bdbb	        sta fo_cy
.bc40	a9 00		lda #$00	        lda #0
.bc42	8d c5 bd	sta $bdc5	        sta fo_boff+1
.bc45	ad bb bd	lda $bdbb	        lda fo_cy               ; *64
.bc48	a2 06		ldx #$06	        ldx #6
.bc4a	0a		asl a		-       asl
.bc4b	2e c5 bd	rol $bdc5	        rol fo_boff+1
.bc4e	ca		dex		        dex
.bc4f	d0 f9		bne $bc4a	        bne -
.bc51	8d c4 bd	sta $bdc4	        sta fo_boff
.bc54	ad c5 bd	lda $bdc5	        lda fo_boff+1           ; + *256
.bc57	18		clc		        clc
.bc58	6d bb bd	adc $bdbb	        adc fo_cy
.bc5b	8d c5 bd	sta $bdc5	        sta fo_boff+1
.bc5e	ad 9e bd	lda $bd9e	        lda fo_x
.bc61	20 b7 bb	jsr $bbb7	        jsr fo_times8
.bc64	18		clc		        clc
.bc65	6d c4 bd	adc $bdc4	        adc fo_boff
.bc68	8d c4 bd	sta $bdc4	        sta fo_boff
.bc6b	8a		txa		        txa
.bc6c	6d c5 bd	adc $bdc5	        adc fo_boff+1
.bc6f	8d c5 bd	sta $bdc5	        sta fo_boff+1
.bc72	ad a0 bd	lda $bda0	        lda fo_w                ; w*8 bytes
.bc75	20 b7 bb	jsr $bbb7	        jsr fo_times8
.bc78	8d c8 bd	sta $bdc8	        sta fo_len
.bc7b	8e c9 bd	stx $bdc9	        stx fo_len+1
.bc7e	20 bd bc	jsr $bcbd	        jsr fo_copy_run
.bc81	b0 39		bcs $bcbc	        bcs fo_transfer_done
.bc83	ad bb bd	lda $bdbb	        lda fo_cy               ; colours: 8192 + (y+row)*40 + x
.bc86	a2 28		ldx #$28	        ldx #40
.bc88	20 4b bd	jsr $bd4b	        jsr fo_mul
.bc8b	ad ce bd	lda $bdce	        lda fo_prod
.bc8e	18		clc		        clc
.bc8f	6d 9e bd	adc $bd9e	        adc fo_x
.bc92	8d c4 bd	sta $bdc4	        sta fo_boff
.bc95	ad cf bd	lda $bdcf	        lda fo_prod+1
.bc98	69 20		adc #$20	        adc #$20
.bc9a	8d c5 bd	sta $bdc5	        sta fo_boff+1
.bc9d	ad a0 bd	lda $bda0	        lda fo_w
.bca0	8d c8 bd	sta $bdc8	        sta fo_len
.bca3	a9 00		lda #$00	        lda #0
.bca5	8d c9 bd	sta $bdc9	        sta fo_len+1
.bca8	20 bd bc	jsr $bcbd	        jsr fo_copy_run
.bcab	b0 0f		bcs $bcbc	        bcs fo_transfer_done
.bcad	ee c3 bd	inc $bdc3	        inc fo_row
.bcb0	ad c3 bd	lda $bdc3	        lda fo_row
.bcb3	cd a1 bd	cmp $bda1	        cmp fo_h
.bcb6	f0 03		beq $bcbb	        bne fo_transfer_row
.bcb8	4c 36 bc	jmp $bc36
.bcbb	18		clc		        clc
.bcbc					fo_transfer_done:
.bcbc	60		rts		        rts
.bcbd					fo_copy_run:
.bcbd	ad c2 bd	lda $bdc2	        lda fo_dir
.bcc0	d0 17		bne $bcd9	        bne +
.bcc2	20 2c bd	jsr $bd2c	        jsr fo_select_surface   ; surface -> buffer -> copy
.bcc5	20 04 bd	jsr $bd04	        jsr fo_at_surface
.bcc8	20 26 1c	jsr $1c26	        jsr N_READ
.bccb	b0 36		bcs $bd03	        bcs fo_run_done
.bccd	20 39 bd	jsr $bd39	        jsr fo_select_save
.bcd0	20 13 bd	jsr $bd13	        jsr fo_at_save
.bcd3	20 29 1c	jsr $1c29	        jsr N_WRITE
.bcd6	4c ed bc	jmp $bced	        jmp fo_run_next
.bcd9	20 39 bd	jsr $bd39	+       jsr fo_select_save      ; copy -> buffer -> surface
.bcdc	20 13 bd	jsr $bd13	        jsr fo_at_save
.bcdf	20 26 1c	jsr $1c26	        jsr N_READ
.bce2	b0 1f		bcs $bd03	        bcs fo_run_done
.bce4	20 2c bd	jsr $bd2c	        jsr fo_select_surface
.bce7	20 04 bd	jsr $bd04	        jsr fo_at_surface
.bcea	20 29 1c	jsr $1c29	        jsr N_WRITE
.bced					fo_run_next:
.bced	b0 14		bcs $bd03	        bcs fo_run_done
.bcef	ad c6 bd	lda $bdc6	        lda fo_soff
.bcf2	18		clc		        clc
.bcf3	6d c8 bd	adc $bdc8	        adc fo_len
.bcf6	8d c6 bd	sta $bdc6	        sta fo_soff
.bcf9	ad c7 bd	lda $bdc7	        lda fo_soff+1
.bcfc	6d c9 bd	adc $bdc9	        adc fo_len+1
.bcff	8d c7 bd	sta $bdc7	        sta fo_soff+1
.bd02	18		clc		        clc
.bd03					fo_run_done:
.bd03	60		rts		        rts
.bd04					fo_at_surface:
.bd04	ad c4 bd	lda $bdc4	        lda fo_boff
.bd07	8d 08 3d	sta $3d08	        sta N_OFFSET
.bd0a	ad c5 bd	lda $bdc5	        lda fo_boff+1
.bd0d	8d 09 3d	sta $3d09	        sta N_OFFSET+1
.bd10	4c 1f bd	jmp $bd1f	        jmp fo_count_len
.bd13					fo_at_save:
.bd13	ad c6 bd	lda $bdc6	        lda fo_soff
.bd16	8d 08 3d	sta $3d08	        sta N_OFFSET
.bd19	ad c7 bd	lda $bdc7	        lda fo_soff+1
.bd1c	8d 09 3d	sta $3d09	        sta N_OFFSET+1
.bd1f					fo_count_len:
.bd1f	ad c8 bd	lda $bdc8	        lda fo_len
.bd22	8d 0a 3d	sta $3d0a	        sta N_COUNT
.bd25	ad c9 bd	lda $bdc9	        lda fo_len+1
.bd28	8d 0b 3d	sta $3d0b	        sta N_COUNT+1
.bd2b	60		rts		        rts
.bd2c					fo_select_surface:
.bd2c	a2 03		ldx #$03	        ldx #3
.bd2e	bd 94 bd	lda $bd94,x	-       lda fo_surface,x
.bd31	9d 04 3d	sta $3d04,x	        sta N_HANDLE,x
.bd34	ca		dex		        dex
.bd35	10 f7		bpl $bd2e	        bpl -
.bd37	30 0b		bmi $bd44	        bmi fo_owner
.bd39					fo_select_save:
.bd39	a2 03		ldx #$03	        ldx #3
.bd3b	bd 98 bd	lda $bd98,x	-       lda fo_save,x
.bd3e	9d 04 3d	sta $3d04,x	        sta N_HANDLE,x
.bd41	ca		dex		        dex
.bd42	10 f7		bpl $bd3b	        bpl -
.bd44					fo_owner:
.bd44	ad 20 3d	lda $3d20	        lda N_CURRENT
.bd47	8d 00 3d	sta $3d00	        sta N_OWNER
.bd4a	60		rts		        rts
.bd4b					fo_mul:
.bd4b	8d cc bd	sta $bdcc	        sta fo_mul_a
.bd4e	8e cd bd	stx $bdcd	        stx fo_mul_b
.bd51	a9 00		lda #$00	        lda #0
.bd53	8d ce bd	sta $bdce	        sta fo_prod
.bd56	8d cf bd	sta $bdcf	        sta fo_prod+1
.bd59	a2 08		ldx #$08	        ldx #8
.bd5b	4e cd bd	lsr $bdcd	-       lsr fo_mul_b
.bd5e	90 0a		bcc $bd6a	        bcc +
.bd60	18		clc		        clc
.bd61	ad cf bd	lda $bdcf	        lda fo_prod+1
.bd64	6d cc bd	adc $bdcc	        adc fo_mul_a
.bd67	8d cf bd	sta $bdcf	        sta fo_prod+1
.bd6a	6e cf bd	ror $bdcf	+       ror fo_prod+1
.bd6d	6e ce bd	ror $bdce	        ror fo_prod
.bd70	ca		dex		        dex
.bd71	d0 e8		bne $bd5b	        bne -
.bd73	60		rts		        rts
.bd74					fo_glyphs:
>bd74	ff 81 81 81 81 81 81 ff		        .byte $ff,$81,$81,$81,$81,$81,$81,$ff
>bd7c	ff c3 a5 99 99 a5 c3 ff		        .byte $ff,$c3,$a5,$99,$99,$a5,$c3,$ff
>bd84	3c 42 81 81 81 81 42 3c		        .byte $3c,$42,$81,$81,$81,$81,$42,$3c
>bd8c	3c 42 99 bd bd 99 42 3c		        .byte $3c,$42,$99,$bd,$bd,$99,$42,$3c
>bd94	00 00 00 00			fo_surface: .fill 4,0
>bd98	00 00 00 00			fo_save: .fill 4,0
>bd9c	00 00				fo_ptr: .word 0
>bd9e	00				fo_x: .byte 0                   ; header copy: x, y, w, h, n
>bd9f	00				fo_y: .byte 0
>bda0	00				fo_w: .byte 0
>bda1	00				fo_h: .byte 0
>bda2	00				fo_n: .byte 0
>bda3	00				fo_type: .byte 0                ; fetched object: 8 bytes
>bda4	00				fo_flags: .byte 0
>bda5	00				fo_state: .byte 0
>bda6	00				fo_ox: .byte 0
>bda7	00				fo_oy: .byte 0
>bda8	00				fo_ow: .byte 0
>bda9	00 00				fo_spec: .word 0
>bdab	00				fo_ax: .byte 0
>bdac	00				fo_ay: .byte 0
>bdad	00				fo_rows: .byte 0
>bdae	ff				fo_focus: .byte $ff
>bdaf	00				fo_i: .byte 0
>bdb0	00				fo_j: .byte 0
>bdb1	00				fo_target: .byte 0
>bdb2	00				fo_count: .byte 0
>bdb3	00				fo_flag: .byte 0
>bdb4	00				fo_key: .byte 0
>bdb5	00				fo_press: .byte 0
>bdb6	00				fo_prev_button: .byte 0
>bdb7	00				fo_exit: .byte 0
>bdb8	00				fo_error: .byte 0
>bdb9	00				fo_color: .byte 0
>bdba	00				fo_cx: .byte 0
>bdbb	00				fo_cy: .byte 0
>bdbc	00				fo_c0x: .byte 0
>bdbd	00				fo_c0y: .byte 0
>bdbe	00				fo_c1x: .byte 0
>bdbf	00				fo_c1y: .byte 0
>bdc0	00				fo_inset: .byte 0
>bdc1	00				fo_t8: .byte 0
>bdc2	00				fo_dir: .byte 0
>bdc3	00				fo_row: .byte 0
>bdc4	00 00				fo_boff: .word 0
>bdc6	00 00				fo_soff: .word 0
>bdc8	00 00				fo_len: .word 0
>bdca	00 00				fo_bytes: .word 0
>bdcc	00				fo_mul_a: .byte 0
>bdcd	00				fo_mul_b: .byte 0
>bdce	00 00				fo_prod: .word 0
>bdd0	00 00 00 00 00 00		fo_rec: .fill 6,0

;******  Return to file: src/native/gemdesk-new.asm

.bdd6					gm_mod_new_end:

;******  End of listing
