
; 64tass Turbo Assembler Macro V1.60.3243 listing file
; 64tass -a -B -b -I target/native-desktop -o target/native-desktop/gdses.bin -l target/native-desktop/gdses.sym -L target/native-desktop/gdses.lst src/native/gemdesk-ses.asm
; Thu Oct  8 12:58:15 2026

;Offset	;Hex		;Monitor	;Source

;******  Processing input file: src/native/gemdesk-ses.asm


;******  Processing file: target/native-desktop/gemdesk.sym

=$944a					ae_km_hold	= $944a
=$3d0d					N_ERROR		= $3d0d
=$ae7f					bk_fetch_tail	= $ae7f
=$acd4					bk_service_call	= $acd4
=2					MU_BUTTON	= 2
=$9920					gfx_bind_handle	= $9920
=$7ad3					gm_clip_to_rect	= $7ad3
=$81a9					gm_icon_dev_lo	= $81a9
=$b224					bk_stub		= $b224
=$75cd					gm_set_title	= $75cd
=$7ca4					gm_set_rect	= $7ca4
=$9799					dc_line		= $9799
=$7338					gm_path_store	= $7338
=15					WF_HSLSIZE	= 15
=$6263					gm_n32_bit	= $6263
=$85a9					gm_usb_title	= $85a9
=$a688					pm_saved	= $a688
=$1bf0					N_NMIGATE	= $1bf0
=16					AE_DATA_PAGES	= 16
=$3d9e					N_DOCRESUME	= $3d9e
=$9319					ae_event_wait	= $9319
=1					AE_OP_STATUS	= 1
=$5000					N_RELOCBASE	= $5000
=$614d					bp_select_surface= $614d
=8					UI_STATE_BYTES	= 8
=$99b9					gfx_glyph_add	= $99b9
=$9758					dc_bad		= $9758
=$3d3e					N_NMIPTR	= $3d3e
=$7ba0					gm_scroll_down	= $7ba0
=$6584					gm_hit_next	= $6584
=$9ca2					gfx_glyph_first	= $9ca2
=$1c5f					N_MLOAD		= $1c5f
=$79be					gm_format_row	= $79be
=5					WS_GET		= 5
=$7f61					gm_open_entry	= $7f61
=$3de0					NFCMDS		= $3de0
=$a098					gfx_font	= $a098
=$aeca					bk_load		= $aeca
=$b125					bk_close_done	= $b125
=$86f1					gm_dev_format	= $86f1
=$5000					GM_WORKSPACE	= $5000
=$16					GM_DESK		= $16
=$6307					gm_alert_icon	= $6307
=$a663					pm_active	= $a663
=6					UI_VIEW80	= 6
=5					N_U_INTERFACES	= 5
=12					GM_MOP_PRINT	= 12
=$1c2c					N_FILL		= $1c2c
=$71fe					gm_restore_color= $71fe
=1					N_ABI_MAJOR	= 1
=6					WF_PREVXYWH	= 6
=$3dc0					NFILES		= $3dc0
=$7488					gm_ult_fullname	= $7488
=11					AE_OP_DCLICK	= 11
=$7b9d					gm_page_down	= $7b9d
=$624a					gm_wcall	= $624a
=$948e					ae_menu_copied	= $948e
=$76e1					gm_ucmd_at	= $76e1
=$750c					gm_fn_close	= $750c
=$61b0					gm_open_aesvc	= $61b0
=$620a					gm_open_now	= $620a
=$841e					gm_bad_chars	= $841e
=$6c86					gm_atype	= $6c86
=7					GM_MOP_RESTORE	= 7
=$99d4					gfx_glyph_empty	= $99d4
=$ace1					bk_dispatch	= $ace1
=$acb3					bk_protect_code	= $acb3
=$3d85					N_FDEVICE	= $3d85
=127					DC_LFN		= 127
=$879c					gm_win_sel	= $879c
=$6e1a					gm_delete	= $6e1a
=$12					N_SHORTIMAGE	= $12
=11					GM_MOP_DISKCOPY	= 11
=$1014					pk_entry	= $1014
=$1c20					N_ALLOC		= $1c20
=$a609					pm_delta	= $a609
=$8777					gm_divisor	= $8777
=$7654					gm_title_q	= $7654
=$702b					gm_refresh_next	= $702b
=$73a3					gm_upath_to_path= $73a3
=$1000					N_SYSLIMIT	= $1000
=$876d					gm_math4	= $876d
=$876c					gm_math3	= $876c
=$876b					gm_math2	= $876b
=$8702					gm_alen		= $8702
=$3d3b					N_UIBUSY	= $3d3b
=$6907					gm_scan_page	= $6907
=$6189					gm_aes_ready	= $6189
=$a633					pm_place	= $a633
=1					AE_MIRROR	= 1
=$ad92					bk_compare_cookie= $ad92
=22					WM_CLOSED	= 22
=$943d					ae_km_keys	= $943d
=$6a87					gm_chunk_heap	= $6a87
=$81d6					gm_icon_bits	= $81d6
=$86d0					gm_s_nomodule2	= $86d0
=$abd2					vd_handle	= $abd2
=$9f77					gfx_right_masks	= $9f77
=$7aa1					gm_read_done	= $7aa1
=$6615					gm_deselect_icon= $6615
=$a9ca					bp_closed	= $a9ca
=$877c					gm_ix0		= $877c
=$877e					gm_ix1		= $877e
=$ace4					bk_service_return= $ace4
=$0020					WK_SIZER	= $0020
=$3d50					N_MHEADER	= $3d50
=$91e0					ae_attach	= $91e0
=$6cc8					gm_info_end	= $6cc8
=$9e89					gfx_aligned_set	= $9e89
=$9866					dc_text		= $9866
=$10ac					pk_extended	= $10ac
=$8623					gm_s_nosave	= $8623
=$6020					gm_start	= $6020
=$664d					gm_key		= $664d
=$10ad					pk_rejected	= $10ad
=$683f					gm_icon_drive	= $683f
=$a5d0					pm_button	= $a5d0
=2					AE_CAP_EVENT	= 2
=$6fab					gm_del_text_end	= $6fab
=$3d2e					N_BROWSERLEN	= $3d2e
=$6054					gm_loop		= $6054
=$9891					dc_iostatus	= $9891
=$8645					gm_mtoken	= $8645
=$aec9					bk_relative	= $aec9
=$a470					pm_close_return	= $a470
=$1070					pk_reject	= $1070
=$9ca5					gfx_glyph_ink	= $9ca5
=$7aa2					gm_work		= $7aa2
=$ac82					bk_callback	= $ac82
=$a5f2					pm_release	= $a5f2
=$3d2a					N_BROWSERFMT	= $3d2a
=$1c4a					N_FCLOSE	= $1c4a
=$7bb5					gm_scrolled	= $7bb5
=$6aef					gm_ins_outer	= $6aef
=$6c2a					gm_show_info	= $6c2a
=$9959					gfx_guard	= $9959
=$84fe					gm_suffix	= $84fe
=$9450					ae_menu_install	= $9450
=$8819					gm_bnow		= $8819
=$9a85					gfx_clip_compared= $9a85
=$6bfe					gm_view_done	= $6bfe
=$9f1e					gfx_owner	= $9f1e
=$8084					gm_times8	= $8084
=$7d3b					gm_select_entry	= $7d3b
=5					AE_OP_POST	= 5
=$a054					gfx_text_length	= $a054
=$7e83					gm_band		= $7e83
=$b038					bk_load_more	= $b038
=$740f					gm_ult_scan_next= $740f
=6					WS_FIND		= 6
=$6e69					gm_del_named	= $6e69
=3					AE_OP_STEP	= 3
=$10ae					pk_mask		= $10ae
=$8818					gm_banchor	= $8818
=$878c					gm_win_dev	= $878c
=$608f					gm_fatal	= $608f
=$7cb4					gm_fulled	= $7cb4
=$3d0e					N_FREE0		= $3d0e
=$3d0f					N_FREE1		= $3d0f
=$aa1a					vd_poll		= $aa1a
=$1c6b					N_VCLOSE	= $1c6b
=9					N_U_QUERY_COUNT	= 9
=$86e7					gm_digits	= $86e7
=$7644					gm_title_char	= $7644
=$a52e					pm_poll_return	= $a52e
=$6ad7					gm_rec_put	= $6ad7
=48					AE_CLICK_TICKS	= 48
=$a670					pm_down		= $a670
=$8703					gm_abuf		= $8703
=$837e					gm_s_used	= $837e
=$8050					gm_free_mem	= $8050
=$3d2b					N_BROWSERERROR	= $3d2b
=$7539					gm_ult_document	= $7539
=195					GM_MAX_ENTRIES	= 195
=$0004					WK_FULLER	= $0004
=$8815					gm_bi		= $8815
=$9c6c					gfx_column	= $9c6c
=$77a7					gm_document_launch= $77a7
=$8814					gm_bm		= $8814
=$6b3a					gm_next_gap	= $6b3a
=$3d9f					N_RCACHE	= $3d9f
=6					N_U_MAC		= 6
=$62bb					gm_am_row	= $62bb
=$9f4c					gfx_band_left	= $9f4c
=$1c2f					N_STATS		= $1c2f
=$85c4					gm_stop		= $85c4
=$aec3					bk_result	= $aec3
=$a675					pm_step		= $a675
=$9b01					gfx_clip_cell	= $9b01
=$9441					ae_km_dx	= $9441
=$9445					ae_km_dy	= $9445
=$86a8					gm_prt_sa	= $86a8
=$9214					ae_stream_taken	= $9214
=$3d28					N_ACTION	= $3d28
=$9c01					gfx_bitmap_row	= $9c01
=$abcb					vd_phase	= $abcb
=$80ca					gm_div		= $80ca
=8					WF_HSLIDE	= 8
=$9b92					gfx_failed	= $9b92
=$9f37					gfx_remaining	= $9f37
=$3d99					N_DCOUNT	= $3d99
=$9eab					gfx_glyph_row	= $9eab
=4					MU_M1		= 4
=$70f3					gm_drag_box	= $70f3
=4					N_U_POWER_B	= 4
=$77f2					gm_ult_peek	= $77f2
=$9f3e					gfx_second	= $9f3e
=3					N_U_POWER_A	= 3
=$66ac					gm_key_done	= $66ac
=$7372					gm_pw		= $7372
=$925f					ae_event	= $925f
=$9415					ae_km_y		= $9415
=$671b					gm_menu_options	= $671b
=$a694					pm_shape	= $a694
=$ab6b					vm_dirty	= $ab6b
=$750a					gm_fn_missing	= $750a
=16					GM_BELL		= 16
=$aeae					bk_file		= $aeae
=6					AE_OP_MENU	= 6
=32					AE_CAP_DCLICK	= 32
=$6dcb					gm_aput		= $6dcb
=$3d16					N_RESULT	= $3d16
=$64e3					gm_copy		= $64e3
=$a390					gfx_text_end	= $a390
=$9dc9					gfx_band_pixel	= $9dc9
=$ade1					bk_check_code	= $ade1
=$6420					gm_draw_icon	= $6420
=$625f					gm_n32_digit	= $625f
=$6eef					gm_del_many	= $6eef
=$6000					N_APPBASE	= $6000
=$85c3					gm_sslot	= $85c3
=2					GM_MOP_PREFS	= 2
=$83a5					gm_s_undone	= $83a5
=$ab9e					vm_first	= $ab9e
=$7fdd					gm_launcher	= $7fdd
=$6e4d					gm_del_copy	= $6e4d
=$abbf					bp_result	= $abbf
=$68ba					gm_df_found	= $68ba
=$6529					gm_label_clear	= $6529
=$81c4					gm_label_trash	= $81c4
=$8816					gm_ei		= $8816
=$9f1f					gfx_handle	= $9f1f
=$86dd					gm_new_icon	= $86dd
=$7513					gm_ult_open_entry= $7513
=$9f39					gfx_right	= $9f39
=$1c5c					N_FDRAW		= $1c5c
=$a67c					pm_registers	= $a67c
=$68be					gm_df_done	= $68be
=$7c8d					gm_wset_value	= $7c8d
=$6528					gm_icon_done	= $6528
=$3d9b					N_DOCKIND	= $3d9b
=$6f37					gm_del_all	= $6f37
=$8026					gm_close_slot	= $8026
=$857a					gm_s_usbfail	= $857a
=$97f0					dc_get_bad	= $97f0
=$86de					gm_slot		= $86de
=$abc2					bp_name		= $abc2
=$b0f1					bk_load_badarg	= $b0f1
=$a668					pm_x		= $a668
=$a66a					pm_y		= $a66a
=$63fb					gm_icons_clip_reset= $63fb
=$ada5					bk_platform	= $ada5
=$8700					gm_total	= $8700
=$a8a2					nk_saved_callback= $a8a2
=$83ce					gm_s_nodelete	= $83ce
=$3d37					N_UIKEY		= $3d37
=$3d9d					N_DOCRETURN	= $3d9d
=$8296					gm_menu		= $8296
=$b234					bk_crc		= $b234
=$69ab					gm_scan_fail	= $69ab
=$8540					gm_s_notusb	= $8540
=$71e6					gm_session_built= $71e6
=$acc2					bk_protect_parent= $acc2
=$109e					pk_pass		= $109e
=$3d01					N_PAGES		= $3d01
=$87a0					gm_nsel		= $87a0
=$8644					gm_mop		= $8644
=8					N_U_TIME	= 8
=$7117					gm_session_build= $7117
=$3d2d					N_BOOTDEVICE	= $3d2d
=$877f					gm_iy1		= $877f
=$877d					gm_iy0		= $877d
=$84b5					gm_full_alert	= $84b5
=$8790					gm_win_fmt	= $8790
=$9f47					gfx_glyph_bounds= $9f47
=$9318					ae_event_done	= $9318
=6					GM_MOP_COPY	= 6
=$6419					gm_icon_next	= $6419
=$aeb2					bk_cookie	= $aeb2
=$7fd7					gm_launcher_leave= $7fd7
=$922b					ae_alert_read	= $922b
=$6f96					gm_del_text	= $6f96
=$84e4					gm_confirm	= $84e4
=$0040					WK_UPARROW	= $0040
=$7b65					gm_clip_empty	= $7b65
=$8808					gm_slot25	= $8808
=$94db					ae_ev_result	= $94db
=9					WF_VSLIDE	= 9
=$981e					dc_digit	= $981e
=$7e51					gm_each_call	= $7e51
=$91e6					ae_load		= $91e6
=$9cd2					gfx_set		= $9cd2
=$6dbf					gm_astr_src	= $6dbf
=$69b5					gm_sort_write	= $69b5
=$adb7					bk_bad_handle	= $adb7
=$75ca					gm_close_full	= $75ca
=$66dd					gm_menu_control	= $66dd
=$b232					bk_expected	= $b232
=$a95c					bp_loaded	= $a95c
=$10af					pk_masks	= $10af
=8					AE_CAP_WINDOW	= 8
=$4e00					N_UPATH		= $4e00
=$69aa					gm_scan_done	= $69aa
=$7d1f					gm_row_under	= $7d1f
=$a57c					pm_left		= $a57c
=$835d					gm_s_head	= $835d
=$9215					ae_alert_open	= $9215
=$7592					gm_close_or_up	= $7592
=4					GM_PRINTER	= 4
=$7f35					gm_band_done	= $7f35
=$7ffe					gm_slot_of	= $7ffe
=$661e					gm_repaint_icon_sel= $661e
=3					GM_USB		= 3
=$0080					WK_DNARROW	= $0080
=$9ae9					gfx_clipped_bitmap= $9ae9
=$3d08					N_OFFSET	= $3d08
=$a449					pm_close	= $a449
=$69cb					gm_write_chunk	= $69cb
=$614d					gm_select_surface= $614d
=$975c					dc_channels	= $975c
=$9f5f					gfx_clip_full	= $9f5f
=$98ca					sd_bell		= $98ca
=$7d70					gm_toggle	= $7d70
=1					WS_OPEN		= 1
=$1c26					N_READ		= $1c26
=1					gfx_track_dirty	= 1
=$7bbb					gm_scroll_done	= $7bbb
=$76c9					gm_ult_del_done	= $76c9
=$9f6f					gfx_left_masks	= $9f6f
=$a679					pm_sample	= $a679
=$7228					gm_module_run	= $7228
=$b071					bk_load_eof	= $b071
=$10ba					pk_end		= $10ba
=$3d12					N_READY		= $3d12
=$86f8					gm_m		= $86f8
=$abe7					vd_pointer_y	= $abe7
=1					N_U_HARDWARE	= 1
=$6341					gm_message	= $6341
=$81b2					gm_icon_label_hi= $81b2
=$6ad7					gm_rec_dst	= $6ad7
=$aa7c					bp_gate_failed	= $aa7c
=$9865					dc_length	= $9865
=$6b26					gm_ins_place	= $6b26
=$61af					gm_aes_failed	= $61af
=$a672					pm_hit		= $a672
=8					WS_SURFACE	= 8
=$8000					N_STAGELIMIT	= $8000
=$4a00					N_BROWSERPATH	= $4a00
=$63a4					gm_message_done	= $63a4
=$62b9					ae_present	= $62b9
=$6f51					gm_relist_slot	= $6f51
=$99d9					gfx_begin	= $99d9
=$7eb8					gm_band_loop	= $7eb8
=$3d24					N_EXITCODE	= $3d24
=$9a8e					gfx_clip_start	= $9a8e
=$8065					gm_select_mem_x	= $8065
=$85bc					gm_desk_color	= $85bc
=$9449					ae_km_click	= $9449
=$abcd					vd_color	= $abcd
=0					N_OK		= 0
=4					GM_WINDOWS	= 4
=$3d3c					N_UOP		= $3d3c
=$3d20					N_CURRENT	= $3d20
=$a666					pm_pending	= $a666
=0					GFX_TEXT_STORAGE= 0
=$abf2					ru_probe_live	= $abf2
=$1c3e					N_EXIT		= $1c3e
=$ab67					bp_argument	= $ab67
=$1c41					N_FOPEN		= $1c41
=$3d25					N_DOSCODE	= $3d25
=0					AE_OP_ATTACH	= 0
=$abbd					bp_prefix	= $abbd
=$86dc					gm_icon_sel	= $86dc
=$86d3					gm_surface	= $86d3
=$3d23					N_APPSTATE	= $3d23
=$881a					gm_batch	= $881a
=2					UI_MAXIMUM	= 2
=$9754					dc_io		= $9754
=$8609					gm_dclick	= $8609
=$94ef					ae_ev_first	= $94ef
=$a8a4					nk_filter_image	= $a8a4
=$a665					pm_tick		= $a665
=$73fa					gm_ult_read	= $73fa
=$9ecf					gfx_glyph_shifted= $9ecf
=$79d9					gm_rec_src	= $79d9
=$62f4					gm_alert	= $62f4
=$9f3c					gfx_cover	= $9f3c
=$943c					ae_km_done	= $943c
=$a671					pm_arm		= $a671
=$8947					gm_win_plen	= $8947
=$99ae					gfx_glyph_negative= $99ae
=10					GM_MOP_PRTSCR	= 10
=60					GM_REC_PRINTER	= 60
=$894b					gm_name		= $894b
=2					WS_CLOSE	= 2
=$a714					nk_install	= $a714
=$9a90					gfx_clip_replace= $9a90
=$aebf					bk_busy		= $aebf
=$9801					dc_restore	= $9801
=$16					N_MEXHAUSTED	= $16
=14985					SD_BELL_FREQ	= 14985
=$9493					ae_menu_set	= $9493
=$8775					gm_prod		= $8775
=$6bb4					gm_cmp_rev	= $6bb4
=$86a9					gm_lock_want	= $86a9
=$1c26					gfx_heap_read	= $1c26
=$aa49					bp_pointer	= $aa49
=$abcc					vd_live		= $abcc
=$6aae					gm_copy_rec	= $6aae
=1					N_BADARG	= 1
=$7031					gm_release	= $7031
=12					AE_OP_ACC	= 12
=$9998					gfx_glyph_origin= $9998
=$ab27					bp_open_source	= $ab27
=$a674					pm_moved	= $a674
=$93fd					ae_km_left	= $93fd
=13					GM_MOP_LOCK	= 13
=$1c23					N_FREE		= $1c23
=$aa86					bp_arguments	= $aa86
=$9a11					gfx_color_limits= $9a11
=$658b					gm_click	= $658b
=$7322					gm_prt_quiet	= $7322
=0					N_U_IDENTIFY	= 0
=$9b95					gfx_bitmap_setup= $9b95
=20					WM_REDRAW	= 20
=$80ea					gm_cells_hi0	= $80ea
=$7506					gm_fn_long	= $7506
=$3d98					N_DNEXT		= $3d98
=$8832					gm_rec		= $8832
=$65ec					gm_click_desktop= $65ec
=$1c53					N_REPLACE	= $1c53
=$94f1					ae_ev_window	= $94f1
=$8487					gm_drive_alert	= $8487
=$8179					gm_cards_name	= $8179
=$7485					gm_ult_scan_fail0= $7485
=$ada9					bk_invalid	= $ada9
=$a76c					nk_close	= $a76c
=$94f9					ae_pointer_buttons= $94f9
=$abc0					bp_carry	= $abc0
=$9c5c					gfx_bitmap_loaded= $9c5c
=$70ed					gm_drop_print	= $70ed
=$6b83					gm_cmp_name	= $6b83
=$7dd4					gm_bit_set	= $7dd4
=$86fc					gm_ins_val	= $86fc
=$3d9c					N_DOCTYPE	= $3d9c
=$9e11					gfx_band_store	= $9e11
=$9f7f					gfx_rows	= $9f7f
=$683e					gm_open_quiet	= $683e
=$3d13					N_KEYS		= $3d13
=96					GM_APP_PAGES	= 96
=$9ab6					gfx_nonempty_x	= $9ab6
=$93a0					ae_key_mouse	= $93a0
=$97f1					dc_get_end	= $97f1
=$853e					gm_target	= $853e
=$86e6					gm_ndig		= $86e6
=$aa51					bp_invoke	= $aa51
=0					PM_KEYS_OWNED	= 0
=$7376					gm_path_root	= $7376
=$86e0					gm_fmt		= $86e0
=$6ade					gm_gap_loop	= $6ade
=$5000					AE_DATA		= $5000
=$7326					gm_path_page	= $7326
=$6000					BK_BASE		= $6000
=$abd0					vd_base		= $abd0
=$9b56					gfx_color_x	= $9b56
=$6eee					gm_del_none	= $6eee
=$86bc					gm_s_nomodule	= $86bc
=$876a					gm_math		= $876a
=$86db					gm_start_error	= $86db
=$ae83					bk_jump_tail	= $ae83
=$8826					gm_mem1		= $8826
=$8822					gm_mem0		= $8822
=$882e					gm_mem3		= $882e
=$882a					gm_mem2		= $882a
=$85be					gm_orect	= $85be
=$8501					gm_s_unproven	= $8501
=$ada1					bk_nested	= $ada1
=8					AE_OP_WINDOW	= 8
=$768d					gm_ult_attr	= $768d
=$abe8					vs_reu		= $abe8
=$3de4					N_BOOTFORMAT	= $3de4
=0					BP_HISTORY	= 0
=$9437					ae_km_eaten	= $9437
=$1c68					N_VSHOW		= $1c68
=$11					N_IOERROR	= $11
=$9a9c					gfx_clip_keep	= $9a9c
=$9f12					gfx_x0		= $9f12
=$9f16					gfx_x1		= $9f16
=$8ad9					ae_callback	= $8ad9
=$3d38					N_UIWIDTH	= $3d38
=$9f1d					gfx_bound	= $9f1d
=$6bd6					gm_set_view	= $6bd6
=$83e6					gm_s_error	= $83e6
=$8362					gm_s_type	= $8362
=$adb9					bk_finish	= $adb9
=$66ad					gm_key_drive	= $66ad
=$6a7d					gm_chunk_size	= $6a7d
=$3d29					N_BROWSERDEV	= $3d29
=$6fae					gm_printable	= $6fae
=30					N_AESOWNER	= 30
=$3de5					N_CLIPBOARD	= $3de5
=$9993					gfx_glyph_failed= $9993
=$9d83					gfx_band_next	= $9d83
=$3d3a					N_UIERROR	= $3d3a
=$9ef0					gfx_restore_handle= $9ef0
=$6fc9					gm_del_head	= $6fc9
=$3da0					N_FNAME		= $3da0
=$6a1b					gm_chunk_fail	= $6a1b
=$6569					gm_icon_hit	= $6569
=$a94a					vd_open		= $a94a
=7					AE_MINOR	= 7
=$acf5					bk_enter	= $acf5
=$a76b					nk_return	= $a76b
=$70c6					gm_row_drop	= $70c6
=$9d55					gfx_xor_load	= $9d55
=$94f8					ae_pointer_y	= $94f8
=$94f6					ae_pointer_x	= $94f6
=$1c00					N_LOWLIMIT	= $1c00
=$7a59					gm_read_rows	= $7a59
=8					N_PLATFORM	= 8
=$7dec					gm_bit		= $7dec
=$6f70					gm_error_hex	= $6f70
=$7512					gm_fn_done	= $7512
=$a095					gfx_text_left	= $a095
=7					WS_FILL		= 7
=$9f38					gfx_left	= $9f38
=$3d0c					N_VALUE		= $3d0c
=$84e5					gm_editor_name	= $84e5
=$86bb					gm_mwanted	= $86bb
=32					N_APPOWNER	= 32
=$adad					bk_enter_failed	= $adad
=$9751					dc_open_failed	= $9751
=$615f					gm_bind		= $615f
=$13					N_LONGIMAGE	= $13
=$9b16					gfx_clip_divide	= $9b16
=$aa07					bp_presented	= $aa07
=$9380					ae_read_pointer	= $9380
=$84f5					gm_upnt		= $84f5
=$946e					ae_menu_write	= $946e
=$61					GM_ICON_SELECTED= $61
=$9a77					gfx_clip_intersect= $9a77
=$86a7					gm_prt_dev	= $86a7
=12					WF_NEXTXYWH	= 12
=$7bcb					gm_vslid	= $7bcb
=$a664					pm_seen		= $a664
=$8699					gm_mop_module	= $8699
=29					N_ACCOWNER	= 29
=$8170					gm_aesvc_name	= $8170
=0					WS_CREATE	= 0
=$6bff					gm_view_fail	= $6bff
=$3d10					N_SLOTS		= $3d10
=$9d97					gfx_band_failed	= $9d97
=$9f1b					gfx_color	= $9f1b
=0					UI_LENGTH	= 0
=$8770					gm_rb		= $8770
=$1c59					N_FEDIT		= $1c59
=$944b					ae_post		= $944b
=$9f2f					gfx_operation	= $9f2f
=10					WF_TOP		= 10
=$b18f					bk_write_chunk	= $b18f
=$8648					gm_mod_names	= $8648
=$6168					gm_aes_setup	= $6168
=$abc1					bp_error	= $abc1
=$84fd					gm_doc_kind	= $84fd
=$98bc					dc_saved	= $98bc
=$876f					gm_ra		= $876f
=$705b					gm_drag_loop	= $705b
=$9a5a					gfx_clip_high	= $9a5a
=$9711					dc_read		= $9711
=$1c3b					N_KEYIN		= $1c3b
=$9adb					gfx_glyph_unclipped= $9adb
=$a019					gfx_text_advance= $a019
=$7480					gm_ult_scan_fail= $7480
=$1c38					N_LAUNCH	= $1c38
=$6ab0					gm_rec_src2	= $6ab0
=$86f9					gm_gap		= $86f9
=$86f2					gm_count	= $86f2
=$94a1					ae_session_read	= $94a1
=4					GM_KEYCLICK	= 4
=$974e					dc_close_failed	= $974e
=$9f35					gfx_xbyte	= $9f35
=$988f					dc_code2	= $988f
=$9a4a					gfx_clip_zero	= $9a4a
=$a573					pm_right	= $a573
=$8817					gm_bend		= $8817
=$a798					nk_codes	= $a798
=15					N_ABI_MINOR	= 15
=$7182					gm_session_window= $7182
=$8099					gm_mulrec	= $8099
=$ab1c					bp_iec_name	= $ab1c
=$7d5b					gm_select_index	= $7d5b
=$a673					pm_event	= $a673
=$7665					gm_not_usb	= $7665
=3					N_NOSLOT	= 3
=$91d5					ae_unload	= $91d5
=$15					N_CHANNELS	= $15
=$94af					ae_dclick	= $94af
=$3d27					N_APPERROR	= $3d27
=$3e00					N_BROWSERNAME	= $3e00
=$9ea2					gfx_aligned_write= $9ea2
=5					UI_VIEW40	= 5
=$3900					NPAGES1		= $3900
=$3800					NPAGES0		= $3800
=$9434					ae_km_set_y	= $9434
=$b141					bk_select_file	= $b141
=0					BP_STATE_STORAGE= 0
=$a667					pm_sample_line	= $a667
=$95fa					gm_paths	= $95fa
=$9f31					gfx_offset	= $9f31
=2					N_NOMEM		= 2
=$aeaa					bk_handle	= $aeaa
=$9864					dc_device	= $9864
=7					N_U_IP		= 7
=$9271					ae_event_sample	= $9271
=$819a					gm_icon_y	= $819a
=9					GM_REC_COUNT	= 9
=$86f4					gm_drag		= $86f4
=$881b					gm_s_items	= $881b
=$85a1					gm_s_usbhex	= $85a1
=$97f3					dc_close	= $97f3
=$aea9					bk_state	= $aea9
=$9c7d					gfx_mask_last	= $9c7d
=$9b36					gfx_color_rows	= $9b36
=$9e0b					gfx_band_set	= $9e0b
=$68b7					gm_df_next	= $68b7
=17					WF_DESKCOLOR	= 17
=$68bf					gm_df_none	= $68bf
=$1c65					N_MCLOSE	= $1c65
=$3a00					N_BUFFER	= $3a00
=$6a2f					gm_load_chunk	= $6a2f
=$3d97					N_DPAGE		= $3d97
=$61fa					gm_open_iec	= $61fa
=$86e1					gm_mbit		= $86e1
=$3d91					N_FBUSY		= $3d91
=$766e					gm_usb_error	= $766e
=$7873					gm_peek_done	= $7873
=$0800					WK_HSLIDE	= $0800
=$9f3d					gfx_first	= $9f3d
=$a677					pm_columns	= $a677
=$ac58					bk_return	= $ac58
=$6afb					gm_ins_inner	= $6afb
=$3d15					N_LASTKEY	= $3d15
=$7bbc					gm_max_top	= $7bbc
=$a00f					gfx_text_saturate= $a00f
=$a678					pm_previous	= $a678
=31					N_CLIPOWNER	= 31
=$adc5					bk_check_tails	= $adc5
=$98c6					dc_eoi		= $98c6
=40					DC_MAX		= 40
=$9760					dc_blocks_free	= $9760
=$8425					gm_about	= $8425
=$3d0a					N_COUNT		= $3d0a
=$8794					gm_win_count	= $8794
=$9f18					gfx_y1		= $9f18
=$9f14					gfx_y0		= $9f14
=$9f3b					gfx_old		= $9f3b
=$aec6					bk_saved_regs	= $aec6
=6					GM_GAP_COUNT	= 6
=$3d8b					N_FACTUAL	= $3d8b
=$6d15					gm_info_page	= $6d15
=$9b45					gfx_color_multiply= $9b45
=$abd1					vd_pages	= $abd1
=$b1c4					bk_crc_buffer	= $b1c4
=$3d92					N_FPOSITION	= $3d92
=$b21c					bk_prefix	= $b21c
=$6f63					gm_del_badname	= $6f63
=$6e25					gm_delete_slot	= $6e25
=$6bd3					gm_menu_view	= $6bd3
=$7386					gm_path_to_upath= $7386
=0					BP_MODE		= 0
=$a66b					pm_old		= $a66b
=$0c00					N_SYSBASE	= $0c00
=6					N_RANGE		= 6
=$6746					gm_open_selection= $6746
=$86f6					gm_vslot	= $86f6
=$7656					gm_title_ok	= $7656
=$6165					pm_find_hit	= $6165
=$3d80					N_FOWNER	= $3d80
=$8160					gm_hex_digits	= $8160
=$63bb					gm_redraw_desktop= $63bb
=$3d22					N_NAMELEN	= $3d22
=$662f					gm_redraw_icon_cells= $662f
=$a7a2					nk_saved_keys	= $a7a2
=$b0ec					bk_checksum	= $b0ec
=1					AE_MAJOR	= 1
=$a026					gfx_load_glyph	= $a026
=$9d5a					gfx_xor_store	= $9d5a
=$8798					gm_win_top	= $8798
=$abe9					vs_token	= $abe9
=$800d					gm_top_slot	= $800d
=$699c					gm_scan_end	= $699c
=$755e					gm_ult_rescan	= $755e
=$9893					dc_status_length= $9893
=7					AE_OP_MENU_SET	= 7
=$7870					gm_peek_close	= $7870
=5					N_WRONGOWNER	= 5
=$1c47					N_FWRITE	= $1c47
=24					WM_ARROWED	= 24
=$8768					gm_art		= $8768
=$97c7					dc_listed	= $97c7
=$0200					WK_LFARROW	= $0200
=$9c47					gfx_read_row	= $9c47
=$625a					gm_anum32	= $625a
=$aec2					bk_service	= $aec2
=$abd6					vd_saved	= $abd6
=$1c71					N_UCOMMAND	= $1c71
=$86fa					gm_gapi		= $86fa
=$1c44					N_FREAD		= $1c44
=$8107					gm_decimal4	= $8107
=$80f9					gm_decimal2	= $80f9
=$b238					gm_end		= $b238
=$94ee					ae_ev_key	= $94ee
=1					AE_POINTER	= 1
=$8393					gm_gaps		= $8393
=$8425					gm_bad_chars_end= $8425
=8					GM_NOOVERASK	= 8
=$b12d					bk_close_source	= $b12d
=4					WS_SET		= 4
=9					GM_MOP_NEWFOLDER= 9
=$aec5					bk_saved_rcr	= $aec5
=21					WM_TOPPED	= 21
=$6861					gm_drive_format	= $6861
=4					WF_WORKXYWH	= 4
=$a990					vd_close	= $a990
=0					pm_control_count= 0
=4					AE_CAP_MENU	= 4
=$98c9					dc_dollar	= $98c9
=27					WM_SIZED	= 27
=$aec0					bk_error	= $aec0
=$aeb6					bk_current	= $aeb6
=$85bd					gm_restoring	= $85bd
=$6a1c					gm_resort_slot	= $6a1c
=$a62a					pm_positive	= $a62a
=$942a					ae_km_up	= $942a
=$3d96					N_FFORMAT	= $3d96
=$4000					AC_BASE		= $4000
=2					AE_OP_ALERT	= 2
=$768e					gm_ult_delete	= $768e
=$0100					WK_VSLIDE	= $0100
=$614c					gm_setup_done	= $614c
=$a630					pm_no_delta	= $a630
=$9fef					gfx_text_unknown= $9fef
=$9e7e					gfx_aligned_clear= $9e7e
=$8605					gm_magic	= $8605
=$6739					gm_print_screen	= $6739
=64					GM_RECORD_SIZE	= 64
=25					WM_HSLID	= 25
=$9a3f					gfx_clip_limit	= $9a3f
=$84ad					gm_drive_alert_hex= $84ad
=$10					N_BADIMAGE	= $10
=$6bc1					gm_fa		= $6bc1
=$6bc5					gm_fb		= $6bc5
=$3d40					N_APPNAME	= $3d40
=$9ff1					gfx_text_code	= $9ff1
=$a448					pm_install_return= $a448
=$0008					WK_MOVER	= $0008
=$a04a					gfx_text_load	= $a04a
=$b0e7					bk_short_image	= $b0e7
=$86d7					gm_file		= $86d7
=$9fd1					gfx_text_failed	= $9fd1
=$876e					gm_t8		= $876e
=$b179					bk_io_return	= $b179
=$1076					pk_restore_columns= $1076
=$9d00					gfx_write_row	= $9d00
=$9e97					gfx_aligned_copy= $9e97
=$63a5					gm_redraw_window= $63a5
=$1c50					N_DIRPAGE	= $1c50
=4					N_BADHANDLE	= 4
=10					MN_SELECTED	= 10
=$c000					AE_LIMIT	= $c000
=$3d1b					N_MSTATE	= $3d1b
=$a66a					BP_POINTER_Y	= $a66a
=$a668					BP_POINTER_X	= $a668
=$3f00					N_SOURCEPATH	= $3f00
=$9892					dc_byte		= $9892
=$1c56					N_WORKSPACE	= $1c56
=$1c2c					gfx_heap_fill	= $1c2c
=$6e2f					gm_delete_one	= $6e2f
=$819f					gm_icon_art	= $819f
=$7e5a					gm_select_all	= $7e5a
=$78c6					gm_suffix_no	= $78c6
=$a5b4					pm_top		= $a5b4
=$3d9a					N_DOCREQUEST	= $3d9a
=$73bf					gm_ult_open	= $73bf
=0					PM_KEYS_EXTERNAL= 0
=$a66f					pm_buttons	= $a66f
=$9ce6					gfx_store	= $9ce6
=10					GM_REC_WINDOWS	= 10
=3					WS_DELETE	= 3
=$3d1a					N_MERROR	= $3d1a
=$a664					BP_POINTER_STATE= $a664
=0					NK_SAVED_BUFFER	= 0
=64					AE_CAP_ACC	= 64
=$6402					gm_icons_done	= $6402
=$6f6c					gm_del_error	= $6f6c
=$94f0					ae_ev_tick	= $94f0
=$7349					gm_path_io	= $7349
=$74b9					gm_fn_found	= $74b9
=$98c5					dc_sa		= $98c5
=$65ad					gm_click_at	= $65ad
=$9968					gfx_rect	= $9968
=$97d2					dc_get		= $97d2
=$7f36					gm_band_row	= $7f36
=$3d03					N_PAGE		= $3d03
=$9f4b					gfx_band_allowed= $9f4b
=$66ca					gm_menu_choice	= $66ca
=1					UI_CARET	= 1
=$9e99					gfx_aligned_copy_next= $9e99
=$6237					gm_close_file	= $6237
=$6e81					gm_del_ask	= $6e81
=9					N_CORRUPT	= 9
=$8375					gm_s_files	= $8375
=$68c2					gm_scan		= $68c2
=$b0f6					bk_close	= $b0f6
=$aebd					bk_entry	= $aebd
=$a5b6					pm_set_y	= $a5b6
=$a581					pm_set_x	= $a581
=$9af3					gfx_store_clip_next= $9af3
=$a9e3					bp_return	= $a9e3
=$9a27					gfx_clip_next	= $9a27
=$a5b9					pm_hit_test	= $a5b9
=$838d					gm_s_ok		= $838d
=$9f33					gfx_span	= $9f33
=$6763					gm_open_icon	= $6763
=$10a9					pk_rejects	= $10a9
=$1c29					N_WRITE		= $1c29
=$62ee					gm_leave	= $62ee
=$a584					pm_vertical	= $a584
=$6ba3					gm_cmp_out	= $6ba3
=$85c2					gm_spos		= $85c2
=$1c29					gfx_heap_write	= $1c29
=$9f27					gfx_clipped	= $9f27
=$3d60					N_APPHEADER	= $3d60
=$aebb					bk_length	= $aebb
=16					MU_MESAG	= 16
=$16					GM_SELECTED	= $16
=$abb8					vm_pending	= $abb8
=$9d94					gfx_band_done	= $9d94
=$3d90					N_FSTATUS	= $3d90
=$79bc					gm_rows_done	= $79bc
=$94f2					ae_surface	= $94f2
=$9ee8					gfx_select	= $9ee8
=$c000					BK_LIMIT	= $c000
=$a055					gfx_text_buffer	= $a055
=$847f					gm_start_alert_hex= $847f
=$8399					gm_s_delete	= $8399
=$a9da					bp_close_failed	= $a9da
=$7058					gm_drag_track	= $7058
=$a097					gfx_text_high	= $a097
=$963e					dc_command	= $963e
=$1c35					N_RESERVE	= $1c35
=$86ba					gm_mloaded	= $86ba
=$9d7b					gfx_band_write	= $9d7b
=$8765					gm_cy		= $8765
=25					GM_BITS		= 25
=$7808					gm_peek		= $7808
=$9fb1					gfx_text	= $9fb1
=$9e8f					gfx_aligned_store= $9e8f
=$9d46					gfx_band_xor	= $9d46
=$81ca					gm_label_usb	= $81ca
=$6338					gm_alert_done	= $6338
=$877a					gm_ww		= $877a
=$9f30					gfx_y		= $9f30
=$96e6					dc_status_read	= $96e6
=$8779					gm_wy		= $8779
=$8778					gm_wx		= $8778
=$729a					gm_module_fail	= $729a
=$8d04					ae_state	= $8d04
=$b0dd					bk_bad_image	= $b0dd
=5					WF_CURRXYWH	= 5
=$b17e					bk_select_code	= $b17e
=$877b					gm_wh		= $877b
=$abbe					bp_started	= $abbe
=$6098					gm_fatal_text	= $6098
=$3d30					N_BROWSERPOS	= $3d30
=$933d					ae_wait_moved	= $933d
=$94fa					gm_path		= $94fa
=$6838					gm_open_fail	= $6838
=$0001					WK_NAME		= $0001
=2					GM_NOCOPYASK	= 2
=13					AE_OP_COUNT	= 13
=$804b					gm_free_slot	= $804b
=$14					N_CHECKSUM	= $14
=10					AE_OP_SESSION	= 10
=$7e06					gm_first_sel	= $7e06
=$3d04					N_HANDLE	= $3d04
=$6ce0					gm_info_icon	= $6ce0
=$9b18					gfx_clip_shift	= $9b18
=$93d5					ae_km_move	= $93d5
=$3d35					N_UIPTR		= $3d35
=$9ee1					gfx_glyph_second_visible= $9ee1
=$9e35					gfx_aligned_glyph= $9e35
=$78c8					gm_paint_window	= $78c8
=32					MU_TIMER	= 32
=$8700					AE_BASE		= $8700
=$7714					gm_iec_document	= $7714
=$abe5					vd_pointer_x	= $abe5
=$9357					ae_wait_time	= $9357
=$5000					gm_rows		= $5000
=$8847					gm_order	= $8847
=$3d81					N_FHANDLE	= $3d81
=$740a					gm_scan_ult	= $740a
=$7933					gm_paint_reset	= $7933
=$1068					pk_read_key	= $1068
=2					WF_NAME		= 2
=32					NSLOTS		= 32
=$994c					gfx_finish	= $994c
=$8769					gm_row		= $8769
=$0010					WK_INFO		= $0010
=$50					N_FIRST0	= $50
=$abf3					bp_backend_pending= $abf3
=$aec4					bk_carry	= $aec4
=$9cab					gfx_load	= $9cab
=$6fcd					gm_fail_head	= $6fcd
=$6db7					gm_astr		= $6db7
=$a5b0					pm_bottom	= $a5b0
=$6680					gm_key_move	= $6680
=$3d86					N_FNAMELEN	= $3d86
=11					WF_FIRSTXYWH	= 11
=$10ab					pk_columns	= $10ab
=$8a4b					aes		= $8a4b
=23					WM_FULLED	= 23
=$a4a6					pm_settling	= $a4a6
=$926b					ae_event_next	= $926b
=121					GM_PRT_LFN	= 121
=$6000					gm_image	= $6000
=$8763					gm_item		= $8763
=9					WS_OUTLINE	= 9
=$72cd					gm_ult_probe	= $72cd
=$9f4f					gfx_clip_pixels	= $9f4f
=160					pm_start	= 160
=$9de8					gfx_band_load	= $9de8
=$3d89					N_FCOUNT	= $3d89
=$c000					N_APPLIMIT	= $c000
=$6772					gm_open_drive	= $6772
=$6891					gm_df_scan	= $6891
=$9fb1					gfx_end		= $9fb1
=$10a7					pk_next		= $10a7
=$9de5					gfx_band_mask_ready= $9de5
=$1074					pk_accept	= $1074
=$b236					bk_crc_left	= $b236
=$abb9					bp_file		= $abb9
=$6c85					gm_aname_done	= $6c85
=$70f2					gm_release_done	= $70f2
=$b152					bk_read_chunk	= $b152
=$86f5					gm_view		= $86f5
=$a52f					pm_absent	= $a52f
=$9db5					gfx_band_masked	= $9db5
=$8143					gm_hex_error	= $8143
=$6fe6					gm_refresh_loop	= $6fe6
=0					GFX_FONT_COLUMNS= 0
=$785e					gm_peek_sheet	= $785e
=$3d02					N_BANK		= $3d02
=$9b2a					gfx_clip_defaults= $9b2a
=$76d2					gm_ult_del_error= $76d2
=2					N_U_DRIVES	= 2
=$4000					N_SERVICEBASE	= $4000
=$7c18					gm_repaint_all	= $7c18
=$3d21					N_DEVICE	= $3d21
=$86df					gm_dev		= $86df
=$676e					gm_open_none	= $676e
=$9f57					gfx_clip_cells	= $9f57
=$793b					gm_draw_rows	= $793b
=$661d					gm_click_done	= $661d
=1					GM_MOP_INFO	= 1
=$a473					pm_poll		= $a473
=$a096					gfx_text_index	= $a096
=$76c0					gm_ult_del_unknown= $76c0
=$b22e					bk_count	= $b22e
=$8764					gm_cx		= $8764
=$793a					gm_paint_done	= $793a
=$98ee					sd_click	= $98ee
=$1c6e					N_UQUERY	= $1c6e
=$923f					ae_alert_step	= $923f
=$3d17					N_MTOKEN	= $3d17
=$9cdb					gfx_copy	= $9cdb
=$aaca					bp_load		= $aaca
=$b238					gm_module	= $b238
=$1c4d					N_FRELEASE	= $1c4d
=$9cc7					gfx_clear	= $9cc7
=$3c00					NHANDLES	= $3c00
=$aec1					bk_operation	= $aec1
=$a9a6					bp_dispose	= $a9a6
=$b1da					bk_crc_get	= $b1da
=$9957					gfx_success	= $9957
=$693f					gm_scan_record	= $693f
=$abcb					bp_state	= $abcb
=$abce					vd_fault	= $abce
=$9f3f					gfx_bits	= $9f3f
=28					WM_MOVED	= 28
=3					GM_MOP_FORMAT	= 3
=$809b					gm_mul		= $809b
=$7e2a					gm_each		= $7e2a
=$95fe					gm_rec_addr	= $95fe
=$abf1					ru_active	= $abf1
=$9aec					gfx_empty	= $9aec
=$3d39					N_UIFLAGS	= $3d39
=$997a					gfx_glyph	= $997a
=$8615					gm_inf_scratch	= $8615
=$853f					gm_nlen		= $853f
=$94c7					ae_dirty	= $94c7
=$9372					ae_wait_done	= $9372
=$6403					gm_draw_icons	= $6403
=$86fd					gm_pos		= $86fd
=$609b					gm_surface_setup= $609b
=$87a4					gm_win_bits	= $87a4
=$3d00					N_OWNER		= $3d00
=21					GM_RECORD	= 21
=$ae8d					bk_services	= $ae8d
=$8185					gm_types	= $8185
=$3d11					N_BUSY		= $3d11
=$7940					gm_row_loop	= $7940
=$62a7					gm_dirty_from	= $62a7
=$86ff					gm_cmpb		= $86ff
=$6f94					gm_status_text	= $6f94
=$94a5					ae_session_write= $94a5
=$3d2c					N_APPFORMAT	= $3d2c
=$9f23					gfx_limits	= $9f23
=$913c					ae_detach	= $913c
=1					AE_CAP_ALERT	= 1
=$9e00					gfx_band_clear	= $9e00
=24					GM_CHUNK	= 24
=$1300					N_LOWBASE	= $1300
=$817e					gm_drive_title	= $817e
=$61					GM_PAPER	= $61
=$abe4					vd_pointer_visible= $abe4
=0					PM_SECONDARY	= 0
=$8780					gm_clip		= $8780
=5					GM_ICONS	= 5
=$04					N_FIRST1	= $04
=$aeba					bk_pages	= $aeba
=3					WF_INFO		= 3
=$996e					gfx_colors	= $996e
=$6b9e					gm_cmp_ordinal	= $6b9e
=9					AE_OP_SHUTDOWN	= 9
=$736e					gm_pr		= $736e
=$76d5					gm_ucmd		= $76d5
=$7beb					gm_scroll_to_selection= $7beb
=$1c32					N_RELEASE	= $1c32
=$6f91					gm_del_status	= $6f91
=$8774					gm_mul_b	= $8774
=$8773					gm_mul_a	= $8773
=$70ea					gm_drop		= $70ea
=$7da7					gm_select_set	= $7da7
=$6233					gm_open_bad	= $6233
=$6dd5					gm_anum		= $6dd5
=$aa14					bp_ok		= $aa14
=$8062					gm_select_mem	= $8062
=$988e					dc_code		= $988e
=$786d					gm_peek_kind	= $786d
=$7c36					gm_update_slider= $7c36
=$9f3a					gfx_mask	= $9f3a
=$7216					gm_file_select	= $7216
=$3d8d					N_FEOF		= $3d8d
=$6ba7					gm_cmp_raw	= $6ba7
=$9974					gfx_set_clip	= $9974
=$3d88					N_FTYPE		= $3d88
=$4f00					N_USTATUS	= $4f00
=$6596					gm_pointer_cell	= $6596
=$3d87					N_FMODE		= $3d87
=4					AE_OP_EVENT	= 4
=$3d26					N_IOSTATUS	= $3d26
=$8766					gm_i		= $8766
=$86f7					gm_k		= $86f7
=$8767					gm_j		= $8767
=$9863					dc_field_done	= $9863
=$86fe					gm_other	= $86fe
=$86e2					gm_q		= $86e2
=$86fb					gm_i2		= $86fb
=$9d9a					gfx_band_select	= $9d9a
=$6c71					gm_aname	= $6c71
=$7279					gm_module_call	= $7279
=$967b					dc_begin	= $967b
=$9204					ae_register	= $9204
=$6adc					gm_sort		= $6adc
=$8a4b					ae_call		= $8a4b
=8					MU_M2		= 8
=$9af1					gfx_store_clip	= $9af1
=$3d8e					N_FERROR	= $3d8e
=$85ad					gm_s_free	= $85ad
=$7b67					gm_arrowed	= $7b67
=$81bc					gm_label_9	= $81bc
=10					WS_TEXT		= 10
=$71e7					gm_session_save	= $71e7
=$a797					nk_active	= $a797
=$7626					gm_title_usb	= $7626
=$9894					dc_status	= $9894
=$9f1a					gfx_pen		= $9f1a
=7					N_REENTRANT	= 7
=$72e9					gm_prt_probe	= $72e9
=$765d					gm_title_end	= $765d
=$81ad					gm_icon_label_lo= $81ad
=$755b					gm_ult_enter	= $755b
=$66a5					gm_key_set	= $66a5
=$6d68					gm_info_sum	= $6d68
=$a66d					pm_pots		= $a66d
=$860a					gm_inf_name	= $860a
=$ab9f					vm_rows		= $ab9f
=$3d3d					N_UARG		= $3d3d
=$a9e4					vm_present	= $a9e4
=3					UI_BUFFER	= 3
=$7623					gm_title_set	= $7623
=$0002					WK_CLOSER	= $0002
=$9a51					gfx_clip_copy	= $9a51
=$6b41					gm_compare	= $6b41
=$930a					ae_event_fired	= $930a
=$9f36					gfx_columns	= $9f36
=5					GM_MOP_USBINFO	= 5
=$9f1c					gfx_error	= $9f1c
=$6aa3					gm_chunk_next	= $6aa3
=$5000					N_SERVICELIMIT	= $5000
=$7874					gm_text_suffix	= $7874
=$880c					gm_bitmask	= $880c
=$7fd6					gm_launch_fail	= $7fd6
=4					GM_MOP_CONTROL	= 4
=$9e6c					gfx_aligned_ink	= $9e6c
=$a390					pm_install	= $a390
=8					GM_MOP_SAVEDESK	= 8
=$7c90					gm_wset_simple	= $7c90
=$85c5					gm_session	= $85c5
=$8847					gm_dirpage	= $8847
=$836a					gm_s_blocks	= $836a
=$86aa					gm_lock_name	= $86aa
=$9824					dc_field_track	= $9824
=$94cb					ae_ev_params	= $94cb
=1					FO_PRESENT	= 1
=1					BP_TRACK_DIRTY	= 1
=$abf4					bk_call		= $abf4
=$6c73					gm_info_name	= $6c73
=$9ec6					gfx_glyph_shift	= $9ec6
=$83ee					gm_badname_alert= $83ee
=$6eb4					gm_del_go	= $6eb4
=26					WM_VSLID	= 26
=7					UI_FILTER	= 7
=$a9f3					vd_select	= $a9f3
=$86a6					gm_alert_default= $86a6
=$749e					gm_fn_next	= $749e
=32					BK_OWNER	= 32
=$81b7					gm_label_boot	= $81b7
=$7767					gm_usb_document	= $7767
=$9a03					gfx_pixel_limits= $9a03
=$a97d					bp_open_failed	= $a97d
=$6dec					gm_read_record	= $6dec
=$5000					gm_sortbuf	= $5000
=$a021					gfx_text_done	= $a021
=$a67b					pm_init_saved	= $a67b
=16					WF_VSLSIZE	= 16
=$accf					bk_service_bad	= $accf
=$84f9					gm_usht		= $84f9
=$aa18					bp_fault	= $aa18
=$7478					gm_ult_scan_done= $7478
=0					BP_SHARED_MEMORY= 0
=$a62b					pm_delta_done	= $a62b
=$946b					ae_menu_read	= $946b
=$b0d3					bk_load_success	= $b0d3
=$9890					dc_track	= $9890
=$6339					gm_alert_rows	= $6339
=$1c62					N_MCALL		= $1c62
=$81a4					gm_icon_on	= $81a4
=$698b					gm_scan_skip	= $698b
=$81ce					gm_label_printer= $81ce
=$9d1c					gfx_band	= $9d1c
=1					MU_KEYBD	= 1
=$83e4					gm_s_bar	= $83e4
=$a67a					pm_high		= $a67a
=$3d2f					N_DESKTOPSEL	= $3d2f
=16					AE_CAP_SESSION	= 16
=$9a1d					gfx_limits_y	= $9a1d
=$b0e2					bk_long_image	= $b0e2
=$a540					pm_move		= $a540
=16					GM_PAGES	= 16
=16					AC_PAGES	= 16
=$86f3					gm_page		= $86f3
=$990c					gfx_bind	= $990c
=$9fe1					gfx_text_next	= $9fe1
=$8788					gm_win_handle	= $8788
=$6c0b					gm_view_checks	= $6c0b
=$7aa0					gm_read_none	= $7aa0
=$6fe1					gm_refresh_drive= $6fe1
=$3d8f					N_FDOS		= $3d8f
=$8456					gm_start_alert	= $8456
=$6cdd					gm_info_fail	= $6cdd
=$a979					bp_open_bad	= $a979
=$8784					gm_rect		= $8784
=$3d34					N_BROWSERNAME_LEN= $3d34
=$b230					bk_offset	= $b230
=$8771					gm_num		= $8771
=7					WF_FULLXYWH	= 7
=$98c7					dc_free		= $98c7
=$0400					WK_RTARROW	= $0400
=$614d					pm_select_surface= $614d
=$9f4e					gfx_band_first	= $9f4e
=$79bd					gm_rows_fail	= $79bd
=$9fcf					gfx_text_badarg	= $9fcf
=$9b2c					gfx_clip_reset_next= $9b2c
=0					NK_LOCAL_HELP	= 0
=$6bc9					gm_name_key	= $6bc9

;******  Return to file: src/native/gemdesk-ses.asm

.b238					gm_ses:
>b238	4e 4d 4f 44			        .text "nmod"
>b23c	01 01 0e 00			        .byte 1,1,14,0
>b240	76 0a				        .word gm_ses_end-gm_ses
>b242	00 00				        .word 0
>b244	10 00				        .word ses.entry-gm_ses
>b246	00 00				        .word 0
.b248					ses
.b248					entry:
.b248	ad 44 86	lda $8644	        lda gm_mop
.b24b	c9 07		cmp #$07	        cmp #GM_MOP_RESTORE
.b24d	f0 03		beq $b252	        beq gm_restore
.b24f	4c db b3	jmp $b3db	        jmp gm_save_desktop
.b252					gm_restore:
.b252	20 4f b4	jsr $b44f	        jsr acc_start           ; the desk accessory first: the menu shows it
.b255	a9 ff		lda #$ff	        lda #$ff                ; the AES's current double-click speed
.b257	20 af 94	jsr $94af	        jsr ae_dclick
.b25a	b0 03		bcs $b25f	        bcs +
.b25c	8d 09 86	sta $8609	        sta gm_dclick
.b25f	20 a1 94	jsr $94a1	+       jsr ae_session_read
.b262	b0 10		bcs $b274	        bcs gm_restore_file
.b264	a2 3f		ldx #$3f	        ldx #GM_RECORD_SIZE-1
.b266	bd 00 3a	lda $3a00,x	-       lda N_BUFFER,x
.b269	9d c5 85	sta $85c5,x	        sta gm_session,x
.b26c	ca		dex		        dex
.b26d	10 f7		bpl $b266	        bpl -
.b26f	20 35 b3	jsr $b335	        jsr gm_session_valid
.b272	90 08		bcc $b27c	        bcc gm_restore_apply
.b274					gm_restore_file:
.b274	20 58 b3	jsr $b358	        jsr gm_load_desktop
.b277	90 03		bcc $b27c	        bcs gm_restore_color
.b279	4c fe 71	jmp $71fe
.b27c					gm_restore_apply:
.b27c	ad c9 85	lda $85c9	        lda gm_session+4
.b27f	29 1f		and #$1f	        and #1|GM_NOCOPYASK|GM_KEYCLICK|GM_NOOVERASK|GM_BELL
.b281	8d e4 84	sta $84e4	        sta gm_confirm
.b284	ad ca 85	lda $85ca	        lda gm_session+5
.b287	8d f5 86	sta $86f5	        sta gm_view
.b28a	ad cb 85	lda $85cb	        lda gm_session+6
.b28d	8d bc 85	sta $85bc	        sta gm_desk_color
.b290	ad cc 85	lda $85cc	        lda gm_session+7
.b293	8d 22 0a	sta $0a22	        sta $0a22               ; key repeat
.b296	ad cd 85	lda $85cd	        lda gm_session+8
.b299	8d 09 86	sta $8609	        sta gm_dclick
.b29c	20 af 94	jsr $94af	        jsr ae_dclick
.b29f	ad 01 86	lda $8601	        lda gm_session+GM_REC_PRINTER   ; the printer (records saved before hold 0:
.b2a2	c9 04		cmp #$04	        cmp #4                          ; device 4, as the start probed)
.b2a4	f0 04		beq $b2aa	        beq +
.b2a6	c9 05		cmp #$05	        cmp #5
.b2a8	d0 0e		bne $b2b8	        bne ++
.b2aa	8d a7 86	sta $86a7	+       sta gm_prt_dev
.b2ad	ad 02 86	lda $8602	        lda gm_session+GM_REC_PRINTER+1
.b2b0	29 07		and #$07	        and #7                  ; 7 or 0
.b2b2	8d a8 86	sta $86a8	        sta gm_prt_sa
.b2b5	20 e9 72	jsr $72e9	        jsr gm_prt_probe        ; its icon; the desktop is repainted at the end
.b2b8	a9 01		lda #$01	+       lda #1
.b2ba	8d bd 85	sta $85bd	        sta gm_restoring
.b2bd	a9 00		lda #$00	        lda #0
.b2bf	8d c3 85	sta $85c3	        sta gm_sslot            ; record index
.b2c2	a9 0a		lda #$0a	        lda #GM_REC_WINDOWS
.b2c4	8d c2 85	sta $85c2	        sta gm_spos
.b2c7					gm_restore_loop:
.b2c7	ad c3 85	lda $85c3	        lda gm_sslot
.b2ca	cd ce 85	cmp $85ce	        cmp gm_session+GM_REC_COUNT
.b2cd	b0 5e		bcs $b32d	        bcs gm_restore_done
.b2cf	ac c2 85	ldy $85c2	        ldy gm_spos
.b2d2	b9 c5 85	lda $85c5,y	        lda gm_session,y
.b2d5	8d df 86	sta $86df	        sta gm_dev
.b2d8	b9 c6 85	lda $85c6,y	        lda gm_session+1,y
.b2db	8d e0 86	sta $86e0	        sta gm_fmt
.b2de	a2 00		ldx #$00	        ldx #0
.b2e0	b9 c7 85	lda $85c7,y	-       lda gm_session+2,y
.b2e3	9d be 85	sta $85be,x	        sta gm_orect,x
.b2e6	c8		iny		        iny
.b2e7	e8		inx		        inx
.b2e8	e0 04		cpx #$04	        cpx #4
.b2ea	d0 f4		bne $b2e0	        bne -
.b2ec	20 72 67	jsr $6772	        jsr gm_open_drive       ; nothing opens if the drive cannot be read now
.b2ef	ae de 86	ldx $86de	        ldx gm_slot
.b2f2	bd 88 87	lda $8788,x	        lda gm_win_handle,x
.b2f5	f0 27		beq $b31e	        beq gm_restore_next
.b2f7	20 a2 7a	jsr $7aa2	        jsr gm_work
.b2fa	20 bc 7b	jsr $7bbc	        jsr gm_max_top
.b2fd	ac c2 85	ldy $85c2	        ldy gm_spos
.b300	d9 cb 85	cmp $85cb,y	        cmp gm_session+6,y      ; the saved top row, if the listing still has it
.b303	90 03		bcc $b308	        bcc +
.b305	b9 cb 85	lda $85cb,y	        lda gm_session+6,y
.b308	ae de 86	ldx $86de	+       ldx gm_slot
.b30b	9d 98 87	sta $8798,x	        sta gm_win_top,x
.b30e	b9 cc 85	lda $85cc,y	        lda gm_session+7,y
.b311	dd 94 87	cmp $8794,x	        cmp gm_win_count,x
.b314	90 02		bcc $b318	        bcc +
.b316	a9 ff		lda #$ff	        lda #$ff
.b318	20 a7 7d	jsr $7da7	+       jsr gm_select_set
.b31b	20 36 7c	jsr $7c36	        jsr gm_update_slider
.b31e					gm_restore_next:
.b31e	ad c2 85	lda $85c2	        lda gm_spos
.b321	18		clc		        clc
.b322	69 08		adc #$08	        adc #8
.b324	8d c2 85	sta $85c2	        sta gm_spos
.b327	ee c3 85	inc $85c3	        inc gm_sslot
.b32a	4c c7 b2	jmp $b2c7	        jmp gm_restore_loop
.b32d					gm_restore_done:
.b32d	a9 00		lda #$00	        lda #0
.b32f	8d bd 85	sta $85bd	        sta gm_restoring
.b332	4c fe 71	jmp $71fe	        jmp gm_restore_color    ; (in the core: Preferences uses it too)
.b335					gm_session_valid:
.b335	a2 03		ldx #$03	        ldx #3
.b337	bd c5 85	lda $85c5,x	-       lda gm_session,x
.b33a	dd 05 86	cmp $8605,x	        cmp gm_magic,x
.b33d	d0 17		bne $b356	        bne +
.b33f	ca		dex		        dex
.b340	10 f5		bpl $b337	        bpl -
.b342	ad ca 85	lda $85ca	        lda gm_session+5
.b345	c9 04		cmp #$04	        cmp #4
.b347	b0 0d		bcs $b356	        bcs +
.b349	ad cd 85	lda $85cd	        lda gm_session+8        ; double-click speed 0..4
.b34c	c9 05		cmp #$05	        cmp #5
.b34e	b0 06		bcs $b356	        bcs +
.b350	ad ce 85	lda $85ce	        lda gm_session+GM_REC_COUNT
.b353	c9 05		cmp #$05	        cmp #GM_WINDOWS+1
.b355	60		rts		        rts                     ; carry clear when at most four windows
.b356	38		sec		+       sec
.b357	60		rts		        rts
.b358					gm_load_desktop:
.b358	a9 00		lda #$00	        lda #0
.b35a	20 97 b3	jsr $b397	        jsr gm_desktop_open
.b35d	b0 37		bcs $b396	        bcs gm_load_done
.b35f	a9 40		lda #$40	        lda #GM_RECORD_SIZE
.b361	8d 89 3d	sta $3d89	        sta N_FCOUNT
.b364	a9 00		lda #$00	        lda #0
.b366	8d 8a 3d	sta $3d8a	        sta N_FCOUNT+1
.b369	20 16 72	jsr $7216	        jsr gm_file_select
.b36c	20 44 1c	jsr $1c44	        jsr N_FREAD
.b36f	b0 20		bcs $b391	        bcs gm_load_close       ; (closing may reuse N_BUFFER and the counts)
.b371	a2 3f		ldx #$3f	        ldx #GM_RECORD_SIZE-1
.b373	bd 00 3a	lda $3a00,x	-       lda N_BUFFER,x
.b376	9d c5 85	sta $85c5,x	        sta gm_session,x
.b379	ca		dex		        dex
.b37a	10 f7		bpl $b373	        bpl -
.b37c	ad 8c 3d	lda $3d8c	        lda N_FACTUAL+1
.b37f	d0 07		bne $b388	        bne +
.b381	ad 8b 3d	lda $3d8b	        lda N_FACTUAL
.b384	c9 0a		cmp #$0a	        cmp #GM_REC_WINDOWS
.b386	90 08		bcc $b390	        bcc gm_load_short
.b388	20 37 62	jsr $6237	+       jsr gm_close_file
.b38b	b0 09		bcs $b396	        bcs gm_load_done
.b38d	4c 35 b3	jmp $b335	        jmp gm_session_valid
.b390					gm_load_short:
.b390	38		sec		        sec
.b391					gm_load_close:
.b391	08		php		        php
.b392	20 37 62	jsr $6237	        jsr gm_close_file
.b395	28		plp		        plp
.b396					gm_load_done:
.b396	60		rts		        rts
.b397					gm_desktop_open:
.b397	8d 87 3d	sta $3d87	        sta N_FMODE
.b39a	ad 20 3d	lda $3d20	        lda N_CURRENT
.b39d	8d 80 3d	sta $3d80	        sta N_FOWNER
.b3a0	ad 2d 3d	lda $3d2d	        lda N_BOOTDEVICE
.b3a3	8d 85 3d	sta $3d85	        sta N_FDEVICE
.b3a6	ad e4 3d	lda $3de4	        lda N_BOOTFORMAT
.b3a9	8d 96 3d	sta $3d96	        sta N_FFORMAT
.b3ac	a2 0a		ldx #$0a	        ldx #10
.b3ae	bd 0a 86	lda $860a,x	-       lda gm_inf_name,x
.b3b1	9d a0 3d	sta $3da0,x	        sta N_FNAME,x
.b3b4	ca		dex		        dex
.b3b5	10 f7		bpl $b3ae	        bpl -
.b3b7	a9 0b		lda #$0b	        lda #11
.b3b9	8d 86 3d	sta $3d86	        sta N_FNAMELEN
.b3bc	a9 00		lda #$00	        lda #0
.b3be	8d 88 3d	sta $3d88	        sta N_FTYPE             ; SEQ
.b3c1	a2 03		ldx #$03	        ldx #3
.b3c3	9d 81 3d	sta $3d81,x	-       sta N_FHANDLE,x
.b3c6	ca		dex		        dex
.b3c7	10 fa		bpl $b3c3	        bpl -
.b3c9	20 41 1c	jsr $1c41	        jsr N_FOPEN
.b3cc	b0 0c		bcs $b3da	        bcs +
.b3ce	a2 03		ldx #$03	        ldx #3
.b3d0	bd 81 3d	lda $3d81,x	-       lda N_FHANDLE,x
.b3d3	9d d7 86	sta $86d7,x	        sta gm_file,x
.b3d6	ca		dex		        dex
.b3d7	10 f7		bpl $b3d0	        bpl -
.b3d9	18		clc		        clc
.b3da	60		rts		+       rts
.b3db					gm_save_desktop:
.b3db	20 17 71	jsr $7117	        jsr gm_session_build
.b3de	ad 2d 3d	lda $3d2d	        lda N_BOOTDEVICE        ; scratch the old one (none is not an error)
.b3e1	8d 64 98	sta $9864	        sta dc_device
.b3e4	a2 0d		ldx #$0d	        ldx #13
.b3e6	bd 15 86	lda $8615,x	-       lda gm_inf_scratch,x
.b3e9	9d 66 98	sta $9866,x	        sta dc_text,x
.b3ec	ca		dex		        dex
.b3ed	10 f7		bpl $b3e6	        bpl -
.b3ef	a9 0e		lda #$0e	        lda #14
.b3f1	8d 65 98	sta $9865	        sta dc_length
.b3f4	20 3e 96	jsr $963e	        jsr dc_command
.b3f7	b0 33		bcs $b42c	        bcs gm_save_error
.b3f9	c9 01		cmp #$01	        cmp #1
.b3fb	d0 41		bne $b43e	        bne gm_save_status
.b3fd	a9 01		lda #$01	        lda #1                  ; create
.b3ff	20 97 b3	jsr $b397	        jsr gm_desktop_open
.b402	b0 28		bcs $b42c	        bcs gm_save_error
.b404	a2 3f		ldx #$3f	        ldx #GM_RECORD_SIZE-1
.b406	bd c5 85	lda $85c5,x	-       lda gm_session,x
.b409	9d 00 3a	sta $3a00,x	        sta N_BUFFER,x
.b40c	ca		dex		        dex
.b40d	10 f7		bpl $b406	        bpl -
.b40f	a9 40		lda #$40	        lda #GM_RECORD_SIZE
.b411	8d 89 3d	sta $3d89	        sta N_FCOUNT
.b414	a9 00		lda #$00	        lda #0
.b416	8d 8a 3d	sta $3d8a	        sta N_FCOUNT+1
.b419	20 16 72	jsr $7216	        jsr gm_file_select
.b41c	20 47 1c	jsr $1c47	        jsr N_FWRITE
.b41f	b0 06		bcs $b427	        bcs gm_save_write_error
.b421	20 37 62	jsr $6237	        jsr gm_close_file       ; a failed close is an error too
.b424	b0 06		bcs $b42c	        bcs gm_save_error
.b426	60		rts		        rts
.b427					gm_save_write_error:
.b427	48		pha		        pha
.b428	20 37 62	jsr $6237	        jsr gm_close_file
.b42b	68		pla		        pla
.b42c					gm_save_error:
.b42c	48		pha		        pha
.b42d	a9 23		lda #$23	        lda #<gm_s_nosave
.b42f	a2 86		ldx #$86	        ldx #>gm_s_nosave
.b431	48		pha		        pha
.b432	a9 00		lda #$00	        lda #0
.b434	8d 02 87	sta $8702	        sta gm_alen
.b437	68		pla		        pla
.b438	20 b7 6d	jsr $6db7	        jsr gm_astr
.b43b	4c 70 6f	jmp $6f70	        jmp gm_error_hex
.b43e					gm_save_status:
.b43e	a9 23		lda #$23	        lda #<gm_s_nosave
.b440	a2 86		ldx #$86	        ldx #>gm_s_nosave
.b442	48		pha		        pha
.b443	a9 00		lda #$00	        lda #0
.b445	8d 02 87	sta $8702	        sta gm_alen
.b448	68		pla		        pla
.b449	20 b7 6d	jsr $6db7	        jsr gm_astr
.b44c	4c 94 6f	jmp $6f94	        jmp gm_status_text
.b44f					acc_start:
.b44f	20 f8 ba	jsr $baf8	        jsr dacc.bk_attach
.b452	90 4b		bcc $b49f	        bcc acc_install
.b454	c9 04		cmp #$04	        cmp #N_BADHANDLE
.b456	f0 03		beq $b45b	        beq +
.b458	4c b3 b4	jmp $b4b3	        jmp acc_failed
.b45b	a2 08		ldx #$08	+       ldx #8                  ; gm_open_aesvc opens the name in gm_aesvc_name
.b45d	bd 70 81	lda $8170,x	-       lda gm_aesvc_name,x
.b460	9d f5 b4	sta $b4f5,x	        sta acc_saved,x
.b463	bd ec b4	lda $b4ec,x	        lda acc_name,x
.b466	9d 70 81	sta $8170,x	        sta gm_aesvc_name,x
.b469	ca		dex		        dex
.b46a	10 f1		bpl $b45d	        bpl -
.b46c	20 b0 61	jsr $61b0	        jsr gm_open_aesvc
.b46f	08		php		        php
.b470	a2 08		ldx #$08	        ldx #8
.b472	bd f5 b4	lda $b4f5,x	-       lda acc_saved,x
.b475	9d 70 81	sta $8170,x	        sta gm_aesvc_name,x
.b478	ca		dex		        dex
.b479	10 f7		bpl $b472	        bpl -
.b47b	28		plp		        plp
.b47c	b0 34		bcs $b4b2	        bcs acc_none            ; none there (or unreadable): no accessory
.b47e	20 fe b7	jsr $b7fe	        jsr dacc.bk_load
.b481	08		php		        php
.b482	48		pha		        pha
.b483	ad e2 b7	lda $b7e2	        lda dacc.bk_file        ; zero: refused before taking the stream
.b486	0d dd b7	ora $b7dd	        ora dacc.bk_state
.b489	d0 03		bne $b48e	        bne +
.b48b	20 37 62	jsr $6237	        jsr gm_close_file
.b48e	68		pla		+       pla
.b48f	28		plp		        plp
.b490	90 0d		bcc $b49f	        bcc acc_install
.b492	48		pha		        pha
.b493	ad dd b7	lda $b7dd	        lda dacc.bk_state       ; never keep a partial image
.b496	f0 03		beq $b49b	        beq +
.b498	20 2a ba	jsr $ba2a	        jsr dacc.bk_close
.b49b	68		pla		+       pla
.b49c	4c b3 b4	jmp $b4b3	        jmp acc_failed
.b49f					acc_install:
.b49f	a9 01		lda #$01	        lda #1
.b4a1	8d 00 3a	sta $3a00	        sta N_BUFFER
.b4a4	a9 0c		lda #$0c	        lda #AE_OP_ACC
.b4a6	20 4b 8a	jsr $8a4b	        jsr ae_call
.b4a9	b0 08		bcs $b4b3	        bcs acc_failed
.b4ab	a9 96		lda #$96	        lda #<gm_menu
.b4ad	a2 82		ldx #$82	        ldx #>gm_menu
.b4af	4c 50 94	jmp $9450	        jmp ae_menu_install
.b4b2					acc_none:
.b4b2	60		rts		        rts
.b4b3					acc_failed:
.b4b3	48		pha		        pha
.b4b4	a9 00		lda #$00	        lda #0
.b4b6	8d 02 87	sta $8702	        sta gm_alen
.b4b9	a9 fe		lda #$fe	        lda #<acc_s_failed
.b4bb	a2 b4		ldx #$b4	        ldx #>acc_s_failed
.b4bd	20 b7 6d	jsr $6db7	        jsr gm_astr
.b4c0	68		pla		        pla
.b4c1	48		pha		        pha
.b4c2	4a		lsr a		        lsr
.b4c3	4a		lsr a		        lsr
.b4c4	4a		lsr a		        lsr
.b4c5	4a		lsr a		        lsr
.b4c6	aa		tax		        tax
.b4c7	bd 60 81	lda $8160,x	        lda gm_hex_digits,x
.b4ca	20 cb 6d	jsr $6dcb	        jsr gm_aput
.b4cd	68		pla		        pla
.b4ce	29 0f		and #$0f	        and #15
.b4d0	aa		tax		        tax
.b4d1	bd 60 81	lda $8160,x	        lda gm_hex_digits,x
.b4d4	20 cb 6d	jsr $6dcb	        jsr gm_aput
.b4d7	a9 8d		lda #$8d	        lda #<gm_s_ok
.b4d9	a2 83		ldx #$83	        ldx #>gm_s_ok
.b4db	20 b7 6d	jsr $6db7	        jsr gm_astr
.b4de	a9 00		lda #$00	        lda #0
.b4e0	20 cb 6d	jsr $6dcb	        jsr gm_aput
.b4e3	a9 03		lda #$03	        lda #<gm_abuf
.b4e5	a2 87		ldx #$87	        ldx #>gm_abuf
.b4e7	a0 01		ldy #$01	        ldy #1
.b4e9	4c f4 62	jmp $62f4	        jmp gm_alert
>b4ec	44 45 53 4b 31 2e 41 43		acc_name: .byte 68,69,83,75,49,46,65,67,67
>b4f4	43
>b4f5	00 00 00 00 00 00 00 00		acc_saved: .fill 9,0
>b4fd	00
>b4fe	5b 33 5d 5b 43 6f 75 6c		acc_s_failed: .byte 91,51,93,91,67,111,117,108,100,32,110,111,116,32,108,111,97,100,124,68,69,83,75,49,46,65,67,67,58,32,101,114,114,111,114,32,36,0
>b506	64 20 6e 6f 74 20 6c 6f 61 64 7c 44 45 53 4b 31
>b516	2e 41 43 43 3a 20 65 72 72 6f 72 20 24 00
.b524					dacc
=$4000					BK_BASE = AC_BASE
=20480					BK_LIMIT = AC_BASE+AC_PAGES*256
=29					BK_OWNER = N_ACCOWNER

;******  Processing file: src/native/banked.inc

=$6000					BK_BASE = $6000
=$c000					BK_LIMIT = $c000
=32					BK_OWNER = N_APPOWNER         ; owner of the bank-1 code allocation
.b524					bk_call:
.b524	08		php		        php
.b525	48		pha		        pha
.b526	20 29 b6	jsr $b629	        jsr bk_enter
.b529	90 03		bcc $b52e	        bcs bk_enter_failed
.b52b	4c e1 b6	jmp $b6e1
.b52e	68		pla		        pla
.b52f	8d f5 b7	sta $b7f5	        sta bk_operation
.b532	ad dd b7	lda $b7dd	        lda bk_state
.b535	c9 02		cmp #$02	        cmp #2
.b537	f0 03		beq $b53c	        bne bk_bad_handle
.b539	4c eb b6	jmp $b6eb
.b53c	20 15 b7	jsr $b715	        jsr bk_check_code
.b53f	90 03		bcc $b544	        bcs bk_finish
.b541	4c ed b6	jmp $b6ed
.b544	20 f9 b6	jsr $b6f9	        jsr bk_check_tails
.b547	b0 f8		bcs $b541	        bcs bk_finish
.b549	a2 02		ldx #$02	        ldx #2
.b54b	b5 06		lda $06,x	-       lda $06,x
.b54d	9d fa b7	sta $b7fa,x	        sta bk_saved_regs,x
.b550	ca		dex		        dex
.b551	10 f8		bpl $b54b	        bpl -
.b553	ad 06 d5	lda $d506	        lda $d506
.b556	8d f9 b7	sta $b7f9	        sta bk_saved_rcr
.b559	09 03		ora #$03	        ora #3                ; bottom 16 KiB common while bank-1 code runs
.b55b	8d 06 d5	sta $d506	        sta $d506
.b55e	a9 00		lda #$00	        lda #0
.b560	8d 12 3d	sta $3d12	        sta N_READY
.b563	85 07		sta $07		        sta $07
.b565	85 08		sta $08		        sta $08
.b567	ad f5 b7	lda $b7f5	        lda bk_operation
.b56a	85 06		sta $06		        sta $06
.b56c	a9 b5		lda #$b5	        lda #>(bk_return-1)
.b56e	48		pha		        pha
.b56f	a9 87		lda #$87	        lda #<(bk_return-1)
.b571	48		pha		        pha
.b572	a9 40		lda #$40	        lda #>(BK_BASE+16-1)   ; validated bank-1 exit stub: LDX #$0e / JMP $02ab
.b574	48		pha		        pha
.b575	a9 0f		lda #$0f	        lda #<(BK_BASE+16-1)
.b577	48		pha		        pha
.b578	ad f2 b7	lda $b7f2	        lda bk_entry+1
.b57b	48		pha		        pha
.b57c	ad f1 b7	lda $b7f1	        lda bk_entry
.b57f	48		pha		        pha
.b580	a9 20		lda #$20	        lda #$20
.b582	48		pha		        pha
.b583	a9 4e		lda #$4e	        lda #$4e
.b585	4c f2 02	jmp $02f2	        jmp $02f2
.b588					bk_return:
.b588	8d f7 b7	sta $b7f7	        sta bk_result
.b58b	08		php		        php
.b58c	68		pla		        pla
.b58d	29 01		and #$01	        and #1
.b58f	8d f8 b7	sta $b7f8	        sta bk_carry
.b592	ad f9 b7	lda $b7f9	        lda bk_saved_rcr
.b595	8d 06 d5	sta $d506	        sta $d506
.b598	a2 02		ldx #$02	        ldx #2
.b59a	bd fa b7	lda $b7fa,x	-       lda bk_saved_regs,x
.b59d	95 06		sta $06,x	        sta $06,x
.b59f	ca		dex		        dex
.b5a0	10 f8		bpl $b59a	        bpl -
.b5a2	a9 00		lda #$00	        lda #0
.b5a4	8d f3 b7	sta $b7f3	        sta bk_busy
.b5a7	8d f4 b7	sta $b7f4	        sta bk_error
.b5aa	28		plp		        plp
.b5ab	ad f7 b7	lda $b7f7	        lda bk_result
.b5ae	4e f8 b7	lsr $b7f8	        lsr bk_carry
.b5b1	60		rts		        rts
.b5b2					bk_callback:
.b5b2	8d f6 b7	sta $b7f6	        sta bk_service
.b5b5	ad f9 b7	lda $b7f9	        lda bk_saved_rcr
.b5b8	8d 06 d5	sta $d506	        sta $d506
.b5bb	ad f6 b7	lda $b7f6	        lda bk_service
.b5be	c9 1c		cmp #$1c	        cmp #28
.b5c0	b0 41		bcs $b603	        bcs bk_service_bad
.b5c2	aa		tax		        tax
.b5c3	bd c1 b7	lda $b7c1,x	        lda bk_services,x
.b5c6	f0 3b		beq $b603	        beq bk_service_bad
.b5c8	e0 08		cpx #$08	        cpx #8
.b5ca	b0 3c		bcs $b608	        bcs bk_service_call
.b5cc	e0 05		cpx #$05	        cpx #5                ; STATS needs no owner
.b5ce	f0 38		beq $b608	        beq bk_service_call
.b5d0	ad 00 3d	lda $3d00	        lda N_OWNER
.b5d3	c9 20		cmp #$20	        cmp #N_APPOWNER
.b5d5	f0 02		beq $b5d9	        beq +
.b5d7	c9 1d		cmp #$1d	        cmp #BK_OWNER         ; a persistent component also owns its data
.b5d9					+
.b5d9	d0 28		bne $b603	        bne bk_service_bad
.b5db	e0 01		cpx #$01	        cpx #1                ; FREE, WRITE and FILL cannot alter active code
.b5dd	f0 08		beq $b5e7	        beq bk_protect_code
.b5df	e0 03		cpx #$03	        cpx #3
.b5e1	f0 04		beq $b5e7	        beq bk_protect_code
.b5e3	e0 04		cpx #$04	        cpx #4
.b5e5	d0 21		bne $b608	        bne bk_service_call
.b5e7					bk_protect_code:
.b5e7	a2 03		ldx #$03	        ldx #3
.b5e9	bd 04 3d	lda $3d04,x	-       lda N_HANDLE,x
.b5ec	dd de b7	cmp $b7de,x	        cmp bk_handle,x
.b5ef	d0 05		bne $b5f6	        bne bk_protect_parent
.b5f1	ca		dex		        dex
.b5f2	10 f5		bpl $b5e9	        bpl -
.b5f4	30 0d		bmi $b603	        bmi bk_service_bad
.b5f6					bk_protect_parent:
.b5f6	a2 03		ldx #$03	        ldx #3
.b5f8	bd 04 3d	lda $3d04,x	-       lda N_HANDLE,x
.b5fb	dd e6 b7	cmp $b7e6,x	        cmp bk_cookie,x
.b5fe	d0 08		bne $b608	        bne bk_service_call
.b600	ca		dex		        dex
.b601	10 f5		bpl $b5f8	        bpl -
.b603					bk_service_bad:
.b603	a9 01		lda #$01	        lda #N_BADARG
.b605	38		sec		        sec
.b606	b0 10		bcs $b618	        bcs bk_service_return
.b608					bk_service_call:
.b608	ad f6 b7	lda $b7f6	        lda bk_service
.b60b	0a		asl a		        asl
.b60c	18		clc		        clc
.b60d	6d f6 b7	adc $b7f6	        adc bk_service
.b610	69 20		adc #$20	        adc #<N_ALLOC
.b612	8d 16 b6	sta $b616	        sta bk_dispatch+1
.b615					bk_dispatch:
.b615	20 20 1c	jsr $1c20	        jsr N_ALLOC
.b618					bk_service_return:
.b618	08		php		        php
.b619	48		pha		        pha
.b61a	ad f9 b7	lda $b7f9	        lda bk_saved_rcr
.b61d	09 03		ora #$03	        ora #3
.b61f	8d 06 d5	sta $d506	        sta $d506
.b622	68		pla		        pla
.b623	aa		tax		        tax
.b624	28		plp		        plp
.b625	8a		txa		        txa
.b626	a2 4e		ldx #$4e	        ldx #$4e
.b628	60		rts		        rts                   ; common STX $ff00 / RTS returns to bank 1
.b629					bk_enter:
.b629	ad f3 b7	lda $b7f3	        lda bk_busy
.b62c	0d 11 3d	ora $3d11	        ora N_BUSY
.b62f	0d 91 3d	ora $3d91	        ora N_FBUSY
.b632	0d 3b 3d	ora $3d3b	        ora N_UIBUSY
.b635	f0 03		beq $b63a	        bne bk_nested
.b637	4c d5 b6	jmp $b6d5
.b63a	ee f3 b7	inc $b7f3	        inc bk_busy
.b63d	d8		cld		        cld
.b63e	ba		tsx		        tsx
.b63f	bd 04 01	lda $0104,x	        lda $0104,x
.b642	29 04		and #$04	        and #4
.b644	f0 03		beq $b649	        bne bk_platform
.b646	4c d9 b6	jmp $b6d9
.b649	ad 00 ff	lda $ff00	        lda $ff00
.b64c	c9 0e		cmp #$0e	        cmp #$0e
.b64e	d0 f6		bne $b646	        bne bk_platform
.b650	ad 05 d5	lda $d505	        lda $d505
.b653	29 40		and #$40	        and #$40
.b655	d0 ef		bne $b646	        bne bk_platform
.b657	ad 06 d5	lda $d506	        lda $d506
.b65a	29 0f		and #$0f	        and #15
.b65c	c9 04		cmp #$04	        cmp #4
.b65e	d0 79		bne $b6d9	        bne bk_platform
.b660	ad 08 d5	lda $d508	        lda $d508
.b663	0d 0a d5	ora $d50a	        ora $d50a
.b666	29 0f		and #$0f	        and #15
.b668	0d 07 d5	ora $d507	        ora $d507
.b66b	d0 6c		bne $b6d9	        bne bk_platform
.b66d	ad 09 d5	lda $d509	        lda $d509
.b670	c9 01		cmp #$01	        cmp #1
.b672	d0 65		bne $b6d9	        bne bk_platform
.b674	ad 20 3d	lda $3d20	        lda N_CURRENT
.b677	c9 20		cmp #$20	        cmp #N_APPOWNER
.b679	d0 5e		bne $b6d9	        bne bk_platform
.b67b	ad 23 3d	lda $3d23	        lda N_APPSTATE
.b67e	c9 02		cmp #$02	        cmp #2
.b680	d0 57		bne $b6d9	        bne bk_platform
.b682	ad 60 38	lda $3860	        lda NPAGES0+$60
.b685	f0 56		beq $b6dd	        beq bk_invalid
.b687	c9 21		cmp #$21	        cmp #NSLOTS+1
.b689	b0 52		bcs $b6dd	        bcs bk_invalid
.b68b	8d ea b7	sta $b7ea	        sta bk_current
.b68e	38		sec		        sec
.b68f	e9 01		sbc #$01	        sbc #1
.b691	0a		asl a		        asl
.b692	0a		asl a		        asl
.b693	0a		asl a		        asl
.b694	aa		tax		        tax
.b695	bd 00 3c	lda $3c00,x	        lda NHANDLES,x
.b698	c9 20		cmp #$20	        cmp #N_APPOWNER
.b69a	d0 41		bne $b6dd	        bne bk_invalid
.b69c	bd 01 3c	lda $3c01,x	        lda NHANDLES+1,x
.b69f	d0 3c		bne $b6dd	        bne bk_invalid
.b6a1	bd 02 3c	lda $3c02,x	        lda NHANDLES+2,x
.b6a4	c9 60		cmp #$60	        cmp #$60
.b6a6	d0 35		bne $b6dd	        bne bk_invalid
.b6a8	a0 01		ldy #$01	        ldy #1
.b6aa	bd 04 3c	lda $3c04,x	-       lda NHANDLES+4,x
.b6ad	99 ea b7	sta $b7ea,y	        sta bk_current,y
.b6b0	e8		inx		        inx
.b6b1	c8		iny		        iny
.b6b2	c0 04		cpy #$04	        cpy #4
.b6b4	d0 f4		bne $b6aa	        bne -
.b6b6	ad e6 b7	lda $b7e6	        lda bk_cookie
.b6b9	d0 0b		bne $b6c6	        bne bk_compare_cookie
.b6bb	a2 03		ldx #$03	        ldx #3
.b6bd	bd ea b7	lda $b7ea,x	-       lda bk_current,x
.b6c0	9d e6 b7	sta $b7e6,x	        sta bk_cookie,x
.b6c3	ca		dex		        dex
.b6c4	10 f7		bpl $b6bd	        bpl -
.b6c6					bk_compare_cookie:
.b6c6	a2 03		ldx #$03	        ldx #3
.b6c8	bd ea b7	lda $b7ea,x	-       lda bk_current,x
.b6cb	dd e6 b7	cmp $b7e6,x	        cmp bk_cookie,x
.b6ce	d0 0d		bne $b6dd	        bne bk_invalid
.b6d0	ca		dex		        dex
.b6d1	10 f5		bpl $b6c8	        bpl -
.b6d3	18		clc		        clc
.b6d4	60		rts		        rts
.b6d5					bk_nested:
.b6d5	a9 07		lda #$07	        lda #N_REENTRANT
.b6d7	38		sec		        sec
.b6d8	60		rts		        rts
.b6d9					bk_platform:
.b6d9	a9 08		lda #$08	        lda #N_PLATFORM
.b6db	38		sec		        sec
.b6dc	60		rts		        rts
.b6dd					bk_invalid:
.b6dd	a9 04		lda #$04	        lda #N_BADHANDLE
.b6df	38		sec		        sec
.b6e0	60		rts		        rts
.b6e1					bk_enter_failed:
.b6e1	aa		tax		        tax
.b6e2	68		pla		        pla
.b6e3	8a		txa		        txa
.b6e4	c9 07		cmp #$07	        cmp #N_REENTRANT
.b6e6	d0 05		bne $b6ed	        bne bk_finish
.b6e8	28		plp		        plp
.b6e9	38		sec		        sec
.b6ea	60		rts		        rts
.b6eb					bk_bad_handle:
.b6eb	a9 04		lda #$04	        lda #N_BADHANDLE
.b6ed					bk_finish:
.b6ed	8d f4 b7	sta $b7f4	        sta bk_error
.b6f0	a2 00		ldx #$00	        ldx #0
.b6f2	8e f3 b7	stx $b7f3	        stx bk_busy
.b6f5	28		plp		        plp
.b6f6	c9 01		cmp #$01	        cmp #1
.b6f8	60		rts		        rts
.b6f9					bk_check_tails:
.b6f9	a2 03		ldx #$03	        ldx #3
.b6fb	bd ab 02	lda $02ab,x	-       lda $02ab,x
.b6fe	dd b3 b7	cmp $b7b3,x	        cmp bk_fetch_tail,x
.b701	d0 d6		bne $b6d9	        bne bk_platform
.b703	ca		dex		        dex
.b704	10 f5		bpl $b6fb	        bpl -
.b706	a2 09		ldx #$09	        ldx #9
.b708	bd f2 02	lda $02f2,x	-       lda $02f2,x
.b70b	dd b7 b7	cmp $b7b7,x	        cmp bk_jump_tail,x
.b70e	d0 c9		bne $b6d9	        bne bk_platform
.b710	ca		dex		        dex
.b711	10 f5		bpl $b708	        bpl -
.b713	18		clc		        clc
.b714	60		rts		        rts
.b715					bk_check_code:
.b715	ad ee b7	lda $b7ee	        lda bk_pages
.b718	f0 c3		beq $b6dd	        beq bk_invalid
.b71a	c9 11		cmp #$11	        cmp #(BK_LIMIT-BK_BASE)/256+1
.b71c	b0 bf		bcs $b6dd	        bcs bk_invalid
.b71e	ad f0 b7	lda $b7f0	        lda bk_length+1
.b721	d0 07		bne $b72a	        bne +
.b723	ad ef b7	lda $b7ef	        lda bk_length
.b726	c9 21		cmp #$21	        cmp #33
.b728	90 b3		bcc $b6dd	        bcc bk_invalid
.b72a	ad ef b7	lda $b7ef	+       lda bk_length
.b72d	c9 01		cmp #$01	        cmp #1
.b72f	ad f0 b7	lda $b7f0	        lda bk_length+1
.b732	69 00		adc #$00	        adc #0
.b734	cd ee b7	cmp $b7ee	        cmp bk_pages
.b737	d0 a4		bne $b6dd	        bne bk_invalid
.b739	ad f2 b7	lda $b7f2	        lda bk_entry+1
.b73c	c9 40		cmp #$40	        cmp #>BK_BASE
.b73e	90 9d		bcc $b6dd	        bcc bk_invalid
.b740	d0 07		bne $b749	        bne +
.b742	ad f1 b7	lda $b7f1	        lda bk_entry
.b745	c9 20		cmp #$20	        cmp #32
.b747	90 94		bcc $b6dd	        bcc bk_invalid
.b749	38		sec		+       sec
.b74a	ad f2 b7	lda $b7f2	        lda bk_entry+1
.b74d	e9 40		sbc #$40	        sbc #>BK_BASE
.b74f	8d fd b7	sta $b7fd	        sta bk_relative
.b752	ad f1 b7	lda $b7f1	        lda bk_entry
.b755	cd ef b7	cmp $b7ef	        cmp bk_length
.b758	ad fd b7	lda $b7fd	        lda bk_relative
.b75b	ed f0 b7	sbc $b7f0	        sbc bk_length+1
.b75e	90 03		bcc $b763	        bcs bk_invalid
.b760	4c dd b6	jmp $b6dd
.b763	ad de b7	lda $b7de	        lda bk_handle
.b766	f0 f8		beq $b760	        beq bk_invalid
.b768	c9 21		cmp #$21	        cmp #NSLOTS+1
.b76a	b0 f4		bcs $b760	        bcs bk_invalid
.b76c	38		sec		        sec
.b76d	e9 01		sbc #$01	        sbc #1
.b76f	0a		asl a		        asl
.b770	0a		asl a		        asl
.b771	0a		asl a		        asl
.b772	aa		tax		        tax
.b773	bd 00 3c	lda $3c00,x	        lda NHANDLES,x
.b776	c9 1d		cmp #$1d	        cmp #BK_OWNER
.b778	d0 e6		bne $b760	        bne bk_invalid
.b77a	bd 01 3c	lda $3c01,x	        lda NHANDLES+1,x
.b77d	c9 01		cmp #$01	        cmp #1
.b77f	d0 df		bne $b760	        bne bk_invalid
.b781	bd 02 3c	lda $3c02,x	        lda NHANDLES+2,x
.b784	c9 40		cmp #$40	        cmp #>BK_BASE
.b786	d0 d8		bne $b760	        bne bk_invalid
.b788	bd 03 3c	lda $3c03,x	        lda NHANDLES+3,x
.b78b	cd ee b7	cmp $b7ee	        cmp bk_pages
.b78e	d0 d0		bne $b760	        bne bk_invalid
.b790	a0 01		ldy #$01	        ldy #1
.b792	bd 04 3c	lda $3c04,x	-       lda NHANDLES+4,x
.b795	d9 de b7	cmp $b7de,y	        cmp bk_handle,y
.b798	d0 c6		bne $b760	        bne bk_invalid
.b79a	e8		inx		        inx
.b79b	c8		iny		        iny
.b79c	c0 04		cpy #$04	        cpy #4
.b79e	d0 f2		bne $b792	        bne -
.b7a0	a2 40		ldx #$40	        ldx #>BK_BASE
.b7a2	ac ee b7	ldy $b7ee	        ldy bk_pages
.b7a5	bd 00 39	lda $3900,x	-       lda NPAGES1,x
.b7a8	cd de b7	cmp $b7de	        cmp bk_handle
.b7ab	d0 b3		bne $b760	        bne bk_invalid
.b7ad	e8		inx		        inx
.b7ae	88		dey		        dey
.b7af	d0 f4		bne $b7a5	        bne -
.b7b1	18		clc		        clc
.b7b2	60		rts		        rts
>b7b3	8e 00 ff 60			bk_fetch_tail: .byte $8e,0,$ff,$60
>b7b7	8d 00 ff a5 06 a6 07 a4		bk_jump_tail: .byte $8d,0,$ff,$a5,6,$a6,7,$a4,8,$40
>b7bf	08 40
>b7c1	01 01 01 01 01 01 00 01		bk_services: .byte 1,1,1,1,1,1,0,1, 0,0,0,1,1,1,1,1, 1,0,0,1,1,0,0,0, 1,1,1,1
>b7c9	00 00 00 01 01 01 01 01 01 00 00 01 01 00 00 00
>b7d9	01 01 01 01
>b7dd	00				bk_state: .byte 0              ; 0 empty, 1 load/cleanup retained, 2 ready
>b7de	00 00 00 00			bk_handle: .fill 4,0
>b7e2	00 00 00 00			bk_file: .fill 4,0
>b7e6	00 00 00 00			bk_cookie: .fill 4,0
>b7ea	00 00 00 00			bk_current: .fill 4,0
>b7ee	00				bk_pages: .byte 0
>b7ef	00 00				bk_length: .word 0
>b7f1	00 00				bk_entry: .word 0
>b7f3	00				bk_busy: .byte 0
>b7f4	00				bk_error: .byte 0
>b7f5	00				bk_operation: .byte 0
>b7f6	00				bk_service: .byte 0
>b7f7	00				bk_result: .byte 0
>b7f8	00				bk_carry: .byte 0
>b7f9	00				bk_saved_rcr: .byte 0
>b7fa	00 00 00			bk_saved_regs: .fill 3,0
>b7fd	00				bk_relative: .byte 0

;******  Return to file: src/native/gemdesk-ses.asm


;******  Processing file: src/native/banked-load.inc

.b7fe					bk_load:
.b7fe	08		php		        php
.b7ff	48		pha		        pha
.b800	20 29 b6	jsr $b629	        jsr bk_enter
.b803	90 03		bcc $b808	        bcs bk_enter_failed
.b805	4c e1 b6	jmp $b6e1
.b808	68		pla		        pla
.b809	ad dd b7	lda $b7dd	        lda bk_state
.b80c	f0 03		beq $b811	        bne bk_load_badarg
.b80e	4c 25 ba	jmp $ba25
.b811	ad 80 3d	lda $3d80	        lda N_FOWNER
.b814	c9 20		cmp #$20	        cmp #N_APPOWNER
.b816	d0 f6		bne $b80e	        bne bk_load_badarg
.b818	ad 81 3d	lda $3d81	        lda N_FHANDLE
.b81b	f0 f1		beq $b80e	        beq bk_load_badarg
.b81d	c9 03		cmp #$03	        cmp #3
.b81f	b0 ed		bcs $b80e	        bcs bk_load_badarg
.b821	38		sec		        sec
.b822	e9 01		sbc #$01	        sbc #1
.b824	0a		asl a		        asl
.b825	0a		asl a		        asl
.b826	0a		asl a		        asl
.b827	0a		asl a		        asl
.b828	aa		tax		        tax
.b829	bd c0 3d	lda $3dc0,x	        lda NFILES,x
.b82c	c9 20		cmp #$20	        cmp #N_APPOWNER
.b82e	d0 de		bne $b80e	        bne bk_load_badarg
.b830	bd c2 3d	lda $3dc2,x	        lda NFILES+2,x
.b833	d0 d9		bne $b80e	        bne bk_load_badarg
.b835	a0 01		ldy #$01	        ldy #1
.b837	bd c4 3d	lda $3dc4,x	-       lda NFILES+4,x
.b83a	d9 81 3d	cmp $3d81,y	        cmp N_FHANDLE,y
.b83d	d0 cf		bne $b80e	        bne bk_load_badarg
.b83f	e8		inx		        inx
.b840	c8		iny		        iny
.b841	c0 04		cpy #$04	        cpy #4
.b843	d0 f2		bne $b837	        bne -
.b845	20 f9 b6	jsr $b6f9	        jsr bk_check_tails
.b848	90 03		bcc $b84d	        bcs bk_finish
.b84a	4c ed b6	jmp $b6ed
.b84d	a2 03		ldx #$03	        ldx #3
.b84f	bd 81 3d	lda $3d81,x	-       lda N_FHANDLE,x
.b852	9d e2 b7	sta $b7e2,x	        sta bk_file,x
.b855	ca		dex		        dex
.b856	10 f7		bpl $b84f	        bpl -
.b858	a9 01		lda #$01	        lda #1
.b85a	8d dd b7	sta $b7dd	        sta bk_state
.b85d	a9 22		lda #$22	        lda #34
.b85f	8d 9f bc	sta $bc9f	        sta bk_count
.b862	a9 00		lda #$00	        lda #0
.b864	8d a0 bc	sta $bca0	        sta bk_count+1
.b867	20 86 ba	jsr $ba86	        jsr bk_read_chunk
.b86a	b0 de		bcs $b84a	        bcs bk_finish
.b86c	a2 07		ldx #$07	        ldx #7
.b86e	bd 00 3a	lda $3a00,x	-       lda N_BUFFER,x
.b871	dd 8d bc	cmp $bc8d,x	        cmp bk_prefix,x
.b874	f0 03		beq $b879	        bne bk_bad_image
.b876	4c 11 ba	jmp $ba11
.b879	ca		dex		        dex
.b87a	10 f2		bpl $b86e	        bpl -
.b87c	ad 08 3a	lda $3a08	        lda N_BUFFER+8       ; required native ABI minor
.b87f	c9 10		cmp #$10	        cmp #N_ABI_MINOR+1
.b881	b0 f3		bcs $b876	        bcs bk_bad_image
.b883	ad 09 3a	lda $3a09	        lda N_BUFFER+9       ; flags
.b886	d0 ee		bne $b876	        bne bk_bad_image
.b888	ad 0d 3a	lda $3a0d	        lda N_BUFFER+13
.b88b	c9 01		cmp #$01	        cmp #1               ; bank 1
.b88d	d0 e7		bne $b876	        bne bk_bad_image
.b88f	a2 09		ldx #$09	        ldx #9               ; exit stub, reserved byte and zero callback import
.b891	bd 12 3a	lda $3a12,x	-       lda N_BUFFER+18,x
.b894	dd 95 bc	cmp $bc95,x	        cmp bk_stub,x
.b897	d0 dd		bne $b876	        bne bk_bad_image
.b899	ca		dex		        dex
.b89a	10 f5		bpl $b891	        bpl -
.b89c	a2 05		ldx #$05	        ldx #5
.b89e	bd 1c 3a	lda $3a1c,x	-       lda N_BUFFER+28,x
.b8a1	d0 d3		bne $b876	        bne bk_bad_image
.b8a3	ca		dex		        dex
.b8a4	10 f8		bpl $b89e	        bpl -
.b8a6	ad 0a 3a	lda $3a0a	        lda N_BUFFER+10
.b8a9	8d ef b7	sta $b7ef	        sta bk_length
.b8ac	ad 0b 3a	lda $3a0b	        lda N_BUFFER+11
.b8af	8d f0 b7	sta $b7f0	        sta bk_length+1
.b8b2	d0 07		bne $b8bb	        bne +
.b8b4	ad ef b7	lda $b7ef	        lda bk_length
.b8b7	c9 21		cmp #$21	        cmp #33
.b8b9	90 bb		bcc $b876	        bcc bk_bad_image
.b8bb	ad ef b7	lda $b7ef	+       lda bk_length
.b8be	c9 01		cmp #$01	        cmp #1               ; ceil(length / 256), with checked upper bound
.b8c0	ad f0 b7	lda $b7f0	        lda bk_length+1
.b8c3	69 00		adc #$00	        adc #0
.b8c5	f0 af		beq $b876	        beq bk_bad_image
.b8c7	c9 11		cmp #$11	        cmp #(BK_LIMIT-BK_BASE)/256+1
.b8c9	b0 ab		bcs $b876	        bcs bk_bad_image
.b8cb	cd 0c 3a	cmp $3a0c	        cmp N_BUFFER+12
.b8ce	d0 a6		bne $b876	        bne bk_bad_image
.b8d0	8d ee b7	sta $b7ee	        sta bk_pages
.b8d3	ad 0f 3a	lda $3a0f	        lda N_BUFFER+15
.b8d6	d0 07		bne $b8df	        bne +
.b8d8	ad 0e 3a	lda $3a0e	        lda N_BUFFER+14
.b8db	c9 20		cmp #$20	        cmp #32
.b8dd	90 97		bcc $b876	        bcc bk_bad_image
.b8df	ad 0e 3a	lda $3a0e	+       lda N_BUFFER+14
.b8e2	cd ef b7	cmp $b7ef	        cmp bk_length
.b8e5	ad 0f 3a	lda $3a0f	        lda N_BUFFER+15
.b8e8	ed f0 b7	sbc $b7f0	        sbc bk_length+1
.b8eb	b0 89		bcs $b876	        bcs bk_bad_image
.b8ed	ad 0e 3a	lda $3a0e	        lda N_BUFFER+14
.b8f0	8d f1 b7	sta $b7f1	        sta bk_entry
.b8f3	ad 0f 3a	lda $3a0f	        lda N_BUFFER+15
.b8f6	18		clc		        clc
.b8f7	69 40		adc #$40	        adc #>BK_BASE
.b8f9	8d f2 b7	sta $b7f2	        sta bk_entry+1
.b8fc	ad 10 3a	lda $3a10	        lda N_BUFFER+16
.b8ff	8d a3 bc	sta $bca3	        sta bk_expected
.b902	ad 11 3a	lda $3a11	        lda N_BUFFER+17
.b905	8d a4 bc	sta $bca4	        sta bk_expected+1
.b908	a9 1d		lda #$1d	        lda #BK_OWNER
.b90a	8d 00 3d	sta $3d00	        sta N_OWNER
.b90d	a9 01		lda #$01	        lda #1
.b90f	8d 02 3d	sta $3d02	        sta N_BANK
.b912	a9 40		lda #$40	        lda #>BK_BASE
.b914	8d 03 3d	sta $3d03	        sta N_PAGE
.b917	ad ee b7	lda $b7ee	        lda bk_pages
.b91a	8d 01 3d	sta $3d01	        sta N_PAGES
.b91d	20 35 1c	jsr $1c35	        jsr N_RESERVE
.b920	90 03		bcc $b925	        bcs bk_finish
.b922	4c ed b6	jmp $b6ed
.b925	a2 03		ldx #$03	        ldx #3
.b927	bd 04 3d	lda $3d04,x	-       lda N_HANDLE,x
.b92a	9d de b7	sta $b7de,x	        sta bk_handle,x
.b92d	ca		dex		        dex
.b92e	10 f7		bpl $b927	        bpl -
.b930	a2 00		ldx #$00	        ldx #0
.b932	bd 02 3a	lda $3a02,x	-       lda N_BUFFER+2,x
.b935	9d 00 3a	sta $3a00,x	        sta N_BUFFER,x
.b938	e8		inx		        inx
.b939	e0 20		cpx #$20	        cpx #32
.b93b	d0 f5		bne $b932	        bne -
.b93d	a9 00		lda #$00	        lda #0
.b93f	8d a1 bc	sta $bca1	        sta bk_offset
.b942	8d a2 bc	sta $bca2	        sta bk_offset+1
.b945	8d 0e 3a	sta $3a0e	        sta N_BUFFER+14
.b948	8d 0f 3a	sta $3a0f	        sta N_BUFFER+15
.b94b	a9 ff		lda #$ff	        lda #$ff
.b94d	8d a5 bc	sta $bca5	        sta bk_crc
.b950	8d a6 bc	sta $bca6	        sta bk_crc+1
.b953	a9 20		lda #$20	        lda #32
.b955	8d 9f bc	sta $bc9f	        sta bk_count
.b958	20 35 bc	jsr $bc35	        jsr bk_crc_buffer
.b95b	ad a3 bc	lda $bca3	        lda bk_expected
.b95e	8d 0e 3a	sta $3a0e	        sta N_BUFFER+14
.b961	ad a4 bc	lda $bca4	        lda bk_expected+1
.b964	8d 0f 3a	sta $3a0f	        sta N_BUFFER+15
.b967	20 c3 ba	jsr $bac3	        jsr bk_write_chunk
.b96a	b0 b6		bcs $b922	        bcs bk_finish
.b96c					bk_load_more:
.b96c	38		sec		        sec
.b96d	ad ef b7	lda $b7ef	        lda bk_length
.b970	ed a1 bc	sbc $bca1	        sbc bk_offset
.b973	8d 9f bc	sta $bc9f	        sta bk_count
.b976	ad f0 b7	lda $b7f0	        lda bk_length+1
.b979	ed a2 bc	sbc $bca2	        sbc bk_offset+1
.b97c	8d a0 bc	sta $bca0	        sta bk_count+1
.b97f	0d 9f bc	ora $bc9f	        ora bk_count
.b982	f0 21		beq $b9a5	        beq bk_load_eof
.b984	ad a0 bc	lda $bca0	        lda bk_count+1
.b987	c9 02		cmp #$02	        cmp #2
.b989	90 0a		bcc $b995	        bcc +
.b98b	a9 02		lda #$02	        lda #2
.b98d	8d a0 bc	sta $bca0	        sta bk_count+1
.b990	a9 00		lda #$00	        lda #0
.b992	8d 9f bc	sta $bc9f	        sta bk_count
.b995	20 86 ba	jsr $ba86	+       jsr bk_read_chunk
.b998	b0 88		bcs $b922	        bcs bk_finish
.b99a	20 35 bc	jsr $bc35	        jsr bk_crc_buffer
.b99d	20 c3 ba	jsr $bac3	        jsr bk_write_chunk
.b9a0	b0 80		bcs $b922	        bcs bk_finish
.b9a2	4c 6c b9	jmp $b96c	        jmp bk_load_more
.b9a5					bk_load_eof:
.b9a5	20 75 ba	jsr $ba75	        jsr bk_select_file
.b9a8	a9 01		lda #$01	        lda #1
.b9aa	8d 89 3d	sta $3d89	        sta N_FCOUNT
.b9ad	a9 00		lda #$00	        lda #0
.b9af	8d 8a 3d	sta $3d8a	        sta N_FCOUNT+1
.b9b2	20 44 1c	jsr $1c44	        jsr N_FREAD
.b9b5	90 03		bcc $b9ba	        bcs bk_finish
.b9b7	4c ed b6	jmp $b6ed
.b9ba	ad 8b 3d	lda $3d8b	        lda N_FACTUAL
.b9bd	0d 8c 3d	ora $3d8c	        ora N_FACTUAL+1
.b9c0	d0 54		bne $ba16	        bne bk_long_image
.b9c2	ad 8d 3d	lda $3d8d	        lda N_FEOF
.b9c5	f0 54		beq $ba1b	        beq bk_short_image
.b9c7	ad a5 bc	lda $bca5	        lda bk_crc
.b9ca	cd a3 bc	cmp $bca3	        cmp bk_expected
.b9cd	d0 51		bne $ba20	        bne bk_checksum
.b9cf	ad a6 bc	lda $bca6	        lda bk_crc+1
.b9d2	cd a4 bc	cmp $bca4	        cmp bk_expected+1
.b9d5	d0 49		bne $ba20	        bne bk_checksum
.b9d7	20 61 ba	jsr $ba61	        jsr bk_close_source
.b9da	b0 db		bcs $b9b7	        bcs bk_finish
.b9dc	a9 b2		lda #$b2	        lda #<bk_callback
.b9de	8d 00 3a	sta $3a00	        sta N_BUFFER
.b9e1	a9 b5		lda #$b5	        lda #>bk_callback
.b9e3	8d 01 3a	sta $3a01	        sta N_BUFFER+1
.b9e6	a9 16		lda #$16	        lda #22
.b9e8	8d a1 bc	sta $bca1	        sta bk_offset
.b9eb	a9 00		lda #$00	        lda #0
.b9ed	8d a2 bc	sta $bca2	        sta bk_offset+1
.b9f0	a9 02		lda #$02	        lda #2
.b9f2	8d 9f bc	sta $bc9f	        sta bk_count
.b9f5	a9 00		lda #$00	        lda #0
.b9f7	8d a0 bc	sta $bca0	        sta bk_count+1
.b9fa	20 c3 ba	jsr $bac3	        jsr bk_write_chunk
.b9fd	90 08		bcc $ba07	        bcc bk_load_success
.b9ff	a2 01		ldx #$01	        ldx #1
.ba01	8e dd b7	stx $b7dd	        stx bk_state
.ba04	4c ed b6	jmp $b6ed	        jmp bk_finish
.ba07					bk_load_success:
.ba07	a9 02		lda #$02	        lda #2
.ba09	8d dd b7	sta $b7dd	        sta bk_state
.ba0c	a9 00		lda #$00	        lda #0
.ba0e	4c ed b6	jmp $b6ed	        jmp bk_finish
.ba11					bk_bad_image:
.ba11	a9 10		lda #$10	        lda #N_BADIMAGE
.ba13	4c ed b6	jmp $b6ed	        jmp bk_finish
.ba16					bk_long_image:
.ba16	a9 13		lda #$13	        lda #N_LONGIMAGE
.ba18	4c ed b6	jmp $b6ed	        jmp bk_finish
.ba1b					bk_short_image:
.ba1b	a9 12		lda #$12	        lda #N_SHORTIMAGE
.ba1d	4c ed b6	jmp $b6ed	        jmp bk_finish
.ba20					bk_checksum:
.ba20	a9 14		lda #$14	        lda #N_CHECKSUM
.ba22	4c ed b6	jmp $b6ed	        jmp bk_finish
.ba25					bk_load_badarg:
.ba25	a9 01		lda #$01	        lda #N_BADARG
.ba27	4c ed b6	jmp $b6ed	        jmp bk_finish
.ba2a					bk_close:
.ba2a	08		php		        php
.ba2b	48		pha		        pha
.ba2c	20 29 b6	jsr $b629	        jsr bk_enter
.ba2f	90 03		bcc $ba34	        bcs bk_enter_failed
.ba31	4c e1 b6	jmp $b6e1
.ba34	68		pla		        pla
.ba35	ad dd b7	lda $b7dd	        lda bk_state
.ba38	f0 05		beq $ba3f	        beq +
.ba3a	a9 01		lda #$01	        lda #1
.ba3c	8d dd b7	sta $b7dd	        sta bk_state
.ba3f					+
.ba3f	20 61 ba	jsr $ba61	        jsr bk_close_source
.ba42	90 03		bcc $ba47	        bcs bk_finish
.ba44	4c ed b6	jmp $b6ed
.ba47	ad de b7	lda $b7de	        lda bk_handle
.ba4a	f0 0d		beq $ba59	        beq bk_close_done
.ba4c	20 b2 ba	jsr $bab2	        jsr bk_select_code
.ba4f	20 23 1c	jsr $1c23	        jsr N_FREE
.ba52	b0 f0		bcs $ba44	        bcs bk_finish
.ba54	a9 00		lda #$00	        lda #0
.ba56	8d de b7	sta $b7de	        sta bk_handle
.ba59					bk_close_done:
.ba59	a9 00		lda #$00	        lda #0
.ba5b	8d dd b7	sta $b7dd	        sta bk_state
.ba5e	4c ed b6	jmp $b6ed	        jmp bk_finish
.ba61					bk_close_source:
.ba61	ad e2 b7	lda $b7e2	        lda bk_file
.ba64	f0 0d		beq $ba73	        beq +
.ba66	20 75 ba	jsr $ba75	        jsr bk_select_file
.ba69	20 4a 1c	jsr $1c4a	        jsr N_FCLOSE
.ba6c	b0 3f		bcs $baad	        bcs bk_io_return
.ba6e	a9 00		lda #$00	        lda #0
.ba70	8d e2 b7	sta $b7e2	        sta bk_file
.ba73	18		clc		+       clc
.ba74	60		rts		        rts
.ba75					bk_select_file:
.ba75	a9 20		lda #$20	        lda #N_APPOWNER
.ba77	8d 80 3d	sta $3d80	        sta N_FOWNER
.ba7a	a2 03		ldx #$03	        ldx #3
.ba7c	bd e2 b7	lda $b7e2,x	-       lda bk_file,x
.ba7f	9d 81 3d	sta $3d81,x	        sta N_FHANDLE,x
.ba82	ca		dex		        dex
.ba83	10 f7		bpl $ba7c	        bpl -
.ba85	60		rts		        rts
.ba86					bk_read_chunk:
.ba86	20 75 ba	jsr $ba75	        jsr bk_select_file
.ba89	ad 9f bc	lda $bc9f	        lda bk_count
.ba8c	8d 89 3d	sta $3d89	        sta N_FCOUNT
.ba8f	ad a0 bc	lda $bca0	        lda bk_count+1
.ba92	8d 8a 3d	sta $3d8a	        sta N_FCOUNT+1
.ba95	20 44 1c	jsr $1c44	        jsr N_FREAD
.ba98	b0 13		bcs $baad	        bcs bk_io_return
.ba9a	ad 8b 3d	lda $3d8b	        lda N_FACTUAL
.ba9d	cd 9f bc	cmp $bc9f	        cmp bk_count
.baa0	d0 0c		bne $baae	        bne +
.baa2	ad 8c 3d	lda $3d8c	        lda N_FACTUAL+1
.baa5	cd a0 bc	cmp $bca0	        cmp bk_count+1
.baa8	d0 04		bne $baae	        bne +
.baaa	a9 00		lda #$00	        lda #0
.baac	18		clc		        clc
.baad					bk_io_return:
.baad	60		rts		        rts
.baae	a9 12		lda #$12	+       lda #N_SHORTIMAGE
.bab0	38		sec		        sec
.bab1	60		rts		        rts
.bab2					bk_select_code:
.bab2	a9 1d		lda #$1d	        lda #BK_OWNER
.bab4	8d 00 3d	sta $3d00	        sta N_OWNER
.bab7	a2 03		ldx #$03	        ldx #3
.bab9	bd de b7	lda $b7de,x	-       lda bk_handle,x
.babc	9d 04 3d	sta $3d04,x	        sta N_HANDLE,x
.babf	ca		dex		        dex
.bac0	10 f7		bpl $bab9	        bpl -
.bac2	60		rts		        rts
.bac3					bk_write_chunk:
.bac3	20 b2 ba	jsr $bab2	        jsr bk_select_code
.bac6	ad a1 bc	lda $bca1	        lda bk_offset
.bac9	8d 08 3d	sta $3d08	        sta N_OFFSET
.bacc	ad a2 bc	lda $bca2	        lda bk_offset+1
.bacf	8d 09 3d	sta $3d09	        sta N_OFFSET+1
.bad2	ad 9f bc	lda $bc9f	        lda bk_count
.bad5	8d 0a 3d	sta $3d0a	        sta N_COUNT
.bad8	ad a0 bc	lda $bca0	        lda bk_count+1
.badb	8d 0b 3d	sta $3d0b	        sta N_COUNT+1
.bade	20 29 1c	jsr $1c29	        jsr N_WRITE
.bae1	b0 ca		bcs $baad	        bcs bk_io_return
.bae3	18		clc		        clc
.bae4	ad a1 bc	lda $bca1	        lda bk_offset
.bae7	6d 9f bc	adc $bc9f	        adc bk_count
.baea	8d a1 bc	sta $bca1	        sta bk_offset
.baed	ad a2 bc	lda $bca2	        lda bk_offset+1
.baf0	6d a0 bc	adc $bca0	        adc bk_count+1
.baf3	8d a2 bc	sta $bca2	        sta bk_offset+1
.baf6	18		clc		        clc
.baf7	60		rts		        rts
.baf8					bk_attach:
.baf8	08		php		        php
.baf9	48		pha		        pha
.bafa	20 29 b6	jsr $b629	        jsr bk_enter
.bafd	b0 2c		bcs $bb2b	        bcs bk_attach_gate
.baff	68		pla		        pla
.bb00	ad dd b7	lda $b7dd	        lda bk_state
.bb03	f0 03		beq $bb08	        bne bk_load_badarg
.bb05	4c 25 ba	jmp $ba25
.bb08	a2 00		ldx #$00	        ldx #0
.bb0a					bk_attach_scan:
.bb0a	bd 00 3c	lda $3c00,x	        lda NHANDLES,x
.bb0d	c9 1d		cmp #$1d	        cmp #BK_OWNER
.bb0f	d0 0e		bne $bb1f	        bne bk_attach_next
.bb11	bd 01 3c	lda $3c01,x	        lda NHANDLES+1,x
.bb14	c9 01		cmp #$01	        cmp #1
.bb16	d0 07		bne $bb1f	        bne bk_attach_next
.bb18	bd 02 3c	lda $3c02,x	        lda NHANDLES+2,x
.bb1b	c9 40		cmp #$40	        cmp #>BK_BASE
.bb1d	f0 0f		beq $bb2e	        beq bk_attach_found
.bb1f					bk_attach_next:
.bb1f	8a		txa		        txa
.bb20	18		clc		        clc
.bb21	69 08		adc #$08	        adc #8
.bb23	aa		tax		        tax
.bb24	d0 e4		bne $bb0a	        bne bk_attach_scan
.bb26	a9 04		lda #$04	        lda #N_BADHANDLE
.bb28	4c ed b6	jmp $b6ed	        jmp bk_finish
.bb2b					bk_attach_gate:
.bb2b	4c e1 b6	jmp $b6e1	        jmp bk_enter_failed
.bb2e					bk_attach_found:
.bb2e	bd 03 3c	lda $3c03,x	        lda NHANDLES+3,x
.bb31	8d ee b7	sta $b7ee	        sta bk_pages
.bb34	bd 04 3c	lda $3c04,x	        lda NHANDLES+4,x
.bb37	8d df b7	sta $b7df	        sta bk_handle+1
.bb3a	bd 05 3c	lda $3c05,x	        lda NHANDLES+5,x
.bb3d	8d e0 b7	sta $b7e0	        sta bk_handle+2
.bb40	bd 06 3c	lda $3c06,x	        lda NHANDLES+6,x
.bb43	8d e1 b7	sta $b7e1	        sta bk_handle+3
.bb46	8a		txa		        txa
.bb47	4a		lsr a		        lsr
.bb48	4a		lsr a		        lsr
.bb49	4a		lsr a		        lsr
.bb4a	18		clc		        clc
.bb4b	69 01		adc #$01	        adc #1
.bb4d	8d de b7	sta $b7de	        sta bk_handle
.bb50	20 b2 ba	jsr $bab2	        jsr bk_select_code
.bb53	a9 00		lda #$00	        lda #0
.bb55	8d 08 3d	sta $3d08	        sta N_OFFSET
.bb58	8d 09 3d	sta $3d09	        sta N_OFFSET+1
.bb5b	8d 0b 3d	sta $3d0b	        sta N_COUNT+1
.bb5e	a9 28		lda #$28	        lda #40
.bb60	8d 0a 3d	sta $3d0a	        sta N_COUNT
.bb63	20 26 1c	jsr $1c26	        jsr N_READ
.bb66	90 03		bcc $bb6b	        bcs bk_attach_fail
.bb68	4c 0a bc	jmp $bc0a
.bb6b	a2 05		ldx #$05	        ldx #5
.bb6d	bd 00 3a	lda $3a00,x	-       lda N_BUFFER,x          ; NBK1, format and ABI major
.bb70	dd 8f bc	cmp $bc8f,x	        cmp bk_prefix+2,x
.bb73	f0 03		beq $bb78	        bne bk_attach_bad
.bb75	4c 08 bc	jmp $bc08
.bb78	bd 10 3a	lda $3a10,x	        lda N_BUFFER+16,x       ; exit stub and reserved byte
.bb7b	dd 95 bc	cmp $bc95,x	        cmp bk_stub,x
.bb7e	d0 f5		bne $bb75	        bne bk_attach_bad
.bb80	ca		dex		        dex
.bb81	10 ea		bpl $bb6d	        bpl -
.bb83	ad 16 3a	lda $3a16	        lda N_BUFFER+22         ; bk_load patches the callback import only
.bb86	0d 17 3a	ora $3a17	        ora N_BUFFER+23         ; after CRC and source close: zero = partial
.bb89	f0 7d		beq $bc08	        beq bk_attach_bad
.bb8b	a2 07		ldx #$07	        ldx #7
.bb8d	bd 18 3a	lda $3a18,x	-       lda N_BUFFER+24,x       ; reserved header tail
.bb90	d0 76		bne $bc08	        bne bk_attach_bad
.bb92	ca		dex		        dex
.bb93	10 f8		bpl $bb8d	        bpl -
.bb95	a2 04		ldx #$04	        ldx #4
.bb97	bd 20 3a	lda $3a20,x	-       lda N_BUFFER+32,x       ; component identity and major version
.bb9a	dd a9 bc	cmp $bca9,x	        cmp bk_identity,x
.bb9d	d0 69		bne $bc08	        bne bk_attach_bad
.bb9f	ca		dex		        dex
.bba0	10 f5		bpl $bb97	        bpl -
.bba2	ad 06 3a	lda $3a06	        lda N_BUFFER+6          ; required native ABI minor
.bba5	c9 10		cmp #$10	        cmp #N_ABI_MINOR+1
.bba7	b0 5f		bcs $bc08	        bcs bk_attach_bad
.bba9	ad 07 3a	lda $3a07	        lda N_BUFFER+7          ; flags
.bbac	d0 5a		bne $bc08	        bne bk_attach_bad
.bbae	ad 0b 3a	lda $3a0b	        lda N_BUFFER+11
.bbb1	c9 01		cmp #$01	        cmp #1
.bbb3	d0 53		bne $bc08	        bne bk_attach_bad
.bbb5	ad 0a 3a	lda $3a0a	        lda N_BUFFER+10
.bbb8	cd ee b7	cmp $b7ee	        cmp bk_pages
.bbbb	d0 4b		bne $bc08	        bne bk_attach_bad
.bbbd	ad 08 3a	lda $3a08	        lda N_BUFFER+8
.bbc0	8d ef b7	sta $b7ef	        sta bk_length
.bbc3	ad 09 3a	lda $3a09	        lda N_BUFFER+9
.bbc6	8d f0 b7	sta $b7f0	        sta bk_length+1
.bbc9	ad 0c 3a	lda $3a0c	        lda N_BUFFER+12
.bbcc	8d f1 b7	sta $b7f1	        sta bk_entry
.bbcf	ad 0d 3a	lda $3a0d	        lda N_BUFFER+13
.bbd2	18		clc		        clc
.bbd3	69 40		adc #$40	        adc #>BK_BASE
.bbd5	8d f2 b7	sta $b7f2	        sta bk_entry+1
.bbd8	20 15 b7	jsr $b715	        jsr bk_check_code       ; extent, entry range, owner and page tags
.bbdb	b0 2d		bcs $bc0a	        bcs bk_attach_fail
.bbdd	a9 b2		lda #$b2	        lda #<bk_callback
.bbdf	8d 00 3a	sta $3a00	        sta N_BUFFER
.bbe2	a9 b5		lda #$b5	        lda #>bk_callback
.bbe4	8d 01 3a	sta $3a01	        sta N_BUFFER+1
.bbe7	a9 16		lda #$16	        lda #22
.bbe9	8d a1 bc	sta $bca1	        sta bk_offset
.bbec	a9 00		lda #$00	        lda #0
.bbee	8d a2 bc	sta $bca2	        sta bk_offset+1
.bbf1	8d a0 bc	sta $bca0	        sta bk_count+1
.bbf4	a9 02		lda #$02	        lda #2
.bbf6	8d 9f bc	sta $bc9f	        sta bk_count
.bbf9	20 c3 ba	jsr $bac3	        jsr bk_write_chunk
.bbfc	b0 0c		bcs $bc0a	        bcs bk_attach_fail
.bbfe	a9 02		lda #$02	        lda #2
.bc00	8d dd b7	sta $b7dd	        sta bk_state
.bc03	a9 00		lda #$00	        lda #0
.bc05	4c ed b6	jmp $b6ed	        jmp bk_finish
.bc08					bk_attach_bad:
.bc08	a9 10		lda #$10	        lda #N_BADIMAGE
.bc0a					bk_attach_fail:
.bc0a	a2 00		ldx #$00	        ldx #0
.bc0c	8e de b7	stx $b7de	        stx bk_handle
.bc0f	8e ee b7	stx $b7ee	        stx bk_pages
.bc12	4c ed b6	jmp $b6ed	        jmp bk_finish
.bc15					bk_detach:
.bc15	08		php		        php
.bc16	48		pha		        pha
.bc17	20 29 b6	jsr $b629	        jsr bk_enter
.bc1a	90 03		bcc $bc1f	        bcs bk_attach_gate
.bc1c	4c 2b bb	jmp $bb2b
.bc1f	68		pla		        pla
.bc20	ad dd b7	lda $b7dd	        lda bk_state
.bc23	c9 02		cmp #$02	        cmp #2
.bc25	f0 03		beq $bc2a	        bne bk_load_badarg
.bc27	4c 25 ba	jmp $ba25
.bc2a	a9 00		lda #$00	        lda #0
.bc2c	8d dd b7	sta $b7dd	        sta bk_state
.bc2f	8d de b7	sta $b7de	        sta bk_handle
.bc32	4c ed b6	jmp $b6ed	        jmp bk_finish
.bc35					bk_crc_buffer:
.bc35	a9 00		lda #$00	        lda #<N_BUFFER
.bc37	8d 4c bc	sta $bc4c	        sta bk_crc_get+1
.bc3a	a9 3a		lda #$3a	        lda #>N_BUFFER
.bc3c	8d 4d bc	sta $bc4d	        sta bk_crc_get+2
.bc3f	ad 9f bc	lda $bc9f	        lda bk_count
.bc42	8d a7 bc	sta $bca7	        sta bk_crc_left
.bc45	ad a0 bc	lda $bca0	        lda bk_count+1
.bc48	8d a8 bc	sta $bca8	        sta bk_crc_left+1
.bc4b					bk_crc_get:
.bc4b	ad 00 3a	lda $3a00	        lda N_BUFFER
.bc4e	4d a6 bc	eor $bca6	        eor bk_crc+1
.bc51	8d a6 bc	sta $bca6	        sta bk_crc+1
.bc54	a2 08		ldx #$08	        ldx #8
.bc56	0e a5 bc	asl $bca5	-       asl bk_crc
.bc59	2e a6 bc	rol $bca6	        rol bk_crc+1
.bc5c	90 10		bcc $bc6e	        bcc +
.bc5e	ad a5 bc	lda $bca5	        lda bk_crc
.bc61	49 21		eor #$21	        eor #$21
.bc63	8d a5 bc	sta $bca5	        sta bk_crc
.bc66	ad a6 bc	lda $bca6	        lda bk_crc+1
.bc69	49 10		eor #$10	        eor #$10
.bc6b	8d a6 bc	sta $bca6	        sta bk_crc+1
.bc6e	ca		dex		+       dex
.bc6f	d0 e5		bne $bc56	        bne -
.bc71	ee 4c bc	inc $bc4c	        inc bk_crc_get+1
.bc74	d0 03		bne $bc79	        bne +
.bc76	ee 4d bc	inc $bc4d	        inc bk_crc_get+2
.bc79	ad a7 bc	lda $bca7	+       lda bk_crc_left
.bc7c	d0 03		bne $bc81	        bne +
.bc7e	ce a8 bc	dec $bca8	        dec bk_crc_left+1
.bc81	ce a7 bc	dec $bca7	+       dec bk_crc_left
.bc84	ad a7 bc	lda $bca7	        lda bk_crc_left
.bc87	0d a8 bc	ora $bca8	        ora bk_crc_left+1
.bc8a	d0 bf		bne $bc4b	        bne bk_crc_get
.bc8c	60		rts		        rts
>bc8d	00 40 4e 42 4b 31 01 01		bk_prefix: .byte <BK_BASE,>BK_BASE,$4e,$42,$4b,$31,1,1 ; PRG address, NBK1, format, ABI major
>bc95	a2 0e 4c ab 02 00 00 00		bk_stub: .byte $a2,$0e,$4c,$ab,$02,0,0,0,0,0
>bc9d	00 00
>bc9f	00 00				bk_count: .word 0
>bca1	00 00				bk_offset: .word 0
>bca3	00 00				bk_expected: .word 0
>bca5	00 00				bk_crc: .word 0
>bca7	00 00				bk_crc_left: .word 0

;******  Return to file: src/native/gemdesk-ses.asm

>bca9	4e 41 43 43			bk_identity: .text "nacc"
>bcad	01				        .byte 1
.bcae					gm_ses_end:

;******  End of listing
