
; 64tass Turbo Assembler Macro V1.60.3243 listing file
; 64tass -a -B -b -I target/native-desktop -o target/native-desktop/gdusb.bin -l target/native-desktop/gdusb.sym -L target/native-desktop/gdusb.lst src/native/gemdesk-usb.asm
; Fri Oct  9 18:30:36 2026

;Offset	;Hex		;Monitor	;Source

;******  Processing input file: src/native/gemdesk-usb.asm


;******  Processing file: target/native-desktop/gemdesk.sym

=$944e					ae_km_hold	= $944e
=$3d0d					N_ERROR		= $3d0d
=$aeb2					bk_fetch_tail	= $aeb2
=$acd5					bk_service_call	= $acd5
=2					MU_BUTTON	= 2
=$9924					gfx_bind_handle	= $9924
=$7ad3					gm_clip_to_rect	= $7ad3
=$81a8					gm_icon_dev_lo	= $81a8
=$b22a					bk_stub		= $b22a
=$75cd					gm_set_title	= $75cd
=$7ca3					gm_set_rect	= $7ca3
=$979d					dc_line		= $979d
=$7338					gm_path_store	= $7338
=15					WF_HSLSIZE	= 15
=$6263					gm_n32_bit	= $6263
=$85a8					gm_usb_title	= $85a8
=$a690					pm_saved	= $a690
=$1bf0					N_NMIGATE	= $1bf0
=16					AE_DATA_PAGES	= 16
=$3d9e					N_DOCRESUME	= $3d9e
=$931d					ae_event_wait	= $931d
=1					AE_OP_STATUS	= 1
=$5000					N_RELOCBASE	= $5000
=$614d					bp_select_surface= $614d
=8					UI_STATE_BYTES	= 8
=$99bd					gfx_glyph_add	= $99bd
=$975c					dc_bad		= $975c
=$3d3e					N_NMIPTR	= $3d3e
=$7b9f					gm_scroll_down	= $7b9f
=$6584					gm_hit_next	= $6584
=$9ca6					gfx_glyph_first	= $9ca6
=$1c5f					N_MLOAD		= $1c5f
=$79be					gm_format_row	= $79be
=5					WS_GET		= 5
=$7f60					gm_open_entry	= $7f60
=$3de0					NFCMDS		= $3de0
=$a09c					gfx_font	= $a09c
=$af00					bk_load		= $af00
=$b12b					bk_close_done	= $b12b
=$86f0					gm_dev_format	= $86f0
=$5000					GM_WORKSPACE	= $5000
=$16					GM_DESK		= $16
=$6307					gm_alert_icon	= $6307
=$a66b					pm_active	= $a66b
=6					UI_VIEW80	= 6
=5					N_U_INTERFACES	= 5
=12					GM_MOP_PRINT	= 12
=$1c2c					N_FILL		= $1c2c
=$71fe					gm_restore_color= $71fe
=1					N_ABI_MAJOR	= 1
=6					WF_PREVXYWH	= 6
=$3dc0					NFILES		= $3dc0
=$7488					gm_ult_fullname	= $7488
=11					AE_OP_DCLICK	= 11
=$7b9c					gm_page_down	= $7b9c
=$624a					gm_wcall	= $624a
=$9492					ae_menu_copied	= $9492
=$76e1					gm_ucmd_at	= $76e1
=$750c					gm_fn_close	= $750c
=$61b0					gm_open_aesvc	= $61b0
=$620a					gm_open_now	= $620a
=$841d					gm_bad_chars	= $841d
=$6c86					gm_atype	= $6c86
=7					GM_MOP_RESTORE	= 7
=$99d8					gfx_glyph_empty	= $99d8
=$ace2					bk_dispatch	= $ace2
=$acb4					bk_protect_code	= $acb4
=$3d85					N_FDEVICE	= $3d85
=127					DC_LFN		= 127
=$879b					gm_win_sel	= $879b
=$6e1a					gm_delete	= $6e1a
=$12					N_SHORTIMAGE	= $12
=11					GM_MOP_DISKCOPY	= 11
=$1014					pk_entry	= $1014
=$1c20					N_ALLOC		= $1c20
=$a5e7					pm_delta	= $a5e7
=$8776					gm_divisor	= $8776
=$7654					gm_title_q	= $7654
=$702b					gm_refresh_next	= $702b
=$73a3					gm_upath_to_path= $73a3
=$1000					N_SYSLIMIT	= $1000
=$876c					gm_math4	= $876c
=$876b					gm_math3	= $876b
=$876a					gm_math2	= $876a
=$8701					gm_alen		= $8701
=$3d3b					N_UIBUSY	= $3d3b
=$6907					gm_scan_page	= $6907
=$6189					gm_aes_ready	= $6189
=$a63b					pm_place	= $a63b
=1					AE_MIRROR	= 1
=$3c00					NHANDLES	= $3c00
=$ad93					bk_compare_cookie= $ad93
=22					WM_CLOSED	= 22
=$9441					ae_km_keys	= $9441
=$6a87					gm_chunk_heap	= $6a87
=$81d5					gm_icon_bits	= $81d5
=$86cf					gm_s_nomodule2	= $86cf
=$abd3					vd_handle	= $abd3
=$9f7b					gfx_right_masks	= $9f7b
=$7aa1					gm_read_done	= $7aa1
=$6615					gm_deselect_icon= $6615
=$a9d2					bp_closed	= $a9d2
=$877b					gm_ix0		= $877b
=$877d					gm_ix1		= $877d
=$ace5					bk_service_return= $ace5
=$0020					WK_SIZER	= $0020
=$3d50					N_MHEADER	= $3d50
=$91e4					ae_attach	= $91e4
=$6cc8					gm_info_end	= $6cc8
=$9e8d					gfx_aligned_set	= $9e8d
=$986a					dc_text		= $986a
=$10ac					pk_extended	= $10ac
=$8622					gm_s_nosave	= $8622
=$6020					gm_start	= $6020
=$664d					gm_key		= $664d
=$10ad					pk_rejected	= $10ad
=$683f					gm_icon_drive	= $683f
=$a5ae					pm_button	= $a5ae
=2					AE_CAP_EVENT	= 2
=$6fab					gm_del_text_end	= $6fab
=$3d2e					N_BROWSERLEN	= $3d2e
=$6054					gm_loop		= $6054
=$9895					dc_iostatus	= $9895
=$8644					gm_mtoken	= $8644
=$aefc					bk_relative	= $aefc
=$a463					pm_close_return	= $a463
=$1070					pk_reject	= $1070
=$9ca9					gfx_glyph_ink	= $9ca9
=$7aa2					gm_work		= $7aa2
=$ac83					bk_callback	= $ac83
=$a5d0					pm_release	= $a5d0
=$3d2a					N_BROWSERFMT	= $3d2a
=$1c4a					N_FCLOSE	= $1c4a
=$7bb4					gm_scrolled	= $7bb4
=$6aef					gm_ins_outer	= $6aef
=$6c2a					gm_show_info	= $6c2a
=$995d					gfx_guard	= $995d
=$84fd					gm_suffix	= $84fd
=$9454					ae_menu_install	= $9454
=$8818					gm_bnow		= $8818
=$9a89					gfx_clip_compared= $9a89
=$6bfe					gm_view_done	= $6bfe
=$9f22					gfx_owner	= $9f22
=$8083					gm_times8	= $8083
=$7d3a					gm_select_entry	= $7d3a
=5					AE_OP_POST	= 5
=$a058					gfx_text_length	= $a058
=$7e82					gm_band		= $7e82
=$b03e					bk_load_more	= $b03e
=$740f					gm_ult_scan_next= $740f
=6					WS_FIND		= 6
=$6e69					gm_del_named	= $6e69
=3					AE_OP_STEP	= 3
=$10ae					pk_mask		= $10ae
=$8817					gm_banchor	= $8817
=$878b					gm_win_dev	= $878b
=$608f					gm_fatal	= $608f
=$7cb3					gm_fulled	= $7cb3
=$3d0e					N_FREE0		= $3d0e
=$3d0f					N_FREE1		= $3d0f
=$aa22					vd_poll		= $aa22
=$1c6b					N_VCLOSE	= $1c6b
=9					N_U_QUERY_COUNT	= 9
=$86e6					gm_digits	= $86e6
=$7644					gm_title_char	= $7644
=$a51e					pm_poll_return	= $a51e
=$6ad7					gm_rec_put	= $6ad7
=48					AE_CLICK_TICKS	= 48
=$a678					pm_down		= $a678
=$8702					gm_abuf		= $8702
=$837d					gm_s_used	= $837d
=$804f					gm_free_mem	= $804f
=$3d2b					N_BROWSERERROR	= $3d2b
=$7539					gm_ult_document	= $7539
=195					GM_MAX_ENTRIES	= 195
=$0004					WK_FULLER	= $0004
=$8814					gm_bi		= $8814
=$9c70					gfx_column	= $9c70
=$77a7					gm_document_launch= $77a7
=$8813					gm_bm		= $8813
=$6b3a					gm_next_gap	= $6b3a
=$3d9f					N_RCACHE	= $3d9f
=6					N_U_MAC		= 6
=$62bb					gm_am_row	= $62bb
=$9f50					gfx_band_left	= $9f50
=$1c2f					N_STATS		= $1c2f
=$85c3					gm_stop		= $85c3
=$aef6					bk_result	= $aef6
=$a67d					pm_step		= $a67d
=$9b05					gfx_clip_cell	= $9b05
=$9445					ae_km_dx	= $9445
=$9449					ae_km_dy	= $9449
=$86a7					gm_prt_sa	= $86a7
=$9218					ae_stream_taken	= $9218
=$3d28					N_ACTION	= $3d28
=$9c05					gfx_bitmap_row	= $9c05
=$abcc					vd_phase	= $abcc
=$80c9					gm_div		= $80c9
=8					WF_HSLIDE	= 8
=$9b96					gfx_failed	= $9b96
=$9f3b					gfx_remaining	= $9f3b
=$3d99					N_DCOUNT	= $3d99
=$1bf8					N_HEAPEPOCH	= $1bf8
=$9eaf					gfx_glyph_row	= $9eaf
=4					MU_M1		= 4
=$70f3					gm_drag_box	= $70f3
=4					N_U_POWER_B	= 4
=$77f2					gm_ult_peek	= $77f2
=$9f42					gfx_second	= $9f42
=3					N_U_POWER_A	= 3
=$66ac					gm_key_done	= $66ac
=$7372					gm_pw		= $7372
=$9263					ae_event	= $9263
=$9419					ae_km_y		= $9419
=$671b					gm_menu_options	= $671b
=$a69c					pm_shape	= $a69c
=$ab6c					vm_dirty	= $ab6c
=$750a					gm_fn_missing	= $750a
=16					GM_BELL		= 16
=$aee1					bk_file		= $aee1
=6					AE_OP_MENU	= 6
=32					AE_CAP_DCLICK	= 32
=$6dcb					gm_aput		= $6dcb
=$3d16					N_RESULT	= $3d16
=$64e3					gm_copy		= $64e3
=$a394					gfx_text_end	= $a394
=$9dcd					gfx_band_pixel	= $9dcd
=$ade2					bk_check_code	= $ade2
=$6420					gm_draw_icon	= $6420
=$625f					gm_n32_digit	= $625f
=$6eef					gm_del_many	= $6eef
=$6000					N_APPBASE	= $6000
=$85c2					gm_sslot	= $85c2
=2					GM_MOP_PREFS	= 2
=$83a4					gm_s_undone	= $83a4
=$ab9f					vm_first	= $ab9f
=$7fdc					gm_launcher	= $7fdc
=$6e4d					gm_del_copy	= $6e4d
=$abc0					bp_result	= $abc0
=$68ba					gm_df_found	= $68ba
=$6529					gm_label_clear	= $6529
=$81c3					gm_label_trash	= $81c3
=$8815					gm_ei		= $8815
=$9f23					gfx_handle	= $9f23
=$86dc					gm_new_icon	= $86dc
=$7513					gm_ult_open_entry= $7513
=$9f3d					gfx_right	= $9f3d
=$1c5c					N_FDRAW		= $1c5c
=$a684					pm_registers	= $a684
=$68be					gm_df_done	= $68be
=$7c8c					gm_wset_value	= $7c8c
=$6528					gm_icon_done	= $6528
=$3d9b					N_DOCKIND	= $3d9b
=$6f37					gm_del_all	= $6f37
=$8025					gm_close_slot	= $8025
=$8579					gm_s_usbfail	= $8579
=$97f4					dc_get_bad	= $97f4
=$86dd					gm_slot		= $86dd
=$abc3					bp_name		= $abc3
=$b0f7					bk_load_badarg	= $b0f7
=$a670					pm_x		= $a670
=$a672					pm_y		= $a672
=$63fb					gm_icons_clip_reset= $63fb
=$ada6					bk_platform	= $ada6
=$a61a					pm_delta_size	= $a61a
=$86ff					gm_total	= $86ff
=$a8aa					nk_saved_callback= $a8aa
=$83cd					gm_s_nodelete	= $83cd
=$3d37					N_UIKEY		= $3d37
=$3d9d					N_DOCRETURN	= $3d9d
=$8295					gm_menu		= $8295
=$b23a					bk_crc		= $b23a
=$69ab					gm_scan_fail	= $69ab
=$853f					gm_s_notusb	= $853f
=$71e6					gm_session_built= $71e6
=$acc3					bk_protect_parent= $acc3
=$109e					pk_pass		= $109e
=$3d01					N_PAGES		= $3d01
=$879f					gm_nsel		= $879f
=$8643					gm_mop		= $8643
=8					N_U_TIME	= 8
=$7117					gm_session_build= $7117
=$3d2d					N_BOOTDEVICE	= $3d2d
=$877e					gm_iy1		= $877e
=$877c					gm_iy0		= $877c
=$84b4					gm_full_alert	= $84b4
=$878f					gm_win_fmt	= $878f
=$9f4b					gfx_glyph_bounds= $9f4b
=$931c					ae_event_done	= $931c
=6					GM_MOP_COPY	= 6
=12					PM_JUMP		= 12
=$6419					gm_icon_next	= $6419
=$aee5					bk_cookie	= $aee5
=$7fd6					gm_launcher_leave= $7fd6
=$922f					ae_alert_read	= $922f
=$6f96					gm_del_text	= $6f96
=$84e3					gm_confirm	= $84e3
=$0040					WK_UPARROW	= $0040
=$7b64					gm_clip_empty	= $7b64
=$8807					gm_slot25	= $8807
=$94df					ae_ev_result	= $94df
=9					WF_VSLIDE	= 9
=$9822					dc_digit	= $9822
=$7e50					gm_each_call	= $7e50
=$91ea					ae_load		= $91ea
=$9cd6					gfx_set		= $9cd6
=$6dbf					gm_astr_src	= $6dbf
=$69b5					gm_sort_write	= $69b5
=$adb8					bk_bad_handle	= $adb8
=$75ca					gm_close_full	= $75ca
=$66dd					gm_menu_control	= $66dd
=$b238					bk_expected	= $b238
=$a964					bp_loaded	= $a964
=$10af					pk_masks	= $10af
=8					AE_CAP_WINDOW	= 8
=$4e00					N_UPATH		= $4e00
=$69aa					gm_scan_done	= $69aa
=$7d1e					gm_row_under	= $7d1e
=$a560					pm_left		= $a560
=$835c					gm_s_head	= $835c
=$9219					ae_alert_open	= $9219
=$7592					gm_close_or_up	= $7592
=4					GM_PRINTER	= 4
=$7f34					gm_band_done	= $7f34
=$7ffd					gm_slot_of	= $7ffd
=$661e					gm_repaint_icon_sel= $661e
=3					GM_USB		= 3
=$0080					WK_DNARROW	= $0080
=$9aed					gfx_clipped_bitmap= $9aed
=$3d08					N_OFFSET	= $3d08
=$a43c					pm_close	= $a43c
=$69cb					gm_write_chunk	= $69cb
=$614d					gm_select_surface= $614d
=$9760					dc_channels	= $9760
=$9f63					gfx_clip_full	= $9f63
=$98ce					sd_bell		= $98ce
=$7d6f					gm_toggle	= $7d6f
=1					WS_OPEN		= 1
=$1c26					N_READ		= $1c26
=1					gfx_track_dirty	= 1
=$7bba					gm_scroll_done	= $7bba
=$76c9					gm_ult_del_done	= $76c9
=$9f73					gfx_left_masks	= $9f73
=$7228					gm_module_run	= $7228
=$b077					bk_load_eof	= $b077
=$10ba					pk_end		= $10ba
=$3d12					N_READY		= $3d12
=$86f7					gm_m		= $86f7
=$abe8					vd_pointer_y	= $abe8
=1					N_U_HARDWARE	= 1
=$6341					gm_message	= $6341
=$81b1					gm_icon_label_hi= $81b1
=$6ad7					gm_rec_dst	= $6ad7
=$aa7d					bp_gate_failed	= $aa7d
=$9869					dc_length	= $9869
=$6b26					gm_ins_place	= $6b26
=$61af					gm_aes_failed	= $61af
=$a67a					pm_hit		= $a67a
=8					WS_SURFACE	= 8
=$8000					N_STAGELIMIT	= $8000
=$4a00					N_BROWSERPATH	= $4a00
=$63a4					gm_message_done	= $63a4
=$62b9					ae_present	= $62b9
=$6f51					gm_relist_slot	= $6f51
=$99dd					gfx_begin	= $99dd
=$7eb7					gm_band_loop	= $7eb7
=$3d24					N_EXITCODE	= $3d24
=$9a92					gfx_clip_start	= $9a92
=$8064					gm_select_mem_x	= $8064
=$85bb					gm_desk_color	= $85bb
=$944d					ae_km_click	= $944d
=$abce					vd_color	= $abce
=0					N_OK		= 0
=4					GM_WINDOWS	= 4
=$3d3c					N_UOP		= $3d3c
=$3d20					N_CURRENT	= $3d20
=$a66e					pm_pending	= $a66e
=0					GFX_TEXT_STORAGE= 0
=$abf3					ru_probe_live	= $abf3
=$1c3e					N_EXIT		= $1c3e
=$ab68					bp_argument	= $ab68
=$1c41					N_FOPEN		= $1c41
=$3d25					N_DOSCODE	= $3d25
=0					AE_OP_ATTACH	= 0
=$abbe					bp_prefix	= $abbe
=$86db					gm_icon_sel	= $86db
=$86d2					gm_surface	= $86d2
=$3d23					N_APPSTATE	= $3d23
=$8819					gm_batch	= $8819
=2					UI_MAXIMUM	= 2
=$9758					dc_io		= $9758
=$8608					gm_dclick	= $8608
=$94f3					ae_ev_first	= $94f3
=$a8ac					nk_filter_image	= $a8ac
=$a66d					pm_tick		= $a66d
=$aefd					bk_checked	= $aefd
=$73fa					gm_ult_read	= $73fa
=$9ed3					gfx_glyph_shifted= $9ed3
=$79d9					gm_rec_src	= $79d9
=$62f4					gm_alert	= $62f4
=$9f40					gfx_cover	= $9f40
=$9440					ae_km_done	= $9440
=$a679					pm_arm		= $a679
=$8946					gm_win_plen	= $8946
=$99b2					gfx_glyph_negative= $99b2
=10					GM_MOP_PRTSCR	= 10
=60					GM_REC_PRINTER	= 60
=$894a					gm_name		= $894a
=2					WS_CLOSE	= 2
=$a71c					nk_install	= $a71c
=$9a94					gfx_clip_replace= $9a94
=$aef2					bk_busy		= $aef2
=$9805					dc_restore	= $9805
=$16					N_MEXHAUSTED	= $16
=14985					SD_BELL_FREQ	= 14985
=$9497					ae_menu_set	= $9497
=$8774					gm_prod		= $8774
=$6bb4					gm_cmp_rev	= $6bb4
=$86a8					gm_lock_want	= $86a8
=$1c26					gfx_heap_read	= $1c26
=$aa51					bp_pointer	= $aa51
=$abcd					vd_live		= $abcd
=$6aae					gm_copy_rec	= $6aae
=1					N_BADARG	= 1
=$7031					gm_release	= $7031
=12					AE_OP_ACC	= 12
=$999c					gfx_glyph_origin= $999c
=$ab28					bp_open_source	= $ab28
=$a67c					pm_moved	= $a67c
=$9401					ae_km_left	= $9401
=13					GM_MOP_LOCK	= 13
=$1c23					N_FREE		= $1c23
=$aa87					bp_arguments	= $aa87
=$9a15					gfx_color_limits= $9a15
=$658b					gm_click	= $658b
=$7322					gm_prt_quiet	= $7322
=0					N_U_IDENTIFY	= 0
=$9b99					gfx_bitmap_setup= $9b99
=20					WM_REDRAW	= 20
=$80e9					gm_cells_hi0	= $80e9
=$7506					gm_fn_long	= $7506
=$3d98					N_DNEXT		= $3d98
=$8831					gm_rec		= $8831
=$65ec					gm_click_desktop= $65ec
=$1c53					N_REPLACE	= $1c53
=$94f5					ae_ev_window	= $94f5
=$8486					gm_drive_alert	= $8486
=$8178					gm_cards_name	= $8178
=$7485					gm_ult_scan_fail0= $7485
=$adaa					bk_invalid	= $adaa
=$a774					nk_close	= $a774
=$94fd					ae_pointer_buttons= $94fd
=$abc1					bp_carry	= $abc1
=$9c60					gfx_bitmap_loaded= $9c60
=$70ed					gm_drop_print	= $70ed
=$6b83					gm_cmp_name	= $6b83
=$7dd3					gm_bit_set	= $7dd3
=$86fb					gm_ins_val	= $86fb
=$3d9c					N_DOCTYPE	= $3d9c
=$9e15					gfx_band_store	= $9e15
=$9f83					gfx_rows	= $9f83
=$683e					gm_open_quiet	= $683e
=$3d13					N_KEYS		= $3d13
=96					GM_APP_PAGES	= 96
=$9aba					gfx_nonempty_x	= $9aba
=$93a4					ae_key_mouse	= $93a4
=$97f5					dc_get_end	= $97f5
=$853d					gm_target	= $853d
=$86e5					gm_ndig		= $86e5
=$aa59					bp_invoke	= $aa59
=0					PM_KEYS_OWNED	= 0
=$7376					gm_path_root	= $7376
=$86df					gm_fmt		= $86df
=$6ade					gm_gap_loop	= $6ade
=$5000					AE_DATA		= $5000
=$7326					gm_path_page	= $7326
=$6000					BK_BASE		= $6000
=$abd1					vd_base		= $abd1
=$9b5a					gfx_color_x	= $9b5a
=$6eee					gm_del_none	= $6eee
=$86bb					gm_s_nomodule	= $86bb
=$8769					gm_math		= $8769
=$86da					gm_start_error	= $86da
=$aeb6					bk_jump_tail	= $aeb6
=$8825					gm_mem1		= $8825
=$8821					gm_mem0		= $8821
=$882d					gm_mem3		= $882d
=$8829					gm_mem2		= $8829
=$85bd					gm_orect	= $85bd
=$8500					gm_s_unproven	= $8500
=$ada2					bk_nested	= $ada2
=8					AE_OP_WINDOW	= 8
=$768d					gm_ult_attr	= $768d
=$abe9					vs_reu		= $abe9
=$3de4					N_BOOTFORMAT	= $3de4
=0					BP_HISTORY	= 0
=$943b					ae_km_eaten	= $943b
=$1c68					N_VSHOW		= $1c68
=$11					N_IOERROR	= $11
=$9aa0					gfx_clip_keep	= $9aa0
=$9f16					gfx_x0		= $9f16
=$9f1a					gfx_x1		= $9f1a
=$8ad8					ae_callback	= $8ad8
=$3d38					N_UIWIDTH	= $3d38
=$9f21					gfx_bound	= $9f21
=$6bd6					gm_set_view	= $6bd6
=$83e5					gm_s_error	= $83e5
=$8361					gm_s_type	= $8361
=$adba					bk_finish	= $adba
=$66ad					gm_key_drive	= $66ad
=$6a7d					gm_chunk_size	= $6a7d
=$3d29					N_BROWSERDEV	= $3d29
=$6fae					gm_printable	= $6fae
=30					N_AESOWNER	= 30
=$3de5					N_CLIPBOARD	= $3de5
=$9997					gfx_glyph_failed= $9997
=$9d87					gfx_band_next	= $9d87
=$3d3a					N_UIERROR	= $3d3a
=$9ef4					gfx_restore_handle= $9ef4
=$6fc9					gm_del_head	= $6fc9
=$3da0					N_FNAME		= $3da0
=$6a1b					gm_chunk_fail	= $6a1b
=$6569					gm_icon_hit	= $6569
=$a952					vd_open		= $a952
=7					AE_MINOR	= 7
=$acf6					bk_enter	= $acf6
=$a773					nk_return	= $a773
=$70c6					gm_row_drop	= $70c6
=$9d59					gfx_xor_load	= $9d59
=$94fc					ae_pointer_y	= $94fc
=$94fa					ae_pointer_x	= $94fa
=$1c00					N_LOWLIMIT	= $1c00
=$7a59					gm_read_rows	= $7a59
=8					N_PLATFORM	= 8
=$7deb					gm_bit		= $7deb
=$6f70					gm_error_hex	= $6f70
=$7512					gm_fn_done	= $7512
=$a099					gfx_text_left	= $a099
=7					WS_FILL		= 7
=$9f3c					gfx_left	= $9f3c
=$3d0c					N_VALUE		= $3d0c
=$84e4					gm_editor_name	= $84e4
=$86ba					gm_mwanted	= $86ba
=32					N_APPOWNER	= 32
=$adae					bk_enter_failed	= $adae
=$9755					dc_open_failed	= $9755
=$615f					gm_bind		= $615f
=$13					N_LONGIMAGE	= $13
=$9b1a					gfx_clip_divide	= $9b1a
=$ae3c					bk_check_walk	= $ae3c
=$aa0f					bp_presented	= $aa0f
=$9384					ae_read_pointer	= $9384
=$a632					pm_delta_advance= $a632
=$9472					ae_menu_write	= $9472
=$61					GM_ICON_SELECTED= $61
=$9a7b					gfx_clip_intersect= $9a7b
=$86a6					gm_prt_dev	= $86a6
=12					WF_NEXTXYWH	= 12
=$7bca					gm_vslid	= $7bca
=$a66c					pm_seen		= $a66c
=$8698					gm_mop_module	= $8698
=29					N_ACCOWNER	= 29
=$816f					gm_aesvc_name	= $816f
=0					WS_CREATE	= 0
=$6bff					gm_view_fail	= $6bff
=$3d10					N_SLOTS		= $3d10
=$9d9b					gfx_band_failed	= $9d9b
=$a600					pm_delta_classify= $a600
=$9f1f					gfx_color	= $9f1f
=0					UI_LENGTH	= 0
=$876f					gm_rb		= $876f
=$84f4					gm_upnt		= $84f4
=$944f					ae_post		= $944f
=$9f33					gfx_operation	= $9f33
=10					WF_TOP		= 10
=$b195					bk_write_chunk	= $b195
=$8647					gm_mod_names	= $8647
=$6168					gm_aes_setup	= $6168
=$abc2					bp_error	= $abc2
=$84fc					gm_doc_kind	= $84fc
=$98c0					dc_saved	= $98c0
=$876e					gm_ra		= $876e
=$705b					gm_drag_loop	= $705b
=$9a5e					gfx_clip_high	= $9a5e
=$9715					dc_read		= $9715
=$1c3b					N_KEYIN		= $1c3b
=$9adf					gfx_glyph_unclipped= $9adf
=$a01d					gfx_text_advance= $a01d
=$7480					gm_ult_scan_fail= $7480
=$1c38					N_LAUNCH	= $1c38
=$6ab0					gm_rec_src2	= $6ab0
=$a680					pm_jumps	= $a680
=$86f8					gm_gap		= $86f8
=$86f1					gm_count	= $86f1
=$94a5					ae_session_read	= $94a5
=4					GM_KEYCLICK	= 4
=$9752					dc_close_failed	= $9752
=$9f39					gfx_xbyte	= $9f39
=$9893					dc_code2	= $9893
=$9a4e					gfx_clip_zero	= $9a4e
=$a55a					pm_right	= $a55a
=$8816					gm_bend		= $8816
=$a7a0					nk_codes	= $a7a0
=16					N_ABI_MINOR	= 16
=$7182					gm_session_window= $7182
=$8098					gm_mulrec	= $8098
=$ab1d					bp_iec_name	= $ab1d
=$7d5a					gm_select_index	= $7d5a
=$a67b					pm_event	= $a67b
=$7665					gm_not_usb	= $7665
=3					N_NOSLOT	= 3
=$91d9					ae_unload	= $91d9
=$15					N_CHANNELS	= $15
=$94b3					ae_dclick	= $94b3
=$3d27					N_APPERROR	= $3d27
=$3e00					N_BROWSERNAME	= $3e00
=$9ea6					gfx_aligned_write= $9ea6
=5					UI_VIEW40	= 5
=$3900					NPAGES1		= $3900
=$3800					NPAGES0		= $3800
=$9438					ae_km_set_y	= $9438
=$b147					bk_select_file	= $b147
=0					BP_STATE_STORAGE= 0
=$a66f					pm_sample_line	= $a66f
=$95fe					gm_paths	= $95fe
=$9f35					gfx_offset	= $9f35
=2					N_NOMEM		= 2
=$aedd					bk_handle	= $aedd
=$9868					dc_device	= $9868
=7					N_U_IP		= 7
=$9275					ae_event_sample	= $9275
=$8199					gm_icon_y	= $8199
=9					GM_REC_COUNT	= 9
=$86f3					gm_drag		= $86f3
=$881a					gm_s_items	= $881a
=$85a0					gm_s_usbhex	= $85a0
=$97f7					dc_close	= $97f7
=$aedc					bk_state	= $aedc
=$9c81					gfx_mask_last	= $9c81
=$9b3a					gfx_color_rows	= $9b3a
=$9e0f					gfx_band_set	= $9e0f
=$68b7					gm_df_next	= $68b7
=17					WF_DESKCOLOR	= 17
=$68bf					gm_df_none	= $68bf
=$1c65					N_MCLOSE	= $1c65
=$3a00					N_BUFFER	= $3a00
=$6a2f					gm_load_chunk	= $6a2f
=$3d97					N_DPAGE		= $3d97
=$61fa					gm_open_iec	= $61fa
=$86e0					gm_mbit		= $86e0
=$3d91					N_FBUSY		= $3d91
=$766e					gm_usb_error	= $766e
=$7873					gm_peek_done	= $7873
=$0800					WK_HSLIDE	= $0800
=$9f41					gfx_first	= $9f41
=$a67f					pm_columns	= $a67f
=$ac59					bk_return	= $ac59
=$6afb					gm_ins_inner	= $6afb
=$3d15					N_LASTKEY	= $3d15
=$7bbb					gm_max_top	= $7bbb
=$a013					gfx_text_saturate= $a013
=31					N_CLIPOWNER	= 31
=$adc6					bk_check_tails	= $adc6
=$98ca					dc_eoi		= $98ca
=40					DC_MAX		= 40
=$9764					dc_blocks_free	= $9764
=$8424					gm_about	= $8424
=$3d0a					N_COUNT		= $3d0a
=$8793					gm_win_count	= $8793
=$9f1c					gfx_y1		= $9f1c
=$9f18					gfx_y0		= $9f18
=$9f3f					gfx_old		= $9f3f
=$aef9					bk_saved_regs	= $aef9
=6					GM_GAP_COUNT	= 6
=$3d8b					N_FACTUAL	= $3d8b
=$6d15					gm_info_page	= $6d15
=$9b49					gfx_color_multiply= $9b49
=$abd2					vd_pages	= $abd2
=$b1ca					bk_crc_buffer	= $b1ca
=$3d92					N_FPOSITION	= $3d92
=$b222					bk_prefix	= $b222
=$6f63					gm_del_badname	= $6f63
=$6e25					gm_delete_slot	= $6e25
=$1c59					N_FEDIT		= $1c59
=$6bd3					gm_menu_view	= $6bd3
=$7386					gm_path_to_upath= $7386
=0					BP_MODE		= 0
=$a673					pm_old		= $a673
=$0c00					N_SYSBASE	= $0c00
=6					N_RANGE		= 6
=$6746					gm_open_selection= $6746
=$86f5					gm_vslot	= $86f5
=$7656					gm_title_ok	= $7656
=$6165					pm_find_hit	= $6165
=$3d80					N_FOWNER	= $3d80
=$815f					gm_hex_digits	= $815f
=$63bb					gm_redraw_desktop= $63bb
=$3d22					N_NAMELEN	= $3d22
=$662f					gm_redraw_icon_cells= $662f
=$a7aa					nk_saved_keys	= $a7aa
=$b0f2					bk_checksum	= $b0f2
=1					AE_MAJOR	= 1
=$a02a					gfx_load_glyph	= $a02a
=$9d5e					gfx_xor_store	= $9d5e
=$8797					gm_win_top	= $8797
=$abea					vs_token	= $abea
=$800c					gm_top_slot	= $800c
=$699c					gm_scan_end	= $699c
=$755e					gm_ult_rescan	= $755e
=$9897					dc_status_length= $9897
=7					AE_OP_MENU_SET	= 7
=$7870					gm_peek_close	= $7870
=5					N_WRONGOWNER	= 5
=$1c47					N_FWRITE	= $1c47
=24					WM_ARROWED	= 24
=$8767					gm_art		= $8767
=$97cb					dc_listed	= $97cb
=$0200					WK_LFARROW	= $0200
=$9c4b					gfx_read_row	= $9c4b
=$625a					gm_anum32	= $625a
=$aef5					bk_service	= $aef5
=$abd7					vd_saved	= $abd7
=$1c71					N_UCOMMAND	= $1c71
=$86f9					gm_gapi		= $86f9
=$1c44					N_FREAD		= $1c44
=$8106					gm_decimal4	= $8106
=$80f8					gm_decimal2	= $80f8
=$b23e					gm_end		= $b23e
=$94f2					ae_ev_key	= $94f2
=1					AE_POINTER	= 1
=$8392					gm_gaps		= $8392
=$8424					gm_bad_chars_end= $8424
=8					GM_NOOVERASK	= 8
=$b133					bk_close_source	= $b133
=4					WS_SET		= 4
=9					GM_MOP_NEWFOLDER= 9
=$aef8					bk_saved_rcr	= $aef8
=21					WM_TOPPED	= 21
=$6861					gm_drive_format	= $6861
=4					WF_WORKXYWH	= 4
=$a998					vd_close	= $a998
=0					pm_control_count= 0
=4					AE_CAP_MENU	= 4
=$98cd					dc_dollar	= $98cd
=27					WM_SIZED	= 27
=$aef3					bk_error	= $aef3
=$aee9					bk_current	= $aee9
=$85bc					gm_restoring	= $85bc
=$6a1c					gm_resort_slot	= $6a1c
=$942e					ae_km_up	= $942e
=$3d96					N_FFORMAT	= $3d96
=$4000					AC_BASE		= $4000
=2					AE_OP_ALERT	= 2
=$768e					gm_ult_delete	= $768e
=$0100					WK_VSLIDE	= $0100
=$614c					gm_setup_done	= $614c
=$a630					pm_no_delta	= $a630
=$9ff3					gfx_text_unknown= $9ff3
=$9e82					gfx_aligned_clear= $9e82
=$8604					gm_magic	= $8604
=$6739					gm_print_screen	= $6739
=64					GM_RECORD_SIZE	= 64
=25					WM_HSLID	= 25
=$9a43					gfx_clip_limit	= $9a43
=$84ac					gm_drive_alert_hex= $84ac
=$10					N_BADIMAGE	= $10
=$6bc1					gm_fa		= $6bc1
=$6bc5					gm_fb		= $6bc5
=$3d40					N_APPNAME	= $3d40
=$9ff5					gfx_text_code	= $9ff5
=$a43b					pm_install_return= $a43b
=$0008					WK_MOVER	= $0008
=$a04e					gfx_text_load	= $a04e
=$b0ed					bk_short_image	= $b0ed
=$86d6					gm_file		= $86d6
=$9fd5					gfx_text_failed	= $9fd5
=$876d					gm_t8		= $876d
=$1076					pk_restore_columns= $1076
=$9d04					gfx_write_row	= $9d04
=$9e9b					gfx_aligned_copy= $9e9b
=$63a5					gm_redraw_window= $63a5
=$1c50					N_DIRPAGE	= $1c50
=$b17f					bk_io_return	= $b17f
=10					MN_SELECTED	= 10
=$c000					AE_LIMIT	= $c000
=$3d1b					N_MSTATE	= $3d1b
=$a672					BP_POINTER_Y	= $a672
=$a670					BP_POINTER_X	= $a670
=$3f00					N_SOURCEPATH	= $3f00
=$9896					dc_byte		= $9896
=$1c56					N_WORKSPACE	= $1c56
=$1c2c					gfx_heap_fill	= $1c2c
=$6e2f					gm_delete_one	= $6e2f
=$819e					gm_icon_art	= $819e
=$7e59					gm_select_all	= $7e59
=$78c6					gm_suffix_no	= $78c6
=$a592					pm_top		= $a592
=$3d9a					N_DOCREQUEST	= $3d9a
=$73bf					gm_ult_open	= $73bf
=0					PM_KEYS_EXTERNAL= 0
=$a677					pm_buttons	= $a677
=$9cea					gfx_store	= $9cea
=10					GM_REC_WINDOWS	= 10
=3					WS_DELETE	= 3
=$3d1a					N_MERROR	= $3d1a
=$a66c					BP_POINTER_STATE= $a66c
=0					NK_SAVED_BUFFER	= 0
=64					AE_CAP_ACC	= 64
=$6402					gm_icons_done	= $6402
=$6f6c					gm_del_error	= $6f6c
=$94f4					ae_ev_tick	= $94f4
=$7349					gm_path_io	= $7349
=$74b9					gm_fn_found	= $74b9
=$98c9					dc_sa		= $98c9
=$65ad					gm_click_at	= $65ad
=$996c					gfx_rect	= $996c
=$97d6					dc_get		= $97d6
=$7f35					gm_band_row	= $7f35
=$3d03					N_PAGE		= $3d03
=$9f4f					gfx_band_allowed= $9f4f
=$66ca					gm_menu_choice	= $66ca
=1					UI_CARET	= 1
=$9e9d					gfx_aligned_copy_next= $9e9d
=$6237					gm_close_file	= $6237
=$6e81					gm_del_ask	= $6e81
=9					N_CORRUPT	= 9
=$8374					gm_s_files	= $8374
=$68c2					gm_scan		= $68c2
=$b0fc					bk_close	= $b0fc
=$aef0					bk_entry	= $aef0
=$a594					pm_set_y	= $a594
=$a563					pm_set_x	= $a563
=$9af7					gfx_store_clip_next= $9af7
=$a9eb					bp_return	= $a9eb
=$9a2b					gfx_clip_next	= $9a2b
=$a597					pm_hit_test	= $a597
=$838c					gm_s_ok		= $838c
=$9f37					gfx_span	= $9f37
=$6763					gm_open_icon	= $6763
=$10a9					pk_rejects	= $10a9
=$1c29					N_WRITE		= $1c29
=$62ee					gm_leave	= $62ee
=$a569					pm_vertical	= $a569
=$6ba3					gm_cmp_out	= $6ba3
=$85c1					gm_spos		= $85c1
=$1c29					gfx_heap_write	= $1c29
=$9f2b					gfx_clipped	= $9f2b
=$3d60					N_APPHEADER	= $3d60
=$aeee					bk_length	= $aeee
=16					MU_MESAG	= 16
=$16					GM_SELECTED	= $16
=$abb9					vm_pending	= $abb9
=$9d98					gfx_band_done	= $9d98
=$3d90					N_FSTATUS	= $3d90
=$79bc					gm_rows_done	= $79bc
=$94f6					ae_surface	= $94f6
=$9eec					gfx_select	= $9eec
=$c000					BK_LIMIT	= $c000
=$a059					gfx_text_buffer	= $a059
=$847e					gm_start_alert_hex= $847e
=$8398					gm_s_delete	= $8398
=$a9e2					bp_close_failed	= $a9e2
=$7058					gm_drag_track	= $7058
=$a09b					gfx_text_high	= $a09b
=$9642					dc_command	= $9642
=$1c35					N_RESERVE	= $1c35
=$86b9					gm_mloaded	= $86b9
=$9d7f					gfx_band_write	= $9d7f
=$8764					gm_cy		= $8764
=25					GM_BITS		= 25
=$7808					gm_peek		= $7808
=$9fb5					gfx_text	= $9fb5
=$9e93					gfx_aligned_store= $9e93
=$9d4a					gfx_band_xor	= $9d4a
=$81c9					gm_label_usb	= $81c9
=$6338					gm_alert_done	= $6338
=$8779					gm_ww		= $8779
=$9f34					gfx_y		= $9f34
=$96ea					dc_status_read	= $96ea
=$8778					gm_wy		= $8778
=$8777					gm_wx		= $8777
=$729a					gm_module_fail	= $729a
=$8d35					ae_state	= $8d35
=$b0e3					bk_bad_image	= $b0e3
=5					WF_CURRXYWH	= 5
=$b184					bk_select_code	= $b184
=$877a					gm_wh		= $877a
=$abbf					bp_started	= $abbf
=$6098					gm_fatal_text	= $6098
=$3d30					N_BROWSERPOS	= $3d30
=$9341					ae_wait_moved	= $9341
=$94fe					gm_path		= $94fe
=$6838					gm_open_fail	= $6838
=$0001					WK_NAME		= $0001
=2					GM_NOCOPYASK	= 2
=13					AE_OP_COUNT	= 13
=$804a					gm_free_slot	= $804a
=$14					N_CHECKSUM	= $14
=10					AE_OP_SESSION	= 10
=$ae65					bk_check_shape	= $ae65
=$7e05					gm_first_sel	= $7e05
=$3d04					N_HANDLE	= $3d04
=$6ce0					gm_info_icon	= $6ce0
=$9b1c					gfx_clip_shift	= $9b1c
=$93d9					ae_km_move	= $93d9
=$3d35					N_UIPTR		= $3d35
=$9ee5					gfx_glyph_second_visible= $9ee5
=$9e39					gfx_aligned_glyph= $9e39
=$78c8					gm_paint_window	= $78c8
=32					MU_TIMER	= 32
=$8700					AE_BASE		= $8700
=$7714					gm_iec_document	= $7714
=$abe6					vd_pointer_x	= $abe6
=$935b					ae_wait_time	= $935b
=$5000					gm_rows		= $5000
=$8846					gm_order	= $8846
=$3d81					N_FHANDLE	= $3d81
=$740a					gm_scan_ult	= $740a
=$7933					gm_paint_reset	= $7933
=$1068					pk_read_key	= $1068
=2					WF_NAME		= 2
=32					NSLOTS		= 32
=$9950					gfx_finish	= $9950
=$8768					gm_row		= $8768
=$0010					WK_INFO		= $0010
=$50					N_FIRST0	= $50
=$abf4					bp_backend_pending= $abf4
=$aef7					bk_carry	= $aef7
=$9caf					gfx_load	= $9caf
=$6fcd					gm_fail_head	= $6fcd
=$6db7					gm_astr		= $6db7
=$a58e					pm_bottom	= $a58e
=$6680					gm_key_move	= $6680
=$3d86					N_FNAMELEN	= $3d86
=11					WF_FIRSTXYWH	= 11
=$10ab					pk_columns	= $10ab
=$8a4a					aes		= $8a4a
=23					WM_FULLED	= 23
=$a499					pm_settling	= $a499
=$926f					ae_event_next	= $926f
=121					GM_PRT_LFN	= 121
=$6000					gm_image	= $6000
=$8762					gm_item		= $8762
=9					WS_OUTLINE	= 9
=$72cd					gm_ult_probe	= $72cd
=$9f53					gfx_clip_pixels	= $9f53
=160					pm_start	= 160
=$9dec					gfx_band_load	= $9dec
=$3d89					N_FCOUNT	= $3d89
=$c000					N_APPLIMIT	= $c000
=$6772					gm_open_drive	= $6772
=$6891					gm_df_scan	= $6891
=$9fb5					gfx_end		= $9fb5
=$10a7					pk_next		= $10a7
=$9de9					gfx_band_mask_ready= $9de9
=$1074					pk_accept	= $1074
=$b23c					bk_crc_left	= $b23c
=$abba					bp_file		= $abba
=$6c85					gm_aname_done	= $6c85
=$70f2					gm_release_done	= $70f2
=$b158					bk_read_chunk	= $b158
=$86f4					gm_view		= $86f4
=$a51f					pm_absent	= $a51f
=$9db9					gfx_band_masked	= $9db9
=$8142					gm_hex_error	= $8142
=$6fe6					gm_refresh_loop	= $6fe6
=0					GFX_FONT_COLUMNS= 0
=$785e					gm_peek_sheet	= $785e
=$3d02					N_BANK		= $3d02
=$9b2e					gfx_clip_defaults= $9b2e
=$76d2					gm_ult_del_error= $76d2
=2					N_U_DRIVES	= 2
=$4000					N_SERVICEBASE	= $4000
=$7c17					gm_repaint_all	= $7c17
=$3d21					N_DEVICE	= $3d21
=$86de					gm_dev		= $86de
=$676e					gm_open_none	= $676e
=$9f5b					gfx_clip_cells	= $9f5b
=$793b					gm_draw_rows	= $793b
=$661d					gm_click_done	= $661d
=1					GM_MOP_INFO	= 1
=$a466					pm_poll		= $a466
=$a09a					gfx_text_index	= $a09a
=$76c0					gm_ult_del_unknown= $76c0
=$b234					bk_count	= $b234
=$8763					gm_cx		= $8763
=$793a					gm_paint_done	= $793a
=$98f2					sd_click	= $98f2
=$1c6e					N_UQUERY	= $1c6e
=$9243					ae_alert_step	= $9243
=$3d17					N_MTOKEN	= $3d17
=$9cdf					gfx_copy	= $9cdf
=$aacb					bp_load		= $aacb
=$b23e					gm_module	= $b23e
=$1c4d					N_FRELEASE	= $1c4d
=$9ccb					gfx_clear	= $9ccb
=4					N_BADHANDLE	= 4
=$aef4					bk_operation	= $aef4
=$a9ae					bp_dispose	= $a9ae
=$b1e0					bk_crc_get	= $b1e0
=$995b					gfx_success	= $995b
=$693f					gm_scan_record	= $693f
=$abcc					bp_state	= $abcc
=$abcf					vd_fault	= $abcf
=$9f43					gfx_bits	= $9f43
=28					WM_MOVED	= 28
=3					GM_MOP_FORMAT	= 3
=$809a					gm_mul		= $809a
=$7e29					gm_each		= $7e29
=$9602					gm_rec_addr	= $9602
=$abf2					ru_active	= $abf2
=$9af0					gfx_empty	= $9af0
=$3d39					N_UIFLAGS	= $3d39
=$997e					gfx_glyph	= $997e
=$8614					gm_inf_scratch	= $8614
=$853e					gm_nlen		= $853e
=$94cb					ae_dirty	= $94cb
=$9376					ae_wait_done	= $9376
=$6403					gm_draw_icons	= $6403
=$86fc					gm_pos		= $86fc
=$609b					gm_surface_setup= $609b
=$87a3					gm_win_bits	= $87a3
=$3d00					N_OWNER		= $3d00
=21					GM_RECORD	= 21
=$aec0					bk_services	= $aec0
=$8184					gm_types	= $8184
=$3d11					N_BUSY		= $3d11
=$7940					gm_row_loop	= $7940
=$62a7					gm_dirty_from	= $62a7
=$86fe					gm_cmpb		= $86fe
=$6f94					gm_status_text	= $6f94
=$94a9					ae_session_write= $94a9
=$3d2c					N_APPFORMAT	= $3d2c
=$9f27					gfx_limits	= $9f27
=$9140					ae_detach	= $9140
=1					AE_CAP_ALERT	= 1
=$9e04					gfx_band_clear	= $9e04
=24					GM_CHUNK	= 24
=$1300					N_LOWBASE	= $1300
=$817d					gm_drive_title	= $817d
=$61					GM_PAPER	= $61
=$abe5					vd_pointer_visible= $abe5
=0					PM_SECONDARY	= 0
=$877f					gm_clip		= $877f
=5					GM_ICONS	= 5
=$04					N_FIRST1	= $04
=$aeed					bk_pages	= $aeed
=3					WF_INFO		= 3
=$9972					gfx_colors	= $9972
=$6b9e					gm_cmp_ordinal	= $6b9e
=9					AE_OP_SHUTDOWN	= 9
=$736e					gm_pr		= $736e
=$76d5					gm_ucmd		= $76d5
=$7bea					gm_scroll_to_selection= $7bea
=$1c32					N_RELEASE	= $1c32
=$6f91					gm_del_status	= $6f91
=$8773					gm_mul_b	= $8773
=$8772					gm_mul_a	= $8772
=$70ea					gm_drop		= $70ea
=$7da6					gm_select_set	= $7da6
=$6233					gm_open_bad	= $6233
=$6dd5					gm_anum		= $6dd5
=$aa1c					bp_ok		= $aa1c
=$8061					gm_select_mem	= $8061
=$9892					dc_code		= $9892
=$786d					gm_peek_kind	= $786d
=$7c35					gm_update_slider= $7c35
=$9f3e					gfx_mask	= $9f3e
=$7216					gm_file_select	= $7216
=$3d8d					N_FEOF		= $3d8d
=$6ba7					gm_cmp_raw	= $6ba7
=$9978					gfx_set_clip	= $9978
=$3d88					N_FTYPE		= $3d88
=$4f00					N_USTATUS	= $4f00
=$6596					gm_pointer_cell	= $6596
=$3d87					N_FMODE		= $3d87
=4					AE_OP_EVENT	= 4
=$3d26					N_IOSTATUS	= $3d26
=$8765					gm_i		= $8765
=$86f6					gm_k		= $86f6
=$8766					gm_j		= $8766
=$9867					dc_field_done	= $9867
=$86fd					gm_other	= $86fd
=$86e1					gm_q		= $86e1
=$86fa					gm_i2		= $86fa
=$9d9e					gfx_band_select	= $9d9e
=$6c71					gm_aname	= $6c71
=$7279					gm_module_call	= $7279
=$967f					dc_begin	= $967f
=$9208					ae_register	= $9208
=$ae64					bk_check_failed	= $ae64
=$6adc					gm_sort		= $6adc
=$8a4a					ae_call		= $8a4a
=8					MU_M2		= 8
=$9af5					gfx_store_clip	= $9af5
=$3d8e					N_FERROR	= $3d8e
=$85ac					gm_s_free	= $85ac
=$7b66					gm_arrowed	= $7b66
=$81bb					gm_label_9	= $81bb
=10					WS_TEXT		= 10
=$71e7					gm_session_save	= $71e7
=$a79f					nk_active	= $a79f
=$7626					gm_title_usb	= $7626
=$9898					dc_status	= $9898
=$9f1e					gfx_pen		= $9f1e
=7					N_REENTRANT	= 7
=$72e9					gm_prt_probe	= $72e9
=$765d					gm_title_end	= $765d
=$81ac					gm_icon_label_lo= $81ac
=$755b					gm_ult_enter	= $755b
=$66a5					gm_key_set	= $66a5
=$6d68					gm_info_sum	= $6d68
=$a675					pm_pots		= $a675
=$8609					gm_inf_name	= $8609
=$aba0					vm_rows		= $aba0
=$3d3d					N_UARG		= $3d3d
=$a9ec					vm_present	= $a9ec
=3					UI_BUFFER	= 3
=$7623					gm_title_set	= $7623
=$0002					WK_CLOSER	= $0002
=$9a55					gfx_clip_copy	= $9a55
=$6b41					gm_compare	= $6b41
=$930e					ae_event_fired	= $930e
=$9f3a					gfx_columns	= $9f3a
=5					GM_MOP_USBINFO	= 5
=$9f20					gfx_error	= $9f20
=$6aa3					gm_chunk_next	= $6aa3
=$5000					N_SERVICELIMIT	= $5000
=$7874					gm_text_suffix	= $7874
=$880b					gm_bitmask	= $880b
=$7fd5					gm_launch_fail	= $7fd5
=4					GM_MOP_CONTROL	= 4
=$9e70					gfx_aligned_ink	= $9e70
=$a394					pm_install	= $a394
=8					GM_MOP_SAVEDESK	= 8
=$7c8f					gm_wset_simple	= $7c8f
=$85c4					gm_session	= $85c4
=$8846					gm_dirpage	= $8846
=$8369					gm_s_blocks	= $8369
=$86a9					gm_lock_name	= $86a9
=$9828					dc_field_track	= $9828
=$94cf					ae_ev_params	= $94cf
=1					FO_PRESENT	= 1
=1					BP_TRACK_DIRTY	= 1
=$abf5					bk_call		= $abf5
=$6c73					gm_info_name	= $6c73
=$9eca					gfx_glyph_shift	= $9eca
=$83ed					gm_badname_alert= $83ed
=$6eb4					gm_del_go	= $6eb4
=26					WM_VSLID	= 26
=7					UI_FILTER	= 7
=$a9fb					vd_select	= $a9fb
=$86a5					gm_alert_default= $86a5
=$749e					gm_fn_next	= $749e
=32					BK_OWNER	= 32
=$81b6					gm_label_boot	= $81b6
=$7767					gm_usb_document	= $7767
=$9a07					gfx_pixel_limits= $9a07
=$a985					bp_open_failed	= $a985
=$6dec					gm_read_record	= $6dec
=$5000					gm_sortbuf	= $5000
=$a025					gfx_text_done	= $a025
=$a683					pm_init_saved	= $a683
=16					WF_VSLSIZE	= 16
=$acd0					bk_service_bad	= $acd0
=$84f8					gm_usht		= $84f8
=$aa20					bp_fault	= $aa20
=$7478					gm_ult_scan_done= $7478
=0					BP_SHARED_MEMORY= 0
=$946f					ae_menu_read	= $946f
=$b0d9					bk_load_success	= $b0d9
=$9894					dc_track	= $9894
=$6339					gm_alert_rows	= $6339
=$1c62					N_MCALL		= $1c62
=$81a3					gm_icon_on	= $81a3
=$698b					gm_scan_skip	= $698b
=$81cd					gm_label_printer= $81cd
=$9d20					gfx_band	= $9d20
=$ae62					bk_check_end	= $ae62
=1					MU_KEYBD	= 1
=$83e3					gm_s_bar	= $83e3
=$a682					pm_high		= $a682
=$3d2f					N_DESKTOPSEL	= $3d2f
=16					AE_CAP_SESSION	= 16
=$9a21					gfx_limits_y	= $9a21
=$b0e8					bk_long_image	= $b0e8
=$a530					pm_move		= $a530
=16					GM_PAGES	= 16
=16					AC_PAGES	= 16
=$86f2					gm_page		= $86f2
=$9910					gfx_bind	= $9910
=$9fe5					gfx_text_next	= $9fe5
=$8787					gm_win_handle	= $8787
=$6c0b					gm_view_checks	= $6c0b
=$7aa0					gm_read_none	= $7aa0
=$6fe1					gm_refresh_drive= $6fe1
=$3d8f					N_FDOS		= $3d8f
=$8455					gm_start_alert	= $8455
=$6cdd					gm_info_fail	= $6cdd
=$a981					bp_open_bad	= $a981
=$8783					gm_rect		= $8783
=$3d34					N_BROWSERNAME_LEN= $3d34
=$b236					bk_offset	= $b236
=$8770					gm_num		= $8770
=7					WF_FULLXYWH	= 7
=$98cb					dc_free		= $98cb
=$0400					WK_RTARROW	= $0400
=$614d					pm_select_surface= $614d
=$9f52					gfx_band_first	= $9f52
=$79bd					gm_rows_fail	= $79bd
=$9fd3					gfx_text_badarg	= $9fd3
=$9b30					gfx_clip_reset_next= $9b30
=0					NK_LOCAL_HELP	= 0
=$6bc9					gm_name_key	= $6bc9

;******  Return to file: src/native/gemdesk-usb.asm

.b23e					gm_mod_usb:
>b23e	4e 4d 4f 44			        .text "nmod"
>b242	01 01 0e 00			        .byte 1,1,14,0
>b246	ab 0c				        .word gm_mod_usb_end-gm_mod_usb
>b248	00 00				        .word 0
>b24a	10 00				        .word usb.entry-gm_mod_usb
>b24c	00 00				        .word 0
.b24e					usb
.b24e					entry:
.b24e	a2 03		ldx #$03	        ldx #3                  ; forms draw on the desktop's surface
.b250	bd d2 86	lda $86d2,x	-       lda gm_surface,x
.b253	9d a7 be	sta $bea7,x	        sta fo_surface,x
.b256	ca		dex		        dex
.b257	10 f7		bpl $b250	        bpl -
.b259	4c eb b2	jmp $b2eb	        jmp gm_uinfo
.b25c					gm_form:
.b25c	8d 8e b2	sta $b28e	        sta gm_form_ptr
.b25f	8e 8f b2	stx $b28f	        stx gm_form_ptr+1
.b262	20 5f 61	jsr $615f	        jsr gm_bind
.b265	b0 1e		bcs $b285	        bcs gm_form_done
.b267	20 2e 9b	jsr $9b2e	        jsr gfx_clip_defaults
.b26a	ad 8e b2	lda $b28e	        lda gm_form_ptr
.b26d	ae 8f b2	ldx $b28f	        ldx gm_form_ptr+1
.b270	20 95 b5	jsr $b595	        jsr fo_open
.b273	b0 10		bcs $b285	        bcs gm_form_done
.b275	20 81 b6	jsr $b681	        jsr fo_do
.b278	b0 0c		bcs $b286	        bcs gm_form_close_error
.b27a	8d 8d b2	sta $b28d	        sta gm_form_exit
.b27d	20 4e b6	jsr $b64e	        jsr fo_close
.b280	b0 03		bcs $b285	        bcs gm_form_done
.b282	ad 8d b2	lda $b28d	        lda gm_form_exit
.b285					gm_form_done:
.b285	60		rts		        rts
.b286					gm_form_close_error:
.b286	48		pha		        pha
.b287	20 4e b6	jsr $b64e	        jsr fo_close
.b28a	68		pla		        pla
.b28b	38		sec		        sec
.b28c	60		rts		        rts
>b28d	00				gm_form_exit: .byte 0
>b28e	00 00				gm_form_ptr: .word 0
>b290	00 00 00 00 00 00 00 00		gm_info_line: .fill 32,0
>b298	00 00 00 00 00 00 00 00 00 00 00 00 00 00 00 00
>b2a8	00 00 00 00 00 00 00 00
>b2b0	49 74 65 6d 20 49 6e 66		gm_t_info: .byte 73,116,101,109,32,73,110,102,111,114,109,97,116,105,111,110,0   ; Item Information
>b2b8	6f 72 6d 61 74 69 6f 6e 00
>b2c1	52 65 61 64 2d 6f 6e 6c		gm_t_readonly: .byte 82,101,97,100,45,111,110,108,121,0   ; Read-only
>b2c9	79 00
>b2cb	4f 4b 00			gm_t_ok: .byte 79,75,0   ; OK
>b2ce	43 61 6e 63 65 6c 00		gm_t_cancel: .byte 67,97,110,99,101,108,0   ; Cancel
>b2d5	5b 33 5d 5b 43 6f 75 6c		gm_s_norename: .byte 91,51,93,91,67,111,117,108,100,32,110,111,116,32,114,101,110,97,109,101,124,0   ; [3][Could not rename|
>b2dd	64 20 6e 6f 74 20 72 65 6e 61 6d 65 7c 00
.b2eb					gm_uinfo:
.b2eb	20 ec 6d	jsr $6dec	        jsr gm_read_record
.b2ee	90 03		bcc $b2f3	        bcc +
.b2f0	4c ff 6b	jmp $6bff	        jmp gm_view_fail
.b2f3	ad 45 88	lda $8845	+       lda gm_rec+20
.b2f6	20 88 74	jsr $7488	        jsr gm_ult_fullname     ; N_UPATH/N_FNAMELEN; the leaf in gm_name/gm_nlen
.b2f9	90 03		bcc $b2fe	        bcs gm_ui_error
.b2fb	4c bf b3	jmp $b3bf
.b2fe	a9 08		lda #$08	        lda #$08                ; FILE_STAT
.b300	20 d5 76	jsr $76d5	        jsr gm_ucmd
.b303	b0 f6		bcs $b2fb	        bcs gm_ui_error
.b305	ad 8c 3d	lda $3d8c	        lda N_FACTUAL+1
.b308	d0 0a		bne $b314	        bne +
.b30a	ad 8b 3d	lda $3d8b	        lda N_FACTUAL
.b30d	c9 0d		cmp #$0d	        cmp #13                 ; the fields and at least one name byte
.b30f	b0 03		bcs $b314	        bcc gm_ui_short
.b311	4c bd b3	jmp $b3bd
.b314	a2 03		ldx #$03	+       ldx #3                  ; size, before the form reuses N_BUFFER
.b316	bd 00 3a	lda $3a00,x	-       lda N_BUFFER,x
.b319	9d e1 86	sta $86e1,x	        sta gm_q,x
.b31c	ca		dex		        dex
.b31d	10 f7		bpl $b316	        bpl -
.b31f	ad 0b 3a	lda $3a0b	        lda N_BUFFER+11         ; attribute: 1 read-only, $10 folder
.b322	8d 91 b4	sta $b491	        sta gm_uattr
.b325	ad 3e 85	lda $853e	        lda gm_nlen             ; the leaf into the field (63 at most)
.b328	c9 40		cmp #$40	        cmp #64
.b32a	90 02		bcc $b32e	        bcc +
.b32c	a9 3f		lda #$3f	        lda #63
.b32e	8d 92 b4	sta $b492	+       sta gm_uname_field
.b331	aa		tax		        tax
.b332	bd 49 89	lda $8949,x	-       lda gm_name-1,x
.b335	9d 99 b4	sta $b499,x	        sta gm_uname_buf-1,x
.b338	ca		dex		        dex
.b339	d0 f7		bne $b332	        bne -
.b33b	a9 00		lda #$00	        lda #0                  ; the line: "Folder" or "File, N bytes"
.b33d	8d 01 87	sta $8701	        sta gm_alen
.b340	ad 91 b4	lda $b491	        lda gm_uattr
.b343	29 10		and #$10	        and #$10
.b345	f0 0a		beq $b351	        beq +
.b347	a9 0f		lda #$0f	        lda #<gm_s_ufolder
.b349	a2 b5		ldx #$b5	        ldx #>gm_s_ufolder
.b34b	20 b7 6d	jsr $6db7	        jsr gm_astr
.b34e	4c 79 b3	jmp $b379	        jmp gm_ui_line
.b351	a9 16		lda #$16	+       lda #<gm_s_ufile
.b353	a2 b5		ldx #$b5	        ldx #>gm_s_ufile
.b355	20 b7 6d	jsr $6db7	        jsr gm_astr
.b358	ad e2 86	lda $86e2	        lda gm_q+1              ; exactly one: "1 byte"
.b35b	0d e3 86	ora $86e3	        ora gm_q+2
.b35e	0d e4 86	ora $86e4	        ora gm_q+3
.b361	d0 05		bne $b368	        bne +
.b363	ad e1 86	lda $86e1	        lda gm_q
.b366	c9 01		cmp #$01	        cmp #1
.b368	08		php		+       php
.b369	20 5a 62	jsr $625a	        jsr gm_anum32
.b36c	a9 1d		lda #$1d	        lda #<gm_s_ubytes
.b36e	a2 b5		ldx #$b5	        ldx #>gm_s_ubytes
.b370	20 b7 6d	jsr $6db7	        jsr gm_astr
.b373	28		plp		        plp
.b374	d0 03		bne $b379	        bne gm_ui_line
.b376	ce 01 87	dec $8701	        dec gm_alen             ; drop the "s"
.b379					gm_ui_line:
.b379	ae 01 87	ldx $8701	        ldx gm_alen
.b37c	a9 00		lda #$00	        lda #0
.b37e	9d 02 87	sta $8702,x	        sta gm_abuf,x
.b381	bd 02 87	lda $8702,x	-       lda gm_abuf,x
.b384	9d 90 b2	sta $b290,x	        sta gm_info_line,x
.b387	ca		dex		        dex
.b388	10 f7		bpl $b381	        bpl -
.b38a	ad 91 b4	lda $b491	        lda gm_uattr            ; read-only: shown, not changeable
.b38d	4a		lsr a		        lsr
.b38e	a9 00		lda #$00	        lda #0
.b390	90 02		bcc $b394	        bcc +
.b392	a9 01		lda #$01	        lda #FOS_SELECTED
.b394	09 02		ora #$02	+       ora #FOS_DISABLED
.b396	8d f9 b4	sta $b4f9	        sta gm_uinfo_form+5+3*8+2
.b399	a9 da		lda #$da	        lda #<gm_uinfo_form
.b39b	a2 b4		ldx #$b4	        ldx #>gm_uinfo_form
.b39d	20 5c b2	jsr $b25c	        jsr gm_form
.b3a0	90 03		bcc $b3a5	        bcc +
.b3a2	4c ff 6b	jmp $6bff	        jmp gm_view_fail
.b3a5	c9 04		cmp #$04	+       cmp #4                  ; OK
.b3a7	d0 13		bne $b3bc	        bne gm_ui_done
.b3a9	ae 92 b4	ldx $b492	        ldx gm_uname_field      ; unchanged: nothing to do
.b3ac	ec 3e 85	cpx $853e	        cpx gm_nlen
.b3af	d0 1a		bne $b3cb	        bne gm_urename
.b3b1	bd 99 b4	lda $b499,x	-       lda gm_uname_buf-1,x
.b3b4	dd 49 89	cmp $8949,x	        cmp gm_name-1,x
.b3b7	d0 12		bne $b3cb	        bne gm_urename
.b3b9	ca		dex		        dex
.b3ba	d0 f5		bne $b3b1	        bne -
.b3bc					gm_ui_done:
.b3bc	60		rts		        rts
.b3bd					gm_ui_short:
.b3bd	a9 11		lda #$11	        lda #N_IOERROR
.b3bf					gm_ui_error:
.b3bf	4c 6e 76	jmp $766e	        jmp gm_usb_error
.b3c2					gm_ur_bad:
.b3c2	a9 24		lda #$24	        lda #<gm_s_ur_bad
.b3c4	a2 b5		ldx #$b5	        ldx #>gm_s_ur_bad
.b3c6	a0 01		ldy #$01	        ldy #1
.b3c8	4c f4 62	jmp $62f4	        jmp gm_alert
.b3cb					gm_urename:
.b3cb	ae 92 b4	ldx $b492	        ldx gm_uname_field
.b3ce	f0 f2		beq $b3c2	        beq gm_ur_bad
.b3d0	bd 99 b4	lda $b499,x	        lda gm_uname_buf-1,x
.b3d3	c9 20		cmp #$20	        cmp #$20
.b3d5	f0 eb		beq $b3c2	        beq gm_ur_bad
.b3d7	c9 2e		cmp #$2e	        cmp #$2e
.b3d9	f0 e7		beq $b3c2	        beq gm_ur_bad
.b3db					gm_ur_char:
.b3db	bd 99 b4	lda $b499,x	        lda gm_uname_buf-1,x
.b3de	c9 20		cmp #$20	        cmp #$20
.b3e0	90 e0		bcc $b3c2	        bcc gm_ur_bad
.b3e2	c9 7f		cmp #$7f	        cmp #$7f
.b3e4	b0 dc		bcs $b3c2	        bcs gm_ur_bad
.b3e6	a0 08		ldy #$08	        ldy #8
.b3e8					gm_ur_forbid:
.b3e8	d9 85 b4	cmp $b485,y	        cmp gm_ur_forbidden,y
.b3eb	f0 d5		beq $b3c2	        beq gm_ur_bad
.b3ed	88		dey		        dey
.b3ee	10 f8		bpl $b3e8	        bpl gm_ur_forbid
.b3f0	ca		dex		        dex
.b3f1	d0 e8		bne $b3db	        bne gm_ur_char
.b3f3	ad 45 88	lda $8845	        lda gm_rec+20           ; the old full path again (the form used N_BUFFER)
.b3f6	20 88 74	jsr $7488	        jsr gm_ult_fullname
.b3f9	b0 c4		bcs $b3bf	        bcs gm_ui_error
.b3fb	ad 86 3d	lda $3d86	        lda N_FNAMELEN          ; "old NUL new": new = the old path's folder + name
.b3fe	8d 8e b4	sta $b48e	        sta gm_ur_old
.b401	38		sec		        sec
.b402	ed 3e 85	sbc $853e	        sbc gm_nlen
.b405	8d 8f b4	sta $b48f	        sta gm_ur_dir
.b408	ae 8e b4	ldx $b48e	        ldx gm_ur_old
.b40b	a9 00		lda #$00	        lda #0
.b40d	9d 00 4e	sta $4e00,x	        sta N_UPATH,x
.b410	e8		inx		        inx
.b411	f0 59		beq $b46c	        beq gm_ur_long
.b413	a0 00		ldy #$00	        ldy #0
.b415	cc 8f b4	cpy $b48f	-       cpy gm_ur_dir
.b418	f0 0c		beq $b426	        beq +
.b41a	b9 00 4e	lda $4e00,y	        lda N_UPATH,y
.b41d	9d 00 4e	sta $4e00,x	        sta N_UPATH,x
.b420	e8		inx		        inx
.b421	f0 49		beq $b46c	        beq gm_ur_long
.b423	c8		iny		        iny
.b424	d0 ef		bne $b415	        bne -
.b426	a0 00		ldy #$00	+       ldy #0
.b428	b9 9a b4	lda $b49a,y	-       lda gm_uname_buf,y
.b42b	9d 00 4e	sta $4e00,x	        sta N_UPATH,x
.b42e	e8		inx		        inx
.b42f	f0 3b		beq $b46c	        beq gm_ur_long
.b431	c8		iny		        iny
.b432	cc 92 b4	cpy $b492	        cpy gm_uname_field
.b435	d0 f1		bne $b428	        bne -
.b437	8e 86 3d	stx $3d86	        stx N_FNAMELEN
.b43a	8e 90 b4	stx $b490	        stx gm_ur_end
.b43d	a9 0a		lda #$0a	        lda #$0a                ; RENAME_FILE
.b43f	20 d5 76	jsr $76d5	        jsr gm_ucmd
.b442	b0 2a		bcs $b46e	        bcs gm_ur_failed
.b444	ad 8b 3d	lda $3d8b	        lda N_FACTUAL
.b447	0d 8c 3d	ora $3d8c	        ora N_FACTUAL+1
.b44a	d0 2d		bne $b479	        bne gm_ur_unproven
.b44c	ae 8e b4	ldx $b48e	        ldx gm_ur_old           ; the new path alone, for FILE_STAT
.b44f	e8		inx		        inx
.b450	a0 00		ldy #$00	        ldy #0
.b452	bd 00 4e	lda $4e00,x	-       lda N_UPATH,x
.b455	99 00 4e	sta $4e00,y	        sta N_UPATH,y
.b458	c8		iny		        iny
.b459	e8		inx		        inx
.b45a	ec 90 b4	cpx $b490	        cpx gm_ur_end
.b45d	d0 f3		bne $b452	        bne -
.b45f	8c 86 3d	sty $3d86	        sty N_FNAMELEN
.b462	a9 08		lda #$08	        lda #$08
.b464	20 d5 76	jsr $76d5	        jsr gm_ucmd
.b467	b0 10		bcs $b479	        bcs gm_ur_unproven
.b469	4c 5e 75	jmp $755e	        jmp gm_ult_rescan
.b46c					gm_ur_long:
.b46c	a9 23		lda #$23	        lda #$23                ; the paths would exceed 255 bytes
.b46e					gm_ur_failed:
.b46e	48		pha		        pha
.b46f	a9 d5		lda #$d5	        lda #<gm_s_norename
.b471	a2 b2		ldx #$b2	        ldx #>gm_s_norename
.b473	20 cd 6f	jsr $6fcd	        jsr gm_fail_head
.b476	4c 70 6f	jmp $6f70	        jmp gm_error_hex
.b479					gm_ur_unproven:
.b479	a9 56		lda #$56	        lda #<gm_s_ur_unproven
.b47b	a2 b5		ldx #$b5	        ldx #>gm_s_ur_unproven
.b47d	a0 01		ldy #$01	        ldy #1
.b47f	20 f4 62	jsr $62f4	        jsr gm_alert
.b482	4c 5e 75	jmp $755e	        jmp gm_ult_rescan
>b485	22 2f 5c 3a 3c 3e 2a 3f		gm_ur_forbidden: .byte $22,$2f,$5c,$3a,$3c,$3e,$2a,$3f,$7c
>b48d	7c
>b48e	00				gm_ur_old: .byte 0
>b48f	00				gm_ur_dir: .byte 0
>b490	00				gm_ur_end: .byte 0
>b491	00				gm_uattr: .byte 0
>b492	00 00 3f			gm_uname_field: .byte 0,0,63    ; N_FEDIT record: length, caret, maximum,
>b495	9a b4				        .word gm_uname_buf      ; buffer, 40/80-column views, no filter
>b497	00 00 00			        .byte 0,0,0
>b49a	00 00 00 00 00 00 00 00		gm_uname_buf: .fill 64,0
>b4a2	00 00 00 00 00 00 00 00 00 00 00 00 00 00 00 00
;	...repeated 2 times (32 bytes)...
>b4d2	00 00 00 00 00 00 00 00
>b4da	ff 00 1e 0a 06			gm_uinfo_form: .byte $ff,0,30,10,6
>b4df	01 00 00 02 01 14		        .byte FOT_TEXT,0,0,2,1,20
>b4e5	b0 b2				        .word gm_t_info
>b4e7	05 00 00 02 03 1a		        .byte FOT_FIELD,0,0,2,3,26
>b4ed	92 b4				        .word gm_uname_field
>b4ef	01 00 00 02 04 1a		        .byte FOT_TEXT,0,0,2,4,26
>b4f5	90 b2				        .word gm_info_line
>b4f7	03 00 02 02 05 0c		        .byte FOT_CHECK,0,FOS_DISABLED,2,5,12
>b4fd	c1 b2				        .word gm_t_readonly
>b4ff	02 03 00 08 07 08		        .byte FOT_BUTTON,FOF_DEFAULT|FOF_EXIT,0,8,7,8
>b505	cb b2				        .word gm_t_ok
>b507	02 06 00 12 07 08		        .byte FOT_BUTTON,FOF_CANCEL|FOF_EXIT,0,18,7,8
>b50d	ce b2				        .word gm_t_cancel
>b50f	46 6f 6c 64 65 72 00		gm_s_ufolder: .byte 70,111,108,100,101,114,0   ; Folder
>b516	46 69 6c 65 2c 20 00		gm_s_ufile: .byte 70,105,108,101,44,32,0   ; File,
>b51d	20 62 79 74 65 73 00		gm_s_ubytes: .byte 32,98,121,116,101,115,0   ;  bytes
>b524	5b 31 5d 5b 54 68 61 74		gm_s_ur_bad: .byte 91,49,93,91,84,104,97,116,32,110,97,109,101,32,99,97,110,110,111,116,32,98,101,124
>b52c	20 6e 61 6d 65 20 63 61 6e 6e 6f 74 20 62 65 7c
>b53c	75 73 65 64 20 6f 6e 20		        .byte 117,115,101,100,32,111,110,32,85,83,66,32,115,116,111,114,97,103,101,46,93,91,79,75
>b544	55 53 42 20 73 74 6f 72 61 67 65 2e 5d 5b 4f 4b
>b554	5d 00				        .byte 93,0   ; [1][That name cannot be|used on USB storage.][OK]
>b556	5b 33 5d 5b 54 68 65 20		gm_s_ur_unproven: .byte 91,51,93,91,84,104,101,32,100,114,105,118,101,32,100,105,100,32,110,111,116,124,99,111
>b55e	64 72 69 76 65 20 64 69 64 20 6e 6f 74 7c 63 6f
>b56e	6e 66 69 72 6d 20 74 68		        .byte 110,102,105,114,109,32,116,104,101,32,110,101,119,32,110,97,109,101,59,124,115,101,101,32
>b576	65 20 6e 65 77 20 6e 61 6d 65 3b 7c 73 65 65 20
>b586	74 68 65 20 6c 69 73 74		        .byte 116,104,101,32,108,105,115,116,46,93,91,79,75,93,0   ; [3][The drive did not|confirm the new name;|see the list.][OK]
>b58e	2e 5d 5b 4f 4b 5d 00

;******  Processing file: src/native/forms.inc

=1					FOT_TEXT = 1
=2					FOT_BUTTON = 2
=3					FOT_CHECK = 3
=4					FOT_RADIO = 4
=5					FOT_FIELD = 5
=1					FOF_DEFAULT = 1                  ; flags
=2					FOF_EXIT = 2
=4					FOF_CANCEL = 4
=1					FOS_SELECTED = 1                 ; state
=2					FOS_DISABLED = 2
=$61					FOC_PAPER = $61
=$07					FOC_FOCUS = $07
=$c1					FOC_GREY = $c1
=32					FOT_MAX_OBJECTS = 32
.b595					fo_open:
.b595	8d af be	sta $beaf	        sta fo_ptr
.b598	8e b0 be	stx $beb0	        stx fo_ptr+1
.b59b	8d a4 b5	sta $b5a4	        sta fo_hdr+1
.b59e	8e a5 b5	stx $b5a5	        stx fo_hdr+2
.b5a1	a0 04		ldy #$04	        ldy #4
.b5a3					fo_hdr:
.b5a3	b9 ff ff	lda $ffff,y	        lda $ffff,y
.b5a6	99 b1 be	sta $beb1,y	        sta fo_x,y
.b5a9	88		dey		        dey
.b5aa	10 f7		bpl $b5a3	        bpl fo_hdr
.b5ac	ad b5 be	lda $beb5	        lda fo_n
.b5af	d0 03		bne $b5b4	        beq fo_bad
.b5b1	4c 4a b6	jmp $b64a
.b5b4	c9 21		cmp #$21	        cmp #FOT_MAX_OBJECTS+1
.b5b6	b0 f9		bcs $b5b1	        bcs fo_bad
.b5b8	ad b3 be	lda $beb3	        lda fo_w
.b5bb	c9 03		cmp #$03	        cmp #3
.b5bd	90 f2		bcc $b5b1	        bcc fo_bad
.b5bf	c9 27		cmp #$27	        cmp #39
.b5c1	b0 ee		bcs $b5b1	        bcs fo_bad
.b5c3	ad b4 be	lda $beb4	        lda fo_h
.b5c6	c9 03		cmp #$03	        cmp #3
.b5c8	90 e7		bcc $b5b1	        bcc fo_bad
.b5ca	c9 18		cmp #$18	        cmp #24
.b5cc	b0 7c		bcs $b64a	        bcs fo_bad
.b5ce	ad b1 be	lda $beb1	        lda fo_x
.b5d1	c9 ff		cmp #$ff	        cmp #$ff
.b5d3	d0 18		bne $b5ed	        bne fo_placed
.b5d5	a9 28		lda #$28	        lda #40                 ; centred below the menu bar
.b5d7	38		sec		        sec
.b5d8	ed b3 be	sbc $beb3	        sbc fo_w
.b5db	4a		lsr a		        lsr
.b5dc	8d b1 be	sta $beb1	        sta fo_x
.b5df	a9 19		lda #$19	        lda #25
.b5e1	38		sec		        sec
.b5e2	ed b4 be	sbc $beb4	        sbc fo_h
.b5e5	4a		lsr a		        lsr
.b5e6	d0 02		bne $b5ea	        bne +
.b5e8	a9 01		lda #$01	        lda #1
.b5ea	8d b2 be	sta $beb2	+       sta fo_y
.b5ed					fo_placed:
.b5ed	ad b2 be	lda $beb2	        lda fo_y
.b5f0	f0 58		beq $b64a	        beq fo_bad
.b5f2	18		clc		        clc
.b5f3	6d b4 be	adc $beb4	        adc fo_h
.b5f6	c9 1a		cmp #$1a	        cmp #26
.b5f8	b0 50		bcs $b64a	        bcs fo_bad
.b5fa	ad b1 be	lda $beb1	        lda fo_x
.b5fd	18		clc		        clc
.b5fe	6d b3 be	adc $beb3	        adc fo_w
.b601	c9 29		cmp #$29	        cmp #41
.b603	b0 45		bcs $b64a	        bcs fo_bad
.b605	20 df bc	jsr $bcdf	        jsr fo_transfer_alloc   ; save the cells under the form
.b608	b0 35		bcs $b63f	        bcs fo_open_done
.b60a	a2 00		ldx #$00	        ldx #0                  ; fields: caret at the end
.b60c					fo_init_fields:
.b60c	8e c2 be	stx $bec2	        stx fo_i
.b60f	20 30 b9	jsr $b930	        jsr fo_fetch
.b612	ad b6 be	lda $beb6	        lda fo_type
.b615	c9 05		cmp #$05	        cmp #FOT_FIELD
.b617	d0 0d		bne $b626	        bne +
.b619	20 82 b9	jsr $b982	        jsr fo_uiptr
.b61c	a9 00		lda #$00	        lda #0
.b61e	8d 37 3d	sta $3d37	        sta N_UIKEY
.b621	20 59 1c	jsr $1c59	        jsr N_FEDIT
.b624	b0 1a		bcs $b640	        bcs fo_open_free
.b626	ae c2 be	ldx $bec2	+       ldx fo_i
.b629	e8		inx		        inx
.b62a	ec b5 be	cpx $beb5	        cpx fo_n
.b62d	d0 dd		bne $b60c	        bne fo_init_fields
.b62f	a9 ff		lda #$ff	        lda #$ff
.b631	8d c1 be	sta $bec1	        sta fo_focus
.b634	a9 01		lda #$01	        lda #1                  ; a press held from before is not a click
.b636	8d c9 be	sta $bec9	        sta fo_prev_button
.b639	20 9a b8	jsr $b89a	        jsr fo_next
.b63c	20 8f b9	jsr $b98f	        jsr fo_draw_all
.b63f					fo_open_done:
.b63f	60		rts		        rts
.b640					fo_open_free:
.b640	48		pha		        pha
.b641	20 4c be	jsr $be4c	        jsr fo_select_save
.b644	20 23 1c	jsr $1c23	        jsr N_FREE
.b647	68		pla		        pla
.b648	38		sec		        sec
.b649	60		rts		        rts
.b64a					fo_bad:
.b64a	a9 01		lda #$01	        lda #N_BADARG
.b64c	38		sec		        sec
.b64d	60		rts		        rts
.b64e					fo_close:
.b64e	a9 01		lda #$01	        lda #1                  ; saved copy -> surface
.b650	20 3b bd	jsr $bd3b	        jsr fo_transfer
.b653	08		php		        php
.b654	48		pha		        pha
.b655	20 61 b6	jsr $b661	        jsr fo_mark_rows        ; a raw copy, unseen by the graphics core's tracking
.b658	20 4c be	jsr $be4c	        jsr fo_select_save
.b65b	20 23 1c	jsr $1c23	        jsr N_FREE
.b65e	68		pla		        pla
.b65f	28		plp		        plp
.b660	60		rts		        rts
.b661					fo_mark_rows:
.b661	ae b2 be	ldx $beb2	        ldx fo_y
.b664	ac b4 be	ldy $beb4	        ldy fo_h
.b667	f0 0c		beq $b675	        beq +
.b669	a9 01		lda #$01	        lda #1
.b66b	8d b9 ab	sta $abb9	        sta vm_pending
.b66e	9d a0 ab	sta $aba0,x	-       sta vm_rows,x
.b671	e8		inx		        inx
.b672	88		dey		        dey
.b673	d0 f9		bne $b66e	        bne -
.b675	60		rts		+       rts
.b676					fo_redraw:
.b676	20 dd b9	jsr $b9dd	        jsr fo_draw_obj
.b679	08		php		        php
.b67a	48		pha		        pha
.b67b	20 2e 9b	jsr $9b2e	        jsr gfx_clip_defaults
.b67e	68		pla		        pla
.b67f	28		plp		        plp
.b680	60		rts		        rts
.b681					fo_do:
.b681	20 b9 62	jsr $62b9	        jsr ae_present          ; the app's VDC mirror: rows the dialog redrew
.b684	a9 01		lda #$01	        lda #1
.b686	8d 12 3d	sta $3d12	        sta N_READY
.b689	20 3b 1c	jsr $1c3b	        jsr N_KEYIN
.b68c	a2 00		ldx #$00	        ldx #0
.b68e	8e 12 3d	stx $3d12	        stx N_READY
.b691	8d c7 be	sta $bec7	        sta fo_key
.b694	20 66 a4	jsr $a466	        jsr pm_poll
.b697	a2 00		ldx #$00	        ldx #0                  ; a press is a change from up to down
.b699	ad 77 a6	lda $a677	        lda pm_buttons
.b69c	f0 06		beq $b6a4	        beq +
.b69e	ad c9 be	lda $bec9	        lda fo_prev_button
.b6a1	d0 01		bne $b6a4	        bne +
.b6a3	e8		inx		        inx
.b6a4	8e c8 be	stx $bec8	+       stx fo_press
.b6a7	ad 77 a6	lda $a677	        lda pm_buttons
.b6aa	f0 02		beq $b6ae	        beq +
.b6ac	a9 01		lda #$01	        lda #1
.b6ae	8d c9 be	sta $bec9	+       sta fo_prev_button
.b6b1	ad c7 be	lda $bec7	        lda fo_key
.b6b4	f0 05		beq $b6bb	        beq +
.b6b6	20 f7 b6	jsr $b6f7	        jsr fo_key_act
.b6b9	b0 0a		bcs $b6c5	        bcs fo_do_result
.b6bb	ad c8 be	lda $bec8	+       lda fo_press
.b6be	f0 c1		beq $b681	        beq fo_do
.b6c0	20 a0 b7	jsr $b7a0	        jsr fo_click
.b6c3	90 bc		bcc $b681	        bcc fo_do
.b6c5					fo_do_result:
.b6c5	ad 77 a6	lda $a677	-       lda pm_buttons          ; left with the pointer: the press ends here, at
.b6c8	f0 13		beq $b6dd	        beq +                   ; its release, so the caller never sees it
.b6ca	a9 01		lda #$01	        lda #1
.b6cc	8d 12 3d	sta $3d12	        sta N_READY
.b6cf	20 3b 1c	jsr $1c3b	        jsr N_KEYIN             ; (idle; a key typed meanwhile is dropped)
.b6d2	a2 00		ldx #$00	        ldx #0
.b6d4	8e 12 3d	stx $3d12	        stx N_READY
.b6d7	20 66 a4	jsr $a466	        jsr pm_poll
.b6da	4c c5 b6	jmp $b6c5	        jmp -
.b6dd	ad ca be	lda $beca	+       lda fo_exit
.b6e0	c9 ff		cmp #$ff	        cmp #$ff
.b6e2	f0 02		beq $b6e6	        beq +
.b6e4	18		clc		        clc
.b6e5	60		rts		        rts
.b6e6	ad cb be	lda $becb	+       lda fo_error
.b6e9	38		sec		        sec
.b6ea	60		rts		        rts
.b6eb					fo_fail:
.b6eb	8d cb be	sta $becb	        sta fo_error
.b6ee	a9 ff		lda #$ff	        lda #$ff
.b6f0	8d ca be	sta $beca	        sta fo_exit
.b6f3	38		sec		        sec
.b6f4	60		rts		        rts
.b6f5					fo_continue:
.b6f5	18		clc		        clc
.b6f6	60		rts		        rts
.b6f7					fo_key_act:
.b6f7	c9 1b		cmp #$1b	        cmp #27                 ; Esc: the cancel object
.b6f9	d0 05		bne $b700	        bne +
.b6fb	a9 04		lda #$04	        lda #FOF_CANCEL
.b6fd	4c 75 b7	jmp $b775	        jmp fo_press_flagged
.b700	c9 0d		cmp #$0d	+       cmp #13
.b702	d0 1c		bne $b720	        bne +
.b704	ae c1 be	ldx $bec1	        ldx fo_focus            ; Return: the focused button, else the default
.b707	e0 ff		cpx #$ff	        cpx #$ff
.b709	f0 10		beq $b71b	        beq fo_return_default
.b70b	20 30 b9	jsr $b930	        jsr fo_fetch
.b70e	ad b6 be	lda $beb6	        lda fo_type
.b711	c9 02		cmp #$02	        cmp #FOT_BUTTON
.b713	d0 06		bne $b71b	        bne fo_return_default
.b715	ae c1 be	ldx $bec1	        ldx fo_focus
.b718	4c 05 b8	jmp $b805	        jmp fo_act
.b71b					fo_return_default:
.b71b	a9 01		lda #$01	        lda #FOF_DEFAULT
.b71d	4c 75 b7	jmp $b775	        jmp fo_press_flagged
.b720	c9 09		cmp #$09	+       cmp #9                  ; Tab, cursor down: next
.b722	f0 0e		beq $b732	        beq fo_key_next
.b724	c9 11		cmp #$11	        cmp #$11
.b726	f0 0a		beq $b732	        beq fo_key_next
.b728	c9 91		cmp #$91	        cmp #$91
.b72a	d0 0d		bne $b739	        bne fo_key_other
.b72c	20 c6 b8	jsr $b8c6	        jsr fo_prev
.b72f	4c 35 b7	jmp $b735	        jmp fo_focus_moved
.b732					fo_key_next:
.b732	20 9a b8	jsr $b89a	        jsr fo_next
.b735					fo_focus_moved:
.b735	b0 b4		bcs $b6eb	        bcs fo_fail
.b737	18		clc		        clc
.b738	60		rts		        rts
.b739					fo_key_other:
.b739	ae c1 be	ldx $bec1	        ldx fo_focus
.b73c	e0 ff		cpx #$ff	        cpx #$ff
.b73e	f0 b5		beq $b6f5	        beq fo_continue
.b740	20 30 b9	jsr $b930	        jsr fo_fetch
.b743	ad b6 be	lda $beb6	        lda fo_type
.b746	c9 05		cmp #$05	        cmp #FOT_FIELD
.b748	f0 0d		beq $b757	        beq fo_edit
.b74a	ad c7 be	lda $bec7	        lda fo_key              ; Space acts on the focused object
.b74d	c9 20		cmp #$20	        cmp #32
.b74f	d0 a4		bne $b6f5	        bne fo_continue
.b751	ae c1 be	ldx $bec1	        ldx fo_focus
.b754	4c 05 b8	jmp $b805	        jmp fo_act
.b757					fo_edit:
.b757	20 82 b9	jsr $b982	        jsr fo_uiptr
.b75a	ad c7 be	lda $bec7	        lda fo_key
.b75d	8d 37 3d	sta $3d37	        sta N_UIKEY
.b760	20 59 1c	jsr $1c59	        jsr N_FEDIT
.b763	b0 86		bcs $b6eb	        bcs fo_fail
.b765	ae c1 be	ldx $bec1	        ldx fo_focus
.b768	20 dd b9	jsr $b9dd	        jsr fo_draw_obj
.b76b	90 03		bcc $b770	        bcs fo_fail
.b76d	4c eb b6	jmp $b6eb
.b770	20 2e 9b	jsr $9b2e	        jsr gfx_clip_defaults
.b773	18		clc		        clc
.b774	60		rts		        rts
.b775					fo_press_flagged:
.b775	8d c6 be	sta $bec6	        sta fo_flag
.b778	a2 00		ldx #$00	        ldx #0
.b77a	8e c2 be	stx $bec2	-       stx fo_i
.b77d	20 30 b9	jsr $b930	        jsr fo_fetch
.b780	ad b7 be	lda $beb7	        lda fo_flags
.b783	2d c6 be	and $bec6	        and fo_flag
.b786	f0 0d		beq $b795	        beq +
.b788	ad b8 be	lda $beb8	        lda fo_state
.b78b	29 02		and #$02	        and #FOS_DISABLED
.b78d	d0 06		bne $b795	        bne +
.b78f	ae c2 be	ldx $bec2	        ldx fo_i
.b792	4c 05 b8	jmp $b805	        jmp fo_act
.b795	ae c2 be	ldx $bec2	+       ldx fo_i
.b798	e8		inx		        inx
.b799	ec b5 be	cpx $beb5	        cpx fo_n
.b79c	d0 dc		bne $b77a	        bne -
.b79e	18		clc		        clc
.b79f	60		rts		        rts
.b7a0					fo_click:
.b7a0	ad 71 a6	lda $a671	        lda pm_x+1              ; pointer cell
.b7a3	4a		lsr a		        lsr
.b7a4	ad 70 a6	lda $a670	        lda pm_x
.b7a7	6a		ror a		        ror
.b7a8	4a		lsr a		        lsr
.b7a9	4a		lsr a		        lsr
.b7aa	8d cd be	sta $becd	        sta fo_cx
.b7ad	ad 72 a6	lda $a672	        lda pm_y
.b7b0	4a		lsr a		        lsr
.b7b1	4a		lsr a		        lsr
.b7b2	4a		lsr a		        lsr
.b7b3	8d ce be	sta $bece	        sta fo_cy
.b7b6	a2 00		ldx #$00	        ldx #0
.b7b8					fo_hit:
.b7b8	8e c2 be	stx $bec2	        stx fo_i
.b7bb	20 30 b9	jsr $b930	        jsr fo_fetch
.b7be	20 1a b9	jsr $b91a	        jsr fo_focusable
.b7c1	90 34		bcc $b7f7	        bcc fo_hit_next
.b7c3	ad cd be	lda $becd	        lda fo_cx
.b7c6	38		sec		        sec
.b7c7	ed be be	sbc $bebe	        sbc fo_ax
.b7ca	90 2b		bcc $b7f7	        bcc fo_hit_next
.b7cc	cd bb be	cmp $bebb	        cmp fo_ow
.b7cf	b0 26		bcs $b7f7	        bcs fo_hit_next
.b7d1	ad ce be	lda $bece	        lda fo_cy
.b7d4	38		sec		        sec
.b7d5	ed bf be	sbc $bebf	        sbc fo_ay
.b7d8	90 1d		bcc $b7f7	        bcc fo_hit_next
.b7da	cd c0 be	cmp $bec0	        cmp fo_rows
.b7dd	b0 18		bcs $b7f7	        bcs fo_hit_next
.b7df	ae c2 be	ldx $bec2	        ldx fo_i
.b7e2	20 ee b8	jsr $b8ee	        jsr fo_set_focus
.b7e5	b0 1b		bcs $b802	        bcs fo_click_fail
.b7e7	ad b6 be	lda $beb6	        lda fo_type
.b7ea	c9 05		cmp #$05	        cmp #FOT_FIELD
.b7ec	d0 03		bne $b7f1	        beq fo_continue
.b7ee	4c f5 b6	jmp $b6f5
.b7f1	ae c2 be	ldx $bec2	        ldx fo_i
.b7f4	4c 05 b8	jmp $b805	        jmp fo_act
.b7f7					fo_hit_next:
.b7f7	ae c2 be	ldx $bec2	        ldx fo_i
.b7fa	e8		inx		        inx
.b7fb	ec b5 be	cpx $beb5	        cpx fo_n
.b7fe	d0 b8		bne $b7b8	        bne fo_hit
.b800	18		clc		        clc
.b801	60		rts		        rts
.b802					fo_click_fail:
.b802	4c eb b6	jmp $b6eb	        jmp fo_fail
.b805					fo_act:
.b805	8e c2 be	stx $bec2	        stx fo_i
.b808	20 30 b9	jsr $b930	        jsr fo_fetch
.b80b	ad b8 be	lda $beb8	        lda fo_state
.b80e	29 02		and #$02	        and #FOS_DISABLED
.b810	d0 dc		bne $b7ee	        bne fo_continue
.b812	ad b6 be	lda $beb6	        lda fo_type
.b815	c9 02		cmp #$02	        cmp #FOT_BUTTON
.b817	d0 0f		bne $b828	        bne +
.b819	ad b7 be	lda $beb7	        lda fo_flags
.b81c	29 06		and #$06	        and #FOF_EXIT|FOF_CANCEL
.b81e	f0 ce		beq $b7ee	        beq fo_continue
.b820	ad c2 be	lda $bec2	        lda fo_i
.b823	8d ca be	sta $beca	        sta fo_exit
.b826	38		sec		        sec
.b827	60		rts		        rts
.b828	c9 03		cmp #$03	+       cmp #FOT_CHECK
.b82a	d0 13		bne $b83f	        bne +
.b82c	ad b8 be	lda $beb8	        lda fo_state
.b82f	49 01		eor #$01	        eor #FOS_SELECTED
.b831	20 79 b9	jsr $b979	        jsr fo_put_state
.b834	ae c2 be	ldx $bec2	        ldx fo_i
.b837	20 dd b9	jsr $b9dd	        jsr fo_draw_obj
.b83a	b0 5b		bcs $b897	        bcs fo_act_fail
.b83c	4c 92 b8	jmp $b892	        jmp fo_act_done
.b83f	c9 04		cmp #$04	+       cmp #FOT_RADIO
.b841	d0 ab		bne $b7ee	        bne fo_continue
.b843	ad b7 be	lda $beb7	        lda fo_flags
.b846	29 f0		and #$f0	        and #$f0
.b848	8d c6 be	sta $bec6	        sta fo_flag             ; the group
.b84b	ad c2 be	lda $bec2	        lda fo_i
.b84e	8d c4 be	sta $bec4	        sta fo_target
.b851	a2 00		ldx #$00	        ldx #0
.b853					fo_radio_loop:
.b853	8e c2 be	stx $bec2	        stx fo_i
.b856	20 30 b9	jsr $b930	        jsr fo_fetch
.b859	ad b6 be	lda $beb6	        lda fo_type
.b85c	c9 04		cmp #$04	        cmp #FOT_RADIO
.b85e	d0 29		bne $b889	        bne fo_radio_next
.b860	ad b7 be	lda $beb7	        lda fo_flags
.b863	29 f0		and #$f0	        and #$f0
.b865	cd c6 be	cmp $bec6	        cmp fo_flag
.b868	d0 1f		bne $b889	        bne fo_radio_next
.b86a	ad b8 be	lda $beb8	        lda fo_state
.b86d	29 fe		and #$fe	        and #255-FOS_SELECTED
.b86f	ae c2 be	ldx $bec2	        ldx fo_i
.b872	ec c4 be	cpx $bec4	        cpx fo_target
.b875	d0 02		bne $b879	        bne +
.b877	09 01		ora #$01	        ora #FOS_SELECTED
.b879	cd b8 be	cmp $beb8	+       cmp fo_state
.b87c	f0 0b		beq $b889	        beq fo_radio_next
.b87e	20 79 b9	jsr $b979	        jsr fo_put_state
.b881	ae c2 be	ldx $bec2	        ldx fo_i
.b884	20 dd b9	jsr $b9dd	        jsr fo_draw_obj
.b887	b0 0e		bcs $b897	        bcs fo_act_fail
.b889					fo_radio_next:
.b889	ae c2 be	ldx $bec2	        ldx fo_i
.b88c	e8		inx		        inx
.b88d	ec b5 be	cpx $beb5	        cpx fo_n
.b890	d0 c1		bne $b853	        bne fo_radio_loop
.b892					fo_act_done:
.b892	20 2e 9b	jsr $9b2e	        jsr gfx_clip_defaults
.b895	18		clc		        clc
.b896	60		rts		        rts
.b897					fo_act_fail:
.b897	4c eb b6	jmp $b6eb	        jmp fo_fail
.b89a					fo_next:
.b89a	ae c1 be	ldx $bec1	        ldx fo_focus
.b89d	ad b5 be	lda $beb5	        lda fo_n
.b8a0	8d c5 be	sta $bec5	        sta fo_count
.b8a3	e8		inx		-       inx
.b8a4	ec b5 be	cpx $beb5	        cpx fo_n
.b8a7	90 02		bcc $b8ab	        bcc +
.b8a9	a2 00		ldx #$00	        ldx #0
.b8ab	8e c2 be	stx $bec2	+       stx fo_i
.b8ae	20 30 b9	jsr $b930	        jsr fo_fetch
.b8b1	20 1a b9	jsr $b91a	        jsr fo_focusable
.b8b4	b0 0a		bcs $b8c0	        bcs +
.b8b6	ae c2 be	ldx $bec2	        ldx fo_i
.b8b9	ce c5 be	dec $bec5	        dec fo_count
.b8bc	d0 e5		bne $b8a3	        bne -
.b8be	18		clc		        clc
.b8bf	60		rts		        rts
.b8c0	ae c2 be	ldx $bec2	+       ldx fo_i
.b8c3	4c ee b8	jmp $b8ee	        jmp fo_set_focus
.b8c6					fo_prev:
.b8c6	ae c1 be	ldx $bec1	        ldx fo_focus
.b8c9	ad b5 be	lda $beb5	        lda fo_n
.b8cc	8d c5 be	sta $bec5	        sta fo_count
.b8cf	ca		dex		-       dex
.b8d0	10 04		bpl $b8d6	        bpl +
.b8d2	ae b5 be	ldx $beb5	        ldx fo_n
.b8d5	ca		dex		        dex
.b8d6	8e c2 be	stx $bec2	+       stx fo_i
.b8d9	20 30 b9	jsr $b930	        jsr fo_fetch
.b8dc	20 1a b9	jsr $b91a	        jsr fo_focusable
.b8df	b0 0a		bcs $b8eb	        bcs +
.b8e1	ae c2 be	ldx $bec2	        ldx fo_i
.b8e4	ce c5 be	dec $bec5	        dec fo_count
.b8e7	d0 e6		bne $b8cf	        bne -
.b8e9	18		clc		        clc
.b8ea	60		rts		        rts
.b8eb	ae c2 be	ldx $bec2	+       ldx fo_i
.b8ee					fo_set_focus:
.b8ee	ad c1 be	lda $bec1	        lda fo_focus
.b8f1	8e c1 be	stx $bec1	        stx fo_focus
.b8f4	cd c1 be	cmp $bec1	        cmp fo_focus
.b8f7	f0 12		beq $b90b	        beq fo_focus_same
.b8f9	c9 ff		cmp #$ff	        cmp #$ff
.b8fb	f0 06		beq $b903	        beq +
.b8fd	aa		tax		        tax
.b8fe	20 dd b9	jsr $b9dd	        jsr fo_draw_obj
.b901	b0 0c		bcs $b90f	        bcs fo_focus_done
.b903	ae c1 be	ldx $bec1	+       ldx fo_focus
.b906	20 dd b9	jsr $b9dd	        jsr fo_draw_obj
.b909	b0 04		bcs $b90f	        bcs fo_focus_done
.b90b					fo_focus_same:
.b90b	20 2e 9b	jsr $9b2e	        jsr gfx_clip_defaults
.b90e	18		clc		        clc
.b90f					fo_focus_done:
.b90f	08		php		        php
.b910	48		pha		        pha
.b911	ae c2 be	ldx $bec2	        ldx fo_i                ; callers expect fo_o to be this object
.b914	20 30 b9	jsr $b930	        jsr fo_fetch
.b917	68		pla		        pla
.b918	28		plp		        plp
.b919	60		rts		        rts
.b91a					fo_focusable:
.b91a	ad b6 be	lda $beb6	        lda fo_type
.b91d	c9 02		cmp #$02	        cmp #FOT_BUTTON
.b91f	90 0d		bcc $b92e	        bcc +
.b921	c9 06		cmp #$06	        cmp #FOT_FIELD+1
.b923	b0 09		bcs $b92e	        bcs +
.b925	ad b8 be	lda $beb8	        lda fo_state
.b928	29 02		and #$02	        and #FOS_DISABLED
.b92a	d0 02		bne $b92e	        bne +
.b92c	38		sec		        sec
.b92d	60		rts		        rts
.b92e	18		clc		+       clc
.b92f	60		rts		        rts
.b930					fo_fetch:
.b930	8a		txa		        txa
.b931	0a		asl a		        asl
.b932	0a		asl a		        asl
.b933	0a		asl a		        asl
.b934	18		clc		        clc
.b935	69 05		adc #$05	        adc #5
.b937	18		clc		        clc
.b938	6d af be	adc $beaf	        adc fo_ptr
.b93b	8d 4f b9	sta $b94f	        sta fo_obj_rd+1
.b93e	8d 7f b9	sta $b97f	        sta fo_obj_wr+1
.b941	ad b0 be	lda $beb0	        lda fo_ptr+1
.b944	69 00		adc #$00	        adc #0
.b946	8d 50 b9	sta $b950	        sta fo_obj_rd+2
.b949	8d 80 b9	sta $b980	        sta fo_obj_wr+2
.b94c	a0 07		ldy #$07	        ldy #7
.b94e					fo_obj_rd:
.b94e	b9 ff ff	lda $ffff,y	        lda $ffff,y
.b951	99 b6 be	sta $beb6,y	        sta fo_type,y
.b954	88		dey		        dey
.b955	10 f7		bpl $b94e	        bpl fo_obj_rd
.b957	ad b1 be	lda $beb1	        lda fo_x
.b95a	18		clc		        clc
.b95b	6d b9 be	adc $beb9	        adc fo_ox
.b95e	8d be be	sta $bebe	        sta fo_ax
.b961	ad b2 be	lda $beb2	        lda fo_y
.b964	18		clc		        clc
.b965	6d ba be	adc $beba	        adc fo_oy
.b968	8d bf be	sta $bebf	        sta fo_ay
.b96b	a0 01		ldy #$01	        ldy #1
.b96d	ad b6 be	lda $beb6	        lda fo_type
.b970	c9 02		cmp #$02	        cmp #FOT_BUTTON
.b972	d0 01		bne $b975	        bne +
.b974	c8		iny		        iny
.b975	8c c0 be	sty $bec0	+       sty fo_rows
.b978	60		rts		        rts
.b979					fo_put_state:
.b979	8d b8 be	sta $beb8	        sta fo_state
.b97c	a0 02		ldy #$02	        ldy #2
.b97e					fo_obj_wr:
.b97e	99 ff ff	sta $ffff,y	        sta $ffff,y
.b981	60		rts		        rts
.b982					fo_uiptr:
.b982	ad bc be	lda $bebc	        lda fo_spec
.b985	8d 35 3d	sta $3d35	        sta N_UIPTR
.b988	ad bd be	lda $bebd	        lda fo_spec+1
.b98b	8d 36 3d	sta $3d36	        sta N_UIPTR+1
.b98e	60		rts		        rts
.b98f					fo_draw_all:
.b98f	ad b1 be	lda $beb1	        lda fo_x
.b992	8d cf be	sta $becf	        sta fo_c0x
.b995	18		clc		        clc
.b996	6d b3 be	adc $beb3	        adc fo_w
.b999	8d d1 be	sta $bed1	        sta fo_c1x
.b99c	ad b2 be	lda $beb2	        lda fo_y
.b99f	8d d0 be	sta $bed0	        sta fo_c0y
.b9a2	18		clc		        clc
.b9a3	6d b4 be	adc $beb4	        adc fo_h
.b9a6	8d d2 be	sta $bed2	        sta fo_c1y
.b9a9	a2 00		ldx #$00	        ldx #0
.b9ab	8e d3 be	stx $bed3	-       stx fo_inset
.b9ae	8a		txa		        txa
.b9af	29 01		and #$01	        and #1                  ; insets 0 2 4 clear, 1 3 ink
.b9b1	20 4c bc	jsr $bc4c	        jsr fo_box
.b9b4	b0 26		bcs $b9dc	        bcs fo_draw_done
.b9b6	ae d3 be	ldx $bed3	        ldx fo_inset
.b9b9	e8		inx		        inx
.b9ba	e0 05		cpx #$05	        cpx #5
.b9bc	d0 ed		bne $b9ab	        bne -
.b9be	a9 61		lda #$61	        lda #FOC_PAPER
.b9c0	20 9e bc	jsr $bc9e	        jsr fo_cells
.b9c3	b0 17		bcs $b9dc	        bcs fo_draw_done
.b9c5	a2 00		ldx #$00	        ldx #0
.b9c7	8e c3 be	stx $bec3	-       stx fo_j
.b9ca	20 dd b9	jsr $b9dd	        jsr fo_draw_obj
.b9cd	b0 0d		bcs $b9dc	        bcs fo_draw_done
.b9cf	ae c3 be	ldx $bec3	        ldx fo_j
.b9d2	e8		inx		        inx
.b9d3	ec b5 be	cpx $beb5	        cpx fo_n
.b9d6	d0 ef		bne $b9c7	        bne -
.b9d8	20 2e 9b	jsr $9b2e	        jsr gfx_clip_defaults
.b9db	18		clc		        clc
.b9dc					fo_draw_done:
.b9dc	60		rts		        rts
.b9dd					fo_draw_obj:
.b9dd	8e c2 be	stx $bec2	        stx fo_i
.b9e0	20 30 b9	jsr $b930	        jsr fo_fetch
.b9e3	a9 61		lda #$61	        lda #FOC_PAPER           ; its colour
.b9e5	8d cc be	sta $becc	        sta fo_color
.b9e8	ad b8 be	lda $beb8	        lda fo_state
.b9eb	29 02		and #$02	        and #FOS_DISABLED
.b9ed	f0 07		beq $b9f6	        beq +
.b9ef	a9 c1		lda #$c1	        lda #FOC_GREY
.b9f1	8d cc be	sta $becc	        sta fo_color
.b9f4	d0 14		bne $ba0a	        bne ++
.b9f6	ad c2 be	lda $bec2	+       lda fo_i
.b9f9	cd c1 be	cmp $bec1	        cmp fo_focus
.b9fc	d0 0c		bne $ba0a	        bne +
.b9fe	ad b6 be	lda $beb6	        lda fo_type
.ba01	c9 05		cmp #$05	        cmp #FOT_FIELD           ; a field shows focus at its caret only
.ba03	f0 05		beq $ba0a	        beq +
.ba05	a9 07		lda #$07	        lda #FOC_FOCUS
.ba07	8d cc be	sta $becc	        sta fo_color
.ba0a	ad be be	lda $bebe	+       lda fo_ax               ; its cells, cleared
.ba0d	8d cf be	sta $becf	        sta fo_c0x
.ba10	18		clc		        clc
.ba11	6d bb be	adc $bebb	        adc fo_ow
.ba14	8d d1 be	sta $bed1	        sta fo_c1x
.ba17	ad bf be	lda $bebf	        lda fo_ay
.ba1a	8d d0 be	sta $bed0	        sta fo_c0y
.ba1d	18		clc		        clc
.ba1e	6d c0 be	adc $bec0	        adc fo_rows
.ba21	8d d2 be	sta $bed2	        sta fo_c1y
.ba24	a9 00		lda #$00	        lda #0
.ba26	8d d3 be	sta $bed3	        sta fo_inset
.ba29	20 4c bc	jsr $bc4c	        jsr fo_box              ; A = 0: clear
.ba2c	b0 ae		bcs $b9dc	        bcs fo_draw_done
.ba2e	ad b6 be	lda $beb6	        lda fo_type
.ba31	c9 02		cmp #$02	        cmp #FOT_BUTTON
.ba33	f0 1d		beq $ba52	        beq fo_draw_button
.ba35	c9 03		cmp #$03	        cmp #FOT_CHECK
.ba37	f0 77		beq $bab0	        beq fo_draw_toggle
.ba39	c9 04		cmp #$04	        cmp #FOT_RADIO
.ba3b	f0 73		beq $bab0	        beq fo_draw_toggle
.ba3d	c9 05		cmp #$05	        cmp #FOT_FIELD
.ba3f	d0 03		bne $ba44	        bne +
.ba41	4c 0b bb	jmp $bb0b	        jmp fo_draw_field
.ba44	20 04 bc	jsr $bc04	+       jsr fo_label            ; text
.ba47	ad be be	lda $bebe	        lda fo_ax
.ba4a	20 28 bc	jsr $bc28	        jsr fo_text_at_row
.ba4d	b0 8d		bcs $b9dc	        bcs fo_draw_done
.ba4f	4c 04 bb	jmp $bb04	        jmp fo_draw_colors
.ba52					fo_draw_button:
.ba52	a9 01		lda #$01	        lda #1                  ; a one-pixel frame; the default has two
.ba54	20 4c bc	jsr $bc4c	        jsr fo_box
.ba57	b0 83		bcs $b9dc	        bcs fo_draw_done
.ba59	ee d3 be	inc $bed3	        inc fo_inset
.ba5c	a9 00		lda #$00	        lda #0
.ba5e	20 4c bc	jsr $bc4c	        jsr fo_box
.ba61	90 03		bcc $ba66	        bcs fo_draw_done
.ba63	4c dc b9	jmp $b9dc
.ba66	ad b7 be	lda $beb7	        lda fo_flags
.ba69	29 01		and #$01	        and #FOF_DEFAULT
.ba6b	f0 11		beq $ba7e	        beq +
.ba6d	a9 01		lda #$01	        lda #1
.ba6f	20 4c bc	jsr $bc4c	        jsr fo_box
.ba72	b0 ef		bcs $ba63	        bcs fo_draw_done
.ba74	ee d3 be	inc $bed3	        inc fo_inset
.ba77	a9 00		lda #$00	        lda #0
.ba79	20 4c bc	jsr $bc4c	        jsr fo_box
.ba7c	b0 e5		bcs $ba63	        bcs fo_draw_done
.ba7e	20 04 bc	jsr $bc04	+       jsr fo_label            ; centred label, 4 pixels down
.ba81	ad bb be	lda $bebb	        lda fo_ow
.ba84	38		sec		        sec
.ba85	ed 58 a0	sbc $a058	        sbc gfx_text_length
.ba88	4a		lsr a		        lsr
.ba89	18		clc		        clc
.ba8a	6d be be	adc $bebe	        adc fo_ax
.ba8d	20 ca bc	jsr $bcca	        jsr fo_times8
.ba90	8d 16 9f	sta $9f16	        sta gfx_x0
.ba93	8e 17 9f	stx $9f17	        stx gfx_x0+1
.ba96	ad bf be	lda $bebf	        lda fo_ay
.ba99	20 ca bc	jsr $bcca	        jsr fo_times8
.ba9c	18		clc		        clc
.ba9d	69 04		adc #$04	        adc #4
.ba9f	8d 18 9f	sta $9f18	        sta gfx_y0
.baa2	8a		txa		        txa
.baa3	69 00		adc #$00	        adc #0
.baa5	8d 19 9f	sta $9f19	        sta gfx_y0+1
.baa8	20 3d bc	jsr $bc3d	        jsr fo_text
.baab	b0 5d		bcs $bb0a	        bcs fo_draw_fail
.baad	4c 04 bb	jmp $bb04	        jmp fo_draw_colors
.bab0					fo_draw_toggle:
.bab0	ad b8 be	lda $beb8	        lda fo_state            ; glyph: box or circle, empty or marked
.bab3	29 01		and #$01	        and #FOS_SELECTED
.bab5	8d d4 be	sta $bed4	        sta fo_t8
.bab8	ad b6 be	lda $beb6	        lda fo_type
.babb	38		sec		        sec
.babc	e9 03		sbc #$03	        sbc #FOT_CHECK
.babe	0a		asl a		        asl
.babf	0d d4 be	ora $bed4	        ora fo_t8
.bac2	0a		asl a		        asl
.bac3	0a		asl a		        asl
.bac4	0a		asl a		        asl
.bac5	a8		tay		        tay
.bac6	a2 00		ldx #$00	        ldx #0
.bac8	b9 87 be	lda $be87,y	-       lda fo_glyphs,y
.bacb	9d 43 9f	sta $9f43,x	        sta gfx_bits,x
.bace	c8		iny		        iny
.bacf	e8		inx		        inx
.bad0	e0 08		cpx #$08	        cpx #8
.bad2	d0 f4		bne $bac8	        bne -
.bad4	ad be be	lda $bebe	        lda fo_ax
.bad7	20 ca bc	jsr $bcca	        jsr fo_times8
.bada	8d 16 9f	sta $9f16	        sta gfx_x0
.badd	8e 17 9f	stx $9f17	        stx gfx_x0+1
.bae0	ad bf be	lda $bebf	        lda fo_ay
.bae3	20 ca bc	jsr $bcca	        jsr fo_times8
.bae6	8d 18 9f	sta $9f18	        sta gfx_y0
.bae9	8e 19 9f	stx $9f19	        stx gfx_y0+1
.baec	a9 03		lda #$03	        lda #3
.baee	8d 1e 9f	sta $9f1e	        sta gfx_pen
.baf1	20 7e 99	jsr $997e	        jsr gfx_glyph
.baf4	b0 14		bcs $bb0a	        bcs fo_draw_fail
.baf6	20 04 bc	jsr $bc04	        jsr fo_label
.baf9	ad be be	lda $bebe	        lda fo_ax
.bafc	18		clc		        clc
.bafd	69 02		adc #$02	        adc #2
.baff	20 28 bc	jsr $bc28	        jsr fo_text_at_row
.bb02	b0 06		bcs $bb0a	        bcs fo_draw_fail
.bb04					fo_draw_colors:
.bb04	ad cc be	lda $becc	        lda fo_color
.bb07	4c 9e bc	jmp $bc9e	        jmp fo_cells
.bb0a					fo_draw_fail:
.bb0a	60		rts		        rts
.bb0b					fo_draw_field:
.bb0b	ad bc be	lda $bebc	        lda fo_spec             ; record: length, caret, max, buffer, view
.bb0e	8d 20 bb	sta $bb20	        sta fo_rec_rd+1
.bb11	8d 52 bb	sta $bb52	        sta fo_rec_wr+1
.bb14	ad bd be	lda $bebd	        lda fo_spec+1
.bb17	8d 21 bb	sta $bb21	        sta fo_rec_rd+2
.bb1a	8d 53 bb	sta $bb53	        sta fo_rec_wr+2
.bb1d	a0 05		ldy #$05	        ldy #5
.bb1f					fo_rec_rd:
.bb1f	b9 ff ff	lda $ffff,y	        lda $ffff,y
.bb22	99 e3 be	sta $bee3,y	        sta fo_rec,y
.bb25	88		dey		        dey
.bb26	10 f7		bpl $bb1f	        bpl fo_rec_rd
.bb28	ad e4 be	lda $bee4	        lda fo_rec+1            ; keep the caret inside the view
.bb2b	cd e8 be	cmp $bee8	        cmp fo_rec+5
.bb2e	b0 03		bcs $bb33	        bcs +
.bb30	8d e8 be	sta $bee8	        sta fo_rec+5
.bb33	ad e4 be	lda $bee4	+       lda fo_rec+1
.bb36	38		sec		        sec
.bb37	ed e8 be	sbc $bee8	        sbc fo_rec+5
.bb3a	cd bb be	cmp $bebb	        cmp fo_ow
.bb3d	90 0d		bcc $bb4c	        bcc +
.bb3f	ad e4 be	lda $bee4	        lda fo_rec+1
.bb42	38		sec		        sec
.bb43	ed bb be	sbc $bebb	        sbc fo_ow
.bb46	18		clc		        clc
.bb47	69 01		adc #$01	        adc #1
.bb49	8d e8 be	sta $bee8	        sta fo_rec+5
.bb4c	ad e8 be	lda $bee8	+       lda fo_rec+5
.bb4f	a0 05		ldy #$05	        ldy #5
.bb51					fo_rec_wr:
.bb51	99 ff ff	sta $ffff,y	        sta $ffff,y
.bb54	ad e6 be	lda $bee6	        lda fo_rec+3            ; the visible bytes
.bb57	18		clc		        clc
.bb58	6d e8 be	adc $bee8	        adc fo_rec+5
.bb5b	8d 81 bb	sta $bb81	        sta fo_buf_rd+1
.bb5e	ad e7 be	lda $bee7	        lda fo_rec+4
.bb61	69 00		adc #$00	        adc #0
.bb63	8d 82 bb	sta $bb82	        sta fo_buf_rd+2
.bb66	ad e3 be	lda $bee3	        lda fo_rec
.bb69	38		sec		        sec
.bb6a	ed e8 be	sbc $bee8	        sbc fo_rec+5
.bb6d	b0 02		bcs $bb71	        bcs +
.bb6f	a9 00		lda #$00	        lda #0
.bb71	cd bb be	cmp $bebb	+       cmp fo_ow
.bb74	90 03		bcc $bb79	        bcc +
.bb76	ad bb be	lda $bebb	        lda fo_ow
.bb79	8d 58 a0	sta $a058	+       sta gfx_text_length
.bb7c	a0 00		ldy #$00	        ldy #0
.bb7e	f0 07		beq $bb87	        beq fo_buf_test
.bb80					fo_buf_rd:
.bb80	b9 ff ff	lda $ffff,y	        lda $ffff,y
.bb83	99 59 a0	sta $a059,y	        sta gfx_text_buffer,y
.bb86	c8		iny		        iny
.bb87					fo_buf_test:
.bb87	cc 58 a0	cpy $a058	        cpy gfx_text_length
.bb8a	d0 f4		bne $bb80	        bne fo_buf_rd
.bb8c	ad be be	lda $bebe	        lda fo_ax
.bb8f	20 28 bc	jsr $bc28	        jsr fo_text_at_row
.bb92	b0 6f		bcs $bc03	        bcs fo_field_done
.bb94	a9 01		lda #$01	        lda #1                  ; underline: the cells' last pixel row
.bb96	8d 1e 9f	sta $9f1e	        sta gfx_pen
.bb99	ad be be	lda $bebe	        lda fo_ax
.bb9c	20 ca bc	jsr $bcca	        jsr fo_times8
.bb9f	8d 16 9f	sta $9f16	        sta gfx_x0
.bba2	8e 17 9f	stx $9f17	        stx gfx_x0+1
.bba5	ad d1 be	lda $bed1	        lda fo_c1x
.bba8	20 ca bc	jsr $bcca	        jsr fo_times8
.bbab	8d 1a 9f	sta $9f1a	        sta gfx_x1
.bbae	8e 1b 9f	stx $9f1b	        stx gfx_x1+1
.bbb1	ad bf be	lda $bebf	        lda fo_ay
.bbb4	20 ca bc	jsr $bcca	        jsr fo_times8
.bbb7	18		clc		        clc
.bbb8	69 07		adc #$07	        adc #7
.bbba	8d 18 9f	sta $9f18	        sta gfx_y0
.bbbd	8a		txa		        txa
.bbbe	69 00		adc #$00	        adc #0
.bbc0	8d 19 9f	sta $9f19	        sta gfx_y0+1
.bbc3	ad 18 9f	lda $9f18	        lda gfx_y0
.bbc6	18		clc		        clc
.bbc7	69 01		adc #$01	        adc #1
.bbc9	8d 1c 9f	sta $9f1c	        sta gfx_y1
.bbcc	ad 19 9f	lda $9f19	        lda gfx_y0+1
.bbcf	69 00		adc #$00	        adc #0
.bbd1	8d 1d 9f	sta $9f1d	        sta gfx_y1+1
.bbd4	20 6c 99	jsr $996c	        jsr gfx_rect
.bbd7	b0 2a		bcs $bc03	        bcs fo_field_done
.bbd9	ad cc be	lda $becc	        lda fo_color
.bbdc	20 9e bc	jsr $bc9e	        jsr fo_cells
.bbdf	b0 22		bcs $bc03	        bcs fo_field_done
.bbe1	ad c2 be	lda $bec2	        lda fo_i                ; focused: the caret cell
.bbe4	cd c1 be	cmp $bec1	        cmp fo_focus
.bbe7	d0 19		bne $bc02	        bne fo_field_ok
.bbe9	ad e4 be	lda $bee4	        lda fo_rec+1
.bbec	38		sec		        sec
.bbed	ed e8 be	sbc $bee8	        sbc fo_rec+5
.bbf0	18		clc		        clc
.bbf1	6d be be	adc $bebe	        adc fo_ax
.bbf4	8d cf be	sta $becf	        sta fo_c0x
.bbf7	8d d1 be	sta $bed1	        sta fo_c1x
.bbfa	ee d1 be	inc $bed1	        inc fo_c1x
.bbfd	a9 07		lda #$07	        lda #FOC_FOCUS
.bbff	4c 9e bc	jmp $bc9e	        jmp fo_cells
.bc02					fo_field_ok:
.bc02	18		clc		        clc
.bc03					fo_field_done:
.bc03	60		rts		        rts
.bc04					fo_label:
.bc04	ad bc be	lda $bebc	        lda fo_spec
.bc07	8d 13 bc	sta $bc13	        sta fo_label_rd+1
.bc0a	ad bd be	lda $bebd	        lda fo_spec+1
.bc0d	8d 14 bc	sta $bc14	        sta fo_label_rd+2
.bc10	a0 00		ldy #$00	        ldy #0
.bc12					fo_label_rd:
.bc12	b9 ff ff	lda $ffff,y	        lda $ffff,y
.bc15	f0 0d		beq $bc24	        beq +
.bc17	99 59 a0	sta $a059,y	        sta gfx_text_buffer,y
.bc1a	c8		iny		        iny
.bc1b	cc bb be	cpy $bebb	        cpy fo_ow
.bc1e	b0 04		bcs $bc24	        bcs +
.bc20	c0 26		cpy #$26	        cpy #38
.bc22	d0 ee		bne $bc12	        bne fo_label_rd
.bc24	8c 58 a0	sty $a058	+       sty gfx_text_length
.bc27	60		rts		        rts
.bc28					fo_text_at_row:
.bc28	20 ca bc	jsr $bcca	        jsr fo_times8
.bc2b	8d 16 9f	sta $9f16	        sta gfx_x0
.bc2e	8e 17 9f	stx $9f17	        stx gfx_x0+1
.bc31	ad bf be	lda $bebf	        lda fo_ay
.bc34	20 ca bc	jsr $bcca	        jsr fo_times8
.bc37	8d 18 9f	sta $9f18	        sta gfx_y0
.bc3a	8e 19 9f	stx $9f19	        stx gfx_y0+1
.bc3d					fo_text:
.bc3d	ad 58 a0	lda $a058	        lda gfx_text_length
.bc40	f0 08		beq $bc4a	        beq +
.bc42	a9 01		lda #$01	        lda #1
.bc44	8d 1e 9f	sta $9f1e	        sta gfx_pen
.bc47	4c b5 9f	jmp $9fb5	        jmp gfx_text
.bc4a	18		clc		+       clc
.bc4b	60		rts		        rts
.bc4c					fo_box:
.bc4c	8d 1e 9f	sta $9f1e	        sta gfx_pen
.bc4f	ad cf be	lda $becf	        lda fo_c0x
.bc52	20 ca bc	jsr $bcca	        jsr fo_times8
.bc55	18		clc		        clc
.bc56	6d d3 be	adc $bed3	        adc fo_inset
.bc59	8d 16 9f	sta $9f16	        sta gfx_x0
.bc5c	8a		txa		        txa
.bc5d	69 00		adc #$00	        adc #0
.bc5f	8d 17 9f	sta $9f17	        sta gfx_x0+1
.bc62	ad d0 be	lda $bed0	        lda fo_c0y
.bc65	20 ca bc	jsr $bcca	        jsr fo_times8
.bc68	18		clc		        clc
.bc69	6d d3 be	adc $bed3	        adc fo_inset
.bc6c	8d 18 9f	sta $9f18	        sta gfx_y0
.bc6f	8a		txa		        txa
.bc70	69 00		adc #$00	        adc #0
.bc72	8d 19 9f	sta $9f19	        sta gfx_y0+1
.bc75	ad d1 be	lda $bed1	        lda fo_c1x
.bc78	20 ca bc	jsr $bcca	        jsr fo_times8
.bc7b	38		sec		        sec
.bc7c	ed d3 be	sbc $bed3	        sbc fo_inset
.bc7f	8d 1a 9f	sta $9f1a	        sta gfx_x1
.bc82	8a		txa		        txa
.bc83	e9 00		sbc #$00	        sbc #0
.bc85	8d 1b 9f	sta $9f1b	        sta gfx_x1+1
.bc88	ad d2 be	lda $bed2	        lda fo_c1y
.bc8b	20 ca bc	jsr $bcca	        jsr fo_times8
.bc8e	38		sec		        sec
.bc8f	ed d3 be	sbc $bed3	        sbc fo_inset
.bc92	8d 1c 9f	sta $9f1c	        sta gfx_y1
.bc95	8a		txa		        txa
.bc96	e9 00		sbc #$00	        sbc #0
.bc98	8d 1d 9f	sta $9f1d	        sta gfx_y1+1
.bc9b	4c 6c 99	jmp $996c	        jmp gfx_rect
.bc9e					fo_cells:
.bc9e	8d 1f 9f	sta $9f1f	        sta gfx_color
.bca1	a9 00		lda #$00	        lda #0
.bca3	8d 17 9f	sta $9f17	        sta gfx_x0+1
.bca6	8d 1b 9f	sta $9f1b	        sta gfx_x1+1
.bca9	8d 19 9f	sta $9f19	        sta gfx_y0+1
.bcac	8d 1d 9f	sta $9f1d	        sta gfx_y1+1
.bcaf	ad cf be	lda $becf	        lda fo_c0x
.bcb2	8d 16 9f	sta $9f16	        sta gfx_x0
.bcb5	ad d1 be	lda $bed1	        lda fo_c1x
.bcb8	8d 1a 9f	sta $9f1a	        sta gfx_x1
.bcbb	ad d0 be	lda $bed0	        lda fo_c0y
.bcbe	8d 18 9f	sta $9f18	        sta gfx_y0
.bcc1	ad d2 be	lda $bed2	        lda fo_c1y
.bcc4	8d 1c 9f	sta $9f1c	        sta gfx_y1
.bcc7	4c 72 99	jmp $9972	        jmp gfx_colors
.bcca					fo_times8:
.bcca	a2 00		ldx #$00	        ldx #0
.bccc	8e d4 be	stx $bed4	        stx fo_t8
.bccf	0a		asl a		        asl
.bcd0	2e d4 be	rol $bed4	        rol fo_t8
.bcd3	0a		asl a		        asl
.bcd4	2e d4 be	rol $bed4	        rol fo_t8
.bcd7	0a		asl a		        asl
.bcd8	2e d4 be	rol $bed4	        rol fo_t8
.bcdb	ae d4 be	ldx $bed4	        ldx fo_t8
.bcde	60		rts		        rts
.bcdf					fo_transfer_alloc:
.bcdf	ad b3 be	lda $beb3	        lda fo_w
.bce2	ae b4 be	ldx $beb4	        ldx fo_h
.bce5	20 5e be	jsr $be5e	        jsr fo_mul              ; cells
.bce8	ad e1 be	lda $bee1	        lda fo_prod             ; *9 = *8 + *1
.bceb	8d dd be	sta $bedd	        sta fo_bytes
.bcee	ad e2 be	lda $bee2	        lda fo_prod+1
.bcf1	8d de be	sta $bede	        sta fo_bytes+1
.bcf4	a2 03		ldx #$03	        ldx #3
.bcf6	0e e1 be	asl $bee1	-       asl fo_prod
.bcf9	2e e2 be	rol $bee2	        rol fo_prod+1
.bcfc	ca		dex		        dex
.bcfd	d0 f7		bne $bcf6	        bne -
.bcff	ad e1 be	lda $bee1	        lda fo_prod
.bd02	18		clc		        clc
.bd03	6d dd be	adc $bedd	        adc fo_bytes
.bd06	ad e2 be	lda $bee2	        lda fo_prod+1
.bd09	6d de be	adc $bede	        adc fo_bytes+1
.bd0c	18		clc		        clc
.bd0d	69 01		adc #$01	        adc #1                  ; pages, rounded up
.bd0f	8d 01 3d	sta $3d01	        sta N_PAGES
.bd12	ad 20 3d	lda $3d20	        lda N_CURRENT
.bd15	8d 00 3d	sta $3d00	        sta N_OWNER
.bd18	a9 ff		lda #$ff	        lda #$ff
.bd1a	8d 02 3d	sta $3d02	        sta N_BANK
.bd1d	20 20 1c	jsr $1c20	        jsr N_ALLOC
.bd20	90 03		bcc $bd25	        bcs fo_transfer_done
.bd22	4c cf bd	jmp $bdcf
.bd25	a2 03		ldx #$03	        ldx #3
.bd27	bd 04 3d	lda $3d04,x	-       lda N_HANDLE,x
.bd2a	9d ab be	sta $beab,x	        sta fo_save,x
.bd2d	ca		dex		        dex
.bd2e	10 f7		bpl $bd27	        bpl -
.bd30	a9 00		lda #$00	        lda #0
.bd32	20 3b bd	jsr $bd3b	        jsr fo_transfer
.bd35	90 03		bcc $bd3a	        bcc +
.bd37	4c 40 b6	jmp $b640	        jmp fo_open_free
.bd3a	60		rts		+       rts
.bd3b					fo_transfer:
.bd3b	8d d5 be	sta $bed5	        sta fo_dir
.bd3e	a9 00		lda #$00	        lda #0
.bd40	8d d6 be	sta $bed6	        sta fo_row
.bd43	8d d9 be	sta $bed9	        sta fo_soff
.bd46	8d da be	sta $beda	        sta fo_soff+1
.bd49					fo_transfer_row:
.bd49	ad b2 be	lda $beb2	        lda fo_y                ; bitmap: (y+row)*320 + x*8
.bd4c	18		clc		        clc
.bd4d	6d d6 be	adc $bed6	        adc fo_row
.bd50	8d ce be	sta $bece	        sta fo_cy
.bd53	a9 00		lda #$00	        lda #0
.bd55	8d d8 be	sta $bed8	        sta fo_boff+1
.bd58	ad ce be	lda $bece	        lda fo_cy               ; *64
.bd5b	a2 06		ldx #$06	        ldx #6
.bd5d	0a		asl a		-       asl
.bd5e	2e d8 be	rol $bed8	        rol fo_boff+1
.bd61	ca		dex		        dex
.bd62	d0 f9		bne $bd5d	        bne -
.bd64	8d d7 be	sta $bed7	        sta fo_boff
.bd67	ad d8 be	lda $bed8	        lda fo_boff+1           ; + *256
.bd6a	18		clc		        clc
.bd6b	6d ce be	adc $bece	        adc fo_cy
.bd6e	8d d8 be	sta $bed8	        sta fo_boff+1
.bd71	ad b1 be	lda $beb1	        lda fo_x
.bd74	20 ca bc	jsr $bcca	        jsr fo_times8
.bd77	18		clc		        clc
.bd78	6d d7 be	adc $bed7	        adc fo_boff
.bd7b	8d d7 be	sta $bed7	        sta fo_boff
.bd7e	8a		txa		        txa
.bd7f	6d d8 be	adc $bed8	        adc fo_boff+1
.bd82	8d d8 be	sta $bed8	        sta fo_boff+1
.bd85	ad b3 be	lda $beb3	        lda fo_w                ; w*8 bytes
.bd88	20 ca bc	jsr $bcca	        jsr fo_times8
.bd8b	8d db be	sta $bedb	        sta fo_len
.bd8e	8e dc be	stx $bedc	        stx fo_len+1
.bd91	20 d0 bd	jsr $bdd0	        jsr fo_copy_run
.bd94	b0 39		bcs $bdcf	        bcs fo_transfer_done
.bd96	ad ce be	lda $bece	        lda fo_cy               ; colours: 8192 + (y+row)*40 + x
.bd99	a2 28		ldx #$28	        ldx #40
.bd9b	20 5e be	jsr $be5e	        jsr fo_mul
.bd9e	ad e1 be	lda $bee1	        lda fo_prod
.bda1	18		clc		        clc
.bda2	6d b1 be	adc $beb1	        adc fo_x
.bda5	8d d7 be	sta $bed7	        sta fo_boff
.bda8	ad e2 be	lda $bee2	        lda fo_prod+1
.bdab	69 20		adc #$20	        adc #$20
.bdad	8d d8 be	sta $bed8	        sta fo_boff+1
.bdb0	ad b3 be	lda $beb3	        lda fo_w
.bdb3	8d db be	sta $bedb	        sta fo_len
.bdb6	a9 00		lda #$00	        lda #0
.bdb8	8d dc be	sta $bedc	        sta fo_len+1
.bdbb	20 d0 bd	jsr $bdd0	        jsr fo_copy_run
.bdbe	b0 0f		bcs $bdcf	        bcs fo_transfer_done
.bdc0	ee d6 be	inc $bed6	        inc fo_row
.bdc3	ad d6 be	lda $bed6	        lda fo_row
.bdc6	cd b4 be	cmp $beb4	        cmp fo_h
.bdc9	f0 03		beq $bdce	        bne fo_transfer_row
.bdcb	4c 49 bd	jmp $bd49
.bdce	18		clc		        clc
.bdcf					fo_transfer_done:
.bdcf	60		rts		        rts
.bdd0					fo_copy_run:
.bdd0	ad d5 be	lda $bed5	        lda fo_dir
.bdd3	d0 17		bne $bdec	        bne +
.bdd5	20 3f be	jsr $be3f	        jsr fo_select_surface   ; surface -> buffer -> copy
.bdd8	20 17 be	jsr $be17	        jsr fo_at_surface
.bddb	20 26 1c	jsr $1c26	        jsr N_READ
.bdde	b0 36		bcs $be16	        bcs fo_run_done
.bde0	20 4c be	jsr $be4c	        jsr fo_select_save
.bde3	20 26 be	jsr $be26	        jsr fo_at_save
.bde6	20 29 1c	jsr $1c29	        jsr N_WRITE
.bde9	4c 00 be	jmp $be00	        jmp fo_run_next
.bdec	20 4c be	jsr $be4c	+       jsr fo_select_save      ; copy -> buffer -> surface
.bdef	20 26 be	jsr $be26	        jsr fo_at_save
.bdf2	20 26 1c	jsr $1c26	        jsr N_READ
.bdf5	b0 1f		bcs $be16	        bcs fo_run_done
.bdf7	20 3f be	jsr $be3f	        jsr fo_select_surface
.bdfa	20 17 be	jsr $be17	        jsr fo_at_surface
.bdfd	20 29 1c	jsr $1c29	        jsr N_WRITE
.be00					fo_run_next:
.be00	b0 14		bcs $be16	        bcs fo_run_done
.be02	ad d9 be	lda $bed9	        lda fo_soff
.be05	18		clc		        clc
.be06	6d db be	adc $bedb	        adc fo_len
.be09	8d d9 be	sta $bed9	        sta fo_soff
.be0c	ad da be	lda $beda	        lda fo_soff+1
.be0f	6d dc be	adc $bedc	        adc fo_len+1
.be12	8d da be	sta $beda	        sta fo_soff+1
.be15	18		clc		        clc
.be16					fo_run_done:
.be16	60		rts		        rts
.be17					fo_at_surface:
.be17	ad d7 be	lda $bed7	        lda fo_boff
.be1a	8d 08 3d	sta $3d08	        sta N_OFFSET
.be1d	ad d8 be	lda $bed8	        lda fo_boff+1
.be20	8d 09 3d	sta $3d09	        sta N_OFFSET+1
.be23	4c 32 be	jmp $be32	        jmp fo_count_len
.be26					fo_at_save:
.be26	ad d9 be	lda $bed9	        lda fo_soff
.be29	8d 08 3d	sta $3d08	        sta N_OFFSET
.be2c	ad da be	lda $beda	        lda fo_soff+1
.be2f	8d 09 3d	sta $3d09	        sta N_OFFSET+1
.be32					fo_count_len:
.be32	ad db be	lda $bedb	        lda fo_len
.be35	8d 0a 3d	sta $3d0a	        sta N_COUNT
.be38	ad dc be	lda $bedc	        lda fo_len+1
.be3b	8d 0b 3d	sta $3d0b	        sta N_COUNT+1
.be3e	60		rts		        rts
.be3f					fo_select_surface:
.be3f	a2 03		ldx #$03	        ldx #3
.be41	bd a7 be	lda $bea7,x	-       lda fo_surface,x
.be44	9d 04 3d	sta $3d04,x	        sta N_HANDLE,x
.be47	ca		dex		        dex
.be48	10 f7		bpl $be41	        bpl -
.be4a	30 0b		bmi $be57	        bmi fo_owner
.be4c					fo_select_save:
.be4c	a2 03		ldx #$03	        ldx #3
.be4e	bd ab be	lda $beab,x	-       lda fo_save,x
.be51	9d 04 3d	sta $3d04,x	        sta N_HANDLE,x
.be54	ca		dex		        dex
.be55	10 f7		bpl $be4e	        bpl -
.be57					fo_owner:
.be57	ad 20 3d	lda $3d20	        lda N_CURRENT
.be5a	8d 00 3d	sta $3d00	        sta N_OWNER
.be5d	60		rts		        rts
.be5e					fo_mul:
.be5e	8d df be	sta $bedf	        sta fo_mul_a
.be61	8e e0 be	stx $bee0	        stx fo_mul_b
.be64	a9 00		lda #$00	        lda #0
.be66	8d e1 be	sta $bee1	        sta fo_prod
.be69	8d e2 be	sta $bee2	        sta fo_prod+1
.be6c	a2 08		ldx #$08	        ldx #8
.be6e	4e e0 be	lsr $bee0	-       lsr fo_mul_b
.be71	90 0a		bcc $be7d	        bcc +
.be73	18		clc		        clc
.be74	ad e2 be	lda $bee2	        lda fo_prod+1
.be77	6d df be	adc $bedf	        adc fo_mul_a
.be7a	8d e2 be	sta $bee2	        sta fo_prod+1
.be7d	6e e2 be	ror $bee2	+       ror fo_prod+1
.be80	6e e1 be	ror $bee1	        ror fo_prod
.be83	ca		dex		        dex
.be84	d0 e8		bne $be6e	        bne -
.be86	60		rts		        rts
.be87					fo_glyphs:
>be87	ff 81 81 81 81 81 81 ff		        .byte $ff,$81,$81,$81,$81,$81,$81,$ff
>be8f	ff c3 a5 99 99 a5 c3 ff		        .byte $ff,$c3,$a5,$99,$99,$a5,$c3,$ff
>be97	3c 42 81 81 81 81 42 3c		        .byte $3c,$42,$81,$81,$81,$81,$42,$3c
>be9f	3c 42 99 bd bd 99 42 3c		        .byte $3c,$42,$99,$bd,$bd,$99,$42,$3c
>bea7	00 00 00 00			fo_surface: .fill 4,0
>beab	00 00 00 00			fo_save: .fill 4,0
>beaf	00 00				fo_ptr: .word 0
>beb1	00				fo_x: .byte 0                   ; header copy: x, y, w, h, n
>beb2	00				fo_y: .byte 0
>beb3	00				fo_w: .byte 0
>beb4	00				fo_h: .byte 0
>beb5	00				fo_n: .byte 0
>beb6	00				fo_type: .byte 0                ; fetched object: 8 bytes
>beb7	00				fo_flags: .byte 0
>beb8	00				fo_state: .byte 0
>beb9	00				fo_ox: .byte 0
>beba	00				fo_oy: .byte 0
>bebb	00				fo_ow: .byte 0
>bebc	00 00				fo_spec: .word 0
>bebe	00				fo_ax: .byte 0
>bebf	00				fo_ay: .byte 0
>bec0	00				fo_rows: .byte 0
>bec1	ff				fo_focus: .byte $ff
>bec2	00				fo_i: .byte 0
>bec3	00				fo_j: .byte 0
>bec4	00				fo_target: .byte 0
>bec5	00				fo_count: .byte 0
>bec6	00				fo_flag: .byte 0
>bec7	00				fo_key: .byte 0
>bec8	00				fo_press: .byte 0
>bec9	00				fo_prev_button: .byte 0
>beca	00				fo_exit: .byte 0
>becb	00				fo_error: .byte 0
>becc	00				fo_color: .byte 0
>becd	00				fo_cx: .byte 0
>bece	00				fo_cy: .byte 0
>becf	00				fo_c0x: .byte 0
>bed0	00				fo_c0y: .byte 0
>bed1	00				fo_c1x: .byte 0
>bed2	00				fo_c1y: .byte 0
>bed3	00				fo_inset: .byte 0
>bed4	00				fo_t8: .byte 0
>bed5	00				fo_dir: .byte 0
>bed6	00				fo_row: .byte 0
>bed7	00 00				fo_boff: .word 0
>bed9	00 00				fo_soff: .word 0
>bedb	00 00				fo_len: .word 0
>bedd	00 00				fo_bytes: .word 0
>bedf	00				fo_mul_a: .byte 0
>bee0	00				fo_mul_b: .byte 0
>bee1	00 00				fo_prod: .word 0
>bee3	00 00 00 00 00 00		fo_rec: .fill 6,0

;******  Return to file: src/native/gemdesk-usb.asm

.bee9					gm_mod_usb_end:

;******  End of listing
