
; 64tass Turbo Assembler Macro V1.60.3243 listing file
; 64tass -a -B -D "BOOT_PACKED_FILE=\"../../target/native/d81/kestrel-packed.bin\"" -D BOOT_LENGTH=8810 -D BOOT_END=23914 -D BOOT_EXPECTED_CRC=43587 -o target/native/d81/kestrel-boot.prg -l target/native/d81/kestrel-boot.sym -L target/native/d81/kestrel-boot.lst src/native/boot-unpack.asm
; Sun Oct  4 15:20:33 2026

;Offset	;PC	;Hex		;Monitor	;Source

;******  Command line definitions

="../../target/native/d81/kestrel-packed.bin"	BOOT_PACKED_FILE="../../target/native/d81/kestrel-packed.bin"
=8810						BOOT_LENGTH=8810
=23914						BOOT_END=23914
=43587						BOOT_EXPECTED_CRC=43587

;******  Processing input file: src/native/boot-unpack.asm

=40192						BOOT_INPUT = ($c000-BOOT_LENGTH) & $ff00
>1c01		0c 1c				        .word basic_end
>1c03		0a 00				        .word 10
>1c05		9e				        .byte $9e
>1c06		20 37 31 38 34			        .text " 7184"
>1c0b		00				        .byte 0
.1c0c						basic_end:
>1c0c		00 00				        .word 0
.1c10						boot_entry:
.1c10		2c 05 d5	bit $d505	        bit $d505
.1c13		50 01		bvc $1c16	        bvc +
.1c15		60		rts		        rts
.1c16		08		php		+       php
.1c17		78		sei		        sei
.1c18		d8		cld		        cld
.1c19		ad 00 ff	lda $ff00	        lda $ff00
.1c1c		48		pha		        pha
.1c1d		a9 0e		lda #$0e	        lda #$0e
.1c1f		8d 00 ff	sta $ff00	        sta $ff00
.1c22		a9 6c		lda #$6c	        lda #<decoder_image
.1c24		8d 56 1c	sta $1c56	        sta boot_copy_read+1
.1c27		a9 1c		lda #$1c	        lda #>decoder_image
.1c29		8d 57 1c	sta $1c57	        sta boot_copy_read+2
.1c2c		a9 13		lda #$13	        lda #$13
.1c2e		8d 5a 1c	sta $1c5a	        sta boot_copy_write+2
.1c31		a9 16		lda #$16	        lda #>(decoder_end+255)
.1c33		8d 68 1c	sta $1c68	        sta boot_copy_end+1
.1c36		20 53 1c	jsr $1c53	        jsr boot_copy
.1c39		a9 6c		lda #$6c	        lda #<boot_payload
.1c3b		8d 56 1c	sta $1c56	        sta boot_copy_read+1
.1c3e		a9 1f		lda #$1f	        lda #>boot_payload
.1c40		8d 57 1c	sta $1c57	        sta boot_copy_read+2
.1c43		a9 9d		lda #$9d	        lda #>BOOT_INPUT
.1c45		8d 5a 1c	sta $1c5a	        sta boot_copy_write+2
.1c48		a9 c0		lda #$c0	        lda #>(BOOT_INPUT+BOOT_LENGTH+255)
.1c4a		8d 68 1c	sta $1c68	        sta boot_copy_end+1
.1c4d		20 53 1c	jsr $1c53	        jsr boot_copy
.1c50		4c 00 13	jmp $1300	        jmp decoder
.1c53						boot_copy:
.1c53		a0 00		ldy #$00	        ldy #0
.1c55						boot_copy_read:
.1c55		b9 ff ff	lda $ffff,y	        lda $ffff,y
.1c58						boot_copy_write:
.1c58		99 00 13	sta $1300,y	        sta $1300,y
.1c5b		c8		iny		        iny
.1c5c		d0 f7		bne $1c55	        bne boot_copy_read
.1c5e		ee 57 1c	inc $1c57	        inc boot_copy_read+2
.1c61		ee 5a 1c	inc $1c5a	        inc boot_copy_write+2
.1c64		ad 5a 1c	lda $1c5a	        lda boot_copy_write+2
.1c67						boot_copy_end:
.1c67		c9 ff		cmp #$ff	        cmp #$ff
.1c69		d0 ea		bne $1c55	        bne boot_copy_read
.1c6b		60		rts		        rts
.1c6c						decoder_image:
.1c6c	1300					decoder:
.1c6c	1300	ba		tsx		        tsx
.1c6d	1301	8e 4b 15	stx $154b	        stx boot_stack
.1c70	1304	20 0a 13	jsr $130a	        jsr DECOMPRESS_LZSA2
.1c73	1307	4c f1 14	jmp $14f1	        jmp boot_finished

;******  Processing file: src/native/lzsa2-decode.inc

.1c76	130a					DECOMPRESS_LZSA2:
.1c76	130a	a9 00		lda #$00	        lda #0
.1c78	130c	8d 55 14	sta $1455	        sta lz_nibble_ready
.1c7b	130f	8d 53 14	sta $1453	        sta lz_offset
.1c7e	1312	8d 54 14	sta $1454	        sta lz_offset+1
.1c81	1315					lz_command:
.1c81	1315	20 58 14	jsr $1458	        jsr boot_get
.1c84	1318	8d 50 14	sta $1450	        sta lz_token
.1c87	131b	29 18		and #$18	        and #$18                ; literal count field
.1c89	131d	f0 27		beq $1346	        beq lz_read_offset
.1c8b	131f	c9 18		cmp #$18	        cmp #$18
.1c8d	1321	f0 08		beq $132b	        beq lz_long_literals
.1c8f	1323	4a		lsr a		        lsr
.1c90	1324	4a		lsr a		        lsr
.1c91	1325	4a		lsr a		        lsr
.1c92	1326	20 cf 13	jsr $13cf	        jsr lz_short_count
.1c95	1329	d0 0a		bne $1335	        bne lz_copy_literals    ; always (count is 1 or 2)
.1c97	132b					lz_long_literals:
.1c97	132b	a9 12		lda #$12	        lda #18
.1c99	132d	20 d9 13	jsr $13d9	        jsr lz_long_count
.1c9c	1330	d0 03		bne $1335	        beq lz_bad              ; the literal form of the end marker is reserved
.1c9e	1332	4c cc 13	jmp $13cc
.1ca1	1335					lz_copy_literals:
.1ca1	1335	20 1a 14	jsr $141a	        jsr lz_count_pages
.1ca4	1338	20 58 14	jsr $1458	-       jsr boot_get
.1ca7	133b	20 79 14	jsr $1479	        jsr boot_put
.1caa	133e	88		dey		        dey
.1cab	133f	d0 f7		bne $1338	        bne -
.1cad	1341	ce 52 14	dec $1452	        dec lz_count+1
.1cb0	1344	d0 f2		bne $1338	        bne -
.1cb2	1346					lz_read_offset:
.1cb2	1346	ad 50 14	lda $1450	        lda lz_token
.1cb5	1349	0a		asl a		        asl
.1cb6	134a	b0 16		bcs $1362	        bcs lz_offset_1xx
.1cb8	134c	0a		asl a		        asl
.1cb9	134d	b0 07		bcs $1356	        bcs lz_offset_9
.1cbb	134f	20 23 14	jsr $1423	        jsr lz_nibble_offset    ; A = $e0 | nibble<<1 | !Z
.1cbe	1352	a2 ff		ldx #$ff	        ldx #$ff
.1cc0	1354	d0 26		bne $137c	        bne lz_store_offset     ; always
.1cc2	1356					lz_offset_9:
.1cc2	1356	0a		asl a		        asl                     ; carry = Z
.1cc3	1357	a2 ff		ldx #$ff	        ldx #$ff
.1cc5	1359	90 01		bcc $135c	        bcc +
.1cc7	135b	ca		dex		        dex                     ; high byte is $fe when Z is set
.1cc8	135c	20 58 14	jsr $1458	+       jsr boot_get
.1ccb	135f	4c 7c 13	jmp $137c	        jmp lz_store_offset
.1cce	1362					lz_offset_1xx:
.1cce	1362	0a		asl a		        asl
.1ccf	1363	b0 0d		bcs $1372	        bcs lz_offset_11x
.1cd1	1365	20 23 14	jsr $1423	        jsr lz_nibble_offset    ; high byte before the 512 bias
.1cd4	1368	38		sec		        sec
.1cd5	1369	e9 02		sbc #$02	        sbc #2
.1cd7	136b	aa		tax		        tax
.1cd8	136c	20 58 14	jsr $1458	        jsr boot_get
.1cdb	136f	4c 7c 13	jmp $137c	        jmp lz_store_offset
.1cde	1372					lz_offset_11x:
.1cde	1372	0a		asl a		        asl                     ; carry = Z: set means repeat offset
.1cdf	1373	b0 0d		bcs $1382	        bcs lz_have_offset
.1ce1	1375	20 58 14	jsr $1458	        jsr boot_get
.1ce4	1378	aa		tax		        tax
.1ce5	1379	20 58 14	jsr $1458	        jsr boot_get
.1ce8	137c					lz_store_offset:
.1ce8	137c	8d 53 14	sta $1453	        sta lz_offset
.1ceb	137f	8e 54 14	stx $1454	        stx lz_offset+1
.1cee	1382					lz_have_offset:
.1cee	1382	18		clc		        clc
.1cef	1383	ad 9c 14	lda $149c	        lda boot_write+1
.1cf2	1386	6d 53 14	adc $1453	        adc lz_offset
.1cf5	1389	8d b4 13	sta $13b4	        sta COPY_MATCH_LOOP+1
.1cf8	138c	ad 9d 14	lda $149d	        lda boot_write+2
.1cfb	138f	6d 54 14	adc $1454	        adc lz_offset+1
.1cfe	1392	8d b5 13	sta $13b5	        sta COPY_MATCH_LOOP+2
.1d01	1395	ad 50 14	lda $1450	        lda lz_token
.1d04	1398	29 07		and #$07	        and #7                  ; match length field, minus the minimum of 2
.1d06	139a	c9 07		cmp #$07	        cmp #7
.1d08	139c	f0 07		beq $13a5	        beq lz_long_match
.1d0a	139e	69 02		adc #$02	        adc #2                  ; carry is clear after cmp
.1d0c	13a0	20 cf 13	jsr $13cf	        jsr lz_short_count
.1d0f	13a3	d0 08		bne $13ad	        bne lz_copy_match       ; always (count is 2..8)
.1d11	13a5					lz_long_match:
.1d11	13a5	a9 18		lda #$18	        lda #24
.1d13	13a7	20 d9 13	jsr $13d9	        jsr lz_long_count
.1d16	13aa	d0 01		bne $13ad	        bne lz_copy_match
.1d18	13ac	60		rts		        rts                     ; end marker
.1d19	13ad					lz_copy_match:
.1d19	13ad	20 ca 14	jsr $14ca	        jsr boot_match
.1d1c	13b0	20 1a 14	jsr $141a	        jsr lz_count_pages
.1d1f	13b3					COPY_MATCH_LOOP:
.1d1f	13b3	ad ff ff	lda $ffff	        lda $ffff
.1d22	13b6	20 79 14	jsr $1479	        jsr boot_put
.1d25	13b9	ee b4 13	inc $13b4	        inc COPY_MATCH_LOOP+1
.1d28	13bc	d0 03		bne $13c1	        bne +
.1d2a	13be	ee b5 13	inc $13b5	        inc COPY_MATCH_LOOP+2
.1d2d	13c1	88		dey		+       dey
.1d2e	13c2	d0 ef		bne $13b3	        bne COPY_MATCH_LOOP
.1d30	13c4	ce 52 14	dec $1452	        dec lz_count+1
.1d33	13c7	d0 ea		bne $13b3	        bne COPY_MATCH_LOOP
.1d35	13c9	4c 15 13	jmp $1315	        jmp lz_command
.1d38	13cc					lz_bad:
.1d38	13cc	4c 23 15	jmp $1523	        jmp boot_bad
.1d3b	13cf					lz_short_count:
.1d3b	13cf	8d 51 14	sta $1451	        sta lz_count
.1d3e	13d2	a2 00		ldx #$00	        ldx #0
.1d40	13d4	8e 52 14	stx $1452	        stx lz_count+1
.1d43	13d7	aa		tax		        tax
.1d44	13d8	60		rts		        rts
.1d45	13d9					lz_long_count:
.1d45	13d9	8d 51 14	sta $1451	        sta lz_count
.1d48	13dc	a9 00		lda #$00	        lda #0
.1d4a	13de	8d 52 14	sta $1452	        sta lz_count+1
.1d4d	13e1	20 37 14	jsr $1437	        jsr lz_nibble
.1d50	13e4	c9 0f		cmp #$0f	        cmp #15
.1d52	13e6	f0 09		beq $13f1	        beq lz_count_byte
.1d54	13e8	6d 51 14	adc $1451	        adc lz_count            ; carry is clear: nibble < 15
.1d57	13eb	e9 0e		sbc #$0e	        sbc #14                 ; carry still clear: subtracts 15
.1d59	13ed	8d 51 14	sta $1451	        sta lz_count
.1d5c	13f0	60		rts		        rts                     ; Z clear: count is at least 3
.1d5d	13f1					lz_count_byte:
.1d5d	13f1	20 58 14	jsr $1458	        jsr boot_get
.1d60	13f4	18		clc		        clc
.1d61	13f5	6d 51 14	adc $1451	        adc lz_count
.1d64	13f8	8d 51 14	sta $1451	        sta lz_count
.1d67	13fb	90 16		bcc $1413	        bcc lz_count_done       ; 18..255 or 24..255
.1d69	13fd	f0 14		beq $1413	        beq lz_count_done       ; exactly 256: end marker, count 0
.1d6b	13ff	4a		lsr a		        lsr
.1d6c	1400	d0 ca		bne $13cc	        bne lz_bad              ; only 257 selects a 16-bit count
.1d6e	1402	20 58 14	jsr $1458	        jsr boot_get
.1d71	1405	8d 51 14	sta $1451	        sta lz_count
.1d74	1408	20 58 14	jsr $1458	        jsr boot_get
.1d77	140b	8d 52 14	sta $1452	        sta lz_count+1
.1d7a	140e	0d 51 14	ora $1451	        ora lz_count
.1d7d	1411	f0 b9		beq $13cc	        beq lz_bad              ; a zero 16-bit count is invalid
.1d7f	1413					lz_count_done:
.1d7f	1413	ad 51 14	lda $1451	        lda lz_count
.1d82	1416	0d 52 14	ora $1452	        ora lz_count+1
.1d85	1419	60		rts		        rts
.1d86	141a					lz_count_pages:
.1d86	141a	ac 51 14	ldy $1451	        ldy lz_count
.1d89	141d	f0 03		beq $1422	        beq +
.1d8b	141f	ee 52 14	inc $1452	        inc lz_count+1
.1d8e	1422	60		rts		+       rts
.1d8f	1423					lz_nibble_offset:
.1d8f	1423	20 37 14	jsr $1437	        jsr lz_nibble
.1d92	1426	8d 57 14	sta $1457	        sta lz_scratch
.1d95	1429	ad 50 14	lda $1450	        lda lz_token
.1d98	142c	29 20		and #$20	        and #$20
.1d9a	142e	c9 20		cmp #$20	        cmp #$20                ; carry = Z
.1d9c	1430	ad 57 14	lda $1457	        lda lz_scratch
.1d9f	1433	2a		rol a		        rol
.1da0	1434	49 e1		eor #$e1	        eor #$e1
.1da2	1436	60		rts		        rts
.1da3	1437					lz_nibble:
.1da3	1437	4e 55 14	lsr $1455	        lsr lz_nibble_ready
.1da6	143a	b0 0e		bcs $144a	        bcs +
.1da8	143c	ee 55 14	inc $1455	        inc lz_nibble_ready
.1dab	143f	20 58 14	jsr $1458	        jsr boot_get
.1dae	1442	8d 56 14	sta $1456	        sta lz_nibble_byte
.1db1	1445	4a		lsr a		        lsr
.1db2	1446	4a		lsr a		        lsr
.1db3	1447	4a		lsr a		        lsr
.1db4	1448	4a		lsr a		        lsr
.1db5	1449	60		rts		        rts
.1db6	144a	ad 56 14	lda $1456	+       lda lz_nibble_byte
.1db9	144d	29 0f		and #$0f	        and #$0f
.1dbb	144f	60		rts		        rts
>1dbc	1450	00				lz_token:        .byte 0
>1dbd	1451	00 00				lz_count:        .word 0
>1dbf	1453	00 00				lz_offset:       .word 0
>1dc1	1455	00				lz_nibble_ready: .byte 0
>1dc2	1456	00				lz_nibble_byte:  .byte 0
>1dc3	1457	00				lz_scratch:      .byte 0

;******  Return to file: src/native/boot-unpack.asm

.1dc4	1458					boot_get:
.1dc4	1458	08		php		        php
.1dc5	1459	ad 6e 14	lda $146e	        lda boot_read+2
.1dc8	145c	c9 bf		cmp #$bf	        cmp #>(BOOT_INPUT+BOOT_LENGTH)
.1dca	145e	90 0c		bcc $146c	        bcc boot_read
.1dcc	1460	f0 03		beq $1465	        bne boot_bad
.1dce	1462	4c 23 15	jmp $1523
.1dd1	1465	ad 6d 14	lda $146d	        lda boot_read+1
.1dd4	1468	c9 6a		cmp #$6a	        cmp #<(BOOT_INPUT+BOOT_LENGTH)
.1dd6	146a	b0 f6		bcs $1462	        bcs boot_bad
.1dd8	146c					boot_read:
.1dd8	146c	ad 00 9d	lda $9d00	        lda BOOT_INPUT
.1ddb	146f	ee 6d 14	inc $146d	        inc boot_read+1
.1dde	1472	d0 03		bne $1477	        bne +
.1de0	1474	ee 6e 14	inc $146e	        inc boot_read+2
.1de3	1477	28		plp		+       plp
.1de4	1478	60		rts		        rts
.1de5	1479					boot_put:
.1de5	1479	8d 4c 15	sta $154c	        sta boot_value
.1de8	147c	08		php		        php
.1de9	147d	98		tya		        tya
.1dea	147e	48		pha		        pha
.1deb	147f	ad 4c 15	lda $154c	        lda boot_value
.1dee	1482	20 89 14	jsr $1489	        jsr boot_put_body
.1df1	1485	68		pla		        pla
.1df2	1486	a8		tay		        tay
.1df3	1487	28		plp		        plp
.1df4	1488	60		rts		        rts
.1df5	1489					boot_put_body:
.1df5	1489	48		pha		        pha
.1df6	148a	ad 9d 14	lda $149d	        lda boot_write+2
.1df9	148d	c9 5d		cmp #$5d	        cmp #>BOOT_END
.1dfb	148f	90 09		bcc $149a	        bcc +
.1dfd	1491	d0 cf		bne $1462	        bne boot_bad
.1dff	1493	ad 9c 14	lda $149c	        lda boot_write+1
.1e02	1496	c9 6a		cmp #$6a	        cmp #<BOOT_END
.1e04	1498	b0 c8		bcs $1462	        bcs boot_bad
.1e06	149a	68		pla		+       pla
.1e07	149b					boot_write:
.1e07	149b	8d 01 1c	sta $1c01	        sta $1c01
.1e0a	149e	4d 4e 15	eor $154e	        eor boot_crc+1
.1e0d	14a1	8d 4e 15	sta $154e	        sta boot_crc+1
.1e10	14a4	a0 08		ldy #$08	        ldy #8
.1e12	14a6	0e 4d 15	asl $154d	-       asl boot_crc
.1e15	14a9	2e 4e 15	rol $154e	        rol boot_crc+1
.1e18	14ac	90 10		bcc $14be	        bcc +
.1e1a	14ae	ad 4d 15	lda $154d	        lda boot_crc
.1e1d	14b1	49 21		eor #$21	        eor #$21
.1e1f	14b3	8d 4d 15	sta $154d	        sta boot_crc
.1e22	14b6	ad 4e 15	lda $154e	        lda boot_crc+1
.1e25	14b9	49 10		eor #$10	        eor #$10
.1e27	14bb	8d 4e 15	sta $154e	        sta boot_crc+1
.1e2a	14be	88		dey		+       dey
.1e2b	14bf	d0 e5		bne $14a6	        bne -
.1e2d	14c1	ee 9c 14	inc $149c	        inc boot_write+1
.1e30	14c4	d0 03		bne $14c9	        bne +
.1e32	14c6	ee 9d 14	inc $149d	        inc boot_write+2
.1e35	14c9	60		rts		+       rts
.1e36	14ca					boot_match:
.1e36	14ca	08		php		        php
.1e37	14cb	48		pha		        pha
.1e38	14cc	ad b5 13	lda $13b5	        lda COPY_MATCH_LOOP+2
.1e3b	14cf	c9 1c		cmp #$1c	        cmp #>$1c01
.1e3d	14d1	90 50		bcc $1523	        bcc boot_bad
.1e3f	14d3	d0 07		bne $14dc	        bne +
.1e41	14d5	ad b4 13	lda $13b4	        lda COPY_MATCH_LOOP+1
.1e44	14d8	c9 01		cmp #$01	        cmp #<$1c01
.1e46	14da	90 47		bcc $1523	        bcc boot_bad
.1e48	14dc	ad b5 13	lda $13b5	+       lda COPY_MATCH_LOOP+2
.1e4b	14df	cd 9d 14	cmp $149d	        cmp boot_write+2
.1e4e	14e2	90 0a		bcc $14ee	        bcc +
.1e50	14e4	d0 3d		bne $1523	        bne boot_bad
.1e52	14e6	ad b4 13	lda $13b4	        lda COPY_MATCH_LOOP+1
.1e55	14e9	cd 9c 14	cmp $149c	        cmp boot_write+1
.1e58	14ec	b0 35		bcs $1523	        bcs boot_bad
.1e5a	14ee	68		pla		+       pla
.1e5b	14ef	28		plp		        plp
.1e5c	14f0	60		rts		        rts
.1e5d	14f1					boot_finished:
.1e5d	14f1	ad 6d 14	lda $146d	        lda boot_read+1
.1e60	14f4	c9 6a		cmp #$6a	        cmp #<(BOOT_INPUT+BOOT_LENGTH)
.1e62	14f6	d0 2b		bne $1523	        bne boot_bad
.1e64	14f8	ad 6e 14	lda $146e	        lda boot_read+2
.1e67	14fb	c9 bf		cmp #$bf	        cmp #>(BOOT_INPUT+BOOT_LENGTH)
.1e69	14fd	d0 24		bne $1523	        bne boot_bad
.1e6b	14ff	ad 9c 14	lda $149c	        lda boot_write+1
.1e6e	1502	c9 6a		cmp #$6a	        cmp #<BOOT_END
.1e70	1504	d0 1d		bne $1523	        bne boot_bad
.1e72	1506	ad 9d 14	lda $149d	        lda boot_write+2
.1e75	1509	c9 5d		cmp #$5d	        cmp #>BOOT_END
.1e77	150b	d0 16		bne $1523	        bne boot_bad
.1e79	150d	ad 4d 15	lda $154d	        lda boot_crc
.1e7c	1510	c9 43		cmp #$43	        cmp #<BOOT_EXPECTED_CRC
.1e7e	1512	d0 0f		bne $1523	        bne boot_bad
.1e80	1514	ad 4e 15	lda $154e	        lda boot_crc+1
.1e83	1517	c9 aa		cmp #$aa	        cmp #>BOOT_EXPECTED_CRC
.1e85	1519	d0 08		bne $1523	        bne boot_bad
.1e87	151b	68		pla		        pla
.1e88	151c	8d 00 ff	sta $ff00	        sta $ff00
.1e8b	151f	28		plp		        plp
.1e8c	1520	4c 10 1c	jmp $1c10	        jmp $1c10
.1e8f	1523					boot_bad:
.1e8f	1523	ae 4b 15	ldx $154b	        ldx boot_stack
.1e92	1526	9a		txs		        txs
.1e93	1527	a9 00		lda #$00	        lda #0
.1e95	1529	8d 01 1c	sta $1c01	        sta $1c01
.1e98	152c	8d 02 1c	sta $1c02	        sta $1c02
.1e9b	152f	8d 0b 1c	sta $1c0b	        sta $1c0b
.1e9e	1532	8d 0c 1c	sta $1c0c	        sta $1c0c
.1ea1	1535	8d 0d 1c	sta $1c0d	        sta $1c0d
.1ea4	1538	68		pla		        pla
.1ea5	1539	8d 00 ff	sta $ff00	        sta $ff00
.1ea8	153c	28		plp		        plp
.1ea9	153d	a2 00		ldx #$00	        ldx #0
.1eab	153f	bd 4f 15	lda $154f,x	-       lda boot_message,x
.1eae	1542	f0 06		beq $154a	        beq +
.1eb0	1544	20 d2 ff	jsr $ffd2	        jsr $ffd2
.1eb3	1547	e8		inx		        inx
.1eb4	1548	d0 f5		bne $153f	        bne -
.1eb6	154a	60		rts		+       rts
>1eb7	154b	00				boot_stack: .byte 0
>1eb8	154c	00				boot_value: .byte 0
>1eb9	154d	ff ff				boot_crc: .word $ffff
>1ebb	154f	0d				boot_message: .byte 13
>1ebc	1550	42 4f 4f 54 20 45 52 52		        .text "boot error - reload",13,0
>1ec4	1558	4f 52 20 2d 20 52 45 4c 4f 41 44 0d 00
.1ed1	1565					decoder_end:
>1ed1		00 00 00 00 00 00 00 00		        .fill (decoder_end-decoder+255)/256*256-(decoder_end-decoder),0
>1ed9		00 00 00 00 00 00 00 00 00 00 00 00 00 00 00 00
;		...repeated 8 times (128 bytes)...
>1f69		00 00 00
.1f6c						boot_payload:
>1f6c		1a 8f 0c 1c 0a 00 9e 20		        .binary BOOT_PACKED_FILE
>1f74		37 31 38 34 00 3c 88 4c 74 1c 4b 45 53 31 32 38
>1f84		01 00 18 7e 6d 13 4c 72 15 4c 48 16 4c 4d e8 52
>1f94		e8 00 08 b0 85 08 ba 18 de 36 1d 4c e4 49 4c 91
>1fa4		1f 4c 5a 24 4c 73 26 4c 80 f8 18 7f 28 4c 96 08
>1fb4		3f 08 9c 5e 08 a0 38 bd ba 18 4c ac 32 4c 87 46
>1fc4		4c d0 1a 4c 71 48 5f fa 36 33 4c 9a 1b 4c 00 4b
>1fd4		4c 93 4b d8 2c 05 d5 50 01 60 a9 0e 8d 00 ff 4c
>1fe4		00 59 20 00 16 90 03 8d 16 3d 4c 00 0c ad e4 3d
>1ff4		8d 2c 3d ad ce 33 8d 21 3d a2 03 bd e7 0e 9d 40
>2004		3d ca 10 f7 a9 04 8d 22 3d 20 36 1d b0 03 ad 24
>2014		3d d6 59 c5 05 a0 05 ad 9d 3d f0 03 a0 0a ca 8a
>2024		18 69 01 d3 59 a9 00 8d 9a 3d b9 c3 33 c0 48 88
>2034		bf 29 f6 11 38 8d 9e 3d 49 33 f1 cf 33 4a 9d b4
>2044		38 90 0f 8d 2b 3d ae 8f 59 02 d0 30 ae 23 3d d0
>2054		2b f0 ae ad 28 3d c9 01 f0 11 c9 02 f0 14 9a 04
>2064		11 59 f0 98 d0 11 cf 01 b1 4b cd ae 49 8d 9a 60
>2074		ed 58 b2 1c 08 ad cc 10 0d 20 e7 e8 11 28 91 19
>2084		99 05 a9 07 28 38 60 ba bd 01 01 29 04 48 08 05
>2094		53 1d d8 2b 01 b2 50 ad c0 aa 1a 20 f0 de ad d0
>20a4		c3 19 d7 a2 00 bd 00 3c b3 49 ce 59 38 08 aa d0
>20b4		f2 ad 2c 16 18 04 b0 33 c9 03 f0 17 ad 21 ac 78
>20c4		08 90 28 c9 1f b0 24 ad 22 3d f0 1f c9 11 b0 d1
>20d4		11 c1 1d 40 30 f0 13 12 b0 0f 55 39 0a ad 00 4e
>20e4		c9 2f d0 03 43 48 a9 34 50 27 3d d2 60 ba 58 a5
>20f4		99 d0 06 a5 9a de 41 87 4a 15 90 40 5b 48 0a 55
>2104		49 2a 54 41 de 08 23 d0 50 20 8d 59 72 8d 80 f0
>2114		68 12 d8 79 04 9d 24 b1 39 3c fa a2 06 9d 8f 21
>2124		71 8d 87 9b 12 9d 81 60 59 20 20 4f d0 51 88 3d
>2134		7a 30 8d 85 d3 e8 2c e8 96 e8 22 68 86 79 fa 0f
>2144		bd 40 3d 9d a0 68 20 15 79 26 20 23 21 08 48 66
>2154		08 81 f1 87 21 08 ad b2 59 8d 92 21 68 28 14 3b
>2164		2c bd 1f 20 a3 20 18 08 c9 00 f0 ef b9 16 eb 60
>2174		41 7d 36 94 21 08 ae a1 38 9d 60 3d ee d6 28 ad
>2184		60 f0 3c 14 d0 e8 20 0e 41 50 48 00 87 48 6a 4d
>2194		ea 01 08 02 d0 78 60 8d 03 52 13 ba 13 11 41 88
>21a4		e8 04 eb 8b 49 6a 5e 29 21 70 c8 1e 2f 60 aa f8
>21b4		95 9d 00 60 e8 d0 fa ee c8 1e ce 96 21 5b a9 ff
>21c4		8d 98 21 8d 99 21 8e 41 96 e8 bd 41 df 38 55 e0
>21d4		0e f0 04 e0 0f d0 02 5f 00 20 40 21 86 49 e0 8e
>21e4		51 25 1f 99 38 49 26 1f 38 ad 68 3d e9 28 9a 3c
>21f4		28 69 40 53 ef 9b 00 60 bd 4a 60 cd 40 d9 f8 d0
>2204		03 ee 48 ad df 20 c1 28 ce 28 ce ca 01 30 0d 9b
>2214		90 18 d7 ad 95 dc 38 04 a9 13 d0 6f ad 98 21 cd
>2224		6e 3d d0 5f ad 99 c0 e8 6f 58 57 20 64 99 28 93
>2234		20 79 5d a9 02 74 43 24 59 10 ba 8e 97 21 7e 48
>2244		8e ab 48 24 28 bb 85 48 d8 f3 fb 6b 58 61 99 4c
>2254		c3 1f 6c 9c 21 ff 72 88 e0 7d 68 16 72 30 38 60
>2264		e7 41 52 0b 02 79 10 d0 ef 8d 28 ee 48 ae c3 58
>2274		9a 4c 79 51 49 14 91 50 10 d0 5c e8 93 08 64 ef
>2284		68 b8 44 49 03 a0 84 95 e9 07 41 28 e9 0a 48 80
>2294		9e a0 fb 6f 2a b0 88 00 ff 0e f0 b0 15 51 ae 93
>22a4		45 41 cb a1 b0 81 fb 0c 49 08 8a 31 20 3d 41 5d
>22b4		85 f0 b3 60 9e 61 d4 79 dd 83 21 4f 70 9f 20 99
>22c4		80 f0 60 e8 64 40 7b 1a 7a ad 65 c0 f8 73 ad 66
>22d4		79 53 0f b0 6c 20 60 1b b0 67 5c 79 f0 62 c9 61
>22e4		b0 5e d3 28 cd a1 79 90 07 d0 54 c1 11 d0 4f 8b
>22f4		31 d0 07 3a 3a c9 21 90 43 ad 6d e8 6c f9 02 20
>2304		90 37 08 cd 19 17 90 0a d0 2d 28 cd 03 11 b0 25
>2314		f9 11 8d 9c 21 18 68 69 82 59 9d 21 a2 10 85 51
>2324		f0 08 d4 58 90 0b c9 7f b0 07 e8 e0 20 d0 ee 18
>2334		60 1a 60 f9 62 a2 78 66 ad 8f 95 e8 90 7a 0f 36
>2344		20 12 29 71 89 3d ae 48 8a 2b 91 73 26 6f 58 10
>2354		b0 48 ad 8b b5 20 30 ad 8c db 48 90 da 00 68 f0
>2364		36 08 8d a9 4a 91 d7 38 e7 20 a9 3a 8d e8 20 ad
>2374		00 3a 48 ee aa 61 40 21 6a 8f 40 e8 90 20 cf 45
>2384		ab 50 06 ad d4 48 8d 9b 49 68 91 e8 12 63 c7 61
>2394		f7 b3 87 21 e5 59 6a f7 60 08 48 90 16 ad 25 3d
>23a4		d9 68 8f d2 e8 25 0a 26 e8 90 20 c2 9a 68 28 60
>23b4		4d 99 f0 96 98 a2 08 0e ff 8e e8 2e 91 90 10 fe
>23c4		28 49 79 00 e8 ad 31 49 10 30 58 ca d0 e5 3f 48
>23d4		92 6d 49 10 47 a8 20 e7 de 42 51 49 06 3f 20 6a
>23e4		60 73 e9 fa 1f 3f 60 4e 41 50 50 00 de 40 67 82
>23f4		9c 90 d0 48 ee a4 e9 03 92 d0 44 a9 b9 8f b0 39
>2404		ad 80 3d f0 3d c9 ff f0 39 04 ea 39 b1 d0 33 ff
>2414		43 ac 91 1b 10 8d 8b e1 e8 8c e8 8d e8 8f e8 90
>2424		f8 61 2e 8d 62 e8 64 51 65 2e 20 e9 07 29 08 eb
>2434		e9 01 e8 15 70 c9 07 16 70 8d 8e 05 20 21 df a0
>2444		b9 92 8e 91 f1 fa 21 1a 00 4c 08 22 30 a9 09 e1
>2454		50 bd c0 80 48 02 c6 41 91 98 f1 bd c1 3d e2 56
>2464		f9 b0 03 4c 00 40 e9 e3 3a 07 df bd c2 99 5e d8
>2474		c9 02 d0 07 bd c3 3d 02 0a cd c5 18 f0 d0 c6 bd
>2484		c4 3d 1d c5 e0 48 c6 57 98 bb bd cc e2 3e e9 b6
>2494		4b b2 de 51 d0 52 cc 52 d0 24 d9 f8 08 f0 9f bd
>24a4		cd e8 ce e8 cf 2a 09 72 1a 01 d0 8d f0 1e b2 fa
>24b4		03 f0 84 d0 15 89 09 f0 76 57 1d 22 d9 51 d0 16
>24c4		b2 18 49 a8 88 b9 e0 3d dd c1 99 0f 09 b9 e2 68
>24d4		42 62 41 dc 50 ad 81 99 e9 3b 19 2f 37 38 e9 01
>24e4		0a 59 60 aa 8e 55 2e 20 21 22 b0 26 3f 51 f0 22
>24f4		70 70 cd 82 48 38 1a bd c5 c0 e8 83 f8 12 bd c6
>2504		e8 84 09 0a 1f 71 cd 80 30 61 e5 e9 04 e8 05 48
>2514		ad c9 09 4a 79 de 18 69 7a 8d 57 2e 38 e9 72 8d
>2524		58 2e 60 20 11 23 a4 68 5b bc b1 5e 2e 3e 48 e0
>2534		bd 90 56 2e df db a9 e8 6a 0b f3 8a 32 f0 08 b9
>2544		4e f6 4c 19 22 8e 5c 2e 26 59 2f 7c 8d 5d 2e bd
>2554		65 b0 02 90 5a 6b 11 93 50 ed 59 c4 52 5a 2e d5
>2564		a9 04 fa 2b 30 05 ee 41 b0 99 3e 5f 2e a5 98 c9
>2574		0b 9e 38 17 3c 24 18 6d 05 af 90 a6 98 8c 20 c6
>2584		9a 2a 24 ad 59 2e d0 11 ad 87 d2 6c 40 5a 3a 62
>2594		03 c9 7e d0 1b 21 48 cd a3 61 f9 28 6c c9 e8 56
>25a4		38 7d bd 76 03 29 0f c9 0f d0 74 ee 5e 51 2a 57
>25b4		e8 57 50 17 ee 55 45 df eb 5c 30 cd 58 bf a8 52
>25c4		ea 25 6f 49 30 1d 80 64 71 a8 b9 e8 70 3d b9 b9
>25d4		02 65 55 35 98 0c 48 dd be 52 d0 28 0a 54 60 2e
>25e4		c6 e8 60 58 18 ca 30 03 4c 99 23 ad 00 49 cd 6c
>25f4		80 dc 7c 28 5e 40 45 62 8a 41 0f 59 1f 08 20 9e
>2604		21 3e 88 fe 10 89 96 fb f6 21 b1 14 22 fe 66 88
>2614		87 34 17 63 24 25 48 d0 db f8 11 75 40 ad 85 f2
>2624		08 b0 53 c9 1f d4 48 8d 84 47 c7 40 13 26 bf 81
>2634		b0 91 1b ae d7 7f 68 97 19 33 f5 2d 61 d1 b2 99
>2644		3d ee 28 40 a6 88 24 c6 4f 88 cd 0d a8 86 d6 e9
>2654		65 69 61 78 91 a0 3d ef c4 e9 58 1a 1e 54 c9 2a
>2664		f0 50 c9 3f f0 4c c9 2c f0 48 c9 3a f0 44 c9 2f
>2674		f0 40 c9 5c f0 3c c9 40 f0 38 c9 23 f0 34 c9 24
>2684		f0 30 9d 0f 2e e8 ec 86 3d d0 c8 a9 2c a5 70 ac
>2694		88 f5 12 0a 2e 25 8f e8 87 eb 0d 71 8e 23 0c 4a
>26a4		f0 93 81 b2 41 74 91 08 22 fe af f1 d0 0d 10 3d
>26b4		c5 a9 c6 fe 78 71 d0 0e 0c 91 10 aa 4f 32 dd a9
>26c4		0f 81 87 48 ad 28 a3 fe d6 91 02 41 53 f0 59 2e
>26d4		61 02 1a 10 20 25 23 90 e8 ae b1 fe c4 ef 82 90
>26e4		fe c5 78 f0 03 fe a1 fa 32 48 9d ae 41 ce 30 9d
>26f4		c1 e8 87 89 c2 dc 06 30 9d c3 08 c7 ec e8 c8 e8
>2704		c9 e8 ca e8 cb e8 cd 48 ce d7 e8 cf 91 5c 2e 1d
>2714		10 9d cc bf 82 61 90 79 8d fd 09 41 75 30 8d 82
>2724		e8 c5 e8 83 a8 c6 d4 c5 ea 84 48 63 90 9c 51 29
>2734		20 78 29 b0 49 f2 bc 5a 0c 20 dd 2a b0 a0 81 c0
>2744		20 49 46 c5 48 ae 90 50 ac 58 dc 59 ba ff ad 20
>2754		30 0f a0 b0 59 bd ff ee cc 58 d1 c0 ff b0 15 20
>2764		b2 29 b0 13 20 57 2a b0 0e 20 ec bd 50 5b 28 b2
>2774		41 4a 38 20 aa 29 ad 02 19 f0 0b 20 da 29 21 40
>2784		37 50 ee 65 d3 51 16 2a df 59 4c 44 26 ae 0f 28
>2794		65 2f a8 0d bd 41 48 88 ad ec 8f 41 45 a2 c9 41
>27a4		2a 40 62 41 65 41 68 42 6b 41 b6 21 2f 41 b5 86
>27b4		e7 a1 e9 60 40 b0 07 0c 81 2f 48 66 ad 6d c9 9d
>27c4		49 c2 58 61 9b 6e c1 17 39 06 4c 85 2f 50 cd 66
>27d4		9a 63 09 09 8a 0d 81 8d f8 0d 1e ad 89 09 19 90
>27e4		0d 8a ec be ea 11 90 06 f0 51 41 82 a8 02 fe 88
>27f4		82 3d 09 06 dd 70 18 bd ba 70 6d 89 e7 28 c9 e8
>2804		8a 60 b4 88 69 fd d6 09 cb 93 b0 e2 e1 8f 56 f0
>2814		08 1f 41 94 6d 8d 4a f9 33 42 a9 01 67 4c 2d 41
>2824		9d 50 8d 6a 1b 28 8a aa 6b f2 46 99 79 27 8d dd
>2834		27 dc a7 28 7a 74 de 27 98 81 f1 31 f8 f8 27 ae
>2844		57 40 5d 58 6c d0 07 20 c6 ff 90 0d b0 05 32 00
>2854		69 7b c7 21 3f 90 20 cf 44 70 67 2e a6 44 d8 08
>2864		ad a3 99 8d 00 3a 20 24 28 f0 f4 f0 bd cd f9 0b
>2874		bd ce 68 de 23 10 de ce e8 20 87 e1 11 99 3e 24
>2884		ad 68 2e 29 40 51 8a c8 e3 17 48 1d 3b 00 e8 ca
>2894		e8 cb 49 12 42 71 09 01 91 5b 0e 4c f2 27 dc 40
>28a4		37 40 0d 52 20 d0 95 48 ad 57 48 0d 5a a1 b6 51
>28b4		16 ad 9c 72 d2 ff 31 49 11 94 25 40 1a ea 20 cc
>28c4		69 61 46 62 49 e8 61 69 18 51 42 b2 e9 02 62 39
>28d4		0a 08 61 36 67 4f 10 48 ee 10 e8 ee f8 d0 06 ee
>28e4		e8 ee 51 ee 8b 54 88 ee df 9d 82 38 a9 c8 ff f6
>28f4		92 fe c9 33 ea ca 60 a7 41 9b 20 c1 f8 ce 6b 2e
>2904		ce 49 60 df 63 9c 81 dd 74 61 7c f2 8d 92 f1 8d
>2914		93 20 e8 94 e8 cb 7f 00 95 3d 60 01 66 06 40 68
>2924		8f 28 f3 dd b5 a2 00 ef 5e ae 08 82 a6 fd 94 a0
>2934		32 13 69 31 7e 61 70 40 97 42 94 46 d7 f3 ec 28
>2944		81 1a 41 d5 21 2c a3 1a ac 00 fd 86 86 3d 94 18
>2954		44 df 50 8d 09 d2 74 38 60 00 67 07 3f b5 01 60
>2964		bd 8c 06 ff 0b 84 10 61 ea 64 c7 91 d0 05 ff 1f
>2974		75 18 60 c2 85 05 a2 ed 12 a1 93 80 ab 6e b0 b5
>2984		b7 94 e8 2e 18 7d f8 a5 c6 8d 2a 2e a5 c7 8d 2b
>2994		88 9d af 4f 81 c3 78 3d 85 9d aa 20 68 ff e3 8a
>29a4		5c f1 b2 d0 28 fc 08 20 a8 a9 ff 2f e8 e2 aa 5d
>29b4		6a b1 a0 0f ff 6b 40 d9 b2 aa a8 6e eb 62 f0 05
>29c4		4c 40 97 61 4b 81 f1 2a 48 d0 7f f8 b7 ff 8d 68
>29d4		48 90 41 89 bf cb 78 20 e8 8d 21 d9 00 a2 ef 6e
>29e4		40 df 71 ae 61 7f 4a 8d 77 61 18 a1 18 72 20 c3
>29f4		12 a3 f4 50 50 60 ad 67 11 f0 24 01 e2 40 5f f9
>2a04		bd 24 2e 95 b7 48 ad 61 f8 00 85 c6 ad f8 85 c7
>2a14		ad 40 63 61 b2 48 64 d6 83 d5 de f1 aa bd f3 08
>2a24		bd 54 f0 21 4f 52 f0 19 a9 ed 5d 30 b0 0c 41 2d
>2a34		41 3f 41 41 49 60 9d 02 8a 2a 02 41 da e9 ae 48
>2a44		c6 43 a2 ff d0 97 69 2e 00 02 f9 b0 1e ae 69 2e
>2a54		18 1b 9d 2d 2e ee 90 c9 0d ff 5a 84 1d 31 07 ad
>2a64		9b a8 28 b5 41 c7 43 1a 21 c7 22 18 2c 04 90 ee
>2a74		ad 2f 68 2c 11 18 1b a2 01 bd 2d 78 3d 30 90 de
>2a84		c9 3a b0 71 48 0f c0 61 a2 30 ed ad 49 0a a8 b0
>2a94		0a 0a dd bf 20 91 6d 2e ec 60 70 ae 8f ab 89 bb
>2aa4		05 79 02 4c 90 2a f1 6a 7e af ea 0a 79 01 a2 e1
>2ab4		a0 2d ad 82 e1 1e ea 10 ea 0e 98 09 20 26 2b e2
>2ac4		23 e9 2b 42 88 6f 7e d3 85 ec 1b 62 17 a1 ee 81
>2ad4		da 76 50 8d 09 22 68 96 15 90 ef 2d 65 60 f7 28
>2ae4		f2 df e8 02 e8 f5 4a 03 21 88 04 d1 f1 05 2d a3
>2af4		ef a2 a0 33 50 ad 09 78 10 77 ce d0 99 4c 98 2b
>2b04		f2 64 e8 05 e8 05 70 02 3a 5f 99 38 e9 81 cd 88
>2b14		c8 7c 98 a0 00 a9 a0 cc 86 3d b0 03 b9 a0 c8 39
>2b24		f0 05 3a 58 e8 c8 c0 10 d0 eb 4c 44 2c 18 ad d5
>2b34		51 69 20 cd b1 d0 cb f4 44 51 f0 1a 8f e8 dd 58
>2b44		d0 23 ad 01 3a dd f2 9e 49 1b 8b 10 ce 03 1e 88
>2b54		8c 14 a4 e0 37 59 0f a9 3e 15 63 d0 11 a9 09 de
>2b64		40 0e 42 c9 ed 2e 50 ec ad d4 a1 06 4d e5 c2 49
>2b74		dd 50 10 18 7d b8 08 cd 59 19 f0 d1 90 cf 2d a2
>2b84		d5 ea 98 46 5c 58 c6 48 29 07 9d 00 3a 68 29 c0
>2b94		9d 01 3a a0 10 bd 64 28 9d 90 e8 88 c1 26 22 08
>2ba4		1e 9a b0 12 3a f4 20 df b0 13 3a 7d 44 5b 88 ca
>2bb4		bf b5 b1 8d 99 fd 02 0d 72 03 3a e8 f2 04 3a 28
>2bc4		1e e8 06 e8 1f 6b 07 cd 48 fb 8d 01 80 f8 fe 2d
>2bd4		ed b1 90 02 f0 84 38 c8 2b ad 89 08 0d 30 f0 f5
>2be4		ce 82 d2 e8 07 20 c9 40 5b 45 49 7f f0 df e0 01
>2bf4		d0 04 c9 35 f0 d7 a9 02 a6 1e 4a 00 a1 f1 ad 01
>2c04		42 d6 81 13 5d 42 fe 20 f0 2c 4c 75 2c b6 43 ab
>2c14		00 2a d0 cc a1 00 21 2f a1 5c 40 62 b7 9d c3 e2
>2c24		b4 30 03 fe 9e 8a 18 6b 60 fb aa cd de b1 88 90
>2c34		4b ea ce 00 2c 8a 60 94 4a 01 c2 58 1c c7 2d dd
>2c44		f8 90 22 a1 ae 7c 98 1a c9 24 90 02 e9 23 a0 15
>2c54		c9 12 90 10 88 88 c9 19 ac 42 89 88 48 68 05 ef
>2c64		5c 3d 02 a0 28 98 cd 02 cf 0a b0 41 c2 b0 a2 08
>2c74		ac cf 20 e8 02 e9 0b 85 fe 01 e8 c9 69 63 a1 e8
>2c84		08 e8 08 b5 e2 2d 73 10 4f ee 79 e8 ad 91 c9 0d
>2c94		09 2b cc 7f 8a 3d 74 ba 0f 38 a2 7e d0 e9 32 ef
>2ca4		08 20 fa 21 ae 08 61 68 41 c9 60 0e a4 fe d2 49
>2cb4		10 c0 b0 cd 04 33 e9 d8 a1 cb 78 51 aa 29 08 58
>2cc4		a0 30 c9 0a 90 05 e9 0a c8 d0 f7 48 98 9d 92 39
>2cd4		bf 68 09 30 9d e3 2d 60 23 55 31 3a 31 30 20 02
>2ce4		e3 38 12 12 28 01 01 03 d8 1e 25 24 47 51 ab 56
>2cf4		80 02 05 0c 00 f3 ff 53 50 55 52 57 00 f2 44 9a
>2d04		ad 90 31 f0 04 ab a8 40 4d ac 8a 9c 99 1d 01 cd
>2d14		8f 31 1b 28 91 41 09 1f 80 ad b9 f2 b0 18 90 08
>2d24		d0 50 48 68 1b ac 0c db 5e 4a d2 c9 a9 cd 1e 78
>2d34		77 a9 12 20 5c 44 b0 32 c9 00 d0 09 58 7b 46 d0
>2d44		22 ad 7a 46 f0 1d 8d c4 a0 88 eb e9 3a aa 13 a4
>2d54		f8 7c 3a f0 0c 9d 93 31 e8 ec 91 31 b0 4c 21 83
>2d64		a9 fc ec e3 83 f5 82 89 58 40 95 61 a5 40 b4 f9
>2d74		ad 86 3d a2 00 a0 4e 20 52 2f b0 51 4c 4d a9 e9
>2d84		46 ea 42 ea 38 fc 1b 33 8d 86 3d ec 29 68 22 80
>2d94		8b 4e d0 a8 f2 9d 19 42 d1 49 17 54 89 13 1f e8
>2da4		9d 86 c9 bf 43 93 b9 4c 23 42 8d 92 31 8e 69 2f
>2db4		8c 6a 2f e5 25 59 8d fc 4b a9 11 8d fd 4b bb 58
>2dc4		25 ff ff 9d fe 4b 66 e8 92 58 f4 18 8a 69 02 8d
>2dd4		76 46 ca 48 69 70 b0 77 46 9c 30 8a 44 cb 8a 1c
>2de4		cc 34 8b 1a 26 40 34 84 cc 35 ea 12 e8 0a b2 d0
>2df4		06 fe 51 dc 26 9b 64 ed a8 03 7d 97 a9 30 ad 40
>2e04		d5 00 e9 e8 ca 8a cb f4 8f e0 d0 40 71 85 46 cf
>2e14		52 d0 1f 82 90 70 46 8d d6 10 8d 71 43 92 42 94
>2e24		1b ec a9 70 a2 46 20 82 44 4c 0c 30 ad 1d df c9
>2e34		c9 d0 18 61 91 59 8f c3 45 20 ed 44 90 13 c9 15
>2e44		f0 9a a2 b0 a5 30 a0 41 33 21 b7 70 a3 30 d1 89
>2e54		46 3f a8 0b ed 86 70 d0 72 ee 08 4f 81 73 7b 68
>2e64		80 da 6b 6b b5 61 d0 20 81 c8 67 69 58 cc 90 d0
>2e74		53 85 01 cc a1 68 a9 4a eb 55 a8 00 89 e9 43 e9
>2e84		3f 48 3b 0b 21 1c 8f ed d1 d3 20 81 99 50 41 b9
>2e94		81 4d 43 97 50 d0 05 3e 67 ac 7d 81 2b 8a 55 bd
>2ea4		ac aa 48 98 e9 06 af 68 c0 51 99 2f 20 24 31 b0
>2eb4		4f c1 7a 1f a2 93 a0 31 2f e9 43 ec 3d e9 38 ea
>2ec4		32 e9 28 89 cd ef 8b 20 f2 df fc dd 93 31 d0 16
>2ed4		a4 db 36 84 58 90 8f 31 f9 6c 47 93 ea 04 71 38
>2ee4		60 b0 82 a2 41 6c 2e cc eb 26 61 9f ba 1c df 29
>2ef4		3f f0 8b b4 00 a0 88 b9 0c 46 40 85 7b 5c 4b 46
>2f04		90 f4 a9 ff d0 02 be 82 a7 63 d6 a1 eb 66 40 9d
>2f14		93 f0 bb 32 96 a8 2e 99 5d 86 82 90 8e 55 df d3
>2f24		f0 b8 30 40 da 0a 00 e7 f5 e7 9a 08 78 c0 58 90
>2f34		0f ee 1e ba 99 b8 1f 3d 28 a9 7f 8d 00 dc 60 28
>2f44		6c 1c 3d cb 25 f1 9f 17 a8 f6 0e ac 38 c8 3a 78
>2f54		b7 33 c9 50 b0 f9 a9 28 24 d7 10 90 58 c8 50 8d
>2f64		53 1a 38 20 f0 ff e0 19 b0 e6 98 18 6d dd 80 61
>2f74		28 cd 7d 51 b0 da d3 60 90 98 02 8d 4f 1a ad 41
>2f84		1a cd 42 1a 90 c9 a5 d7 29 80 6c f5 f0 a2 06 a0
>2f94		fa 12 8e 50 41 30 38 ed 70 b0 02 4a 81 e9 6f 28
>2fa4		dd 40 a7 08 9d dd 4c bd d3 10 06 ad 21 9d 21 31
>2fb4		38 fd 78 e8 4f e8 0d 43 d0 41 d4 44 d9 38 8d 51
>2fc4		1a a9 92 20 ba 33 a9 20 ae ba 48 f0 ba 29 3c 10
>2fd4		ad 4f 48 31 52 1a 48 ec d3 81 f6 2d 09 12 02 9e
>2fe4		41 a4 a8 0f 7b 89 1a 99 58 e8 04 40 a4 a9 a9 ba
>2ff4		40 ca 22 29 46 d7 09 92 e8 ee f0 ce 52 52 c2 ae
>3004		65 46 89 91 f0 06 84 b4 4d 3e d1 99 4c d6 19 4c
>3014		ee 19 48 bd b4 79 f4 68 4c d2 ff 42 52 4f 57 53
>3024		45 46 49 4c 45 53 c3 b2 20 00 67 d3 92 4d 13 c5
>3034		08 3b ee b1 f3 4f 8d a8 07 f5 fb 84 62 9a 98 d0
>3044		1e 20 58 4f b0 1b ad 00 3d cd 20 74 50 05 d0 70
>3054		99 4b e3 14 b0 0a 20 31 15 9a 91 29 49 50 44 1f
>3064		3e 13 00 ff e9 ec 0b a1 92 b8 b4 f0 60 39 ac 59
>3074		21 44 ef 52 e9 47 b3 d0 42 43 73 a1 40 b4 77 2e
>3084		28 3e ea 2f ec 1e a9 25 57 a6 20 44 fc 19 f0 15
>3094		fb 01 10 d0 0c 31 d0 07 a5 27 61 a6 78 00 e5 90
>30a4		5e 46 e2 b4 6c 2e 52 5d a8 85 4c e9 78 8a 74 21
>30b4		f8 8a 87 b5 e9 6a 91 05 ad 73 eb ab 64 1b b2 b0
>30c4		5a 31 1e cc 55 dd 09 89 4e 5f 38 0a 6f 46 bd a3
>30d4		38 2e e9 15 30 11 ee 83 3b 21 40 8f 28 ad b9 19
>30e4		30 2d 10 05 93 00 b8 a3 57 c1 dc 94 86 45 cd 87
>30f4		38 35 91 0c 8a 27 91 d0 e5 22 ba 82 aa 28 15 17
>3104		80 a9 e9 07 41 d8 bc a6 30 42 c9 55 f0 07 c9 00
>3114		f0 e9 4c 2e 42 35 a0 3f 51 f7 ab 2e 0c a7 37 54
>3124		af cc 31 51 48 9d 11 a3 37 e9 86 0f a7 3c 50 46
>3134		92 95 e7 2e 75 cc e9 02 01 81 97 b2 50 06 09 cd
>3144		8a fe c0 f9 11 00 4e 9d ff f3 86 3d ef 03 90 20
>3154		79 87 13 e9 5c 4b 58 37 84 2c 82 88 08 a3 72 59
>3164		72 0c 90 3c ad 0b 3a 29 18 d0 35 38 83 a8 62 43
>3174		a2 0d f0 41 5e 30 ad 01 e8 ce e8 02 e8 cf 52 03
>3184		3a 55 aa 08 88 83 b7 a6 42 80 c8 21 a3 73 b4 62
>3194		42 a6 eb f2 78 46 92 79 46 7f 3e 50 68 bd bf 60
>31a4		1f 82 e5 a8 ce 0c 14 f1 79 46 69 14 0a 48 cd dd
>31b4		30 b0 0c 42 d5 f2 bd ce b9 02 20 d8 43 f8 f1 c0
>31c4		43 29 38 42 e8 ed 41 75 01 e8 ed 61 cd e8 bd 51
>31d4		e9 00 70 41 b4 21 cd 00 41 73 9a 0f 4c 81 43 b8
>31e4		8e 08 38 0d ab 60 37 48 9d 60 20 d1 e8 3b 7d 4d
>31f4		e8 d0 f1 ca e9 05 40 49 61 d1 68 8d d6 50 18 ad
>3204		a8 71 69 04 da 48 ad a9 62 d9 22 c5 62 9c 72 ce
>3214		76 cf 43 7f 61 d7 2c f9 49 1e c5 f1 71 46 18 86
>3224		72 46 8d 73 46 ad ff 4d 8d 74 46 70 20 61 b2 e9
>3234		d8 49 d4 56 b1 a0 00 70 90 08 99 a1 50 55 68 04
>3244		7f 60 6a 41 d1 02 e9 b9 49 7d 2f 50 b0 78 6c 43
>3254		b5 b1 f0 1d 54 8e 51 05 ec 0c 49 27 5c e8 dd 31
>3264		d0 59 32 f0 17 75 88 12 8e 25 62 49 45 46 e8 dd
>3274		50 d0 3d 44 49 c9 a3 83 5d 61 f9 8b c8 22 5a 61
>3284		f9 8c c9 57 30 9d ca c7 ea cb a1 d7 eb 78 ea 79
>3294		67 63 07 e9 e6 41 c1 a5 e9 61 58 60 5b 03 11 ea
>32a4		11 49 04 5d 42 ca f2 72 46 48 73 30 ea 04 e8 20
>32b4		91 f0 09 4d aa 1e 7f 34 89 19 de 61 61 a1 fc c3
>32c4		28 7b e8 79 48 04 a9 a1 7f fa e9 e5 b6 38 60 0b
>32d4		72 b8 30 11 ae 01 3f e1 8a 03 9d 49 15 bb be 27
>32e4		04 c9 54 d0 0d be a3 36 f7 45 76 ed 04 41 bc 87
>32f4		85 46 81 68 83 66 6d 83 7c e8 4c 01 5a 28 85 70
>3304		fc a2 53 99 26 b6 44 8e b7 44 7e a3 76 a8 81 8c
>3314		b4 09 46 77 9e eb f6 01 e8 0d 40 c0 a3 71 c5 78
>3324		16 46 0d 76 b2 68 f8 5e 50 ff 8d dd 48 ee c7 81
>3334		76 de 40 c5 08 ad 61 28 40 9e 61 25 01 a9 30 0d
>3344		77 50 df ad 93 40 c8 a1 77 89 b1 a9 01 63 42 b9
>3354		e9 08 b5 1e 46 7e 59 90 30 c9 5e aa 07 70 57 79
>3364		f2 b0 ea 3f 20 36 b0 bb 45 10 42 5a 4e 7e de a8
>3374		80 46 bb 60 ec 40 8d e9 02 92 1a 46 5b f1 36 45
>3384		90 18 69 4b 80 08 37 b1 1e df 25 43 08 ee 41 83
>3394		20 60 42 b9 5a cd b0 a3 cb 18 53 40 f0 25 ad 1f
>33a4		df ae 7f 50 13 ae b6 59 7b e0 1f b0 c3 9d 00 4f
>33b4		e8 8e 7e a6 01 42 d7 49 d9 b0 e8 1e 20 76 80 d8
>33c4		48 ad d9 61 c0 48 e0 87 71 80 46 b2 40 b6 00 80
>33d4		50 ee 7c 47 f8 05 ee 7d 68 dc cb 87 61 ad 60 7c
>33e4		49 11 33 a8 d0 64 76 f2 ed 44 68 30 ea 4b f0 45
>33f4		88 e3 a6 a1 64 78 a1 02 8a 18 6e 9f 41 5e 08 7b
>3404		e8 7f 40 98 30 8d 7c d4 40 bb 42 30 49 ff a4 69
>3414		60 18 91 38 e9 e6 b0 b0 1c 3d d7 f2 81 46 20 01
>3424		b4 15 ad 01 0a 05 7e 48 60 d4 00 89 fe 36 bb 8a
>3434		e2 4c e9 15 88 fc 5e 70 21 a1 76 ed 8f 48 20 56
>3444		eb 05 8f 68 25 10 48 82 95 e8 83 f8 05 8d 84 28
>3454		ce a5 80 52 51 ce 83 3a f0 ce 84 a1 e6 09 8f 38
>3464		31 f7 11 81 49 f1 54 1a d2 56 48 da d4 20 c4 e8
>3474		5d a0 eb 10 2d b1 e0 aa b2 a0 99 2d 04 a9 16 d0
>3484		e4 f7 61 fa b1 61 48 01 12 fb f9 a0 00 b9 e9 f0
>3494		19 50 ec 20 22 1a b0 e7 c8 cc db 0d ea ad bd d7
>34a4		48 e8 bc 8a 85 c3 a0 53 7e 50 be 3d 21 a1 96 9a
>34b4		1e c8 8d bf 3d cb ab 3f 59 3a e8 be 4b f4 be 22
>34c4		43 c7 30 f3 ad 0e 60 ce c2 d8 70 b1 ee b0 15 f1
>34d4		ee b1 d2 ee b2 d6 be a8 1b 01 b1 ea 88 89 87 46
>34e4		68 21 92 00 eb e8 90 e8 91 e8 95 ca 25 d9 ff c3
>34f4		d9 d4 c7 d6 e9 f6 87 21 91 39 48 d5 49 c3 d7 07
>3504		d1 b0 f3 d7 74 b2 dd b3 a9 d2 37 48 db ce 2f e8
>3514		30 e9 d9 18 05 9d 50 3d 58 71 10 d0 ed 20 94 48
>3524		b0 c9 ad b3 36 f8 66 48 ad b4 d6 67 48 d7 31 43
>3534		d2 48 bd da dc 08 e0 0e 90 d7 3b 0b ae 19 0b 20
>3544		65 48 42 c5 99 06 e0 ad 58 15 ca 10 d7 3e ef 59
>3554		09 68 b0 ac 41 d5 49 68 da c7 d7 47 ee e0 ea 32
>3564		e8 5e ea 24 e8 5f ed 1c e9 20 c8 1b d5 fd f8 00
>3574		02 bd b0 ea 17 a1 4d c9 23 d7 82 e8 02 c4 d7 84
>3584		20 80 21 62 4c 88 05 fb d8 22 4a 93 5a c1 d7 b1
>3594		eb 1a 81 6f 87 c9 f5 db 10 b0 f1 8d 50 48 ee 32
>35a4		61 ac 40 33 6a 60 16 71 b0 df 95 cd a9 d7 41 11
>35b4		4c 3f ae 62 97 08 17 e8 18 a9 19 e7 20 49 05 29
>35c4		b8 dd 21 49 d0 7f ca 10 f5 ad 57 10 da e8 77 60
>35d4		30 da 07 90 70 d7 82 da 01 ad 5a 3d d6 9d fa 64
>35e4		ad 5b 3d 49 5c 15 81 d2 15 68 58 10 f9 11 90 50
>35f4		ad 58 61 c6 31 ba 3d 52 70 6d b4 07 a0 e1 c8 bb
>3604		d7 62 f1 4d 1a f8 00 34 ad ba fa 2f ad 5d e8 5c
>3614		19 0c 10 90 23 48 cd d0 21 79 50 ed 59 d7 28 15
>3624		44 c5 2a b6 7c 69 6d 88 d4 b7 3d d7 82 5b 4e 4d
>3634		4f 44 01 01 07 00 a2 60 bd 00 38 cd 8b 16 a1 69
>3644		db 50 e8 ec a9 f9 d0 ed ad 90 17 d0 0e ad 91 17
>3654		c9 c0 08 94 c1 29 24 e9 06 d8 44 ad 06 d5 29 40
>3664		05 d8 d7 13 f8 a5 00 29 06 c9 06 d0 40 d3 70 29
>3674		0f ee a1 4b 1a 08 11 50 60 d0 91 08 16 c8 49 10
>3684		c5 f9 15 d0 d0 09 ad 02 dd 29 03 c9 03 e9 08 4a
>3694		78 de 80 5d 0d 51 f4 4f dd 30 8d f5 e8 18 e8 f6
>36a4		49 00 dd 39 e9 8d f7 4f a5 01 29 06 8d f8 4f a9
>36b4		ff 85 d8 8d 12 d0 58 52 fd 09 04 85 01 a9 80 8d
>36c4		da a1 74 08 16 dd 50 3b 8d c2 42 d3 10 fc 8d da
>36d4		d1 ad 96 17 8d f3 4f 4c 54 13 20 e4 ff f0 13 8d
>36e4		15 d8 1f 99 12 3d ee 13 c8 38 f0 ee 14 20 82 4f
>36f4		92 ef 2f e7 c7 db 73 2e a1 c3 81 da 14 79 b0 55
>3704		ad 3c 3d c9 09 b0 51 aa bd 6f 4b 63 99 5d 3d 3d
>3714		f0 46 c9 10 b0 42 46 90 bd 78 dd 53 28 71 19 14
>3724		81 4b 10 03 10 8d 72 a3 b7 8a 4b a6 3e 80 ab b2
>3734		8c 85 3c a1 b1 b0 04 47 97 11 48 32 23 83 3f 4d
>3744		a1 f6 19 0f f9 00 04 e8 03 58 71 01 01 28 29 34
>3754		35 02 04 05 26 79 e9 01 38 80 80 00 02 5d 12 02
>3764		02 47 6d 9c 88 c2 32 fa 1d 89 3d 69 02 f3 8a 3d
>3774		d3 b0 b2 da ff 8a ac 04 c9 a7 d2 fe 1f 2f 3a 4c
>3784		4c 4b 00 fd e9 54 03 84 57 81 dd e7 81 ed cb be
>3794		ce e1 eb bc ca bd d5 2c ac 19 a9 68 91 00 3f 62
>37a4		ca 07 cd 86 41 dd 80 cc a0 e8 22 a8 e9 88 ca 20
>37b4		d0 7a ba 0b 51 ad 23 b9 91 4a ad d2 c8 bc 49 c9
>37c4		21 b0 45 23 06 c9 aa cd fa a1 7f b0 d0 36 3e 6b
>37d4		b9 3c d0 31 bd 02 3c c9 60 d0 2a a0 01 bd 04 3c
>37e4		d9 8b da 8b 83 9b 49 f2 dc d1 f0 15 d0 a5 d1 d0
>37f4		10 d0 99 d1 0c 18 d0 db d1 4d 1a d3 59 e9 05 e9
>3804		04 a1 32 27 a8 35 d6 82 de e7 f0 fc 0d a2 11 28
>3814		f6 d1 f8 18 d0 ad f5 b1 16 d0 ca 04 08 12 e8 f4
>3824		91 11 d0 d2 cd f0 f9 0d 91 85 01 d1 89 d8 dc f0
>3834		af 28 6b 52 91 ad 11 f8 c2 d1 e9 08 ee b0 48 d8
>3844		b2 99 ff c9 0e 11 1f f9 05 d5 29 40 91 06 d5 d8
>3854		4c c8 04 d2 8c f8 ad 08 d5 0d 0a d5 29 0f 0d 07
>3864		d5 fc 0d ad 09 d5 d1 a9 08 d1 ca ea 0d eb 11 cb
>3874		28 d1 b1 89 f9 3d 40 96 02 d2 e9 01 40 af c0 d1
>3884		56 e9 06 42 d1 e8 01 87 63 04 18 20 5e 13 b0 de
>3894		ad 01 1d 88 d9 03 82 00 42 a9 0f b1 59 89 ce 8d
>38a4		90 17 20 0b 14 90 15 4c b0 c3 05 33 08 ce cd 48
>38b4		b0 c6 09 59 5a 22 4c 88 14 a9 02 a4 e9 03 47 b3
>38c4		22 cc 51 59 13 b0 2b d0 69 02 8c 23 75 41 bb d9
>38d4		aa ad 03 3d dd 8e 17 90 dd d7 88 17 b9 f4 e8 01
>38e4		f8 14 8d 92 17 ae 91 17 20 3f 14 d0 b3 20 a1 b0
>38f4		d0 f5 6f ab 13 dc 4b 82 6f 00 20 40 cd 50 bd 8e
>3904		ca 02 10 15 ad 8c 40 af 48 8e d4 28 ee 01 ab 49
>3914		cd 51 60 e3 4b 05 da 90 e8 e0 6a ca dc dd 38 82
>3924		cc ff 89 04 e7 81 c0 e3 1a 39 60 ac 9e e9 9d e9
>3934		9d c3 cc 15 60 44 61 2c 10 3d 05 91 06 3c b7 38
>3944		30 0c 9d c4 cc 07 48 e4 dc 9d 18 8e 95 17 8a ed
>3954		b1 96 17 a8 c2 00 48 fe d5 81 8f 99 f1 05 3c 40
>3964		d1 61 c6 41 d2 41 a1 88 9d dd c1 cc f8 10 ad 91
>3974		b4 e8 02 e8 03 28 01 08 03 bd b2 94 17 22 51 04
>3984		3d a1 30 8d 05 d2 e8 05 e8 06 e8 06 50 07 3d 24
>3994		02 7b 80 20 4c 14 e8 ce 94 17 d0 f4 4c 54 93 f8
>39a4		40 ad 04 89 3c ff 7e 49 38 92 85 7b 41 7e 82 f1
>39b4		9c 69 26 80 49 22 b8 d2 cd 05 d0 e0 fa 05 3c cd
>39c4		06 fa 11 06 3c cd 07 ff 00 3c cd 00 3f 42 57 81
>39d4		4a 61 50 e9 33 89 a8 f1 44 69 d9 a2 e8 27 40 b4
>39e4		e8 03 48 1f 67 61 9a ff 91 17 b0 16 0f 48 cd 90
>39f4		40 2a 63 97 89 f2 fb ef 09 21 82 86 ea 0b 59 1c
>3a04		06 20 8e 15 58 61 7d 81 4d e8 cd 60 ff c1 cd 2d
>3a14		41 c2 60 95 41 39 64 5c 40 8a 21 9f 61 ef 87 bd
>3a24		5d c2 ca 6b 11 97 17 21 11 62 b9 41 da 45 4f 4a
>3a34		0d a8 10 ae ad 51 f0 03 a3 08 ee 20 e8 ad 61 86
>3a44		41 d7 38 d0 da ee 53 01 a1 f0 69 49 c6 8b 47 b0
>3a54		a1 fa 1a e8 0e e8 0f 8b 10 d5 a9 38 c8 db 20 20
>3a64		c9 e9 39 a9 0f 58 6f ed 32 72 fd f0 03 ee 10 3d
>3a74		42 b8 a1 bd e6 08 08 f8 01 01 d0 03 52 02 48 ab
>3a84		59 06 aa 68 8a a8 a8 68 bf 43 49 17 16 8a 90 4d
>3a94		41 6b 23 c0 d4 ad 0b d3 40 f8 2e ad 0a 09 29 d7
>3aa4		08 0d c9 f0 cc f5 88 08 bb 86 e8 0a 48 9d 61 08
>3ab4		09 20 77 51 b0 0f 30 68 dd aa b1 90 0c ed 00 5b
>3ac4		86 a5 48 08 de 48 99 34 42 dd 80 fd 66 f0 8d 9a
>3ad4		41 ce 28 9b e8 0b 6a 9c f6 68 e7 86 d2 f9 16 cd
>3ae4		0c 20 cb b0 fa 16 2a 40 ca 89 13 88 6b a9 06 10
>3af4		10 4c ef 88 9a 0c 3d 20 59 17 4c fb 16 20 27 17
>3b04		90 3d f1 99 17 40 be 48 ee cc e8 ee f8 d0 06 ee
>3b14		e9 ee 29 9b 5c 48 ce b4 28 ce 01 a9 30 0d 9c 4a
>3b24		b9 21 38 7e 78 a5 fb 48 a5 fc 48 ad aa 02 40 c8
>3b34		f8 01 85 fb ad b9 85 fc a9 fb fe d1 68 a0 5a 88
>3b44		74 91 50 9e 17 17 20 26 28 68 28 68 29 30 28 ad
>3b54		29 60 70 47 cb ef b9 58 28 8d 41 de 44 c5 50 77
>3b64		ff c8 ee b9 bf 0e 60 50 04 81 6a d6 ad 3b c8 9b
>3b74		e8 07 a1 c7 b3 7e 18 eb a7 21 b4 71 18 ee a4 cc
>3b84		f6 cc e4 81 3b 88 08 a0 30 c9 d8 cc f8 ea 3b 91
>3b94		39 3d 17 81 71 5a f8 7b 18 ad 35 38 7a 03 18 8d
>3ba4		dc 19 8d 49 1a ad 36 e8 04 e8 dd b1 4a 1a 73 d2
>3bb4		da 83 18 b0 7b a2 07 da 66 b2 41 1a a0 4b a8 43
>3bc4		99 10 69 cd a9 58 90 64 ad 48 1a c9 04 b0 5d ad
>3bd4		44 1a cb 00 ea e8 31 48 35 c5 28 45 e8 4a e8 32
>3be4		51 36 1a d7 42 c4 49 3f a5 52 cd 4b ab 88 ed 87
>3bf4		da 81 12 2c 23 8c 31 d0 1b 80 f3 e8 10 07 aa a2
>3c04		c2 54 00 51 8a cd 86 00 ce 48 ed c1 b2 b0 0a 3f
>3c14		f0 d0 09 50 d0 02 56 e8 ce b1 8d 3a 80 d9 51 18
>3c24		6d 9b 41 b8 20 c1 d1 69 50 25 8d d6 f0 cd 4d 10
>3c34		1d ae 81 9c e0 60 90 16 af 8b a0 77 fd 51 ec 4c
>3c44		1a f0 03 e8 d0 f0 e8 06 c7 dc f2 68 37 e2 cc 7e
>3c54		dd 23 28 b0 83 ea ee b9 c9 9d f0 7d c9 1d e1 f2
>3c64		19 62 19 c9 13 ce e8 70 a8 01 65 11 c9 05 ac e8
>3c74		74 09 14 e8 87 e9 04 e8 94 e9 15 e8 b5 cb 94 dd
>3c84		a3 51 f9 19 ad 68 d6 e0 cb 4e dc d2 61 ef 38 1d
>3c94		f2 aa ec 42 d1 0c ca dd 49 78 01 e8 20 34 d9 50
>3ca4		4c 22 a0 00 21 bc 48 ee 8f e8 ee 71 a9 03 75 51
>3cb4		cb 19 82 e8 8d 61 88 28 46 18 17 47 1a 4c ce 41
>3cc4		cb 18 0a 7a ce 42 ea 7f 60 ab 20 98 f3 6c ee 89
>3cd4		a9 13 44 54 52 f0 5a cd 69 02 55 41 8f 29 ad 80
>3ce4		f5 4a ce 45 ce 59 3a aa e8 8a e9 ca 80 ed c1 f0
>3cf4		41 1a 08 ce 91 ad 39 6d fd 81 6f 21 10 68 1c bf
>3d04		49 ae cb 99 02 09 02 db 7e 40 af e8 8e 41 c6 51
>3d14		ae 41 7b 41 cf 61 2a 20 68 9d 27 83 97 4e 61 9b
>3d24		61 95 8b 28 23 0d 01 98 60 c1 81 c1 e9 31 78 00
>3d34		2d ae 48 a7 f8 1a e0 03 c1 d3 a4 e8 20 38 1a 90
>3d44		0e e0 01 58 d8 29 df c9 41 90 12 c9 47 b0 0e 18
>3d54		60 a2 08 dd 38 dd c9 05 d2 d5 82 2e 81 fe d2 31
>3d64		60 9d 9f 6c 2a 3f 2c 3a 2f 5c 40 23 24 cc aa d2
>3d74		ad 1b ce 8e a9 71 2d 91 6d ad ff 43 c3 dc 77 97
>3d84		d0 62 58 29 b1 58 d8 26 90 f0 48 e5 b2 8a 01 ee
>3d94		e8 b8 91 05 01 fc d6 48 b9 ca 60 0f c9 33 c8 ce
>3da4		ea b8 08 2a 80 99 60 e8 b3 e8 b9 e8 b4 ca 1c dc
>3db4		48 8e 21 7c 93 d0 11 9f 81 cb f2 ca 0f 42 2a 92
>3dc4		d0 06 ad a2 d8 39 a5 b7 50 5d 1b 7b a2 f9 e2 a9
>3dd4		7b 44 a8 17 91 b4 fa b0 3d d0 71 40 b0 40 8f e9
>3de4		10 41 81 43 8f 50 ad b6 9c e8 b8 e8 b7 20 a9 32
>3df4		90 4f eb ba a8 bb 9f c5 f6 41 ad ea 37 c9 32 c7
>3e04		9d aa 1b a6 e9 1a b0 1b 8d e1 fc d1 08 68 d0 26
>3e14		d4 3d 3d c7 3f 60 49 06 30 28 4e 6a a1 bf 50 60
>3e24		6c b4 40 6d a2 8f 30 a8 67 42 e8 6b 88 2c 59 df
>3e34		a2 3e 08 27 8c 40 8f e8 68 e8 6b e8 69 29 19 81
>3e44		c5 1f 31 b0 11 f2 8d b3 82 c9 1a ad b4 87 c7 db
>3e54		36 6e 81 01 e9 07 a3 fc 29 22 8a b8 9c 26 a7 30
>3e64		f0 1a 43 51 3e 6c 3e 3d 83 59 20 63 59 20 87 59
>3e74		45 d2 30 d0 c8 c3 08 13 e8 e8 14 e8 16 e8 20 e8
>3e84		23 e8 24 e8 27 e8 3b e8 2b ca 34 c4 c0 a8 2f f8
>3e94		ea 9a 41 0f 28 e4 51 e8 2a ca 2c c4 98 e8 2e 48
>3ea4		2f a9 99 4a a5 ba 8d b7 e0 c1 c3 6d 88 2d b2 e8
>3eb4		29 48 b7 a6 d9 45 e9 59 4c 83 1c 08 d8 d5 90 88
>3ec4		09 53 e8 50 e8 13 d9 7a f7 ee 6b 59 ee 6e 59 88
>3ed4		d0 ee d9 4e 00 88 a9 c9 5b 00 b1 28 60 c8 36 88
>3ee4		3c fc 69 93 03 08 3d c0 39 32 f0 16 97 a0 89 09
>3ef4		3d 98 f8 8d 1d 3d a9 93 8d 3c 03 a9 32 8d 81 db
>3f04		5c e8 1e 50 1f 3d d0 21 e8 11 d2 0d 3d c5 05 e9
>3f14		3c 91 a9 ff c9 88 40 a0 e9 39 81 f2 09 50 9c 82
>3f24		5d 48 f8 4e 21 6b 23 40 9e 81 d5 2a 50 0e 5a 7d
>3f34		ea 0c e8 ee 88 f1 67 00 e6 a1 f7 b0 ea a9 f0 78
>3f44		48 ee 79 f9 0c 8d f1 a0 61 2f 49 0d 31 48 12 44
>3f54		9b e4 49 f0 f6 8f d1 b1 29 7f f4 99 ee 11 f0 2b
>3f64		c9 12 f0 27 c9 41 f0 2c c9 46 f0 60 c9 57 cd 19
>3f74		1c aa 0c c9 56 e8 b8 29 43 91 fa 8e 1c c9 42 c9
>3f84		1c c2 65 c0 c8 cb e8 11 09 0f b0 99 20 c6 0c c7
>3f94		89 91 d0 aa d3 aa 00 74 d5 48 01 2f 20 d1 8d 02
>3fa4		cd 10 d4 a9 df c4 29 50 4c 76 db 6a 6d 1a b0 88
>3fb4		1c 65 f4 48 0c 46 61 86 43 c8 20 f3 72 15 81 72
>3fc4		e6 e8 04 e8 05 e8 06 57 07 3d dc 41 59 3d 29 5b
>3fd4		0f 20 f5 0c ef 00 3c 42 90 42 95 81 1c a1 52 48
>3fe4		fc 50 0f 99 04 3d 0e 60 57 28 b9 28 9d 45 05 41
>3ff4		91 41 99 e8 08 e8 09 91 0a 3d e4 7e e8 0b 40 b2
>4004		58 d0 05 20 48 16 b0 45 d4 30 98 4d 43 48 ae c8
>4014		18 f0 02 49 a5 ae 5b cd b0 0b 99 c6 10 49 01 d2
>4024		18 3b 4c 3b 0d d9 a9 10 d0 24 e8 d9 59 2e d0 1d
>4034		c8 d0 d6 ca e8 f0 e8 4d 50 0f ee cd 01 e8 ad c1
>4044		cd 84 e8 b3 60 51 48 0a 9a f1 00 16 38 2c 59 0f
>4054		a5 d7 2a 10 2a cd bc 81 66 70 5f ff 24 10 20 d2
>4064		d3 59 1c a2 0e 20 ea 0d 63 80 f8 00 2a 30 ec 4f
>4074		48 0e 0f 90 04 0e f7 a6 21 13 ad 0f a4 2c 70 0b
>4084		10 93 eb 86 41 43 18 a2 03 8e 5a 0f ae e4 32 bd
>4094		04 08 ce be 88 10 e7 4c 99 d6 eb 16 eb a8 48 ee
>40a4		8d b1 ad 59 be 97 a1 4f b9 65 63 0d 60 8d f1 0d
>40b4		8e f2 0d b7 51 f0 0e a0 28 ee 96 a0 fb 28 ee 83
>40c4		30 4c f0 8a 48 31 56 b9 20 0f 0e 68 bd 03 68 0a
>40d4		7b 81 36 41 6a e8 4c c1 bf e9 58 a4 54 52 45 4c
>40e4		20 2d 20 4e 41 54 49 56 45 17 18 45 4d 4f 52 59
>40f4		20 57 d6 18 4b 53 50 41 43 45 0d 0d 53 08 58 45
>4104		43 54 45 44 20 42 41 4e 4b 3a 0e 50 0d 46 cf f8
>4114		67 45 20 32 35 36 2d 42 59 54 40 db 48 47 bc 5f
>4124		20 28 48 45 58 29 20 30 2f 31 df 03 48 48 d2 36
>4134		44 4c 22 53 46 b8 25 02 6f 50 4c 41 82 50 20 52
>4144		db a8 55 0a 02 82 5c 0d 31 2f 32 20 d9 43 93 80
>4154		df 46 28 41 59 24 4c 4c 4f 43 41 98 18 38 4b 0d
>4164		57 20 46 49 85 20 28 56 f1 58 45 52 49 46 5a 20
>4174		83 40 c2 41 d1 40 ba 40 59 80 b2 48 43 d5 f8 04
>4184		43 55 4c 40 46 20 49 42 d6 42 83 41 96 c9 20 c4
>4194		77 d1 53 0d d0 d8 49 4f b0 58 36 30 34 20 49 4e
>41a4		56 d7 4e 49 7a 01 48 41 0c 58 03 49 53 4d 9d 50
>41b4		43 48 7f 65 fb 48 44 c5 48 4b b8 09 50 31 47 52
>41c4		79 51 4f 4e ca 40 17 30 52 4f 00 3e 8f 53 86 4f
>41d4		e7 e8
.41d6						boot_file_end:

;******  End of listing
